Archive member included to satisfy reference by file (symbol)

/usr/lib/gcc/arm-none-eabi/13.2.0/../../../../arm-none-eabi/lib/thumb/v7e-m+fp/hard/libg_nano.a(libc_a-atexit.o)
                              /usr/lib/gcc/arm-none-eabi/13.2.0/../../../../arm-none-eabi/lib/thumb/v7e-m+fp/hard/crt0.o (atexit)
/usr/lib/gcc/arm-none-eabi/13.2.0/../../../../arm-none-eabi/lib/thumb/v7e-m+fp/hard/libg_nano.a(libc_a-exit.o)
                              /usr/lib/gcc/arm-none-eabi/13.2.0/../../../../arm-none-eabi/lib/thumb/v7e-m+fp/hard/crt0.o (exit)
/usr/lib/gcc/arm-none-eabi/13.2.0/../../../../arm-none-eabi/lib/thumb/v7e-m+fp/hard/libg_nano.a(libc_a-findfp.o)
                              /usr/lib/gcc/arm-none-eabi/13.2.0/../../../../arm-none-eabi/lib/thumb/v7e-m+fp/hard/libg_nano.a(libc_a-exit.o) (__stdio_exit_handler)
/usr/lib/gcc/arm-none-eabi/13.2.0/../../../../arm-none-eabi/lib/thumb/v7e-m+fp/hard/libg_nano.a(libc_a-fwalk.o)
                              /usr/lib/gcc/arm-none-eabi/13.2.0/../../../../arm-none-eabi/lib/thumb/v7e-m+fp/hard/libg_nano.a(libc_a-findfp.o) (_fwalk_sglue)
/usr/lib/gcc/arm-none-eabi/13.2.0/../../../../arm-none-eabi/lib/thumb/v7e-m+fp/hard/libg_nano.a(libc_a-sprintf.o)
                              CMakeFiles/RTS-Lab.elf.dir/libraries/io/io.c.obj (sprintf)
/usr/lib/gcc/arm-none-eabi/13.2.0/../../../../arm-none-eabi/lib/thumb/v7e-m+fp/hard/libg_nano.a(libc_a-stdio.o)
                              /usr/lib/gcc/arm-none-eabi/13.2.0/../../../../arm-none-eabi/lib/thumb/v7e-m+fp/hard/libg_nano.a(libc_a-findfp.o) (__sread)
/usr/lib/gcc/arm-none-eabi/13.2.0/../../../../arm-none-eabi/lib/thumb/v7e-m+fp/hard/libg_nano.a(libc_a-memset.o)
                              /usr/lib/gcc/arm-none-eabi/13.2.0/../../../../arm-none-eabi/lib/thumb/v7e-m+fp/hard/crt0.o (memset)
/usr/lib/gcc/arm-none-eabi/13.2.0/../../../../arm-none-eabi/lib/thumb/v7e-m+fp/hard/libg_nano.a(libc_a-closer.o)
                              /usr/lib/gcc/arm-none-eabi/13.2.0/../../../../arm-none-eabi/lib/thumb/v7e-m+fp/hard/libg_nano.a(libc_a-stdio.o) (_close_r)
/usr/lib/gcc/arm-none-eabi/13.2.0/../../../../arm-none-eabi/lib/thumb/v7e-m+fp/hard/libg_nano.a(libc_a-reent.o)
                              /usr/lib/gcc/arm-none-eabi/13.2.0/../../../../arm-none-eabi/lib/thumb/v7e-m+fp/hard/libg_nano.a(libc_a-closer.o) (errno)
/usr/lib/gcc/arm-none-eabi/13.2.0/../../../../arm-none-eabi/lib/thumb/v7e-m+fp/hard/libg_nano.a(libc_a-impure.o)
                              /usr/lib/gcc/arm-none-eabi/13.2.0/../../../../arm-none-eabi/lib/thumb/v7e-m+fp/hard/libg_nano.a(libc_a-sprintf.o) (_impure_ptr)
/usr/lib/gcc/arm-none-eabi/13.2.0/../../../../arm-none-eabi/lib/thumb/v7e-m+fp/hard/libg_nano.a(libc_a-lseekr.o)
                              /usr/lib/gcc/arm-none-eabi/13.2.0/../../../../arm-none-eabi/lib/thumb/v7e-m+fp/hard/libg_nano.a(libc_a-stdio.o) (_lseek_r)
/usr/lib/gcc/arm-none-eabi/13.2.0/../../../../arm-none-eabi/lib/thumb/v7e-m+fp/hard/libg_nano.a(libc_a-readr.o)
                              /usr/lib/gcc/arm-none-eabi/13.2.0/../../../../arm-none-eabi/lib/thumb/v7e-m+fp/hard/libg_nano.a(libc_a-stdio.o) (_read_r)
/usr/lib/gcc/arm-none-eabi/13.2.0/../../../../arm-none-eabi/lib/thumb/v7e-m+fp/hard/libg_nano.a(libc_a-writer.o)
                              /usr/lib/gcc/arm-none-eabi/13.2.0/../../../../arm-none-eabi/lib/thumb/v7e-m+fp/hard/libg_nano.a(libc_a-stdio.o) (_write_r)
/usr/lib/gcc/arm-none-eabi/13.2.0/../../../../arm-none-eabi/lib/thumb/v7e-m+fp/hard/libg_nano.a(libc_a-init.o)
                              /usr/lib/gcc/arm-none-eabi/13.2.0/../../../../arm-none-eabi/lib/thumb/v7e-m+fp/hard/crt0.o (__libc_init_array)
/usr/lib/gcc/arm-none-eabi/13.2.0/../../../../arm-none-eabi/lib/thumb/v7e-m+fp/hard/libg_nano.a(libc_a-fini.o)
                              /usr/lib/gcc/arm-none-eabi/13.2.0/../../../../arm-none-eabi/lib/thumb/v7e-m+fp/hard/crt0.o (__libc_fini_array)
/usr/lib/gcc/arm-none-eabi/13.2.0/../../../../arm-none-eabi/lib/thumb/v7e-m+fp/hard/libg_nano.a(libc_a-lock.o)
                              /usr/lib/gcc/arm-none-eabi/13.2.0/../../../../arm-none-eabi/lib/thumb/v7e-m+fp/hard/libg_nano.a(libc_a-findfp.o) (__retarget_lock_init_recursive)
/usr/lib/gcc/arm-none-eabi/13.2.0/../../../../arm-none-eabi/lib/thumb/v7e-m+fp/hard/libg_nano.a(libc_a-memcpy-stub.o)
                              CMakeFiles/RTS-Lab.elf.dir/libraries/FreeRTOS-Kernel/queue.c.obj (memcpy)
/usr/lib/gcc/arm-none-eabi/13.2.0/../../../../arm-none-eabi/lib/thumb/v7e-m+fp/hard/libg_nano.a(libc_a-__atexit.o)
                              /usr/lib/gcc/arm-none-eabi/13.2.0/../../../../arm-none-eabi/lib/thumb/v7e-m+fp/hard/libg_nano.a(libc_a-atexit.o) (__register_exitproc)
/usr/lib/gcc/arm-none-eabi/13.2.0/../../../../arm-none-eabi/lib/thumb/v7e-m+fp/hard/libg_nano.a(libc_a-__call_atexit.o)
                              /usr/lib/gcc/arm-none-eabi/13.2.0/../../../../arm-none-eabi/lib/thumb/v7e-m+fp/hard/libg_nano.a(libc_a-__atexit.o) (__call_exitprocs)
[...]
Memory Configuration

Name             Origin             Length             Attributes
FLASH            0x08000000         0x00100000         xr
RAM              0x20000000         0x0001c000         xrw
VECTOR           0x200c1000         0x00000800         xrw
*default*        0x00000000         0xffffffff

Linker script and memory map

LOAD /usr/lib/gcc/arm-none-eabi/13.2.0/thumb/v7e-m+fp/hard/crti.o
LOAD /usr/lib/gcc/arm-none-eabi/13.2.0/thumb/v7e-m+fp/hard/crtbegin.o
LOAD /usr/lib/gcc/arm-none-eabi/13.2.0/../../../../arm-none-eabi/lib/thumb/v7e-m+fp/hard/crt0.o
LOAD CMakeFiles/RTS-Lab.elf.dir/vectors.s.obj
LOAD CMakeFiles/RTS-Lab.elf.dir/device/src/system_stm32f4xx.c.obj
LOAD CMakeFiles/RTS-Lab.elf.dir/libraries/FreeRTOS-Kernel/event_groups.c.obj
LOAD CMakeFiles/RTS-Lab.elf.dir/libraries/FreeRTOS-Kernel/list.c.obj
LOAD CMakeFiles/RTS-Lab.elf.dir/libraries/FreeRTOS-Kernel/queue.c.obj
LOAD CMakeFiles/RTS-Lab.elf.dir/libraries/FreeRTOS-Kernel/stream_buffer.c.obj
LOAD CMakeFiles/RTS-Lab.elf.dir/libraries/FreeRTOS-Kernel/tasks.c.obj
LOAD CMakeFiles/RTS-Lab.elf.dir/libraries/FreeRTOS-Kernel/timers.c.obj
LOAD CMakeFiles/RTS-Lab.elf.dir/libraries/FreeRTOS-Kernel/portable/GCC/ARM_CM4F/port.c.obj
LOAD CMakeFiles/RTS-Lab.elf.dir/libraries/io/io.c.obj
LOAD CMakeFiles/RTS-Lab.elf.dir/driver/src/stm32f4xx_can.c.obj
LOAD CMakeFiles/RTS-Lab.elf.dir/driver/src/stm32f4xx_dac.c.obj
LOAD CMakeFiles/RTS-Lab.elf.dir/driver/src/stm32f4xx_exti.c.obj
LOAD CMakeFiles/RTS-Lab.elf.dir/driver/src/stm32f4xx_gpio.c.obj
LOAD CMakeFiles/RTS-Lab.elf.dir/driver/src/stm32f4xx_rcc.c.obj
LOAD CMakeFiles/RTS-Lab.elf.dir/driver/src/stm32f4xx_syscfg.c.obj
LOAD CMakeFiles/RTS-Lab.elf.dir/driver/src/stm32f4xx_tim.c.obj
LOAD CMakeFiles/RTS-Lab.elf.dir/driver/src/stm32f4xx_usart.c.obj
LOAD CMakeFiles/RTS-Lab.elf.dir/startup.c.obj
LOAD CMakeFiles/RTS-Lab.elf.dir/src/main.c.obj
LOAD /usr/lib/gcc/arm-none-eabi/13.2.0/../../../../arm-none-eabi/lib/thumb/v7e-m+fp/hard/libm.a
START GROUP
LOAD /usr/lib/gcc/arm-none-eabi/13.2.0/thumb/v7e-m+fp/hard/libgcc.a
LOAD /usr/lib/gcc/arm-none-eabi/13.2.0/../../../../arm-none-eabi/lib/thumb/v7e-m+fp/hard/libg_nano.a
LOAD /usr/lib/gcc/arm-none-eabi/13.2.0/../../../../arm-none-eabi/lib/thumb/v7e-m+fp/hard/libc_nano.a
END GROUP
START GROUP
LOAD /usr/lib/gcc/arm-none-eabi/13.2.0/thumb/v7e-m+fp/hard/libgcc.a
LOAD /usr/lib/gcc/arm-none-eabi/13.2.0/../../../../arm-none-eabi/lib/thumb/v7e-m+fp/hard/libc_nano.a
LOAD /usr/lib/gcc/arm-none-eabi/13.2.0/../../../../arm-none-eabi/lib/thumb/v7e-m+fp/hard/libnosys.a
END GROUP
START GROUP
LOAD /usr/lib/gcc/arm-none-eabi/13.2.0/thumb/v7e-m+fp/hard/libgcc.a
LOAD /usr/lib/gcc/arm-none-eabi/13.2.0/../../../../arm-none-eabi/lib/thumb/v7e-m+fp/hard/libc_nano.a
LOAD /usr/lib/gcc/arm-none-eabi/13.2.0/../../../../arm-none-eabi/lib/thumb/v7e-m+fp/hard/libnosys.a
END GROUP
LOAD /usr/lib/gcc/arm-none-eabi/13.2.0/thumb/v7e-m+fp/hard/crtend.o
LOAD /usr/lib/gcc/arm-none-eabi/13.2.0/thumb/v7e-m+fp/hard/crtn.o
                0x08000000                        . = ORIGIN (FLASH)

.text           0x08000000     0xcd70
 *(.vectors)
 *(.vectors.*)
 *(.text)
 .text          0x08000000        0x0 /usr/lib/gcc/arm-none-eabi/13.2.0/thumb/v7e-m+fp/hard/crti.o
 .text          0x08000000        0x0 /usr/lib/gcc/arm-none-eabi/13.2.0/thumb/v7e-m+fp/hard/crtbegin.o
 .text          0x08000000       0x70 /usr/lib/gcc/arm-none-eabi/13.2.0/../../../../arm-none-eabi/lib/thumb/v7e-m+fp/hard/crt0.o
                0x08000000                _stack_init
                0x08000008                _mainCRTStartup
                0x08000008                _start
 .text          0x08000070       0x14 CMakeFiles/RTS-Lab.elf.dir/vectors.s.obj
 .text          0x08000084      0x170 CMakeFiles/RTS-Lab.elf.dir/device/src/system_stm32f4xx.c.obj
                0x08000084                SystemInit
                0x080000f4                SystemCoreClockUpdate
 .text          0x080001f4      0x730 CMakeFiles/RTS-Lab.elf.dir/libraries/FreeRTOS-Kernel/event_groups.c.obj
                0x080001f4                xEventGroupCreateStatic
                0x08000260                xEventGroupSync
                0x080003c0                xEventGroupWaitBits
                0x08000564                xEventGroupClearBits
                0x080005d6                xEventGroupClearBitsFromISR
                0x080005fc                xEventGroupGetBitsFromISR
                0x08000644                xEventGroupSetBits
                0x0800075c                vEventGroupDelete
                0x080007d8                xEventGroupGetStaticBuffer
                0x0800083a                vEventGroupSetBitsCallback
                0x08000854                vEventGroupClearBitsCallback
                0x080008b2                xEventGroupSetBitsFromISR
                0x080008dc                uxEventGroupGetNumber
                0x08000908                vEventGroupSetNumber
 .text          0x08000924      0x168 CMakeFiles/RTS-Lab.elf.dir/libraries/FreeRTOS-Kernel/list.c.obj
                0x08000924                vListInitialise
                0x08000964                vListInitialiseItem
                0x0800097e                vListInsertEnd
                0x080009c6                vListInsert
                0x08000a38                uxListRemove
 .text          0x08000a8c     0x1778 CMakeFiles/RTS-Lab.elf.dir/libraries/FreeRTOS-Kernel/queue.c.obj
                0x08000a8c                xQueueGenericReset
                0x08000bb0                xQueueGenericCreateStatic
                0x08000c6a                xQueueGenericGetStaticBuffers
                0x08000d56                xQueueCreateMutexStatic
                0x08000d8c                xQueueGetMutexHolder
                0x08000ddc                xQueueGetMutexHolderFromISR
                0x08000e24                xQueueGiveMutexRecursive
                0x08000e8e                xQueueTakeMutexRecursive
                0x08000efc                xQueueCreateCountingSemaphoreStatic
                0x08000f62                xQueueGenericSend
                0x08001168                xQueueGenericSendFromISR
                0x080012d4                xQueueGiveFromISR
                0x08001424                xQueueReceive
                0x080015e8                xQueueSemaphoreTake
                0x080017e8                xQueuePeek
                0x080019b0                xQueueReceiveFromISR
                0x08001ae4                xQueuePeekFromISR
                0x08001bbc                uxQueueMessagesWaiting
                0x08001bfa                uxQueueSpacesAvailable
                0x08001c42                uxQueueMessagesWaitingFromISR
                0x08001c80                vQueueDelete
                0x08001cb8                uxQueueGetQueueNumber
                0x08001cd0                vQueueSetQueueNumber
                0x08001cec                ucQueueGetQueueType
                0x08001d06                uxQueueGetQueueItemSize
                0x08001d1e                uxQueueGetQueueLength
                0x08001f56                xQueueIsQueueEmptyFromISR
                0x08001fd0                xQueueIsQueueFullFromISR
                0x0800201e                vQueueAddToRegistry
                0x080020bc                pcQueueGetName
                0x08002128                vQueueUnregisterQueue
                0x0800219c                vQueueWaitForMessageRestricted
 .text          0x08002204      0xf60 CMakeFiles/RTS-Lab.elf.dir/libraries/FreeRTOS-Kernel/stream_buffer.c.obj
                0x08002204                xStreamBufferGenericCreateStatic
                0x08002316                xStreamBufferGetStaticBuffers
                0x080023b2                vStreamBufferDelete
                0x0800241a                xStreamBufferReset
                0x080024a6                xStreamBufferSetTriggerLevel
                0x08002504                xStreamBufferSpacesAvailable
                0x0800257c                xStreamBufferBytesAvailable
                0x080025b8                xStreamBufferSend
                0x08002762                xStreamBufferSendFromISR
                0x080028e0                xStreamBufferReceive
                0x08002a1e                xStreamBufferNextMessageLengthBytes
                0x08002aaa                xStreamBufferReceiveFromISR
                0x08002c08                xStreamBufferIsEmpty
                0x08002c5a                xStreamBufferIsFull
                0x08002cbc                xStreamBufferSendCompletedFromISR
                0x08002d4a                xStreamBufferReceiveCompletedFromISR
                0x0800303c                uxStreamBufferGetStreamBufferNotificationIndex
                0x08003076                vStreamBufferSetStreamBufferNotificationIndex
                0x08003112                uxStreamBufferGetStreamBufferNumber
                0x0800312a                vStreamBufferSetStreamBufferNumber
                0x08003146                ucStreamBufferGetStreamBufferType
 .text          0x08003164     0x3178 CMakeFiles/RTS-Lab.elf.dir/libraries/FreeRTOS-Kernel/tasks.c.obj
                0x0800321e                xTaskCreateStatic
                0x080034b8                vTaskDelete
                0x080035c4                xTaskDelayUntil
                0x080036c8                vTaskDelay
                0x08003734                eTaskGetState
                0x08003844                uxTaskPriorityGet
                0x08003878                uxTaskPriorityGetFromISR
                0x080038d0                uxTaskBasePriorityGet
                0x08003904                uxTaskBasePriorityGetFromISR
                0x0800395c                vTaskPrioritySet
                0x08003af8                vTaskSuspend
                0x08003c90                vTaskResume
                0x08003da4                xTaskResumeFromISR
                0x08003fb8                vTaskStartScheduler
                0x08004040                vTaskEndScheduler
                0x080040a4                vTaskSuspendAll
                0x080040c0                xTaskResumeAll
                0x080042d4                xTaskGetTickCount
                0x080042f4                xTaskGetTickCountFromISR
                0x08004318                uxTaskGetNumberOfTasks
                0x08004330                pcTaskGetName
                0x0800437c                xTaskGetStaticBuffers
                0x080043f8                uxTaskGetSystemState
                0x08004514                xTaskCatchUpTicks
                0x0800456c                xTaskIncrementTick
                0x080047a0                vTaskSwitchContext
                0x08004860                vTaskPlaceOnEventList
                0x080048ac                vTaskPlaceOnUnorderedEventList
                0x0800495c                vTaskPlaceOnEventListRestricted
                0x080049e8                xTaskRemoveFromEventList
                0x08004b9c                vTaskRemoveFromUnorderedEventList
                0x08004d28                vTaskSetTimeOutState
                0x08004d78                vTaskInternalSetTimeOutState
                0x08004da4                xTaskCheckForTimeOut
                0x08004e74                vTaskMissedYield
                0x08004e8c                uxTaskGetTaskNumber
                0x08004eb8                vTaskSetTaskNumber
                0x08004fe8                vTaskGetInfo
                0x080051ce                uxTaskGetStackHighWaterMark
                0x08005250                xTaskGetCurrentTaskHandle
                0x08005270                xTaskGetCurrentTaskHandleForCore
                0x080052a0                xTaskGetSchedulerState
                0x080052dc                xTaskPriorityInherit
                0x08005400                xTaskPriorityDisinherit
                0x08005534                vTaskPriorityDisinheritAfterTimeout
                0x08005690                uxTaskResetEventItemValue
                0x080056c0                pvTaskIncrementMutexHeldCount
                0x080056f0                ulTaskGenericNotifyTake
                0x080057ec                xTaskGenericNotifyWait
                0x0800591c                xTaskGenericNotify
                0x08005b7c                xTaskGenericNotifyFromISR
                0x08005e50                vTaskGenericNotifyGiveFromISR
                0x0800606c                xTaskGenericNotifyStateClear
                0x080060e0                ulTaskGenericNotifyValueClear
                0x0800623c                vTaskResetState
 .text          0x080062dc      0xb90 CMakeFiles/RTS-Lab.elf.dir/libraries/FreeRTOS-Kernel/timers.c.obj
                0x080062dc                xTimerCreateTimerTask
                0x08006370                xTimerCreateStatic
                0x08006462                xTimerGenericCommandFromTask
                0x08006508                xTimerGenericCommandFromISR
                0x08006590                xTimerGetTimerDaemonTaskHandle
                0x080065cc                xTimerGetPeriod
                0x08006606                vTimerSetReloadMode
                0x0800666e                xTimerGetReloadMode
                0x080066c2                uxTimerGetReloadMode
                0x080066de                xTimerGetExpiryTime
                0x0800671c                xTimerGetStaticBuffer
                0x08006774                pcTimerGetName
                0x08006c9c                xTimerIsTimerActive
                0x08006cf0                pvTimerGetTimerID
                0x08006d32                vTimerSetTimerID
                0x08006d74                xTimerPendFunctionCallFromISR
                0x08006db4                xTimerPendFunctionCall
                0x08006e14                uxTimerGetTimerNumber
                0x08006e2c                vTimerSetTimerNumber
                0x08006e48                vTimerResetState
 *fill*         0x08006e6c        0x4 
 .text          0x08006e70      0x56c CMakeFiles/RTS-Lab.elf.dir/libraries/FreeRTOS-Kernel/portable/GCC/ARM_CM4F/port.c.obj
                0x08006e70                pxPortInitialiseStack
                0x08006f34                SVC_Handler
                0x08006f7e                xPortStartScheduler
                0x08007168                vPortEndScheduler
                0x080071a0                vPortEnterCritical
                0x08007204                vPortExitCritical
                0x08007258                PendSV_Handler
                0x080072c6                SysTick_Handler
                0x0800730c                vPortSetupTimerInterrupt
                0x0800735a                vPortValidateInterruptPriority
 .text          0x080073dc      0x350 CMakeFiles/RTS-Lab.elf.dir/libraries/io/io.c.obj
                0x080073dc                print
                0x0800743c                printf
 .text          0x0800772c     0x11b4 CMakeFiles/RTS-Lab.elf.dir/driver/src/stm32f4xx_can.c.obj
                0x0800772c                CAN_DeInit
                0x08007774                CAN_Init
                0x08007916                CAN_FilterInit
                0x08007a9c                CAN_StructInit
                0x08007af2                CAN_SlaveStartBank
                0x08007b54                CAN_DBGFreeze
                0x08007b8c                CAN_TTComModeCmd
                0x08007c24                CAN_Transmit
                0x08007dc6                CAN_TransmitStatus
                0x08007ecc                CAN_CancelTransmit
                0x08007f24                CAN_Receive
                0x080080a0                CAN_FIFORelease
                0x080080d8                CAN_MessagePending
                0x08008122                CAN_OperatingModeRequest
                0x0800821e                CAN_Sleep
                0x08008258                CAN_WakeUp
                0x080082ae                CAN_GetLastErrorCode
                0x080082d4                CAN_GetReceiveErrorCounter
                0x080082f6                CAN_GetLSBTransmitErrorCounter
                0x08008318                CAN_ITConfig
                0x08008354                CAN_GetFlagStatus
                0x08008422                CAN_ClearFlag
                0x08008494                CAN_GetITStatus
                0x080086f8                CAN_ClearITPendingBit
 .text          0x080088e0      0x450 CMakeFiles/RTS-Lab.elf.dir/driver/src/stm32f4xx_dac.c.obj
                0x080088e0                DAC_DeInit
                0x080088fc                DAC_Init
                0x08008964                DAC_StructInit
                0x08008990                DAC_Cmd
                0x080089dc                DAC_SoftwareTriggerCmd
                0x08008a2c                DAC_DualSoftwareTriggerCmd
                0x08008a68                DAC_WaveGenerationCmd
                0x08008ab4                DAC_SetChannel1Data
                0x08008aec                DAC_SetChannel2Data
                0x08008b24                DAC_SetDualChannelData
                0x08008b7c                DAC_GetDataOutputValue
                0x08008bb0                DAC_DMACmd
                0x08008c00                DAC_ITConfig
                0x08008c4c                DAC_GetFlagStatus
                0x08008c88                DAC_ClearFlag
                0x08008cb0                DAC_GetITStatus
                0x08008d08                DAC_ClearITPendingBit
 .text          0x08008d30      0x210 CMakeFiles/RTS-Lab.elf.dir/driver/src/stm32f4xx_exti.c.obj
                0x08008d30                EXTI_DeInit
                0x08008d64                EXTI_Init
                0x08008e48                EXTI_StructInit
                0x08008e74                EXTI_GenerateSWInterrupt
                0x08008e98                EXTI_GetFlagStatus
                0x08008ecc                EXTI_ClearFlag
                0x08008eec                EXTI_GetITStatus
                0x08008f20                EXTI_ClearITPendingBit
 .text          0x08008f40      0x4d8 CMakeFiles/RTS-Lab.elf.dir/driver/src/stm32f4xx_gpio.c.obj
                0x08008f40                GPIO_DeInit
                0x080090a4                GPIO_Init
                0x080091c2                GPIO_StructInit
                0x080091f6                GPIO_PinLockConfig
                0x0800923a                GPIO_ReadInputDataBit
                0x0800926e                GPIO_ReadInputData
                0x08009288                GPIO_ReadOutputDataBit
                0x080092bc                GPIO_ReadOutputData
                0x080092d6                GPIO_SetBits
                0x080092f4                GPIO_ResetBits
                0x08009312                GPIO_WriteBit
                0x08009342                GPIO_Write
                0x08009360                GPIO_ToggleBits
                0x08009384                GPIO_PinAFConfig
 .text          0x08009418      0xcb0 CMakeFiles/RTS-Lab.elf.dir/driver/src/stm32f4xx_rcc.c.obj
                0x08009418                RCC_DeInit
                0x08009488                RCC_HSEConfig
                0x080094b0                RCC_WaitForHSEStartUp
                0x08009500                RCC_AdjustHSICalibrationValue
                0x0800953c                RCC_HSICmd
                0x0800955c                RCC_LSEConfig
                0x080095a0                RCC_LSICmd
                0x080095c0                RCC_PLLConfig
                0x08009600                RCC_PLLCmd
                0x08009620                RCC_PLLI2SConfig
                0x0800964c                RCC_PLLI2SCmd
                0x0800966c                RCC_PLLSAIConfig
                0x080096a0                RCC_PLLSAICmd
                0x080096c0                RCC_ClockSecuritySystemCmd
                0x080096e0                RCC_MCO1Config
                0x08009720                RCC_MCO2Config
                0x08009760                RCC_SYSCLKConfig
                0x08009798                RCC_GetSYSCLKSource
                0x080097b8                RCC_HCLKConfig
                0x080097f0                RCC_PCLK1Config
                0x08009828                RCC_PCLK2Config
                0x08009864                RCC_GetClocksFreq
                0x080099c0                RCC_RTCCLKConfig
                0x08009a1c                RCC_RTCCLKCmd
                0x08009a3c                RCC_BackupResetCmd
                0x08009a5c                RCC_I2SCLKConfig
                0x08009a7c                RCC_SAIPLLI2SClkDivConfig
                0x08009abc                RCC_SAIPLLSAIClkDivConfig
                0x08009afc                RCC_SAIBlockACLKConfig
                0x08009b38                RCC_SAIBlockBCLKConfig
                0x08009b74                RCC_LTDCCLKDivConfig
                0x08009bb0                RCC_TIMCLKPresConfig
                0x08009bd0                RCC_AHB1PeriphClockCmd
                0x08009c10                RCC_AHB2PeriphClockCmd
                0x08009c50                RCC_AHB3PeriphClockCmd
                0x08009c90                RCC_APB1PeriphClockCmd
                0x08009cd0                RCC_APB2PeriphClockCmd
                0x08009d10                RCC_AHB1PeriphResetCmd
                0x08009d50                RCC_AHB2PeriphResetCmd
                0x08009d90                RCC_AHB3PeriphResetCmd
                0x08009dd0                RCC_APB1PeriphResetCmd
                0x08009e10                RCC_APB2PeriphResetCmd
                0x08009e50                RCC_AHB1PeriphClockLPModeCmd
                0x08009e90                RCC_AHB2PeriphClockLPModeCmd
                0x08009ed0                RCC_AHB3PeriphClockLPModeCmd
                0x08009f10                RCC_APB1PeriphClockLPModeCmd
                0x08009f50                RCC_APB2PeriphClockLPModeCmd
                0x08009f90                RCC_ITConfig
                0x08009fdc                RCC_GetFlagStatus
                0x0800a050                RCC_ClearFlag
                0x0800a070                RCC_GetITStatus
                0x0800a0a8                RCC_ClearITPendingBit
 .text          0x0800a0c8      0x154 CMakeFiles/RTS-Lab.elf.dir/driver/src/stm32f4xx_syscfg.c.obj
                0x0800a0c8                SYSCFG_DeInit
                0x0800a0e4                SYSCFG_MemoryRemapConfig
                0x0800a104                SYSCFG_MemorySwappingBank
                0x0800a124                SYSCFG_EXTILineConfig
                0x0800a1a8                SYSCFG_ETH_MediaInterfaceConfig
                0x0800a1c8                SYSCFG_CompensationCellCmd
                0x0800a1e8                SYSCFG_GetCompensationCellStatus
 .text          0x0800a21c     0x1c1c CMakeFiles/RTS-Lab.elf.dir/driver/src/stm32f4xx_tim.c.obj
                0x0800a21c                TIM_DeInit
                0x0800a3dc                TIM_TimeBaseInit
                0x0800a4b4                TIM_TimeBaseStructInit
                0x0800a4e8                TIM_PrescalerConfig
                0x0800a510                TIM_CounterModeConfig
                0x0800a548                TIM_SetCounter
                0x0800a564                TIM_SetAutoreload
                0x0800a580                TIM_GetCounter
                0x0800a598                TIM_GetPrescaler
                0x0800a5b2                TIM_UpdateDisableConfig
                0x0800a5f2                TIM_UpdateRequestConfig
                0x0800a632                TIM_ARRPreloadConfig
                0x0800a672                TIM_SelectOnePulseMode
                0x0800a6aa                TIM_SetClockDivision
                0x0800a6e2                TIM_Cmd
                0x0800a722                TIM_OC1Init
                0x0800a818                TIM_OC2Init
                0x0800a928                TIM_OC3Init
                0x0800aa34                TIM_OC4Init
                0x0800ab04                TIM_OCStructInit
                0x0800ab48                TIM_SelectOCxM
                0x0800abfe                TIM_SetCompare1
                0x0800ac1a                TIM_SetCompare2
                0x0800ac36                TIM_SetCompare3
                0x0800ac52                TIM_SetCompare4
                0x0800ac6e                TIM_ForcedOC1Config
                0x0800aca6                TIM_ForcedOC2Config
                0x0800ace2                TIM_ForcedOC3Config
                0x0800ad1a                TIM_ForcedOC4Config
                0x0800ad56                TIM_OC1PreloadConfig
                0x0800ad8e                TIM_OC2PreloadConfig
                0x0800adca                TIM_OC3PreloadConfig
                0x0800ae02                TIM_OC4PreloadConfig
                0x0800ae3e                TIM_OC1FastConfig
                0x0800ae76                TIM_OC2FastConfig
                0x0800aeb2                TIM_OC3FastConfig
                0x0800aeea                TIM_OC4FastConfig
                0x0800af26                TIM_ClearOC1Ref
                0x0800af5e                TIM_ClearOC2Ref
                0x0800af9a                TIM_ClearOC3Ref
                0x0800afd2                TIM_ClearOC4Ref
                0x0800b00e                TIM_OC1PolarityConfig
                0x0800b046                TIM_OC1NPolarityConfig
                0x0800b07e                TIM_OC2PolarityConfig
                0x0800b0ba                TIM_OC2NPolarityConfig
                0x0800b0f6                TIM_OC3PolarityConfig
                0x0800b132                TIM_OC3NPolarityConfig
                0x0800b16e                TIM_OC4PolarityConfig
                0x0800b1aa                TIM_CCxCmd
                0x0800b200                TIM_CCxNCmd
                0x0800b256                TIM_ICInit
                0x0800b2fe                TIM_ICStructInit
                0x0800b330                TIM_PWMIConfig
                0x0800b3e8                TIM_GetCapture1
                0x0800b400                TIM_GetCapture2
                0x0800b418                TIM_GetCapture3
                0x0800b430                TIM_GetCapture4
                0x0800b448                TIM_SetIC1Prescaler
                0x0800b480                TIM_SetIC2Prescaler
                0x0800b4bc                TIM_SetIC3Prescaler
                0x0800b4f4                TIM_SetIC4Prescaler
                0x0800b530                TIM_BDTRConfig
                0x0800b580                TIM_BDTRStructInit
                0x0800b5be                TIM_CtrlPWMOutputs
                0x0800b60a                TIM_SelectCOM
                0x0800b64a                TIM_CCPreloadControl
                0x0800b68a                TIM_ITConfig
                0x0800b6d2                TIM_GenerateEvent
                0x0800b6f0                TIM_GetFlagStatus
                0x0800b728                TIM_ClearFlag
                0x0800b74a                TIM_GetITStatus
                0x0800b79e                TIM_ClearITPendingBit
                0x0800b7c0                TIM_DMAConfig
                0x0800b7ea                TIM_DMACmd
                0x0800b832                TIM_SelectCCDMA
                0x0800b872                TIM_InternalClockConfig
                0x0800b896                TIM_ITRxExternalClockConfig
                0x0800b8c4                TIM_TIxExternalClockConfig
                0x0800b920                TIM_ETRClockMode1Config
                0x0800b97e                TIM_ETRClockMode2Config
                0x0800b9bc                TIM_SelectInputTrigger
                0x0800b9f4                TIM_SelectOutputTrigger
                0x0800ba2c                TIM_SelectSlaveMode
                0x0800ba64                TIM_SelectMasterSlaveMode
                0x0800ba9c                TIM_ETRConfig
                0x0800baf0                TIM_EncoderInterfaceConfig
                0x0800bb88                TIM_SelectHallSensor
                0x0800bbc8                TIM_RemapConfig
 .text          0x0800be38      0x970 CMakeFiles/RTS-Lab.elf.dir/driver/src/stm32f4xx_usart.c.obj
                0x0800be38                USART_DeInit
                0x0800bf50                USART_Init
                0x0800c0c4                USART_StructInit
                0x0800c0fe                USART_ClockInit
                0x0800c154                USART_ClockStructInit
                0x0800c180                USART_Cmd
                0x0800c1c0                USART_SetPrescaler
                0x0800c1fa                USART_OverSampling8Cmd
                0x0800c23e                USART_OneBitMethodCmd
                0x0800c27e                USART_SendData
                0x0800c2a2                USART_ReceiveData
                0x0800c2c2                USART_SetAddress
                0x0800c2fc                USART_ReceiverWakeUpCmd
                0x0800c33c                USART_WakeUpConfig
                0x0800c374                USART_LINBreakDetectLengthConfig
                0x0800c3ac                USART_LINCmd
                0x0800c3ec                USART_SendBreak
                0x0800c410                USART_HalfDuplexCmd
                0x0800c450                USART_SetGuardTime
                0x0800c48c                USART_SmartCardCmd
                0x0800c4cc                USART_SmartCardNACKCmd
                0x0800c50c                USART_IrDAConfig
                0x0800c544                USART_IrDACmd
                0x0800c584                USART_DMACmd
                0x0800c5cc                USART_ITConfig
                0x0800c65c                USART_GetFlagStatus
                0x0800c694                USART_ClearFlag
                0x0800c6b6                USART_GetITStatus
                0x0800c76c                USART_ClearITPendingBit
 .text          0x0800c7a8      0x32c CMakeFiles/RTS-Lab.elf.dir/startup.c.obj
 .text          0x0800cad4      0x108 CMakeFiles/RTS-Lab.elf.dir/src/main.c.obj
                0x0800cad4                vTask1
                0x0800cb18                main
                0x0800cb74                vApplicationGetIdleTaskMemory
                0x0800cba8                vApplicationGetTimerTaskMemory
 .text          0x0800cbdc        0x0 /usr/lib/gcc/arm-none-eabi/13.2.0/../../../../arm-none-eabi/lib/thumb/v7e-m+fp/hard/libg_nano.a(libc_a-atexit.o)
 .text          0x0800cbdc        0x0 /usr/lib/gcc/arm-none-eabi/13.2.0/../../../../arm-none-eabi/lib/thumb/v7e-m+fp/hard/libg_nano.a(libc_a-exit.o)
 .text          0x0800cbdc        0x0 /usr/lib/gcc/arm-none-eabi/13.2.0/../../../../arm-none-eabi/lib/thumb/v7e-m+fp/hard/libg_nano.a(libc_a-findfp.o)
 .text          0x0800cbdc        0x0 /usr/lib/gcc/arm-none-eabi/13.2.0/../../../../arm-none-eabi/lib/thumb/v7e-m+fp/hard/libg_nano.a(libc_a-fwalk.o)
 .text          0x0800cbdc        0x0 /usr/lib/gcc/arm-none-eabi/13.2.0/../../../../arm-none-eabi/lib/thumb/v7e-m+fp/hard/libg_nano.a(libc_a-sprintf.o)
 .text          0x0800cbdc        0x0 /usr/lib/gcc/arm-none-eabi/13.2.0/../../../../arm-none-eabi/lib/thumb/v7e-m+fp/hard/libg_nano.a(libc_a-stdio.o)
 .text          0x0800cbdc        0x0 /usr/lib/gcc/arm-none-eabi/13.2.0/../../../../arm-none-eabi/lib/thumb/v7e-m+fp/hard/libg_nano.a(libc_a-memset.o)
 .text          0x0800cbdc        0x0 /usr/lib/gcc/arm-none-eabi/13.2.0/../../../../arm-none-eabi/lib/thumb/v7e-m+fp/hard/libg_nano.a(libc_a-closer.o)
 .text          0x0800cbdc        0x0 /usr/lib/gcc/arm-none-eabi/13.2.0/../../../../arm-none-eabi/lib/thumb/v7e-m+fp/hard/libg_nano.a(libc_a-reent.o)
 .text          0x0800cbdc        0x0 /usr/lib/gcc/arm-none-eabi/13.2.0/../../../../arm-none-eabi/lib/thumb/v7e-m+fp/hard/libg_nano.a(libc_a-impure.o)
 .text          0x0800cbdc        0x0 /usr/lib/gcc/arm-none-eabi/13.2.0/../../../../arm-none-eabi/lib/thumb/v7e-m+fp/hard/libg_nano.a(libc_a-lseekr.o)
 .text          0x0800cbdc        0x0 /usr/lib/gcc/arm-none-eabi/13.2.0/../../../../arm-none-eabi/lib/thumb/v7e-m+fp/hard/libg_nano.a(libc_a-readr.o)
 .text          0x0800cbdc        0x0 /usr/lib/gcc/arm-none-eabi/13.2.0/../../../../arm-none-eabi/lib/thumb/v7e-m+fp/hard/libg_nano.a(libc_a-writer.o)
 .text          0x0800cbdc        0x0 /usr/lib/gcc/arm-none-eabi/13.2.0/../../../../arm-none-eabi/lib/thumb/v7e-m+fp/hard/libg_nano.a(libc_a-init.o)
 .text          0x0800cbdc        0x0 /usr/lib/gcc/arm-none-eabi/13.2.0/../../../../arm-none-eabi/lib/thumb/v7e-m+fp/hard/libg_nano.a(libc_a-fini.o)
 .text          0x0800cbdc        0x0 /usr/lib/gcc/arm-none-eabi/13.2.0/../../../../arm-none-eabi/lib/thumb/v7e-m+fp/hard/libg_nano.a(libc_a-lock.o)
 .text          0x0800cbdc        0x0 /usr/lib/gcc/arm-none-eabi/13.2.0/../../../../arm-none-eabi/lib/thumb/v7e-m+fp/hard/libg_nano.a(libc_a-memcpy-stub.o)
 .text          0x0800cbdc        0x0 /usr/lib/gcc/arm-none-eabi/13.2.0/../../../../arm-none-eabi/lib/thumb/v7e-m+fp/hard/libg_nano.a(libc_a-__atexit.o)
 .text          0x0800cbdc        0x0 /usr/lib/gcc/arm-none-eabi/13.2.0/../../../../arm-none-eabi/lib/thumb/v7e-m+fp/hard/libg_nano.a(libc_a-__call_atexit.o)
 .text          0x0800cbdc        0x0 /usr/lib/gcc/arm-none-eabi/13.2.0/../../../../arm-none-eabi/lib/thumb/v7e-m+fp/hard/libg_nano.a(libc_a-freer.o)
 .text          0x0800cbdc        0x0 /usr/lib/gcc/arm-none-eabi/13.2.0/../../../../arm-none-eabi/lib/thumb/v7e-m+fp/hard/libg_nano.a(libc_a-mallocr.o)
 .text          0x0800cbdc        0x0 /usr/lib/gcc/arm-none-eabi/13.2.0/../../../../arm-none-eabi/lib/thumb/v7e-m+fp/hard/libg_nano.a(libc_a-mlock.o)
 .text          0x0800cbdc        0x0 /usr/lib/gcc/arm-none-eabi/13.2.0/../../../../arm-none-eabi/lib/thumb/v7e-m+fp/hard/libg_nano.a(libc_a-nano-svfprintf.o)
 .text          0x0800cbdc        0x0 /usr/lib/gcc/arm-none-eabi/13.2.0/../../../../arm-none-eabi/lib/thumb/v7e-m+fp/hard/libg_nano.a(libc_a-nano-vfprintf_i.o)
 .text          0x0800cbdc        0x0 /usr/lib/gcc/arm-none-eabi/13.2.0/../../../../arm-none-eabi/lib/thumb/v7e-m+fp/hard/libg_nano.a(libc_a-fflush.o)
 .text          0x0800cbdc        0x0 /usr/lib/gcc/arm-none-eabi/13.2.0/../../../../arm-none-eabi/lib/thumb/v7e-m+fp/hard/libg_nano.a(libc_a-memmove.o)
 .text          0x0800cbdc        0x0 /usr/lib/gcc/arm-none-eabi/13.2.0/../../../../arm-none-eabi/lib/thumb/v7e-m+fp/hard/libg_nano.a(libc_a-sbrkr.o)
 *fill*         0x0800cbdc        0x4 
 .text          0x0800cbe0       0xa0 /usr/lib/gcc/arm-none-eabi/13.2.0/../../../../arm-none-eabi/lib/thumb/v7e-m+fp/hard/libg_nano.a(libc_a-memchr.o)
                0x0800cbe0                memchr
 .text          0x0800cc80        0x0 /usr/lib/gcc/arm-none-eabi/13.2.0/../../../../arm-none-eabi/lib/thumb/v7e-m+fp/hard/libg_nano.a(libc_a-reallocr.o)
 .text          0x0800cc80        0x0 /usr/lib/gcc/arm-none-eabi/13.2.0/../../../../arm-none-eabi/lib/thumb/v7e-m+fp/hard/libg_nano.a(libc_a-msizer.o)
 .text          0x0800cc80        0x0 /usr/lib/gcc/arm-none-eabi/13.2.0/../../../../arm-none-eabi/lib/thumb/v7e-m+fp/hard/libnosys.a(close.o)
 .text          0x0800cc80        0x0 /usr/lib/gcc/arm-none-eabi/13.2.0/../../../../arm-none-eabi/lib/thumb/v7e-m+fp/hard/libnosys.a(lseek.o)
 .text          0x0800cc80        0x0 /usr/lib/gcc/arm-none-eabi/13.2.0/../../../../arm-none-eabi/lib/thumb/v7e-m+fp/hard/libnosys.a(read.o)
 .text          0x0800cc80        0x0 /usr/lib/gcc/arm-none-eabi/13.2.0/../../../../arm-none-eabi/lib/thumb/v7e-m+fp/hard/libnosys.a(sbrk.o)
 .text          0x0800cc80        0x0 /usr/lib/gcc/arm-none-eabi/13.2.0/../../../../arm-none-eabi/lib/thumb/v7e-m+fp/hard/libnosys.a(write.o)
 .text          0x0800cc80        0x0 /usr/lib/gcc/arm-none-eabi/13.2.0/../../../../arm-none-eabi/lib/thumb/v7e-m+fp/hard/libnosys.a(_exit.o)
 .text          0x0800cc80        0x0 /usr/lib/gcc/arm-none-eabi/13.2.0/thumb/v7e-m+fp/hard/crtend.o
 .text          0x0800cc80        0x0 /usr/lib/gcc/arm-none-eabi/13.2.0/thumb/v7e-m+fp/hard/crtn.o
 *(.rodata)
 .rodata        0x0800cc80       0x18 CMakeFiles/RTS-Lab.elf.dir/device/src/system_stm32f4xx.c.obj
                0x0800cc80                AHBPrescTable
                0x0800cc90                APBPrescTable
 .rodata        0x0800cc98        0x9 CMakeFiles/RTS-Lab.elf.dir/libraries/FreeRTOS-Kernel/tasks.c.obj
 *fill*         0x0800cca1        0x3 
 .rodata        0x0800cca4        0xd CMakeFiles/RTS-Lab.elf.dir/libraries/FreeRTOS-Kernel/timers.c.obj
 *fill*         0x0800ccb1        0x3 
 .rodata        0x0800ccb4        0x4 CMakeFiles/RTS-Lab.elf.dir/libraries/FreeRTOS-Kernel/portable/GCC/ARM_CM4F/port.c.obj
 .rodata        0x0800ccb8        0x3 CMakeFiles/RTS-Lab.elf.dir/libraries/io/io.c.obj
 *fill*         0x0800ccbb        0x1 
 .rodata        0x0800ccbc       0x10 CMakeFiles/RTS-Lab.elf.dir/driver/src/stm32f4xx_rcc.c.obj
 .rodata        0x0800cccc       0x29 CMakeFiles/RTS-Lab.elf.dir/src/main.c.obj
 *(.rodata*)
 .rodata.all_implied_fbits
                0x0800ccf5       0x24 /usr/lib/gcc/arm-none-eabi/13.2.0/thumb/v7e-m+fp/hard/crtbegin.o
 .rodata._svfprintf_r.str1.1
                0x0800cd19       0x33 /usr/lib/gcc/arm-none-eabi/13.2.0/../../../../arm-none-eabi/lib/thumb/v7e-m+fp/hard/libg_nano.a(libc_a-nano-svfprintf.o)
                                 0x11 (size before relaxing)
 .rodata._printf_i.str1.1
                0x0800cd4c       0x22 /usr/lib/gcc/arm-none-eabi/13.2.0/../../../../arm-none-eabi/lib/thumb/v7e-m+fp/hard/libg_nano.a(libc_a-nano-vfprintf_i.o)
 .rodata.all_implied_fbits
                0x0800cd4c       0x24 /usr/lib/gcc/arm-none-eabi/13.2.0/thumb/v7e-m+fp/hard/crtend.o
                0x0800cd70                        __text_end = .

.glue_7         0x0800cd70        0x0
 .glue_7        0x0800cd70        0x0 linker stubs

.glue_7t        0x0800cd70        0x0
 .glue_7t       0x0800cd70        0x0 linker stubs

.vfp11_veneer   0x0800cd70        0x0
 .vfp11_veneer  0x0800cd70        0x0 linker stubs

.v4_bx          0x0800cd70        0x0
 .v4_bx         0x0800cd70        0x0 linker stubs

.init           0x0800cd70        0xc
 .init          0x0800cd70        0x4 /usr/lib/gcc/arm-none-eabi/13.2.0/thumb/v7e-m+fp/hard/crti.o
                0x0800cd70                _init
 .init          0x0800cd74        0x8 /usr/lib/gcc/arm-none-eabi/13.2.0/thumb/v7e-m+fp/hard/crtn.o

.fini           0x0800cd7c        0xc
 .fini          0x0800cd7c        0x4 /usr/lib/gcc/arm-none-eabi/13.2.0/thumb/v7e-m+fp/hard/crti.o
                0x0800cd7c                _fini
 .fini          0x0800cd80        0x8 /usr/lib/gcc/arm-none-eabi/13.2.0/thumb/v7e-m+fp/hard/crtn.o

.text.__do_global_dtors_aux
                0x0800cd88       0x24
 .text.__do_global_dtors_aux
                0x0800cd88       0x24 /usr/lib/gcc/arm-none-eabi/13.2.0/thumb/v7e-m+fp/hard/crtbegin.o

.text.frame_dummy
                0x0800cdac       0x1c
 .text.frame_dummy
                0x0800cdac       0x1c /usr/lib/gcc/arm-none-eabi/13.2.0/thumb/v7e-m+fp/hard/crtbegin.o

.iplt           0x0800cdc8        0x0
 .iplt          0x0800cdc8        0x0 /usr/lib/gcc/arm-none-eabi/13.2.0/thumb/v7e-m+fp/hard/crtbegin.o

.text.Reset_Handler
                0x0800cdc8       0x48
 .text.Reset_Handler
                0x0800cdc8       0x48 CMakeFiles/RTS-Lab.elf.dir/vectors.s.obj
                0x0800cdc8                Reset_Handler

.text.Default_Handler
                0x0800ce10        0x2
 .text.Default_Handler
                0x0800ce10        0x2 CMakeFiles/RTS-Lab.elf.dir/vectors.s.obj
                0x0800ce10                RTC_Alarm_IRQHandler
                0x0800ce10                HASH_RNG_IRQHandler
                0x0800ce10                EXTI2_IRQHandler
                0x0800ce10                TIM8_CC_IRQHandler
                0x0800ce10                DebugMon_Handler
                0x0800ce10                TIM1_CC_IRQHandler
                0x0800ce10                DMA2_Stream5_IRQHandler
                0x0800ce10                HardFault_Handler
                0x0800ce10                DMA1_Stream5_IRQHandler
                0x0800ce10                PVD_IRQHandler
                0x0800ce10                SDIO_IRQHandler
                0x0800ce10                TAMP_STAMP_IRQHandler
                0x0800ce10                NMI_Handler
                0x0800ce10                CAN2_RX1_IRQHandler
                0x0800ce10                EXTI3_IRQHandler
                0x0800ce10                TIM8_TRG_COM_TIM14_IRQHandler
                0x0800ce10                TIM1_UP_TIM10_IRQHandler
                0x0800ce10                TIM8_UP_TIM13_IRQHandler
                0x0800ce10                I2C3_ER_IRQHandler
                0x0800ce10                EXTI0_IRQHandler
                0x0800ce10                I2C2_EV_IRQHandler
                0x0800ce10                DMA1_Stream2_IRQHandler
                0x0800ce10                CAN1_RX0_IRQHandler
                0x0800ce10                FPU_IRQHandler
                0x0800ce10                OTG_HS_WKUP_IRQHandler
                0x0800ce10                UsageFault_Handler
                0x0800ce10                CAN2_SCE_IRQHandler
                0x0800ce10                DMA2_Stream2_IRQHandler
                0x0800ce10                SPI1_IRQHandler
                0x0800ce10                TIM6_DAC_IRQHandler
                0x0800ce10                TIM1_BRK_TIM9_IRQHandler
                0x0800ce10                DCMI_IRQHandler
                0x0800ce10                CAN2_RX0_IRQHandler
                0x0800ce10                DMA2_Stream3_IRQHandler
                0x0800ce10                USART6_IRQHandler
                0x0800ce10                USART3_IRQHandler
                0x0800ce10                CRYP_IRQHandler
                0x0800ce10                CAN1_RX1_IRQHandler
                0x0800ce10                UART5_IRQHandler
                0x0800ce10                DMA2_Stream0_IRQHandler
                0x0800ce10                TIM4_IRQHandler
                0x0800ce10                I2C1_EV_IRQHandler
                0x0800ce10                DMA1_Stream6_IRQHandler
                0x0800ce10                DMA1_Stream1_IRQHandler
                0x0800ce10                UART4_IRQHandler
                0x0800ce10                TIM3_IRQHandler
                0x0800ce10                RCC_IRQHandler
                0x0800ce10                TIM8_BRK_TIM12_IRQHandler
                0x0800ce10                Default_Handler
                0x0800ce10                EXTI15_10_IRQHandler
                0x0800ce10                ADC_IRQHandler
                0x0800ce10                DMA1_Stream7_IRQHandler
                0x0800ce10                TIM7_IRQHandler
                0x0800ce10                CAN2_TX_IRQHandler
                0x0800ce10                TIM5_IRQHandler
                0x0800ce10                DMA2_Stream7_IRQHandler
                0x0800ce10                I2C3_EV_IRQHandler
                0x0800ce10                EXTI9_5_IRQHandler
                0x0800ce10                RTC_WKUP_IRQHandler
                0x0800ce10                ETH_WKUP_IRQHandler
                0x0800ce10                SPI2_IRQHandler
                0x0800ce10                OTG_HS_EP1_IN_IRQHandler
                0x0800ce10                MemManage_Handler
                0x0800ce10                DMA1_Stream0_IRQHandler
                0x0800ce10                CAN1_TX_IRQHandler
                0x0800ce10                EXTI4_IRQHandler
                0x0800ce10                FSMC_IRQHandler
                0x0800ce10                ETH_IRQHandler
                0x0800ce10                OTG_HS_EP1_OUT_IRQHandler
                0x0800ce10                WWDG_IRQHandler
                0x0800ce10                TIM2_IRQHandler
                0x0800ce10                OTG_FS_WKUP_IRQHandler
                0x0800ce10                TIM1_TRG_COM_TIM11_IRQHandler
                0x0800ce10                OTG_HS_IRQHandler
                0x0800ce10                EXTI1_IRQHandler
                0x0800ce10                USART2_IRQHandler
                0x0800ce10                I2C2_ER_IRQHandler
                0x0800ce10                DMA2_Stream1_IRQHandler
                0x0800ce10                CAN1_SCE_IRQHandler
                0x0800ce10                FLASH_IRQHandler
                0x0800ce10                DMA2_Stream4_IRQHandler
                0x0800ce10                BusFault_Handler
                0x0800ce10                USART1_IRQHandler
                0x0800ce10                OTG_FS_IRQHandler
                0x0800ce10                SPI3_IRQHandler
                0x0800ce10                DMA1_Stream4_IRQHandler
                0x0800ce10                I2C1_ER_IRQHandler
                0x0800ce10                DMA2_Stream6_IRQHandler
                0x0800ce10                DMA1_Stream3_IRQHandler

.start_section  0x0800ce14       0x1c
 .start_section
                0x0800ce14       0x1c CMakeFiles/RTS-Lab.elf.dir/startup.c.obj
                0x0800ce14                startup

.text.atexit    0x0800ce30        0xc
 .text.atexit   0x0800ce30        0xc /usr/lib/gcc/arm-none-eabi/13.2.0/../../../../arm-none-eabi/lib/thumb/v7e-m+fp/hard/libg_nano.a(libc_a-atexit.o)
                0x0800ce30                atexit

.text.exit      0x0800ce3c       0x24
 .text.exit     0x0800ce3c       0x24 /usr/lib/gcc/arm-none-eabi/13.2.0/../../../../arm-none-eabi/lib/thumb/v7e-m+fp/hard/libg_nano.a(libc_a-exit.o)
                0x0800ce3c                exit

.text.std       0x0800ce60       0x6c
 .text.std      0x0800ce60       0x6c /usr/lib/gcc/arm-none-eabi/13.2.0/../../../../arm-none-eabi/lib/thumb/v7e-m+fp/hard/libg_nano.a(libc_a-findfp.o)

.text.stdio_exit_handler
                0x0800cecc       0x18
 .text.stdio_exit_handler
                0x0800cecc       0x18 /usr/lib/gcc/arm-none-eabi/13.2.0/../../../../arm-none-eabi/lib/thumb/v7e-m+fp/hard/libg_nano.a(libc_a-findfp.o)

.text.cleanup_stdio
                0x0800cee4       0x40
 .text.cleanup_stdio
                0x0800cee4       0x40 /usr/lib/gcc/arm-none-eabi/13.2.0/../../../../arm-none-eabi/lib/thumb/v7e-m+fp/hard/libg_nano.a(libc_a-findfp.o)

.text.__fp_lock
                0x0800cf24       0x18
 .text.__fp_lock
                0x0800cf24       0x18 /usr/lib/gcc/arm-none-eabi/13.2.0/../../../../arm-none-eabi/lib/thumb/v7e-m+fp/hard/libg_nano.a(libc_a-findfp.o)

.text.__fp_unlock
                0x0800cf3c       0x18
 .text.__fp_unlock
                0x0800cf3c       0x18 /usr/lib/gcc/arm-none-eabi/13.2.0/../../../../arm-none-eabi/lib/thumb/v7e-m+fp/hard/libg_nano.a(libc_a-findfp.o)

.text.global_stdio_init.part.0
                0x0800cf54       0x3c
 .text.global_stdio_init.part.0
                0x0800cf54       0x3c /usr/lib/gcc/arm-none-eabi/13.2.0/../../../../arm-none-eabi/lib/thumb/v7e-m+fp/hard/libg_nano.a(libc_a-findfp.o)

.text.__sfp_lock_acquire
                0x0800cf90        0xc
 .text.__sfp_lock_acquire
                0x0800cf90        0xc /usr/lib/gcc/arm-none-eabi/13.2.0/../../../../arm-none-eabi/lib/thumb/v7e-m+fp/hard/libg_nano.a(libc_a-findfp.o)
                0x0800cf90                __sfp_lock_acquire

.text.__sfp_lock_release
                0x0800cf9c        0xc
 .text.__sfp_lock_release
                0x0800cf9c        0xc /usr/lib/gcc/arm-none-eabi/13.2.0/../../../../arm-none-eabi/lib/thumb/v7e-m+fp/hard/libg_nano.a(libc_a-findfp.o)
                0x0800cf9c                __sfp_lock_release

.text.__sfp     0x0800cfa8       0xa4
 .text.__sfp    0x0800cfa8       0xa4 /usr/lib/gcc/arm-none-eabi/13.2.0/../../../../arm-none-eabi/lib/thumb/v7e-m+fp/hard/libg_nano.a(libc_a-findfp.o)
                0x0800cfa8                __sfp

.text.__sinit   0x0800d04c       0x30
 .text.__sinit  0x0800d04c       0x30 /usr/lib/gcc/arm-none-eabi/13.2.0/../../../../arm-none-eabi/lib/thumb/v7e-m+fp/hard/libg_nano.a(libc_a-findfp.o)
                0x0800d04c                __sinit

.text.__fp_lock_all
                0x0800d07c       0x1c
 .text.__fp_lock_all
                0x0800d07c       0x1c /usr/lib/gcc/arm-none-eabi/13.2.0/../../../../arm-none-eabi/lib/thumb/v7e-m+fp/hard/libg_nano.a(libc_a-findfp.o)
                0x0800d07c                __fp_lock_all

.text.__fp_unlock_all
                0x0800d098       0x1c
 .text.__fp_unlock_all
                0x0800d098       0x1c /usr/lib/gcc/arm-none-eabi/13.2.0/../../../../arm-none-eabi/lib/thumb/v7e-m+fp/hard/libg_nano.a(libc_a-findfp.o)
                0x0800d098                __fp_unlock_all

.text._fwalk_sglue
                0x0800d0b4       0x3c
 .text._fwalk_sglue
                0x0800d0b4       0x3c /usr/lib/gcc/arm-none-eabi/13.2.0/../../../../arm-none-eabi/lib/thumb/v7e-m+fp/hard/libg_nano.a(libc_a-fwalk.o)
                0x0800d0b4                _fwalk_sglue

.text._sprintf_r
                0x0800d0f0       0x38
 .text._sprintf_r
                0x0800d0f0       0x38 /usr/lib/gcc/arm-none-eabi/13.2.0/../../../../arm-none-eabi/lib/thumb/v7e-m+fp/hard/libg_nano.a(libc_a-sprintf.o)
                0x0800d0f0                _siprintf_r
                0x0800d0f0                _sprintf_r

.text.sprintf   0x0800d128       0x40
 .text.sprintf  0x0800d128       0x40 /usr/lib/gcc/arm-none-eabi/13.2.0/../../../../arm-none-eabi/lib/thumb/v7e-m+fp/hard/libg_nano.a(libc_a-sprintf.o)
                0x0800d128                sprintf
                0x0800d128                siprintf

.text.__sread   0x0800d168       0x22
 .text.__sread  0x0800d168       0x22 /usr/lib/gcc/arm-none-eabi/13.2.0/../../../../arm-none-eabi/lib/thumb/v7e-m+fp/hard/libg_nano.a(libc_a-stdio.o)
                0x0800d168                __sread

.text.__seofread
                0x0800d18a        0x4
 .text.__seofread
                0x0800d18a        0x4 /usr/lib/gcc/arm-none-eabi/13.2.0/../../../../arm-none-eabi/lib/thumb/v7e-m+fp/hard/libg_nano.a(libc_a-stdio.o)
                0x0800d18a                __seofread

.text.__swrite  0x0800d18e       0x38
 .text.__swrite
                0x0800d18e       0x38 /usr/lib/gcc/arm-none-eabi/13.2.0/../../../../arm-none-eabi/lib/thumb/v7e-m+fp/hard/libg_nano.a(libc_a-stdio.o)
                0x0800d18e                __swrite

.text.__sseek   0x0800d1c6       0x24
 .text.__sseek  0x0800d1c6       0x24 /usr/lib/gcc/arm-none-eabi/13.2.0/../../../../arm-none-eabi/lib/thumb/v7e-m+fp/hard/libg_nano.a(libc_a-stdio.o)
                0x0800d1c6                __sseek

.text.__sclose  0x0800d1ea        0x8
 .text.__sclose
                0x0800d1ea        0x8 /usr/lib/gcc/arm-none-eabi/13.2.0/../../../../arm-none-eabi/lib/thumb/v7e-m+fp/hard/libg_nano.a(libc_a-stdio.o)
                0x0800d1ea                __sclose

.text.memset    0x0800d1f2       0x10
 .text.memset   0x0800d1f2       0x10 /usr/lib/gcc/arm-none-eabi/13.2.0/../../../../arm-none-eabi/lib/thumb/v7e-m+fp/hard/libg_nano.a(libc_a-memset.o)
                0x0800d1f2                memset

.text._close_r  0x0800d204       0x20
 .text._close_r
                0x0800d204       0x20 /usr/lib/gcc/arm-none-eabi/13.2.0/../../../../arm-none-eabi/lib/thumb/v7e-m+fp/hard/libg_nano.a(libc_a-closer.o)
                0x0800d204                _close_r

.text._reclaim_reent
                0x0800d224       0xac
 .text._reclaim_reent
                0x0800d224       0xac /usr/lib/gcc/arm-none-eabi/13.2.0/../../../../arm-none-eabi/lib/thumb/v7e-m+fp/hard/libg_nano.a(libc_a-reent.o)
                0x0800d224                _reclaim_reent

.text._lseek_r  0x0800d2d0       0x24
 .text._lseek_r
                0x0800d2d0       0x24 /usr/lib/gcc/arm-none-eabi/13.2.0/../../../../arm-none-eabi/lib/thumb/v7e-m+fp/hard/libg_nano.a(libc_a-lseekr.o)
                0x0800d2d0                _lseek_r

.text._read_r   0x0800d2f4       0x24
 .text._read_r  0x0800d2f4       0x24 /usr/lib/gcc/arm-none-eabi/13.2.0/../../../../arm-none-eabi/lib/thumb/v7e-m+fp/hard/libg_nano.a(libc_a-readr.o)
                0x0800d2f4                _read_r

.text._write_r  0x0800d318       0x24
 .text._write_r
                0x0800d318       0x24 /usr/lib/gcc/arm-none-eabi/13.2.0/../../../../arm-none-eabi/lib/thumb/v7e-m+fp/hard/libg_nano.a(libc_a-writer.o)
                0x0800d318                _write_r

.text.__libc_init_array
                0x0800d33c       0x48
 .text.__libc_init_array
                0x0800d33c       0x48 /usr/lib/gcc/arm-none-eabi/13.2.0/../../../../arm-none-eabi/lib/thumb/v7e-m+fp/hard/libg_nano.a(libc_a-init.o)
                0x0800d33c                __libc_init_array

.text.__libc_fini_array
                0x0800d384       0x28
 .text.__libc_fini_array
                0x0800d384       0x28 /usr/lib/gcc/arm-none-eabi/13.2.0/../../../../arm-none-eabi/lib/thumb/v7e-m+fp/hard/libg_nano.a(libc_a-fini.o)
                0x0800d384                __libc_fini_array

.text.__retarget_lock_init
                0x0800d3ac        0x2
 .text.__retarget_lock_init
                0x0800d3ac        0x2 /usr/lib/gcc/arm-none-eabi/13.2.0/../../../../arm-none-eabi/lib/thumb/v7e-m+fp/hard/libg_nano.a(libc_a-lock.o)
                0x0800d3ac                __retarget_lock_init

.text.__retarget_lock_init_recursive
                0x0800d3ae        0x2
 .text.__retarget_lock_init_recursive
                0x0800d3ae        0x2 /usr/lib/gcc/arm-none-eabi/13.2.0/../../../../arm-none-eabi/lib/thumb/v7e-m+fp/hard/libg_nano.a(libc_a-lock.o)
                0x0800d3ae                __retarget_lock_init_recursive

.text.__retarget_lock_close
                0x0800d3b0        0x2
 .text.__retarget_lock_close
                0x0800d3b0        0x2 /usr/lib/gcc/arm-none-eabi/13.2.0/../../../../arm-none-eabi/lib/thumb/v7e-m+fp/hard/libg_nano.a(libc_a-lock.o)
                0x0800d3b0                __retarget_lock_close

.text.__retarget_lock_close_recursive
                0x0800d3b2        0x2
 .text.__retarget_lock_close_recursive
                0x0800d3b2        0x2 /usr/lib/gcc/arm-none-eabi/13.2.0/../../../../arm-none-eabi/lib/thumb/v7e-m+fp/hard/libg_nano.a(libc_a-lock.o)
                0x0800d3b2                __retarget_lock_close_recursive

.text.__retarget_lock_acquire
                0x0800d3b4        0x2
 .text.__retarget_lock_acquire
                0x0800d3b4        0x2 /usr/lib/gcc/arm-none-eabi/13.2.0/../../../../arm-none-eabi/lib/thumb/v7e-m+fp/hard/libg_nano.a(libc_a-lock.o)
                0x0800d3b4                __retarget_lock_acquire

.text.__retarget_lock_acquire_recursive
                0x0800d3b6        0x2
 .text.__retarget_lock_acquire_recursive
                0x0800d3b6        0x2 /usr/lib/gcc/arm-none-eabi/13.2.0/../../../../arm-none-eabi/lib/thumb/v7e-m+fp/hard/libg_nano.a(libc_a-lock.o)
                0x0800d3b6                __retarget_lock_acquire_recursive

.text.__retarget_lock_try_acquire
                0x0800d3b8        0x4
 .text.__retarget_lock_try_acquire
                0x0800d3b8        0x4 /usr/lib/gcc/arm-none-eabi/13.2.0/../../../../arm-none-eabi/lib/thumb/v7e-m+fp/hard/libg_nano.a(libc_a-lock.o)
                0x0800d3b8                __retarget_lock_try_acquire

.text.__retarget_lock_try_acquire_recursive
                0x0800d3bc        0x4
 .text.__retarget_lock_try_acquire_recursive
                0x0800d3bc        0x4 /usr/lib/gcc/arm-none-eabi/13.2.0/../../../../arm-none-eabi/lib/thumb/v7e-m+fp/hard/libg_nano.a(libc_a-lock.o)
                0x0800d3bc                __retarget_lock_try_acquire_recursive

.text.__retarget_lock_release
                0x0800d3c0        0x2
 .text.__retarget_lock_release
                0x0800d3c0        0x2 /usr/lib/gcc/arm-none-eabi/13.2.0/../../../../arm-none-eabi/lib/thumb/v7e-m+fp/hard/libg_nano.a(libc_a-lock.o)
                0x0800d3c0                __retarget_lock_release

.text.__retarget_lock_release_recursive
                0x0800d3c2        0x2
 .text.__retarget_lock_release_recursive
                0x0800d3c2        0x2 /usr/lib/gcc/arm-none-eabi/13.2.0/../../../../arm-none-eabi/lib/thumb/v7e-m+fp/hard/libg_nano.a(libc_a-lock.o)
                0x0800d3c2                __retarget_lock_release_recursive

.text.memcpy    0x0800d3c4       0x1c
 .text.memcpy   0x0800d3c4       0x1c /usr/lib/gcc/arm-none-eabi/13.2.0/../../../../arm-none-eabi/lib/thumb/v7e-m+fp/hard/libg_nano.a(libc_a-memcpy-stub.o)
                0x0800d3c4                memcpy

.text.__register_exitproc
                0x0800d3e0       0xb8
 .text.__register_exitproc
                0x0800d3e0       0xb8 /usr/lib/gcc/arm-none-eabi/13.2.0/../../../../arm-none-eabi/lib/thumb/v7e-m+fp/hard/libg_nano.a(libc_a-__atexit.o)
                0x0800d3e0                __register_exitproc

.text.__call_exitprocs
                0x0800d498       0xc8
 .text.__call_exitprocs
                0x0800d498       0xc8 /usr/lib/gcc/arm-none-eabi/13.2.0/../../../../arm-none-eabi/lib/thumb/v7e-m+fp/hard/libg_nano.a(libc_a-__call_atexit.o)
                0x0800d498                __call_exitprocs

.text._free_r   0x0800d560       0x94
 .text._free_r  0x0800d560       0x94 /usr/lib/gcc/arm-none-eabi/13.2.0/../../../../arm-none-eabi/lib/thumb/v7e-m+fp/hard/libg_nano.a(libc_a-freer.o)
                0x0800d560                _free_r

.text.sbrk_aligned
                0x0800d5f4       0x44
 .text.sbrk_aligned
                0x0800d5f4       0x44 /usr/lib/gcc/arm-none-eabi/13.2.0/../../../../arm-none-eabi/lib/thumb/v7e-m+fp/hard/libg_nano.a(libc_a-mallocr.o)

.text._malloc_r
                0x0800d638       0xf0
 .text._malloc_r
                0x0800d638       0xf0 /usr/lib/gcc/arm-none-eabi/13.2.0/../../../../arm-none-eabi/lib/thumb/v7e-m+fp/hard/libg_nano.a(libc_a-mallocr.o)
                0x0800d638                _malloc_r

.text.__malloc_lock
                0x0800d728        0xc
 .text.__malloc_lock
                0x0800d728        0xc /usr/lib/gcc/arm-none-eabi/13.2.0/../../../../arm-none-eabi/lib/thumb/v7e-m+fp/hard/libg_nano.a(libc_a-mlock.o)
                0x0800d728                __malloc_lock

.text.__malloc_unlock
                0x0800d734        0xc
 .text.__malloc_unlock
                0x0800d734        0xc /usr/lib/gcc/arm-none-eabi/13.2.0/../../../../arm-none-eabi/lib/thumb/v7e-m+fp/hard/libg_nano.a(libc_a-mlock.o)
                0x0800d734                __malloc_unlock

.text.__ssputs_r
                0x0800d740       0xb6
 .text.__ssputs_r
                0x0800d740       0xb6 /usr/lib/gcc/arm-none-eabi/13.2.0/../../../../arm-none-eabi/lib/thumb/v7e-m+fp/hard/libg_nano.a(libc_a-nano-svfprintf.o)
                0x0800d740                __ssputs_r

.text.__ssprint_r
                0x0800d7f6       0xfa
 .text.__ssprint_r
                0x0800d7f6       0xfa /usr/lib/gcc/arm-none-eabi/13.2.0/../../../../arm-none-eabi/lib/thumb/v7e-m+fp/hard/libg_nano.a(libc_a-nano-svfprintf.o)
                0x0800d7f6                __ssprint_r

.text._svfprintf_r
                0x0800d8f0      0x1f8
 .text._svfprintf_r
                0x0800d8f0      0x1f8 /usr/lib/gcc/arm-none-eabi/13.2.0/../../../../arm-none-eabi/lib/thumb/v7e-m+fp/hard/libg_nano.a(libc_a-nano-svfprintf.o)
                0x0800d8f0                _svfprintf_r
                0x0800d8f0                _svfiprintf_r

.text._printf_common
                0x0800dae8       0xda
 .text._printf_common
                0x0800dae8       0xda /usr/lib/gcc/arm-none-eabi/13.2.0/../../../../arm-none-eabi/lib/thumb/v7e-m+fp/hard/libg_nano.a(libc_a-nano-vfprintf_i.o)
                0x0800dae8                _printf_common

.text._printf_i
                0x0800dbc4      0x25c
 .text._printf_i
                0x0800dbc4      0x25c /usr/lib/gcc/arm-none-eabi/13.2.0/../../../../arm-none-eabi/lib/thumb/v7e-m+fp/hard/libg_nano.a(libc_a-nano-vfprintf_i.o)
                0x0800dbc4                _printf_i

.text.__sflush_r
                0x0800de20      0x108
 .text.__sflush_r
                0x0800de20      0x108 /usr/lib/gcc/arm-none-eabi/13.2.0/../../../../arm-none-eabi/lib/thumb/v7e-m+fp/hard/libg_nano.a(libc_a-fflush.o)
                0x0800de20                __sflush_r

.text._fflush_r
                0x0800df28       0x50
 .text._fflush_r
                0x0800df28       0x50 /usr/lib/gcc/arm-none-eabi/13.2.0/../../../../arm-none-eabi/lib/thumb/v7e-m+fp/hard/libg_nano.a(libc_a-fflush.o)
                0x0800df28                _fflush_r

.text.fflush    0x0800df78       0x28
 .text.fflush   0x0800df78       0x28 /usr/lib/gcc/arm-none-eabi/13.2.0/../../../../arm-none-eabi/lib/thumb/v7e-m+fp/hard/libg_nano.a(libc_a-fflush.o)
                0x0800df78                fflush

.text.memmove   0x0800dfa0       0x34
 .text.memmove  0x0800dfa0       0x34 /usr/lib/gcc/arm-none-eabi/13.2.0/../../../../arm-none-eabi/lib/thumb/v7e-m+fp/hard/libg_nano.a(libc_a-memmove.o)
                0x0800dfa0                memmove

.text._sbrk_r   0x0800dfd4       0x20
 .text._sbrk_r  0x0800dfd4       0x20 /usr/lib/gcc/arm-none-eabi/13.2.0/../../../../arm-none-eabi/lib/thumb/v7e-m+fp/hard/libg_nano.a(libc_a-sbrkr.o)
                0x0800dfd4                _sbrk_r

.text._realloc_r
                0x0800dff4       0x5c
 .text._realloc_r
                0x0800dff4       0x5c /usr/lib/gcc/arm-none-eabi/13.2.0/../../../../arm-none-eabi/lib/thumb/v7e-m+fp/hard/libg_nano.a(libc_a-reallocr.o)
                0x0800dff4                _realloc_r

.text._malloc_usable_size_r
                0x0800e050       0x10
 .text._malloc_usable_size_r
                0x0800e050       0x10 /usr/lib/gcc/arm-none-eabi/13.2.0/../../../../arm-none-eabi/lib/thumb/v7e-m+fp/hard/libg_nano.a(libc_a-msizer.o)
                0x0800e050                _malloc_usable_size_r

.text._close    0x0800e060       0x10
 .text._close   0x0800e060       0x10 /usr/lib/gcc/arm-none-eabi/13.2.0/../../../../arm-none-eabi/lib/thumb/v7e-m+fp/hard/libnosys.a(close.o)
                0x0800e060                _close

.text._lseek    0x0800e070       0x10
 .text._lseek   0x0800e070       0x10 /usr/lib/gcc/arm-none-eabi/13.2.0/../../../../arm-none-eabi/lib/thumb/v7e-m+fp/hard/libnosys.a(lseek.o)
                0x0800e070                _lseek

.text._read     0x0800e080       0x10
 .text._read    0x0800e080       0x10 /usr/lib/gcc/arm-none-eabi/13.2.0/../../../../arm-none-eabi/lib/thumb/v7e-m+fp/hard/libnosys.a(read.o)
                0x0800e080                _read

.text._sbrk     0x0800e090       0x1c
 .text._sbrk    0x0800e090       0x1c /usr/lib/gcc/arm-none-eabi/13.2.0/../../../../arm-none-eabi/lib/thumb/v7e-m+fp/hard/libnosys.a(sbrk.o)
                0x0800e090                _sbrk

.text._write    0x0800e0ac       0x10
 .text._write   0x0800e0ac       0x10 /usr/lib/gcc/arm-none-eabi/13.2.0/../../../../arm-none-eabi/lib/thumb/v7e-m+fp/hard/libnosys.a(write.o)
                0x0800e0ac                _write

.text._exit     0x0800e0bc        0x4
 .text._exit    0x0800e0bc        0x4 /usr/lib/gcc/arm-none-eabi/13.2.0/../../../../arm-none-eabi/lib/thumb/v7e-m+fp/hard/libnosys.a(_exit.o)
                0x0800e0bc                _exit

.eh_frame       0x0800e0c0       0x54
 .eh_frame      0x0800e0c0        0x0 /usr/lib/gcc/arm-none-eabi/13.2.0/thumb/v7e-m+fp/hard/crtbegin.o
 .eh_frame      0x0800e0c0       0x50 /usr/lib/gcc/arm-none-eabi/13.2.0/../../../../arm-none-eabi/lib/thumb/v7e-m+fp/hard/libg_nano.a(libc_a-memchr.o)
 .eh_frame      0x0800e110        0x4 /usr/lib/gcc/arm-none-eabi/13.2.0/thumb/v7e-m+fp/hard/crtend.o

.ARM.extab      0x0800e114        0x0
 .ARM.extab     0x0800e114        0x0 /usr/lib/gcc/arm-none-eabi/13.2.0/../../../../arm-none-eabi/lib/thumb/v7e-m+fp/hard/crt0.o
 .ARM.extab     0x0800e114        0x0 /usr/lib/gcc/arm-none-eabi/13.2.0/../../../../arm-none-eabi/lib/thumb/v7e-m+fp/hard/libg_nano.a(libc_a-memchr.o)

.ARM.exidx      0x0800e114        0x8
 .ARM.exidx     0x0800e114        0x8 /usr/lib/gcc/arm-none-eabi/13.2.0/../../../../arm-none-eabi/lib/thumb/v7e-m+fp/hard/crt0.o
                                 0x10 (size before relaxing)
 .ARM.exidx     0x0800e11c        0x0 /usr/lib/gcc/arm-none-eabi/13.2.0/../../../../arm-none-eabi/lib/thumb/v7e-m+fp/hard/libg_nano.a(libc_a-memchr.o)
                                  0x8 (size before relaxing)

.isr_vector     0x0800e11c      0x188
 .isr_vector    0x0800e11c      0x188 CMakeFiles/RTS-Lab.elf.dir/vectors.s.obj
                0x0800e11c                g_pfnVectors

.rel.dyn        0x0800e2a4        0x0
 .rel.iplt      0x0800e2a4        0x0 /usr/lib/gcc/arm-none-eabi/13.2.0/thumb/v7e-m+fp/hard/crtbegin.o

.data           0x20000000       0x70 load address 0x0800e2a4
                [!provide]                        PROVIDE (__data_start = .)
                0x20000000                        _sdata = .
                0x20000000                        _sidata = .
 *(.data)
 .data          0x20000000        0x0 /usr/lib/gcc/arm-none-eabi/13.2.0/thumb/v7e-m+fp/hard/crti.o
 .data          0x20000000        0x0 /usr/lib/gcc/arm-none-eabi/13.2.0/thumb/v7e-m+fp/hard/crtbegin.o
 .data          0x20000000        0x0 /usr/lib/gcc/arm-none-eabi/13.2.0/../../../../arm-none-eabi/lib/thumb/v7e-m+fp/hard/crt0.o
 .data          0x20000000        0x0 CMakeFiles/RTS-Lab.elf.dir/vectors.s.obj
 .data          0x20000000        0x4 CMakeFiles/RTS-Lab.elf.dir/device/src/system_stm32f4xx.c.obj
                0x20000000                SystemCoreClock
 .data          0x20000004        0x0 CMakeFiles/RTS-Lab.elf.dir/libraries/FreeRTOS-Kernel/event_groups.c.obj
 .data          0x20000004        0x0 CMakeFiles/RTS-Lab.elf.dir/libraries/FreeRTOS-Kernel/list.c.obj
 .data          0x20000004        0x0 CMakeFiles/RTS-Lab.elf.dir/libraries/FreeRTOS-Kernel/queue.c.obj
 .data          0x20000004        0x0 CMakeFiles/RTS-Lab.elf.dir/libraries/FreeRTOS-Kernel/stream_buffer.c.obj
 .data          0x20000004        0x0 CMakeFiles/RTS-Lab.elf.dir/libraries/FreeRTOS-Kernel/tasks.c.obj
 .data          0x20000004        0x0 CMakeFiles/RTS-Lab.elf.dir/libraries/FreeRTOS-Kernel/timers.c.obj
 .data          0x20000004        0x4 CMakeFiles/RTS-Lab.elf.dir/libraries/FreeRTOS-Kernel/portable/GCC/ARM_CM4F/port.c.obj
 .data          0x20000008        0x0 CMakeFiles/RTS-Lab.elf.dir/libraries/io/io.c.obj
 .data          0x20000008        0x0 CMakeFiles/RTS-Lab.elf.dir/driver/src/stm32f4xx_can.c.obj
 .data          0x20000008        0x0 CMakeFiles/RTS-Lab.elf.dir/driver/src/stm32f4xx_dac.c.obj
 .data          0x20000008        0x0 CMakeFiles/RTS-Lab.elf.dir/driver/src/stm32f4xx_exti.c.obj
 .data          0x20000008        0x0 CMakeFiles/RTS-Lab.elf.dir/driver/src/stm32f4xx_gpio.c.obj
 .data          0x20000008        0x0 CMakeFiles/RTS-Lab.elf.dir/driver/src/stm32f4xx_rcc.c.obj
 .data          0x20000008        0x0 CMakeFiles/RTS-Lab.elf.dir/driver/src/stm32f4xx_syscfg.c.obj
 .data          0x20000008        0x0 CMakeFiles/RTS-Lab.elf.dir/driver/src/stm32f4xx_tim.c.obj
 .data          0x20000008        0x0 CMakeFiles/RTS-Lab.elf.dir/driver/src/stm32f4xx_usart.c.obj
 .data          0x20000008        0x0 CMakeFiles/RTS-Lab.elf.dir/startup.c.obj
 .data          0x20000008        0x0 CMakeFiles/RTS-Lab.elf.dir/src/main.c.obj
 .data          0x20000008        0x0 /usr/lib/gcc/arm-none-eabi/13.2.0/../../../../arm-none-eabi/lib/thumb/v7e-m+fp/hard/libg_nano.a(libc_a-atexit.o)
 .data          0x20000008        0x0 /usr/lib/gcc/arm-none-eabi/13.2.0/../../../../arm-none-eabi/lib/thumb/v7e-m+fp/hard/libg_nano.a(libc_a-exit.o)
 .data          0x20000008        0x0 /usr/lib/gcc/arm-none-eabi/13.2.0/../../../../arm-none-eabi/lib/thumb/v7e-m+fp/hard/libg_nano.a(libc_a-findfp.o)
 .data          0x20000008        0x0 /usr/lib/gcc/arm-none-eabi/13.2.0/../../../../arm-none-eabi/lib/thumb/v7e-m+fp/hard/libg_nano.a(libc_a-fwalk.o)
 .data          0x20000008        0x0 /usr/lib/gcc/arm-none-eabi/13.2.0/../../../../arm-none-eabi/lib/thumb/v7e-m+fp/hard/libg_nano.a(libc_a-sprintf.o)
 .data          0x20000008        0x0 /usr/lib/gcc/arm-none-eabi/13.2.0/../../../../arm-none-eabi/lib/thumb/v7e-m+fp/hard/libg_nano.a(libc_a-stdio.o)
 .data          0x20000008        0x0 /usr/lib/gcc/arm-none-eabi/13.2.0/../../../../arm-none-eabi/lib/thumb/v7e-m+fp/hard/libg_nano.a(libc_a-memset.o)
 .data          0x20000008        0x0 /usr/lib/gcc/arm-none-eabi/13.2.0/../../../../arm-none-eabi/lib/thumb/v7e-m+fp/hard/libg_nano.a(libc_a-closer.o)
 .data          0x20000008        0x0 /usr/lib/gcc/arm-none-eabi/13.2.0/../../../../arm-none-eabi/lib/thumb/v7e-m+fp/hard/libg_nano.a(libc_a-reent.o)
 .data          0x20000008        0x0 /usr/lib/gcc/arm-none-eabi/13.2.0/../../../../arm-none-eabi/lib/thumb/v7e-m+fp/hard/libg_nano.a(libc_a-impure.o)
 .data          0x20000008        0x0 /usr/lib/gcc/arm-none-eabi/13.2.0/../../../../arm-none-eabi/lib/thumb/v7e-m+fp/hard/libg_nano.a(libc_a-lseekr.o)
 .data          0x20000008        0x0 /usr/lib/gcc/arm-none-eabi/13.2.0/../../../../arm-none-eabi/lib/thumb/v7e-m+fp/hard/libg_nano.a(libc_a-readr.o)
 .data          0x20000008        0x0 /usr/lib/gcc/arm-none-eabi/13.2.0/../../../../arm-none-eabi/lib/thumb/v7e-m+fp/hard/libg_nano.a(libc_a-writer.o)
 .data          0x20000008        0x0 /usr/lib/gcc/arm-none-eabi/13.2.0/../../../../arm-none-eabi/lib/thumb/v7e-m+fp/hard/libg_nano.a(libc_a-init.o)
 .data          0x20000008        0x0 /usr/lib/gcc/arm-none-eabi/13.2.0/../../../../arm-none-eabi/lib/thumb/v7e-m+fp/hard/libg_nano.a(libc_a-fini.o)
 .data          0x20000008        0x0 /usr/lib/gcc/arm-none-eabi/13.2.0/../../../../arm-none-eabi/lib/thumb/v7e-m+fp/hard/libg_nano.a(libc_a-lock.o)
 .data          0x20000008        0x0 /usr/lib/gcc/arm-none-eabi/13.2.0/../../../../arm-none-eabi/lib/thumb/v7e-m+fp/hard/libg_nano.a(libc_a-memcpy-stub.o)
 .data          0x20000008        0x0 /usr/lib/gcc/arm-none-eabi/13.2.0/../../../../arm-none-eabi/lib/thumb/v7e-m+fp/hard/libg_nano.a(libc_a-__atexit.o)
 .data          0x20000008        0x0 /usr/lib/gcc/arm-none-eabi/13.2.0/../../../../arm-none-eabi/lib/thumb/v7e-m+fp/hard/libg_nano.a(libc_a-__call_atexit.o)
 .data          0x20000008        0x0 /usr/lib/gcc/arm-none-eabi/13.2.0/../../../../arm-none-eabi/lib/thumb/v7e-m+fp/hard/libg_nano.a(libc_a-freer.o)
 .data          0x20000008        0x0 /usr/lib/gcc/arm-none-eabi/13.2.0/../../../../arm-none-eabi/lib/thumb/v7e-m+fp/hard/libg_nano.a(libc_a-mallocr.o)
 .data          0x20000008        0x0 /usr/lib/gcc/arm-none-eabi/13.2.0/../../../../arm-none-eabi/lib/thumb/v7e-m+fp/hard/libg_nano.a(libc_a-mlock.o)
 .data          0x20000008        0x0 /usr/lib/gcc/arm-none-eabi/13.2.0/../../../../arm-none-eabi/lib/thumb/v7e-m+fp/hard/libg_nano.a(libc_a-nano-svfprintf.o)
 .data          0x20000008        0x0 /usr/lib/gcc/arm-none-eabi/13.2.0/../../../../arm-none-eabi/lib/thumb/v7e-m+fp/hard/libg_nano.a(libc_a-nano-vfprintf_i.o)
 .data          0x20000008        0x0 /usr/lib/gcc/arm-none-eabi/13.2.0/../../../../arm-none-eabi/lib/thumb/v7e-m+fp/hard/libg_nano.a(libc_a-fflush.o)
 .data          0x20000008        0x0 /usr/lib/gcc/arm-none-eabi/13.2.0/../../../../arm-none-eabi/lib/thumb/v7e-m+fp/hard/libg_nano.a(libc_a-memmove.o)
 .data          0x20000008        0x0 /usr/lib/gcc/arm-none-eabi/13.2.0/../../../../arm-none-eabi/lib/thumb/v7e-m+fp/hard/libg_nano.a(libc_a-sbrkr.o)
 .data          0x20000008        0x0 /usr/lib/gcc/arm-none-eabi/13.2.0/../../../../arm-none-eabi/lib/thumb/v7e-m+fp/hard/libg_nano.a(libc_a-memchr.o)
 .data          0x20000008        0x0 /usr/lib/gcc/arm-none-eabi/13.2.0/../../../../arm-none-eabi/lib/thumb/v7e-m+fp/hard/libg_nano.a(libc_a-reallocr.o)
 .data          0x20000008        0x0 /usr/lib/gcc/arm-none-eabi/13.2.0/../../../../arm-none-eabi/lib/thumb/v7e-m+fp/hard/libg_nano.a(libc_a-msizer.o)
 .data          0x20000008        0x0 /usr/lib/gcc/arm-none-eabi/13.2.0/../../../../arm-none-eabi/lib/thumb/v7e-m+fp/hard/libnosys.a(close.o)
 .data          0x20000008        0x0 /usr/lib/gcc/arm-none-eabi/13.2.0/../../../../arm-none-eabi/lib/thumb/v7e-m+fp/hard/libnosys.a(lseek.o)
 .data          0x20000008        0x0 /usr/lib/gcc/arm-none-eabi/13.2.0/../../../../arm-none-eabi/lib/thumb/v7e-m+fp/hard/libnosys.a(read.o)
 .data          0x20000008        0x0 /usr/lib/gcc/arm-none-eabi/13.2.0/../../../../arm-none-eabi/lib/thumb/v7e-m+fp/hard/libnosys.a(sbrk.o)
 .data          0x20000008        0x0 /usr/lib/gcc/arm-none-eabi/13.2.0/../../../../arm-none-eabi/lib/thumb/v7e-m+fp/hard/libnosys.a(write.o)
 .data          0x20000008        0x0 /usr/lib/gcc/arm-none-eabi/13.2.0/../../../../arm-none-eabi/lib/thumb/v7e-m+fp/hard/libnosys.a(_exit.o)
 .data          0x20000008        0x0 /usr/lib/gcc/arm-none-eabi/13.2.0/thumb/v7e-m+fp/hard/crtend.o
 .data          0x20000008        0x0 /usr/lib/gcc/arm-none-eabi/13.2.0/thumb/v7e-m+fp/hard/crtn.o
 *(.data.*)
 .data.__dso_handle
                0x20000008        0x4 /usr/lib/gcc/arm-none-eabi/13.2.0/thumb/v7e-m+fp/hard/crtbegin.o
                0x20000008                __dso_handle
 .data.__sglue  0x2000000c        0xc /usr/lib/gcc/arm-none-eabi/13.2.0/../../../../arm-none-eabi/lib/thumb/v7e-m+fp/hard/libg_nano.a(libc_a-findfp.o)
                0x2000000c                __sglue
 .data._impure_ptr
                0x20000018        0x4 /usr/lib/gcc/arm-none-eabi/13.2.0/../../../../arm-none-eabi/lib/thumb/v7e-m+fp/hard/libg_nano.a(libc_a-impure.o)
                0x20000018                _impure_ptr
 .data._impure_data
                0x2000001c       0x4c /usr/lib/gcc/arm-none-eabi/13.2.0/../../../../arm-none-eabi/lib/thumb/v7e-m+fp/hard/libg_nano.a(libc_a-impure.o)
                0x2000001c                _impure_data
 .data.__atexit_dummy
                0x20000068        0x4 /usr/lib/gcc/arm-none-eabi/13.2.0/../../../../arm-none-eabi/lib/thumb/v7e-m+fp/hard/libg_nano.a(libc_a-__atexit.o)
                0x20000068                __atexit_dummy
 .data.__atexit_recursive_mutex
                0x2000006c        0x4 /usr/lib/gcc/arm-none-eabi/13.2.0/../../../../arm-none-eabi/lib/thumb/v7e-m+fp/hard/libg_nano.a(libc_a-__call_atexit.o)
                0x2000006c                __atexit_recursive_mutex
                [!provide]                        PROVIDE (__data_end = .)
                0x20000070                        _edata = .

.init_array     0x20000070        0x4 load address 0x0800e314
 .init_array    0x20000070        0x4 /usr/lib/gcc/arm-none-eabi/13.2.0/thumb/v7e-m+fp/hard/crtbegin.o

.fini_array     0x20000074        0x4 load address 0x0800e318
 .fini_array    0x20000074        0x4 /usr/lib/gcc/arm-none-eabi/13.2.0/thumb/v7e-m+fp/hard/crtbegin.o

.igot.plt       0x20000078        0x0 load address 0x0800e31c
 .igot.plt      0x20000078        0x0 /usr/lib/gcc/arm-none-eabi/13.2.0/thumb/v7e-m+fp/hard/crtbegin.o

.bss            0x20000078      0xf90 load address 0x0800e31c
                [!provide]                        PROVIDE (__bss_start = .)
                0x20000078                        _sbss = .
                0x20000078                        __bss_start__ = .
 *(.bss)
 .bss           0x20000078        0x0 /usr/lib/gcc/arm-none-eabi/13.2.0/thumb/v7e-m+fp/hard/crti.o
 .bss           0x20000078        0x0 /usr/lib/gcc/arm-none-eabi/13.2.0/thumb/v7e-m+fp/hard/crtbegin.o
 .bss           0x20000078        0x0 /usr/lib/gcc/arm-none-eabi/13.2.0/../../../../arm-none-eabi/lib/thumb/v7e-m+fp/hard/crt0.o
 .bss           0x20000078        0x0 CMakeFiles/RTS-Lab.elf.dir/vectors.s.obj
 .bss           0x20000078        0x0 CMakeFiles/RTS-Lab.elf.dir/device/src/system_stm32f4xx.c.obj
 .bss           0x20000078        0x0 CMakeFiles/RTS-Lab.elf.dir/libraries/FreeRTOS-Kernel/event_groups.c.obj
 .bss           0x20000078        0x0 CMakeFiles/RTS-Lab.elf.dir/libraries/FreeRTOS-Kernel/list.c.obj
 .bss           0x20000078       0x40 CMakeFiles/RTS-Lab.elf.dir/libraries/FreeRTOS-Kernel/queue.c.obj
                0x20000078                xQueueRegistry
 .bss           0x200000b8        0x0 CMakeFiles/RTS-Lab.elf.dir/libraries/FreeRTOS-Kernel/stream_buffer.c.obj
 .bss           0x200000b8      0x500 CMakeFiles/RTS-Lab.elf.dir/libraries/FreeRTOS-Kernel/tasks.c.obj
                0x200000b8                pxCurrentTCB
 .bss           0x200005b8      0x12c CMakeFiles/RTS-Lab.elf.dir/libraries/FreeRTOS-Kernel/timers.c.obj
 .bss           0x200006e4        0x8 CMakeFiles/RTS-Lab.elf.dir/libraries/FreeRTOS-Kernel/portable/GCC/ARM_CM4F/port.c.obj
 .bss           0x200006ec        0x0 CMakeFiles/RTS-Lab.elf.dir/libraries/io/io.c.obj
 .bss           0x200006ec        0x0 CMakeFiles/RTS-Lab.elf.dir/driver/src/stm32f4xx_can.c.obj
 .bss           0x200006ec        0x0 CMakeFiles/RTS-Lab.elf.dir/driver/src/stm32f4xx_dac.c.obj
 .bss           0x200006ec        0x0 CMakeFiles/RTS-Lab.elf.dir/driver/src/stm32f4xx_exti.c.obj
 .bss           0x200006ec        0x0 CMakeFiles/RTS-Lab.elf.dir/driver/src/stm32f4xx_gpio.c.obj
 .bss           0x200006ec        0x0 CMakeFiles/RTS-Lab.elf.dir/driver/src/stm32f4xx_rcc.c.obj
 .bss           0x200006ec        0x0 CMakeFiles/RTS-Lab.elf.dir/driver/src/stm32f4xx_syscfg.c.obj
 .bss           0x200006ec        0x0 CMakeFiles/RTS-Lab.elf.dir/driver/src/stm32f4xx_tim.c.obj
 .bss           0x200006ec        0x0 CMakeFiles/RTS-Lab.elf.dir/driver/src/stm32f4xx_usart.c.obj
 .bss           0x200006ec        0x0 CMakeFiles/RTS-Lab.elf.dir/startup.c.obj
 .bss           0x200006ec      0x91c CMakeFiles/RTS-Lab.elf.dir/src/main.c.obj
                0x200006ec                Gp
 .bss           0x20001008        0x0 /usr/lib/gcc/arm-none-eabi/13.2.0/../../../../arm-none-eabi/lib/thumb/v7e-m+fp/hard/libg_nano.a(libc_a-atexit.o)
 .bss           0x20001008        0x0 /usr/lib/gcc/arm-none-eabi/13.2.0/../../../../arm-none-eabi/lib/thumb/v7e-m+fp/hard/libg_nano.a(libc_a-exit.o)
 .bss           0x20001008        0x0 /usr/lib/gcc/arm-none-eabi/13.2.0/../../../../arm-none-eabi/lib/thumb/v7e-m+fp/hard/libg_nano.a(libc_a-findfp.o)
 .bss           0x20001008        0x0 /usr/lib/gcc/arm-none-eabi/13.2.0/../../../../arm-none-eabi/lib/thumb/v7e-m+fp/hard/libg_nano.a(libc_a-fwalk.o)
 .bss           0x20001008        0x0 /usr/lib/gcc/arm-none-eabi/13.2.0/../../../../arm-none-eabi/lib/thumb/v7e-m+fp/hard/libg_nano.a(libc_a-sprintf.o)
 .bss           0x20001008        0x0 /usr/lib/gcc/arm-none-eabi/13.2.0/../../../../arm-none-eabi/lib/thumb/v7e-m+fp/hard/libg_nano.a(libc_a-stdio.o)
 .bss           0x20001008        0x0 /usr/lib/gcc/arm-none-eabi/13.2.0/../../../../arm-none-eabi/lib/thumb/v7e-m+fp/hard/libg_nano.a(libc_a-memset.o)
 .bss           0x20001008        0x0 /usr/lib/gcc/arm-none-eabi/13.2.0/../../../../arm-none-eabi/lib/thumb/v7e-m+fp/hard/libg_nano.a(libc_a-closer.o)
 .bss           0x20001008        0x0 /usr/lib/gcc/arm-none-eabi/13.2.0/../../../../arm-none-eabi/lib/thumb/v7e-m+fp/hard/libg_nano.a(libc_a-reent.o)
 .bss           0x20001008        0x0 /usr/lib/gcc/arm-none-eabi/13.2.0/../../../../arm-none-eabi/lib/thumb/v7e-m+fp/hard/libg_nano.a(libc_a-impure.o)
 .bss           0x20001008        0x0 /usr/lib/gcc/arm-none-eabi/13.2.0/../../../../arm-none-eabi/lib/thumb/v7e-m+fp/hard/libg_nano.a(libc_a-lseekr.o)
 .bss           0x20001008        0x0 /usr/lib/gcc/arm-none-eabi/13.2.0/../../../../arm-none-eabi/lib/thumb/v7e-m+fp/hard/libg_nano.a(libc_a-readr.o)
 .bss           0x20001008        0x0 /usr/lib/gcc/arm-none-eabi/13.2.0/../../../../arm-none-eabi/lib/thumb/v7e-m+fp/hard/libg_nano.a(libc_a-writer.o)
 .bss           0x20001008        0x0 /usr/lib/gcc/arm-none-eabi/13.2.0/../../../../arm-none-eabi/lib/thumb/v7e-m+fp/hard/libg_nano.a(libc_a-init.o)
 .bss           0x20001008        0x0 /usr/lib/gcc/arm-none-eabi/13.2.0/../../../../arm-none-eabi/lib/thumb/v7e-m+fp/hard/libg_nano.a(libc_a-fini.o)
 .bss           0x20001008        0x0 /usr/lib/gcc/arm-none-eabi/13.2.0/../../../../arm-none-eabi/lib/thumb/v7e-m+fp/hard/libg_nano.a(libc_a-lock.o)
 .bss           0x20001008        0x0 /usr/lib/gcc/arm-none-eabi/13.2.0/../../../../arm-none-eabi/lib/thumb/v7e-m+fp/hard/libg_nano.a(libc_a-memcpy-stub.o)
 .bss           0x20001008        0x0 /usr/lib/gcc/arm-none-eabi/13.2.0/../../../../arm-none-eabi/lib/thumb/v7e-m+fp/hard/libg_nano.a(libc_a-__atexit.o)
 .bss           0x20001008        0x0 /usr/lib/gcc/arm-none-eabi/13.2.0/../../../../arm-none-eabi/lib/thumb/v7e-m+fp/hard/libg_nano.a(libc_a-__call_atexit.o)
 .bss           0x20001008        0x0 /usr/lib/gcc/arm-none-eabi/13.2.0/../../../../arm-none-eabi/lib/thumb/v7e-m+fp/hard/libg_nano.a(libc_a-freer.o)
 .bss           0x20001008        0x0 /usr/lib/gcc/arm-none-eabi/13.2.0/../../../../arm-none-eabi/lib/thumb/v7e-m+fp/hard/libg_nano.a(libc_a-mallocr.o)
 .bss           0x20001008        0x0 /usr/lib/gcc/arm-none-eabi/13.2.0/../../../../arm-none-eabi/lib/thumb/v7e-m+fp/hard/libg_nano.a(libc_a-mlock.o)
 .bss           0x20001008        0x0 /usr/lib/gcc/arm-none-eabi/13.2.0/../../../../arm-none-eabi/lib/thumb/v7e-m+fp/hard/libg_nano.a(libc_a-nano-svfprintf.o)
 .bss           0x20001008        0x0 /usr/lib/gcc/arm-none-eabi/13.2.0/../../../../arm-none-eabi/lib/thumb/v7e-m+fp/hard/libg_nano.a(libc_a-nano-vfprintf_i.o)
 .bss           0x20001008        0x0 /usr/lib/gcc/arm-none-eabi/13.2.0/../../../../arm-none-eabi/lib/thumb/v7e-m+fp/hard/libg_nano.a(libc_a-fflush.o)
 .bss           0x20001008        0x0 /usr/lib/gcc/arm-none-eabi/13.2.0/../../../../arm-none-eabi/lib/thumb/v7e-m+fp/hard/libg_nano.a(libc_a-memmove.o)
 .bss           0x20001008        0x0 /usr/lib/gcc/arm-none-eabi/13.2.0/../../../../arm-none-eabi/lib/thumb/v7e-m+fp/hard/libg_nano.a(libc_a-sbrkr.o)
 .bss           0x20001008        0x0 /usr/lib/gcc/arm-none-eabi/13.2.0/../../../../arm-none-eabi/lib/thumb/v7e-m+fp/hard/libg_nano.a(libc_a-memchr.o)
 .bss           0x20001008        0x0 /usr/lib/gcc/arm-none-eabi/13.2.0/../../../../arm-none-eabi/lib/thumb/v7e-m+fp/hard/libg_nano.a(libc_a-reallocr.o)
 .bss           0x20001008        0x0 /usr/lib/gcc/arm-none-eabi/13.2.0/../../../../arm-none-eabi/lib/thumb/v7e-m+fp/hard/libg_nano.a(libc_a-msizer.o)
 .bss           0x20001008        0x0 /usr/lib/gcc/arm-none-eabi/13.2.0/../../../../arm-none-eabi/lib/thumb/v7e-m+fp/hard/libnosys.a(close.o)
 .bss           0x20001008        0x0 /usr/lib/gcc/arm-none-eabi/13.2.0/../../../../arm-none-eabi/lib/thumb/v7e-m+fp/hard/libnosys.a(lseek.o)
 .bss           0x20001008        0x0 /usr/lib/gcc/arm-none-eabi/13.2.0/../../../../arm-none-eabi/lib/thumb/v7e-m+fp/hard/libnosys.a(read.o)
 .bss           0x20001008        0x0 /usr/lib/gcc/arm-none-eabi/13.2.0/../../../../arm-none-eabi/lib/thumb/v7e-m+fp/hard/libnosys.a(sbrk.o)
 .bss           0x20001008        0x0 /usr/lib/gcc/arm-none-eabi/13.2.0/../../../../arm-none-eabi/lib/thumb/v7e-m+fp/hard/libnosys.a(write.o)
 .bss           0x20001008        0x0 /usr/lib/gcc/arm-none-eabi/13.2.0/../../../../arm-none-eabi/lib/thumb/v7e-m+fp/hard/libnosys.a(_exit.o)
 .bss           0x20001008        0x0 /usr/lib/gcc/arm-none-eabi/13.2.0/thumb/v7e-m+fp/hard/crtend.o
 .bss           0x20001008        0x0 /usr/lib/gcc/arm-none-eabi/13.2.0/thumb/v7e-m+fp/hard/crtn.o
 *(COMMON)
                0x20001008                        . = ALIGN (0x4)
                [!provide]                        PROVIDE (__bss_end = .)
                0x20001008                        _ebss = .
                0x20001008                        __bss_end__ = .
                0x20001008                        . = ALIGN (0x4)
                0x20001008                        _stack_start = .
                0x20001008                        _end = .
                0x20001008                        end = .
                0x2001bffc                        PROVIDE (_estack = ((ORIGIN (RAM) + LENGTH (RAM)) - 0x4))
OUTPUT(/home/simon/MT-C/MD407-template/Debug/RTS-Lab.elf elf32-littlearm)
LOAD linker stubs

.bss.completed.1
                0x20001008        0x1 load address 0x0800e31c
 .bss.completed.1
                0x20001008        0x1 /usr/lib/gcc/arm-none-eabi/13.2.0/thumb/v7e-m+fp/hard/crtbegin.o

.bss.object.0   0x2000100c       0x18 load address 0x0800e31c
 .bss.object.0  0x2000100c       0x18 /usr/lib/gcc/arm-none-eabi/13.2.0/thumb/v7e-m+fp/hard/crtbegin.o

.bss.__sf       0x20001024      0x138 load address 0x0800e31c
 .bss.__sf      0x20001024      0x138 /usr/lib/gcc/arm-none-eabi/13.2.0/../../../../arm-none-eabi/lib/thumb/v7e-m+fp/hard/libg_nano.a(libc_a-findfp.o)
                0x20001024                __sf

.bss.__stdio_exit_handler
                0x2000115c        0x4 load address 0x0800e31c
 .bss.__stdio_exit_handler
                0x2000115c        0x4 /usr/lib/gcc/arm-none-eabi/13.2.0/../../../../arm-none-eabi/lib/thumb/v7e-m+fp/hard/libg_nano.a(libc_a-findfp.o)
                0x2000115c                __stdio_exit_handler

.bss.errno      0x20001160        0x4 load address 0x0800e31c
 .bss.errno     0x20001160        0x4 /usr/lib/gcc/arm-none-eabi/13.2.0/../../../../arm-none-eabi/lib/thumb/v7e-m+fp/hard/libg_nano.a(libc_a-reent.o)
                0x20001160                errno

.bss.__lock___arc4random_mutex
                0x20001164        0x1 load address 0x0800e31c
 .bss.__lock___arc4random_mutex
                0x20001164        0x1 /usr/lib/gcc/arm-none-eabi/13.2.0/../../../../arm-none-eabi/lib/thumb/v7e-m+fp/hard/libg_nano.a(libc_a-lock.o)
                0x20001164                __lock___arc4random_mutex

.bss.__lock___dd_hash_mutex
                0x20001165        0x1 load address 0x0800e31c
 .bss.__lock___dd_hash_mutex
                0x20001165        0x1 /usr/lib/gcc/arm-none-eabi/13.2.0/../../../../arm-none-eabi/lib/thumb/v7e-m+fp/hard/libg_nano.a(libc_a-lock.o)
                0x20001165                __lock___dd_hash_mutex

.bss.__lock___tz_mutex
                0x20001166        0x1 load address 0x0800e31c
 .bss.__lock___tz_mutex
                0x20001166        0x1 /usr/lib/gcc/arm-none-eabi/13.2.0/../../../../arm-none-eabi/lib/thumb/v7e-m+fp/hard/libg_nano.a(libc_a-lock.o)
                0x20001166                __lock___tz_mutex

.bss.__lock___env_recursive_mutex
                0x20001167        0x1 load address 0x0800e31c
 .bss.__lock___env_recursive_mutex
                0x20001167        0x1 /usr/lib/gcc/arm-none-eabi/13.2.0/../../../../arm-none-eabi/lib/thumb/v7e-m+fp/hard/libg_nano.a(libc_a-lock.o)
                0x20001167                __lock___env_recursive_mutex

.bss.__lock___malloc_recursive_mutex
                0x20001168        0x1 load address 0x0800e31c
 .bss.__lock___malloc_recursive_mutex
                0x20001168        0x1 /usr/lib/gcc/arm-none-eabi/13.2.0/../../../../arm-none-eabi/lib/thumb/v7e-m+fp/hard/libg_nano.a(libc_a-lock.o)
                0x20001168                __lock___malloc_recursive_mutex

.bss.__lock___at_quick_exit_mutex
                0x20001169        0x1 load address 0x0800e31c
 .bss.__lock___at_quick_exit_mutex
                0x20001169        0x1 /usr/lib/gcc/arm-none-eabi/13.2.0/../../../../arm-none-eabi/lib/thumb/v7e-m+fp/hard/libg_nano.a(libc_a-lock.o)
                0x20001169                __lock___at_quick_exit_mutex

.bss.__lock___atexit_recursive_mutex
                0x2000116a        0x1 load address 0x0800e31c
 .bss.__lock___atexit_recursive_mutex
                0x2000116a        0x1 /usr/lib/gcc/arm-none-eabi/13.2.0/../../../../arm-none-eabi/lib/thumb/v7e-m+fp/hard/libg_nano.a(libc_a-lock.o)
                0x2000116a                __lock___atexit_recursive_mutex

.bss.__lock___sfp_recursive_mutex
                0x2000116b        0x1 load address 0x0800e31c
 .bss.__lock___sfp_recursive_mutex
                0x2000116b        0x1 /usr/lib/gcc/arm-none-eabi/13.2.0/../../../../arm-none-eabi/lib/thumb/v7e-m+fp/hard/libg_nano.a(libc_a-lock.o)
                0x2000116b                __lock___sfp_recursive_mutex

.bss.__atexit0  0x2000116c       0x8c load address 0x0800e31c
 .bss.__atexit0
                0x2000116c       0x8c /usr/lib/gcc/arm-none-eabi/13.2.0/../../../../arm-none-eabi/lib/thumb/v7e-m+fp/hard/libg_nano.a(libc_a-__atexit.o)
                0x2000116c                __atexit0

.bss.__atexit   0x200011f8        0x4 load address 0x0800e31c
 .bss.__atexit  0x200011f8        0x4 /usr/lib/gcc/arm-none-eabi/13.2.0/../../../../arm-none-eabi/lib/thumb/v7e-m+fp/hard/libg_nano.a(libc_a-__call_atexit.o)
                0x200011f8                __atexit

.bss.__malloc_sbrk_start
                0x200011fc        0x4 load address 0x0800e31c
 .bss.__malloc_sbrk_start
                0x200011fc        0x4 /usr/lib/gcc/arm-none-eabi/13.2.0/../../../../arm-none-eabi/lib/thumb/v7e-m+fp/hard/libg_nano.a(libc_a-mallocr.o)
                0x200011fc                __malloc_sbrk_start

.bss.__malloc_free_list
                0x20001200        0x4 load address 0x0800e31c
 .bss.__malloc_free_list
                0x20001200        0x4 /usr/lib/gcc/arm-none-eabi/13.2.0/../../../../arm-none-eabi/lib/thumb/v7e-m+fp/hard/libg_nano.a(libc_a-mallocr.o)
                0x20001200                __malloc_free_list

.bss.heap_end.0
                0x20001204        0x4 load address 0x0800e31c
 .bss.heap_end.0
                0x20001204        0x4 /usr/lib/gcc/arm-none-eabi/13.2.0/../../../../arm-none-eabi/lib/thumb/v7e-m+fp/hard/libnosys.a(sbrk.o)

.ARM.attributes
                0x00000000       0x30
 .ARM.attributes
                0x00000000       0x22 /usr/lib/gcc/arm-none-eabi/13.2.0/thumb/v7e-m+fp/hard/crti.o
 .ARM.attributes
                0x00000022       0x34 /usr/lib/gcc/arm-none-eabi/13.2.0/thumb/v7e-m+fp/hard/crtbegin.o
 .ARM.attributes
                0x00000056       0x20 /usr/lib/gcc/arm-none-eabi/13.2.0/../../../../arm-none-eabi/lib/thumb/v7e-m+fp/hard/crt0.o
 .ARM.attributes
                0x00000076       0x21 CMakeFiles/RTS-Lab.elf.dir/vectors.s.obj
 .ARM.attributes
                0x00000097       0x34 CMakeFiles/RTS-Lab.elf.dir/device/src/system_stm32f4xx.c.obj
 .ARM.attributes
                0x000000cb       0x34 CMakeFiles/RTS-Lab.elf.dir/libraries/FreeRTOS-Kernel/event_groups.c.obj
 .ARM.attributes
                0x000000ff       0x34 CMakeFiles/RTS-Lab.elf.dir/libraries/FreeRTOS-Kernel/list.c.obj
 .ARM.attributes
                0x00000133       0x34 CMakeFiles/RTS-Lab.elf.dir/libraries/FreeRTOS-Kernel/queue.c.obj
 .ARM.attributes
                0x00000167       0x34 CMakeFiles/RTS-Lab.elf.dir/libraries/FreeRTOS-Kernel/stream_buffer.c.obj
 .ARM.attributes
                0x0000019b       0x34 CMakeFiles/RTS-Lab.elf.dir/libraries/FreeRTOS-Kernel/tasks.c.obj
 .ARM.attributes
                0x000001cf       0x34 CMakeFiles/RTS-Lab.elf.dir/libraries/FreeRTOS-Kernel/timers.c.obj
 .ARM.attributes
                0x00000203       0x34 CMakeFiles/RTS-Lab.elf.dir/libraries/FreeRTOS-Kernel/portable/GCC/ARM_CM4F/port.c.obj
 .ARM.attributes
                0x00000237       0x34 CMakeFiles/RTS-Lab.elf.dir/libraries/io/io.c.obj
 .ARM.attributes
                0x0000026b       0x34 CMakeFiles/RTS-Lab.elf.dir/driver/src/stm32f4xx_can.c.obj
 .ARM.attributes
                0x0000029f       0x34 CMakeFiles/RTS-Lab.elf.dir/driver/src/stm32f4xx_dac.c.obj
 .ARM.attributes
                0x000002d3       0x34 CMakeFiles/RTS-Lab.elf.dir/driver/src/stm32f4xx_exti.c.obj
 .ARM.attributes
                0x00000307       0x34 CMakeFiles/RTS-Lab.elf.dir/driver/src/stm32f4xx_gpio.c.obj
 .ARM.attributes
                0x0000033b       0x34 CMakeFiles/RTS-Lab.elf.dir/driver/src/stm32f4xx_rcc.c.obj
 .ARM.attributes
                0x0000036f       0x34 CMakeFiles/RTS-Lab.elf.dir/driver/src/stm32f4xx_syscfg.c.obj
 .ARM.attributes
                0x000003a3       0x34 CMakeFiles/RTS-Lab.elf.dir/driver/src/stm32f4xx_tim.c.obj
 .ARM.attributes
                0x000003d7       0x34 CMakeFiles/RTS-Lab.elf.dir/driver/src/stm32f4xx_usart.c.obj
 .ARM.attributes
                0x0000040b       0x34 CMakeFiles/RTS-Lab.elf.dir/startup.c.obj
 .ARM.attributes
                0x0000043f       0x34 CMakeFiles/RTS-Lab.elf.dir/src/main.c.obj
 .ARM.attributes
                0x00000473       0x34 /usr/lib/gcc/arm-none-eabi/13.2.0/../../../../arm-none-eabi/lib/thumb/v7e-m+fp/hard/libg_nano.a(libc_a-atexit.o)
 .ARM.attributes
                0x000004a7       0x34 /usr/lib/gcc/arm-none-eabi/13.2.0/../../../../arm-none-eabi/lib/thumb/v7e-m+fp/hard/libg_nano.a(libc_a-exit.o)
 .ARM.attributes
                0x000004db       0x34 /usr/lib/gcc/arm-none-eabi/13.2.0/../../../../arm-none-eabi/lib/thumb/v7e-m+fp/hard/libg_nano.a(libc_a-findfp.o)
 .ARM.attributes
                0x0000050f       0x34 /usr/lib/gcc/arm-none-eabi/13.2.0/../../../../arm-none-eabi/lib/thumb/v7e-m+fp/hard/libg_nano.a(libc_a-fwalk.o)
 .ARM.attributes
                0x00000543       0x34 /usr/lib/gcc/arm-none-eabi/13.2.0/../../../../arm-none-eabi/lib/thumb/v7e-m+fp/hard/libg_nano.a(libc_a-sprintf.o)
 .ARM.attributes
                0x00000577       0x34 /usr/lib/gcc/arm-none-eabi/13.2.0/../../../../arm-none-eabi/lib/thumb/v7e-m+fp/hard/libg_nano.a(libc_a-stdio.o)
 .ARM.attributes
                0x000005ab       0x34 /usr/lib/gcc/arm-none-eabi/13.2.0/../../../../arm-none-eabi/lib/thumb/v7e-m+fp/hard/libg_nano.a(libc_a-memset.o)
 .ARM.attributes
                0x000005df       0x34 /usr/lib/gcc/arm-none-eabi/13.2.0/../../../../arm-none-eabi/lib/thumb/v7e-m+fp/hard/libg_nano.a(libc_a-closer.o)
 .ARM.attributes
                0x00000613       0x34 /usr/lib/gcc/arm-none-eabi/13.2.0/../../../../arm-none-eabi/lib/thumb/v7e-m+fp/hard/libg_nano.a(libc_a-reent.o)
 .ARM.attributes
                0x00000647       0x34 /usr/lib/gcc/arm-none-eabi/13.2.0/../../../../arm-none-eabi/lib/thumb/v7e-m+fp/hard/libg_nano.a(libc_a-impure.o)
 .ARM.attributes
                0x0000067b       0x34 /usr/lib/gcc/arm-none-eabi/13.2.0/../../../../arm-none-eabi/lib/thumb/v7e-m+fp/hard/libg_nano.a(libc_a-lseekr.o)
 .ARM.attributes
                0x000006af       0x34 /usr/lib/gcc/arm-none-eabi/13.2.0/../../../../arm-none-eabi/lib/thumb/v7e-m+fp/hard/libg_nano.a(libc_a-readr.o)
 .ARM.attributes
                0x000006e3       0x34 /usr/lib/gcc/arm-none-eabi/13.2.0/../../../../arm-none-eabi/lib/thumb/v7e-m+fp/hard/libg_nano.a(libc_a-writer.o)
 .ARM.attributes
                0x00000717       0x34 /usr/lib/gcc/arm-none-eabi/13.2.0/../../../../arm-none-eabi/lib/thumb/v7e-m+fp/hard/libg_nano.a(libc_a-init.o)
 .ARM.attributes
                0x0000074b       0x34 /usr/lib/gcc/arm-none-eabi/13.2.0/../../../../arm-none-eabi/lib/thumb/v7e-m+fp/hard/libg_nano.a(libc_a-fini.o)