Archive member included to satisfy reference by file (symbol)

/usr/lib/gcc/arm-none-eabi/13.2.0/../../../../arm-none-eabi/lib/thumb/v7e-m+fp/hard/libg_nano.a(libc_a-memset.o)
                              CMakeFiles/RTS-Lab.elf.dir/libraries/FreeRTOS-Kernel/stream_buffer.c.obj (memset)
/usr/lib/gcc/arm-none-eabi/13.2.0/../../../../arm-none-eabi/lib/thumb/v7e-m+fp/hard/libg_nano.a(libc_a-memcpy-stub.o)
                              CMakeFiles/RTS-Lab.elf.dir/libraries/FreeRTOS-Kernel/queue.c.obj (memcpy)

There are no discarded input sections

Memory Configuration

Name             Origin             Length             Attributes
RAM              0x20000000         0x0001c000         xrw
*default*        0x00000000         0xffffffff

Linker script and memory map

LOAD CMakeFiles/RTS-Lab.elf.dir/libraries/FreeRTOS-Kernel/event_groups.c.obj
LOAD CMakeFiles/RTS-Lab.elf.dir/libraries/FreeRTOS-Kernel/list.c.obj
LOAD CMakeFiles/RTS-Lab.elf.dir/libraries/FreeRTOS-Kernel/queue.c.obj
LOAD CMakeFiles/RTS-Lab.elf.dir/libraries/FreeRTOS-Kernel/stream_buffer.c.obj
LOAD CMakeFiles/RTS-Lab.elf.dir/libraries/FreeRTOS-Kernel/tasks.c.obj
LOAD CMakeFiles/RTS-Lab.elf.dir/libraries/FreeRTOS-Kernel/timers.c.obj
LOAD CMakeFiles/RTS-Lab.elf.dir/libraries/FreeRTOS-Kernel/portable/GCC/ARM_CM4F/port.c.obj
LOAD CMakeFiles/RTS-Lab.elf.dir/driver/src/stm32f4xx_can.c.obj
LOAD CMakeFiles/RTS-Lab.elf.dir/driver/src/stm32f4xx_dac.c.obj
LOAD CMakeFiles/RTS-Lab.elf.dir/driver/src/stm32f4xx_exti.c.obj
LOAD CMakeFiles/RTS-Lab.elf.dir/driver/src/stm32f4xx_gpio.c.obj
LOAD CMakeFiles/RTS-Lab.elf.dir/driver/src/stm32f4xx_rcc.c.obj
LOAD CMakeFiles/RTS-Lab.elf.dir/driver/src/stm32f4xx_syscfg.c.obj
LOAD CMakeFiles/RTS-Lab.elf.dir/driver/src/stm32f4xx_tim.c.obj
LOAD CMakeFiles/RTS-Lab.elf.dir/driver/src/stm32f4xx_usart.c.obj
LOAD CMakeFiles/RTS-Lab.elf.dir/startup.c.obj
LOAD CMakeFiles/RTS-Lab.elf.dir/src/main.c.obj
LOAD /usr/lib/gcc/arm-none-eabi/13.2.0/../../../../arm-none-eabi/lib/thumb/v7e-m+fp/hard/libm.a
START GROUP
LOAD /usr/lib/gcc/arm-none-eabi/13.2.0/thumb/v7e-m+fp/hard/libgcc.a
LOAD /usr/lib/gcc/arm-none-eabi/13.2.0/../../../../arm-none-eabi/lib/thumb/v7e-m+fp/hard/libg_nano.a
LOAD /usr/lib/gcc/arm-none-eabi/13.2.0/../../../../arm-none-eabi/lib/thumb/v7e-m+fp/hard/libc_nano.a
END GROUP
START GROUP
LOAD /usr/lib/gcc/arm-none-eabi/13.2.0/thumb/v7e-m+fp/hard/libgcc.a
LOAD /usr/lib/gcc/arm-none-eabi/13.2.0/../../../../arm-none-eabi/lib/thumb/v7e-m+fp/hard/libc_nano.a
END GROUP

.text           0x20000000     0xc68c
                0x20000000                        . = ALIGN (0x4)
 *(.start_section)
 .start_section
                0x20000000       0x1c CMakeFiles/RTS-Lab.elf.dir/startup.c.obj
                0x20000000                startup
 *(.text)
 .text          0x2000001c      0x730 CMakeFiles/RTS-Lab.elf.dir/libraries/FreeRTOS-Kernel/event_groups.c.obj
                0x2000001c                xEventGroupCreateStatic
                0x20000088                xEventGroupSync
                0x200001e8                xEventGroupWaitBits
                0x2000038c                xEventGroupClearBits
                0x200003fe                xEventGroupClearBitsFromISR
                0x20000424                xEventGroupGetBitsFromISR
                0x2000046c                xEventGroupSetBits
                0x20000584                vEventGroupDelete
                0x20000600                xEventGroupGetStaticBuffer
                0x20000662                vEventGroupSetBitsCallback
                0x2000067c                vEventGroupClearBitsCallback
                0x200006da                xEventGroupSetBitsFromISR
                0x20000704                uxEventGroupGetNumber
                0x20000730                vEventGroupSetNumber
 .text          0x2000074c      0x168 CMakeFiles/RTS-Lab.elf.dir/libraries/FreeRTOS-Kernel/list.c.obj
                0x2000074c                vListInitialise
                0x2000078c                vListInitialiseItem
                0x200007a6                vListInsertEnd
                0x200007ee                vListInsert
                0x20000860                uxListRemove
 .text          0x200008b4     0x1778 CMakeFiles/RTS-Lab.elf.dir/libraries/FreeRTOS-Kernel/queue.c.obj
                0x200008b4                xQueueGenericReset
                0x200009d8                xQueueGenericCreateStatic
                0x20000a92                xQueueGenericGetStaticBuffers
                0x20000b7e                xQueueCreateMutexStatic
                0x20000bb4                xQueueGetMutexHolder
                0x20000c04                xQueueGetMutexHolderFromISR
                0x20000c4c                xQueueGiveMutexRecursive
                0x20000cb6                xQueueTakeMutexRecursive
                0x20000d24                xQueueCreateCountingSemaphoreStatic
                0x20000d8a                xQueueGenericSend
                0x20000f90                xQueueGenericSendFromISR
                0x200010fc                xQueueGiveFromISR
                0x2000124c                xQueueReceive
                0x20001410                xQueueSemaphoreTake
                0x20001610                xQueuePeek
                0x200017d8                xQueueReceiveFromISR
                0x2000190c                xQueuePeekFromISR
                0x200019e4                uxQueueMessagesWaiting
                0x20001a22                uxQueueSpacesAvailable
                0x20001a6a                uxQueueMessagesWaitingFromISR
                0x20001aa8                vQueueDelete
                0x20001ae0                uxQueueGetQueueNumber
                0x20001af8                vQueueSetQueueNumber
                0x20001b14                ucQueueGetQueueType
                0x20001b2e                uxQueueGetQueueItemSize
                0x20001b46                uxQueueGetQueueLength
                0x20001d7e                xQueueIsQueueEmptyFromISR
                0x20001df8                xQueueIsQueueFullFromISR
                0x20001e46                vQueueAddToRegistry
                0x20001ee4                pcQueueGetName
                0x20001f50                vQueueUnregisterQueue
                0x20001fc4                vQueueWaitForMessageRestricted
 .text          0x2000202c      0xf60 CMakeFiles/RTS-Lab.elf.dir/libraries/FreeRTOS-Kernel/stream_buffer.c.obj
                0x2000202c                xStreamBufferGenericCreateStatic
                0x2000213e                xStreamBufferGetStaticBuffers
                0x200021da                vStreamBufferDelete
                0x20002242                xStreamBufferReset
                0x200022ce                xStreamBufferSetTriggerLevel
                0x2000232c                xStreamBufferSpacesAvailable
                0x200023a4                xStreamBufferBytesAvailable
                0x200023e0                xStreamBufferSend
                0x2000258a                xStreamBufferSendFromISR
                0x20002708                xStreamBufferReceive
                0x20002846                xStreamBufferNextMessageLengthBytes
                0x200028d2                xStreamBufferReceiveFromISR
                0x20002a30                xStreamBufferIsEmpty
                0x20002a82                xStreamBufferIsFull
                0x20002ae4                xStreamBufferSendCompletedFromISR
                0x20002b72                xStreamBufferReceiveCompletedFromISR
                0x20002e64                uxStreamBufferGetStreamBufferNotificationIndex
                0x20002e9e                vStreamBufferSetStreamBufferNotificationIndex
                0x20002f3a                uxStreamBufferGetStreamBufferNumber
                0x20002f52                vStreamBufferSetStreamBufferNumber
                0x20002f6e                ucStreamBufferGetStreamBufferType
 .text          0x20002f8c     0x30d8 CMakeFiles/RTS-Lab.elf.dir/libraries/FreeRTOS-Kernel/tasks.c.obj
                0x20003046                xTaskCreateStatic
                0x200032e0                vTaskDelete
                0x200033ec                xTaskDelayUntil
                0x200034f0                vTaskDelay
                0x2000355c                eTaskGetState
                0x2000366c                uxTaskPriorityGet
                0x200036a0                uxTaskPriorityGetFromISR
                0x200036f8                uxTaskBasePriorityGet
                0x2000372c                uxTaskBasePriorityGetFromISR
                0x20003784                vTaskPrioritySet
                0x20003920                vTaskSuspend
                0x20003ab8                vTaskResume
                0x20003bcc                xTaskResumeFromISR
                0x20003de0                vTaskStartScheduler
                0x20003e68                vTaskEndScheduler
                0x20003ecc                vTaskSuspendAll
                0x20003ee8                xTaskResumeAll
                0x200040fc                xTaskGetTickCount
                0x2000411c                xTaskGetTickCountFromISR
                0x20004140                uxTaskGetNumberOfTasks
                0x20004158                pcTaskGetName
                0x200041a4                xTaskGetStaticBuffers
                0x20004220                uxTaskGetSystemState
                0x2000433c                xTaskCatchUpTicks
                0x20004394                xTaskIncrementTick
                0x200045c8                vTaskSwitchContext
                0x20004688                vTaskPlaceOnEventList
                0x200046d4                vTaskPlaceOnUnorderedEventList
                0x20004784                vTaskPlaceOnEventListRestricted
                0x20004810                xTaskRemoveFromEventList
                0x200049c4                vTaskRemoveFromUnorderedEventList
                0x20004b50                vTaskSetTimeOutState
                0x20004ba0                vTaskInternalSetTimeOutState
                0x20004bcc                xTaskCheckForTimeOut
                0x20004c9c                vTaskMissedYield
                0x20004cb4                uxTaskGetTaskNumber
                0x20004ce0                vTaskSetTaskNumber
                0x20004e10                vTaskGetInfo
                0x20004ff6                uxTaskGetStackHighWaterMark
                0x20005078                xTaskGetCurrentTaskHandle
                0x20005098                xTaskGetCurrentTaskHandleForCore
                0x200050c8                xTaskGetSchedulerState
                0x20005104                xTaskPriorityInherit
                0x20005228                xTaskPriorityDisinherit
                0x2000535c                vTaskPriorityDisinheritAfterTimeout
                0x200054b8                uxTaskResetEventItemValue
                0x200054e8                pvTaskIncrementMutexHeldCount
                0x20005518                ulTaskGenericNotifyTake
                0x20005614                xTaskGenericNotifyWait
                0x20005744                xTaskGenericNotify
                0x200059a4                xTaskGenericNotifyFromISR
                0x20005c78                vTaskGenericNotifyGiveFromISR
                0x20005e94                xTaskGenericNotifyStateClear
                0x20005f08                ulTaskGenericNotifyValueClear
 .text          0x20006064      0xb6c CMakeFiles/RTS-Lab.elf.dir/libraries/FreeRTOS-Kernel/timers.c.obj
                0x20006064                xTimerCreateTimerTask
                0x200060f8                xTimerCreateStatic
                0x200061ea                xTimerGenericCommandFromTask
                0x20006290                xTimerGenericCommandFromISR
                0x20006318                xTimerGetTimerDaemonTaskHandle
                0x20006354                xTimerGetPeriod
                0x2000638e                vTimerSetReloadMode
                0x200063f6                xTimerGetReloadMode
                0x2000644a                uxTimerGetReloadMode
                0x20006466                xTimerGetExpiryTime
                0x200064a4                xTimerGetStaticBuffer
                0x200064fc                pcTimerGetName
                0x20006a24                xTimerIsTimerActive
                0x20006a78                pvTimerGetTimerID
                0x20006aba                vTimerSetTimerID
                0x20006afc                xTimerPendFunctionCallFromISR
                0x20006b3c                xTimerPendFunctionCall
                0x20006b9c                uxTimerGetTimerNumber
                0x20006bb4                vTimerSetTimerNumber
 .text          0x20006bd0      0x56c CMakeFiles/RTS-Lab.elf.dir/libraries/FreeRTOS-Kernel/portable/GCC/ARM_CM4F/port.c.obj
                0x20006bd0                pxPortInitialiseStack
                0x20006c94                SVC_Handler
                0x20006cde                xPortStartScheduler
                0x20006ecc                vPortEndScheduler
                0x20006f04                vPortEnterCritical
                0x20006f68                vPortExitCritical
                0x20006fbc                PendSV_Handler
                0x20007026                SysTick_Handler
                0x2000706c                vPortSetupTimerInterrupt
                0x200070ba                vPortValidateInterruptPriority
 .text          0x2000713c     0x11b4 CMakeFiles/RTS-Lab.elf.dir/driver/src/stm32f4xx_can.c.obj
                0x2000713c                CAN_DeInit
                0x20007184                CAN_Init
                0x20007326                CAN_FilterInit
                0x200074ac                CAN_StructInit
                0x20007502                CAN_SlaveStartBank
                0x20007564                CAN_DBGFreeze
                0x2000759c                CAN_TTComModeCmd
                0x20007634                CAN_Transmit
                0x200077d6                CAN_TransmitStatus
                0x200078dc                CAN_CancelTransmit
                0x20007934                CAN_Receive
                0x20007ab0                CAN_FIFORelease
                0x20007ae8                CAN_MessagePending
                0x20007b32                CAN_OperatingModeRequest
                0x20007c2e                CAN_Sleep
                0x20007c68                CAN_WakeUp
                0x20007cbe                CAN_GetLastErrorCode
                0x20007ce4                CAN_GetReceiveErrorCounter
                0x20007d06                CAN_GetLSBTransmitErrorCounter
                0x20007d28                CAN_ITConfig
                0x20007d64                CAN_GetFlagStatus
                0x20007e32                CAN_ClearFlag
                0x20007ea4                CAN_GetITStatus
                0x20008108                CAN_ClearITPendingBit
 .text          0x200082f0      0x450 CMakeFiles/RTS-Lab.elf.dir/driver/src/stm32f4xx_dac.c.obj
                0x200082f0                DAC_DeInit
                0x2000830c                DAC_Init
                0x20008374                DAC_StructInit
                0x200083a0                DAC_Cmd
                0x200083ec                DAC_SoftwareTriggerCmd
                0x2000843c                DAC_DualSoftwareTriggerCmd
                0x20008478                DAC_WaveGenerationCmd
                0x200084c4                DAC_SetChannel1Data
                0x200084fc                DAC_SetChannel2Data
                0x20008534                DAC_SetDualChannelData
                0x2000858c                DAC_GetDataOutputValue
                0x200085c0                DAC_DMACmd
                0x20008610                DAC_ITConfig
                0x2000865c                DAC_GetFlagStatus
                0x20008698                DAC_ClearFlag
                0x200086c0                DAC_GetITStatus
                0x20008718                DAC_ClearITPendingBit
 .text          0x20008740      0x210 CMakeFiles/RTS-Lab.elf.dir/driver/src/stm32f4xx_exti.c.obj
                0x20008740                EXTI_DeInit
                0x20008774                EXTI_Init
                0x20008858                EXTI_StructInit
                0x20008884                EXTI_GenerateSWInterrupt
                0x200088a8                EXTI_GetFlagStatus
                0x200088dc                EXTI_ClearFlag
                0x200088fc                EXTI_GetITStatus
                0x20008930                EXTI_ClearITPendingBit
 .text          0x20008950      0x4d8 CMakeFiles/RTS-Lab.elf.dir/driver/src/stm32f4xx_gpio.c.obj
                0x20008950                GPIO_DeInit
                0x20008ab4                GPIO_Init
                0x20008bd2                GPIO_StructInit
                0x20008c06                GPIO_PinLockConfig
                0x20008c4a                GPIO_ReadInputDataBit
                0x20008c7e                GPIO_ReadInputData
                0x20008c98                GPIO_ReadOutputDataBit
                0x20008ccc                GPIO_ReadOutputData
                0x20008ce6                GPIO_SetBits
                0x20008d04                GPIO_ResetBits
                0x20008d22                GPIO_WriteBit
                0x20008d52                GPIO_Write
                0x20008d70                GPIO_ToggleBits
                0x20008d94                GPIO_PinAFConfig
 .text          0x20008e28      0xcb0 CMakeFiles/RTS-Lab.elf.dir/driver/src/stm32f4xx_rcc.c.obj
                0x20008e28                RCC_DeInit
                0x20008e98                RCC_HSEConfig
                0x20008ec0                RCC_WaitForHSEStartUp
                0x20008f10                RCC_AdjustHSICalibrationValue
                0x20008f4c                RCC_HSICmd
                0x20008f6c                RCC_LSEConfig
                0x20008fb0                RCC_LSICmd
                0x20008fd0                RCC_PLLConfig
                0x20009010                RCC_PLLCmd
                0x20009030                RCC_PLLI2SConfig
                0x2000905c                RCC_PLLI2SCmd
                0x2000907c                RCC_PLLSAIConfig
                0x200090b0                RCC_PLLSAICmd
                0x200090d0                RCC_ClockSecuritySystemCmd
                0x200090f0                RCC_MCO1Config
                0x20009130                RCC_MCO2Config
                0x20009170                RCC_SYSCLKConfig
                0x200091a8                RCC_GetSYSCLKSource
                0x200091c8                RCC_HCLKConfig
                0x20009200                RCC_PCLK1Config
                0x20009238                RCC_PCLK2Config
                0x20009274                RCC_GetClocksFreq
                0x200093d0                RCC_RTCCLKConfig
                0x2000942c                RCC_RTCCLKCmd
                0x2000944c                RCC_BackupResetCmd
                0x2000946c                RCC_I2SCLKConfig
                0x2000948c                RCC_SAIPLLI2SClkDivConfig
                0x200094cc                RCC_SAIPLLSAIClkDivConfig
                0x2000950c                RCC_SAIBlockACLKConfig
                0x20009548                RCC_SAIBlockBCLKConfig
                0x20009584                RCC_LTDCCLKDivConfig
                0x200095c0                RCC_TIMCLKPresConfig
                0x200095e0                RCC_AHB1PeriphClockCmd
                0x20009620                RCC_AHB2PeriphClockCmd
                0x20009660                RCC_AHB3PeriphClockCmd
                0x200096a0                RCC_APB1PeriphClockCmd
                0x200096e0                RCC_APB2PeriphClockCmd
                0x20009720                RCC_AHB1PeriphResetCmd
                0x20009760                RCC_AHB2PeriphResetCmd
                0x200097a0                RCC_AHB3PeriphResetCmd
                0x200097e0                RCC_APB1PeriphResetCmd
                0x20009820                RCC_APB2PeriphResetCmd
                0x20009860                RCC_AHB1PeriphClockLPModeCmd
                0x200098a0                RCC_AHB2PeriphClockLPModeCmd
                0x200098e0                RCC_AHB3PeriphClockLPModeCmd
                0x20009920                RCC_APB1PeriphClockLPModeCmd
                0x20009960                RCC_APB2PeriphClockLPModeCmd
                0x200099a0                RCC_ITConfig
                0x200099ec                RCC_GetFlagStatus
                0x20009a60                RCC_ClearFlag
                0x20009a80                RCC_GetITStatus
                0x20009ab8                RCC_ClearITPendingBit
 .text          0x20009ad8      0x154 CMakeFiles/RTS-Lab.elf.dir/driver/src/stm32f4xx_syscfg.c.obj
                0x20009ad8                SYSCFG_DeInit
                0x20009af4                SYSCFG_MemoryRemapConfig
                0x20009b14                SYSCFG_MemorySwappingBank
                0x20009b34                SYSCFG_EXTILineConfig
                0x20009bb8                SYSCFG_ETH_MediaInterfaceConfig
                0x20009bd8                SYSCFG_CompensationCellCmd
                0x20009bf8                SYSCFG_GetCompensationCellStatus
 .text          0x20009c2c     0x1c1c CMakeFiles/RTS-Lab.elf.dir/driver/src/stm32f4xx_tim.c.obj
                0x20009c2c                TIM_DeInit
                0x20009dec                TIM_TimeBaseInit
                0x20009ec4                TIM_TimeBaseStructInit
                0x20009ef8                TIM_PrescalerConfig
                0x20009f20                TIM_CounterModeConfig
                0x20009f58                TIM_SetCounter
                0x20009f74                TIM_SetAutoreload
                0x20009f90                TIM_GetCounter
                0x20009fa8                TIM_GetPrescaler
                0x20009fc2                TIM_UpdateDisableConfig
                0x2000a002                TIM_UpdateRequestConfig
                0x2000a042                TIM_ARRPreloadConfig
                0x2000a082                TIM_SelectOnePulseMode
                0x2000a0ba                TIM_SetClockDivision
                0x2000a0f2                TIM_Cmd
                0x2000a132                TIM_OC1Init
                0x2000a228                TIM_OC2Init
                0x2000a338                TIM_OC3Init
                0x2000a444                TIM_OC4Init
                0x2000a514                TIM_OCStructInit
                0x2000a558                TIM_SelectOCxM
                0x2000a60e                TIM_SetCompare1
                0x2000a62a                TIM_SetCompare2
                0x2000a646                TIM_SetCompare3
                0x2000a662                TIM_SetCompare4
                0x2000a67e                TIM_ForcedOC1Config
                0x2000a6b6                TIM_ForcedOC2Config
                0x2000a6f2                TIM_ForcedOC3Config
                0x2000a72a                TIM_ForcedOC4Config
                0x2000a766                TIM_OC1PreloadConfig
                0x2000a79e                TIM_OC2PreloadConfig
                0x2000a7da                TIM_OC3PreloadConfig
                0x2000a812                TIM_OC4PreloadConfig
                0x2000a84e                TIM_OC1FastConfig
                0x2000a886                TIM_OC2FastConfig
                0x2000a8c2                TIM_OC3FastConfig
                0x2000a8fa                TIM_OC4FastConfig
                0x2000a936                TIM_ClearOC1Ref
                0x2000a96e                TIM_ClearOC2Ref
                0x2000a9aa                TIM_ClearOC3Ref
                0x2000a9e2                TIM_ClearOC4Ref
                0x2000aa1e                TIM_OC1PolarityConfig
                0x2000aa56                TIM_OC1NPolarityConfig
                0x2000aa8e                TIM_OC2PolarityConfig
                0x2000aaca                TIM_OC2NPolarityConfig
                0x2000ab06                TIM_OC3PolarityConfig
                0x2000ab42                TIM_OC3NPolarityConfig
                0x2000ab7e                TIM_OC4PolarityConfig
                0x2000abba                TIM_CCxCmd
                0x2000ac10                TIM_CCxNCmd
                0x2000ac66                TIM_ICInit
                0x2000ad0e                TIM_ICStructInit
                0x2000ad40                TIM_PWMIConfig
                0x2000adf8                TIM_GetCapture1
                0x2000ae10                TIM_GetCapture2
                0x2000ae28                TIM_GetCapture3
                0x2000ae40                TIM_GetCapture4
                0x2000ae58                TIM_SetIC1Prescaler
                0x2000ae90                TIM_SetIC2Prescaler
                0x2000aecc                TIM_SetIC3Prescaler
                0x2000af04                TIM_SetIC4Prescaler
                0x2000af40                TIM_BDTRConfig
                0x2000af90                TIM_BDTRStructInit
                0x2000afce                TIM_CtrlPWMOutputs
                0x2000b01a                TIM_SelectCOM
                0x2000b05a                TIM_CCPreloadControl
                0x2000b09a                TIM_ITConfig
                0x2000b0e2                TIM_GenerateEvent
                0x2000b100                TIM_GetFlagStatus
                0x2000b138                TIM_ClearFlag
                0x2000b15a                TIM_GetITStatus
                0x2000b1ae                TIM_ClearITPendingBit
                0x2000b1d0                TIM_DMAConfig
                0x2000b1fa                TIM_DMACmd
                0x2000b242                TIM_SelectCCDMA
                0x2000b282                TIM_InternalClockConfig
                0x2000b2a6                TIM_ITRxExternalClockConfig
                0x2000b2d4                TIM_TIxExternalClockConfig
                0x2000b330                TIM_ETRClockMode1Config
                0x2000b38e                TIM_ETRClockMode2Config
                0x2000b3cc                TIM_SelectInputTrigger
                0x2000b404                TIM_SelectOutputTrigger
                0x2000b43c                TIM_SelectSlaveMode
                0x2000b474                TIM_SelectMasterSlaveMode
                0x2000b4ac                TIM_ETRConfig
                0x2000b500                TIM_EncoderInterfaceConfig
                0x2000b598                TIM_SelectHallSensor
                0x2000b5d8                TIM_RemapConfig
 .text          0x2000b848      0x970 CMakeFiles/RTS-Lab.elf.dir/driver/src/stm32f4xx_usart.c.obj
                0x2000b848                USART_DeInit
                0x2000b960                USART_Init
                0x2000bad4                USART_StructInit
                0x2000bb0e                USART_ClockInit
                0x2000bb64                USART_ClockStructInit
                0x2000bb90                USART_Cmd
                0x2000bbd0                USART_SetPrescaler
                0x2000bc0a                USART_OverSampling8Cmd
                0x2000bc4e                USART_OneBitMethodCmd
                0x2000bc8e                USART_SendData
                0x2000bcb2                USART_ReceiveData
                0x2000bcd2                USART_SetAddress
                0x2000bd0c                USART_ReceiverWakeUpCmd
                0x2000bd4c                USART_WakeUpConfig
                0x2000bd84                USART_LINBreakDetectLengthConfig
                0x2000bdbc                USART_LINCmd
                0x2000bdfc                USART_SendBreak
                0x2000be20                USART_HalfDuplexCmd
                0x2000be60                USART_SetGuardTime
                0x2000be9c                USART_SmartCardCmd
                0x2000bedc                USART_SmartCardNACKCmd
                0x2000bf1c                USART_IrDAConfig
                0x2000bf54                USART_IrDACmd
                0x2000bf94                USART_DMACmd
                0x2000bfdc                USART_ITConfig
                0x2000c06c                USART_GetFlagStatus
                0x2000c0a4                USART_ClearFlag
                0x2000c0c6                USART_GetITStatus
                0x2000c17c                USART_ClearITPendingBit
 .text          0x2000c1b8      0x32c CMakeFiles/RTS-Lab.elf.dir/startup.c.obj
 .text          0x2000c4e4      0x140 CMakeFiles/RTS-Lab.elf.dir/src/main.c.obj
                0x2000c4e4                vTask1
                0x2000c524                main
                0x2000c5bc                vApplicationGetIdleTaskMemory
                0x2000c5f0                vApplicationGetTimerTaskMemory
 .text          0x2000c624        0x0 /usr/lib/gcc/arm-none-eabi/13.2.0/../../../../arm-none-eabi/lib/thumb/v7e-m+fp/hard/libg_nano.a(libc_a-memset.o)
 .text          0x2000c624        0x0 /usr/lib/gcc/arm-none-eabi/13.2.0/../../../../arm-none-eabi/lib/thumb/v7e-m+fp/hard/libg_nano.a(libc_a-memcpy-stub.o)
 *(.text.*)
 .text.memset   0x2000c624       0x10 /usr/lib/gcc/arm-none-eabi/13.2.0/../../../../arm-none-eabi/lib/thumb/v7e-m+fp/hard/libg_nano.a(libc_a-memset.o)
                0x2000c624                memset
 .text.memcpy   0x2000c634       0x1c /usr/lib/gcc/arm-none-eabi/13.2.0/../../../../arm-none-eabi/lib/thumb/v7e-m+fp/hard/libg_nano.a(libc_a-memcpy-stub.o)
                0x2000c634                memcpy
 *(.rodata)
 .rodata        0x2000c650        0x9 CMakeFiles/RTS-Lab.elf.dir/libraries/FreeRTOS-Kernel/tasks.c.obj
 *fill*         0x2000c659        0x3 
 .rodata        0x2000c65c        0xd CMakeFiles/RTS-Lab.elf.dir/libraries/FreeRTOS-Kernel/timers.c.obj
 *fill*         0x2000c669        0x3 
 .rodata        0x2000c66c        0x4 CMakeFiles/RTS-Lab.elf.dir/libraries/FreeRTOS-Kernel/portable/GCC/ARM_CM4F/port.c.obj
 .rodata        0x2000c670       0x10 CMakeFiles/RTS-Lab.elf.dir/driver/src/stm32f4xx_rcc.c.obj
 .rodata        0x2000c680        0xa CMakeFiles/RTS-Lab.elf.dir/src/main.c.obj
 *(.rodata*)
 *(.glue_7)
 .glue_7        0x2000c68a        0x0 linker stubs
 *(.glue_7t)
 .glue_7t       0x2000c68a        0x0 linker stubs
                0x2000c68c                        . = ALIGN (0x4)
 *fill*         0x2000c68a        0x2 

.vfp11_veneer   0x2000c68c        0x0
 .vfp11_veneer  0x2000c68c        0x0 linker stubs

.v4_bx          0x2000c68c        0x0
 .v4_bx         0x2000c68c        0x0 linker stubs

.iplt           0x2000c68c        0x0
 .iplt          0x2000c68c        0x0 CMakeFiles/RTS-Lab.elf.dir/libraries/FreeRTOS-Kernel/event_groups.c.obj

.rel.dyn        0x2000c68c        0x0
 .rel.iplt      0x2000c68c        0x0 CMakeFiles/RTS-Lab.elf.dir/libraries/FreeRTOS-Kernel/event_groups.c.obj

.data           0x2000c68c        0x4
                0x2000c68c                        . = ALIGN (0x4)
 *(.data)
 .data          0x2000c68c        0x0 CMakeFiles/RTS-Lab.elf.dir/libraries/FreeRTOS-Kernel/event_groups.c.obj
 .data          0x2000c68c        0x0 CMakeFiles/RTS-Lab.elf.dir/libraries/FreeRTOS-Kernel/list.c.obj
 .data          0x2000c68c        0x0 CMakeFiles/RTS-Lab.elf.dir/libraries/FreeRTOS-Kernel/queue.c.obj
 .data          0x2000c68c        0x0 CMakeFiles/RTS-Lab.elf.dir/libraries/FreeRTOS-Kernel/stream_buffer.c.obj
 .data          0x2000c68c        0x0 CMakeFiles/RTS-Lab.elf.dir/libraries/FreeRTOS-Kernel/tasks.c.obj
 .data          0x2000c68c        0x0 CMakeFiles/RTS-Lab.elf.dir/libraries/FreeRTOS-Kernel/timers.c.obj
 .data          0x2000c68c        0x4 CMakeFiles/RTS-Lab.elf.dir/libraries/FreeRTOS-Kernel/portable/GCC/ARM_CM4F/port.c.obj
 .data          0x2000c690        0x0 CMakeFiles/RTS-Lab.elf.dir/driver/src/stm32f4xx_can.c.obj
 .data          0x2000c690        0x0 CMakeFiles/RTS-Lab.elf.dir/driver/src/stm32f4xx_dac.c.obj
 .data          0x2000c690        0x0 CMakeFiles/RTS-Lab.elf.dir/driver/src/stm32f4xx_exti.c.obj
 .data          0x2000c690        0x0 CMakeFiles/RTS-Lab.elf.dir/driver/src/stm32f4xx_gpio.c.obj
 .data          0x2000c690        0x0 CMakeFiles/RTS-Lab.elf.dir/driver/src/stm32f4xx_rcc.c.obj
 .data          0x2000c690        0x0 CMakeFiles/RTS-Lab.elf.dir/driver/src/stm32f4xx_syscfg.c.obj
 .data          0x2000c690        0x0 CMakeFiles/RTS-Lab.elf.dir/driver/src/stm32f4xx_tim.c.obj
 .data          0x2000c690        0x0 CMakeFiles/RTS-Lab.elf.dir/driver/src/stm32f4xx_usart.c.obj
 .data          0x2000c690        0x0 CMakeFiles/RTS-Lab.elf.dir/startup.c.obj
 .data          0x2000c690        0x0 CMakeFiles/RTS-Lab.elf.dir/src/main.c.obj
 .data          0x2000c690        0x0 /usr/lib/gcc/arm-none-eabi/13.2.0/../../../../arm-none-eabi/lib/thumb/v7e-m+fp/hard/libg_nano.a(libc_a-memset.o)
 .data          0x2000c690        0x0 /usr/lib/gcc/arm-none-eabi/13.2.0/../../../../arm-none-eabi/lib/thumb/v7e-m+fp/hard/libg_nano.a(libc_a-memcpy-stub.o)
 *(.data.*)
                0x2000c690                        . = ALIGN (0x4)

.igot.plt       0x2000c690        0x0
 .igot.plt      0x2000c690        0x0 CMakeFiles/RTS-Lab.elf.dir/libraries/FreeRTOS-Kernel/event_groups.c.obj

.bss            0x2000c690      0xf90
                0x2000c690                        . = ALIGN (0x4)
                0x2000c690                        _sbss = .
 *(.bss)
 .bss           0x2000c690        0x0 CMakeFiles/RTS-Lab.elf.dir/libraries/FreeRTOS-Kernel/event_groups.c.obj
 .bss           0x2000c690        0x0 CMakeFiles/RTS-Lab.elf.dir/libraries/FreeRTOS-Kernel/list.c.obj
 .bss           0x2000c690       0x40 CMakeFiles/RTS-Lab.elf.dir/libraries/FreeRTOS-Kernel/queue.c.obj
                0x2000c690                xQueueRegistry
 .bss           0x2000c6d0        0x0 CMakeFiles/RTS-Lab.elf.dir/libraries/FreeRTOS-Kernel/stream_buffer.c.obj
 .bss           0x2000c6d0      0x500 CMakeFiles/RTS-Lab.elf.dir/libraries/FreeRTOS-Kernel/tasks.c.obj
                0x2000c6d0                pxCurrentTCB
 .bss           0x2000cbd0      0x12c CMakeFiles/RTS-Lab.elf.dir/libraries/FreeRTOS-Kernel/timers.c.obj
 .bss           0x2000ccfc        0x8 CMakeFiles/RTS-Lab.elf.dir/libraries/FreeRTOS-Kernel/portable/GCC/ARM_CM4F/port.c.obj
 .bss           0x2000cd04        0x0 CMakeFiles/RTS-Lab.elf.dir/driver/src/stm32f4xx_can.c.obj
 .bss           0x2000cd04        0x0 CMakeFiles/RTS-Lab.elf.dir/driver/src/stm32f4xx_dac.c.obj
 .bss           0x2000cd04        0x0 CMakeFiles/RTS-Lab.elf.dir/driver/src/stm32f4xx_exti.c.obj
 .bss           0x2000cd04        0x0 CMakeFiles/RTS-Lab.elf.dir/driver/src/stm32f4xx_gpio.c.obj
 .bss           0x2000cd04        0x0 CMakeFiles/RTS-Lab.elf.dir/driver/src/stm32f4xx_rcc.c.obj
 .bss           0x2000cd04        0x0 CMakeFiles/RTS-Lab.elf.dir/driver/src/stm32f4xx_syscfg.c.obj
 .bss           0x2000cd04        0x0 CMakeFiles/RTS-Lab.elf.dir/driver/src/stm32f4xx_tim.c.obj
 .bss           0x2000cd04        0x0 CMakeFiles/RTS-Lab.elf.dir/driver/src/stm32f4xx_usart.c.obj
 .bss           0x2000cd04        0x0 CMakeFiles/RTS-Lab.elf.dir/startup.c.obj
 .bss           0x2000cd04      0x91c CMakeFiles/RTS-Lab.elf.dir/src/main.c.obj
                0x2000cd04                Gp
 .bss           0x2000d620        0x0 /usr/lib/gcc/arm-none-eabi/13.2.0/../../../../arm-none-eabi/lib/thumb/v7e-m+fp/hard/libg_nano.a(libc_a-memset.o)
 .bss           0x2000d620        0x0 /usr/lib/gcc/arm-none-eabi/13.2.0/../../../../arm-none-eabi/lib/thumb/v7e-m+fp/hard/libg_nano.a(libc_a-memcpy-stub.o)
 *(.bss.*)
 *(COMMON)
                0x2000d620                        . = ALIGN (0x4)
                0x2000d620                        _ebss = .
                [!provide]                        PROVIDE (end = _ebss)
                [!provide]                        PROVIDE (_end = _ebss)
OUTPUT(/home/emrik/Thesis/repos/MT-C/MD407-template/Debug/RTS-Lab.elf elf32-littlearm)
LOAD linker stubs

.debug_info     0x00000000     0xe97f
 .debug_info    0x00000000      0xbfa CMakeFiles/RTS-Lab.elf.dir/libraries/FreeRTOS-Kernel/event_groups.c.obj
 .debug_info    0x00000bfa      0x2ab CMakeFiles/RTS-Lab.elf.dir/libraries/FreeRTOS-Kernel/list.c.obj
 .debug_info    0x00000ea5     0x1ba7 CMakeFiles/RTS-Lab.elf.dir/libraries/FreeRTOS-Kernel/queue.c.obj
 .debug_info    0x00002a4c     0x1544 CMakeFiles/RTS-Lab.elf.dir/libraries/FreeRTOS-Kernel/stream_buffer.c.obj
 .debug_info    0x00003f90     0x2a04 CMakeFiles/RTS-Lab.elf.dir/libraries/FreeRTOS-Kernel/tasks.c.obj
 .debug_info    0x00006994     0x1518 CMakeFiles/RTS-Lab.elf.dir/libraries/FreeRTOS-Kernel/timers.c.obj
 .debug_info    0x00007eac      0x58e CMakeFiles/RTS-Lab.elf.dir/libraries/FreeRTOS-Kernel/portable/GCC/ARM_CM4F/port.c.obj
 .debug_info    0x0000843a      0xb71 CMakeFiles/RTS-Lab.elf.dir/driver/src/stm32f4xx_can.c.obj
 .debug_info    0x00008fab      0x61b CMakeFiles/RTS-Lab.elf.dir/driver/src/stm32f4xx_dac.c.obj
 .debug_info    0x000095c6      0x31b CMakeFiles/RTS-Lab.elf.dir/driver/src/stm32f4xx_exti.c.obj
 .debug_info    0x000098e1      0x608 CMakeFiles/RTS-Lab.elf.dir/driver/src/stm32f4xx_gpio.c.obj
 .debug_info    0x00009ee9      0xda3 CMakeFiles/RTS-Lab.elf.dir/driver/src/stm32f4xx_rcc.c.obj
 .debug_info    0x0000ac8c      0x284 CMakeFiles/RTS-Lab.elf.dir/driver/src/stm32f4xx_syscfg.c.obj
 .debug_info    0x0000af10     0x1bf1 CMakeFiles/RTS-Lab.elf.dir/driver/src/stm32f4xx_tim.c.obj
 .debug_info    0x0000cb01      0x9be CMakeFiles/RTS-Lab.elf.dir/driver/src/stm32f4xx_usart.c.obj
 .debug_info    0x0000d4bf      0xc29 CMakeFiles/RTS-Lab.elf.dir/startup.c.obj
 .debug_info    0x0000e0e8      0x696 CMakeFiles/RTS-Lab.elf.dir/src/main.c.obj
 .debug_info    0x0000e77e       0xe0 /usr/lib/gcc/arm-none-eabi/13.2.0/../../../../arm-none-eabi/lib/thumb/v7e-m+fp/hard/libg_nano.a(libc_a-memset.o)
 .debug_info    0x0000e85e      0x121 /usr/lib/gcc/arm-none-eabi/13.2.0/../../../../arm-none-eabi/lib/thumb/v7e-m+fp/hard/libg_nano.a(libc_a-memcpy-stub.o)

.debug_abbrev   0x00000000     0x27cc
 .debug_abbrev  0x00000000      0x2f3 CMakeFiles/RTS-Lab.elf.dir/libraries/FreeRTOS-Kernel/event_groups.c.obj
 .debug_abbrev  0x000002f3       0xf3 CMakeFiles/RTS-Lab.elf.dir/libraries/FreeRTOS-Kernel/list.c.obj
 .debug_abbrev  0x000003e6      0x370 CMakeFiles/RTS-Lab.elf.dir/libraries/FreeRTOS-Kernel/queue.c.obj
 .debug_abbrev  0x00000756      0x301 CMakeFiles/RTS-Lab.elf.dir/libraries/FreeRTOS-Kernel/stream_buffer.c.obj
 .debug_abbrev  0x00000a57      0x38e CMakeFiles/RTS-Lab.elf.dir/libraries/FreeRTOS-Kernel/tasks.c.obj
 .debug_abbrev  0x00000de5      0x326 CMakeFiles/RTS-Lab.elf.dir/libraries/FreeRTOS-Kernel/timers.c.obj
 .debug_abbrev  0x0000110b      0x233 CMakeFiles/RTS-Lab.elf.dir/libraries/FreeRTOS-Kernel/portable/GCC/ARM_CM4F/port.c.obj
 .debug_abbrev  0x0000133e      0x240 CMakeFiles/RTS-Lab.elf.dir/driver/src/stm32f4xx_can.c.obj
 .debug_abbrev  0x0000157e      0x1c0 CMakeFiles/RTS-Lab.elf.dir/driver/src/stm32f4xx_dac.c.obj
 .debug_abbrev  0x0000173e      0x1d1 CMakeFiles/RTS-Lab.elf.dir/driver/src/stm32f4xx_exti.c.obj
 .debug_abbrev  0x0000190f      0x1ec CMakeFiles/RTS-Lab.elf.dir/driver/src/stm32f4xx_gpio.c.obj
 .debug_abbrev  0x00001afb      0x1df CMakeFiles/RTS-Lab.elf.dir/driver/src/stm32f4xx_rcc.c.obj
 .debug_abbrev  0x00001cda      0x161 CMakeFiles/RTS-Lab.elf.dir/driver/src/stm32f4xx_syscfg.c.obj
 .debug_abbrev  0x00001e3b      0x1cc CMakeFiles/RTS-Lab.elf.dir/driver/src/stm32f4xx_tim.c.obj
 .debug_abbrev  0x00002007      0x1af CMakeFiles/RTS-Lab.elf.dir/driver/src/stm32f4xx_usart.c.obj
 .debug_abbrev  0x000021b6      0x2c3 CMakeFiles/RTS-Lab.elf.dir/startup.c.obj
 .debug_abbrev  0x00002479      0x1f4 CMakeFiles/RTS-Lab.elf.dir/src/main.c.obj
 .debug_abbrev  0x0000266d       0x9e /usr/lib/gcc/arm-none-eabi/13.2.0/../../../../arm-none-eabi/lib/thumb/v7e-m+fp/hard/libg_nano.a(libc_a-memset.o)
 .debug_abbrev  0x0000270b       0xc1 /usr/lib/gcc/arm-none-eabi/13.2.0/../../../../arm-none-eabi/lib/thumb/v7e-m+fp/hard/libg_nano.a(libc_a-memcpy-stub.o)

.debug_aranges  0x00000000      0x268
 .debug_aranges
                0x00000000       0x20 CMakeFiles/RTS-Lab.elf.dir/libraries/FreeRTOS-Kernel/event_groups.c.obj
 .debug_aranges
                0x00000020       0x20 CMakeFiles/RTS-Lab.elf.dir/libraries/FreeRTOS-Kernel/list.c.obj
 .debug_aranges
                0x00000040       0x20 CMakeFiles/RTS-Lab.elf.dir/libraries/FreeRTOS-Kernel/queue.c.obj
 .debug_aranges
                0x00000060       0x20 CMakeFiles/RTS-Lab.elf.dir/libraries/FreeRTOS-Kernel/stream_buffer.c.obj
 .debug_aranges
                0x00000080       0x20 CMakeFiles/RTS-Lab.elf.dir/libraries/FreeRTOS-Kernel/tasks.c.obj
 .debug_aranges
                0x000000a0       0x20 CMakeFiles/RTS-Lab.elf.dir/libraries/FreeRTOS-Kernel/timers.c.obj
 .debug_aranges
                0x000000c0       0x20 CMakeFiles/RTS-Lab.elf.dir/libraries/FreeRTOS-Kernel/portable/GCC/ARM_CM4F/port.c.obj
 .debug_aranges
                0x000000e0       0x20 CMakeFiles/RTS-Lab.elf.dir/driver/src/stm32f4xx_can.c.obj
 .debug_aranges
                0x00000100       0x20 CMakeFiles/RTS-Lab.elf.dir/driver/src/stm32f4xx_dac.c.obj
 .debug_aranges
                0x00000120       0x20 CMakeFiles/RTS-Lab.elf.dir/driver/src/stm32f4xx_exti.c.obj
 .debug_aranges
                0x00000140       0x20 CMakeFiles/RTS-Lab.elf.dir/driver/src/stm32f4xx_gpio.c.obj
 .debug_aranges
                0x00000160       0x20 CMakeFiles/RTS-Lab.elf.dir/driver/src/stm32f4xx_rcc.c.obj
 .debug_aranges
                0x00000180       0x20 CMakeFiles/RTS-Lab.elf.dir/driver/src/stm32f4xx_syscfg.c.obj
 .debug_aranges
                0x000001a0       0x20 CMakeFiles/RTS-Lab.elf.dir/driver/src/stm32f4xx_tim.c.obj
 .debug_aranges
                0x000001c0       0x20 CMakeFiles/RTS-Lab.elf.dir/driver/src/stm32f4xx_usart.c.obj
 .debug_aranges
                0x000001e0       0x28 CMakeFiles/RTS-Lab.elf.dir/startup.c.obj
 .debug_aranges
                0x00000208       0x20 CMakeFiles/RTS-Lab.elf.dir/src/main.c.obj
 .debug_aranges
                0x00000228       0x20 /usr/lib/gcc/arm-none-eabi/13.2.0/../../../../arm-none-eabi/lib/thumb/v7e-m+fp/hard/libg_nano.a(libc_a-memset.o)
 .debug_aranges
                0x00000248       0x20 /usr/lib/gcc/arm-none-eabi/13.2.0/../../../../arm-none-eabi/lib/thumb/v7e-m+fp/hard/libg_nano.a(libc_a-memcpy-stub.o)

.debug_line     0x00000000     0x7e5a
 .debug_line    0x00000000      0x61e CMakeFiles/RTS-Lab.elf.dir/libraries/FreeRTOS-Kernel/event_groups.c.obj
 .debug_line    0x0000061e      0x26f CMakeFiles/RTS-Lab.elf.dir/libraries/FreeRTOS-Kernel/list.c.obj
 .debug_line    0x0000088d     0x1061 CMakeFiles/RTS-Lab.elf.dir/libraries/FreeRTOS-Kernel/queue.c.obj
 .debug_line    0x000018ee      0xa82 CMakeFiles/RTS-Lab.elf.dir/libraries/FreeRTOS-Kernel/stream_buffer.c.obj
 .debug_line    0x00002370     0x17c9 CMakeFiles/RTS-Lab.elf.dir/libraries/FreeRTOS-Kernel/tasks.c.obj
 .debug_line    0x00003b39      0x7e6 CMakeFiles/RTS-Lab.elf.dir/libraries/FreeRTOS-Kernel/timers.c.obj
 .debug_line    0x0000431f      0x408 CMakeFiles/RTS-Lab.elf.dir/libraries/FreeRTOS-Kernel/portable/GCC/ARM_CM4F/port.c.obj
 .debug_line    0x00004727      0x967 CMakeFiles/RTS-Lab.elf.dir/driver/src/stm32f4xx_can.c.obj
 .debug_line    0x0000508e      0x393 CMakeFiles/RTS-Lab.elf.dir/driver/src/stm32f4xx_dac.c.obj
 .debug_line    0x00005421      0x2aa CMakeFiles/RTS-Lab.elf.dir/driver/src/stm32f4xx_exti.c.obj
 .debug_line    0x000056cb      0x3d6 CMakeFiles/RTS-Lab.elf.dir/driver/src/stm32f4xx_gpio.c.obj
 .debug_line    0x00005aa1      0x77a CMakeFiles/RTS-Lab.elf.dir/driver/src/stm32f4xx_rcc.c.obj
 .debug_line    0x0000621b      0x203 CMakeFiles/RTS-Lab.elf.dir/driver/src/stm32f4xx_syscfg.c.obj
 .debug_line    0x0000641e      0xbf7 CMakeFiles/RTS-Lab.elf.dir/driver/src/stm32f4xx_tim.c.obj
 .debug_line    0x00007015      0x588 CMakeFiles/RTS-Lab.elf.dir/driver/src/stm32f4xx_usart.c.obj
 .debug_line    0x0000759d      0x352 CMakeFiles/RTS-Lab.elf.dir/startup.c.obj
 .debug_line    0x000078ef      0x2b7 CMakeFiles/RTS-Lab.elf.dir/src/main.c.obj
 .debug_line    0x00007ba6      0x123 /usr/lib/gcc/arm-none-eabi/13.2.0/../../../../arm-none-eabi/lib/thumb/v7e-m+fp/hard/libg_nano.a(libc_a-memset.o)
 .debug_line    0x00007cc9      0x191 /usr/lib/gcc/arm-none-eabi/13.2.0/../../../../arm-none-eabi/lib/thumb/v7e-m+fp/hard/libg_nano.a(libc_a-memcpy-stub.o)

.debug_str      0x00000000     0x5688
 .debug_str     0x00000000     0x5688 CMakeFiles/RTS-Lab.elf.dir/libraries/FreeRTOS-Kernel/event_groups.c.obj
                                0x7cb (size before relaxing)
 .debug_str     0x00005688      0x2cd CMakeFiles/RTS-Lab.elf.dir/libraries/FreeRTOS-Kernel/list.c.obj
 .debug_str     0x00005688      0xce8 CMakeFiles/RTS-Lab.elf.dir/libraries/FreeRTOS-Kernel/queue.c.obj
 .debug_str     0x00005688      0xa87 CMakeFiles/RTS-Lab.elf.dir/libraries/FreeRTOS-Kernel/stream_buffer.c.obj
 .debug_str     0x00005688     0x1418 CMakeFiles/RTS-Lab.elf.dir/libraries/FreeRTOS-Kernel/tasks.c.obj
 .debug_str     0x00005688      0xc40 CMakeFiles/RTS-Lab.elf.dir/libraries/FreeRTOS-Kernel/timers.c.obj
 .debug_str     0x00005688      0x467 CMakeFiles/RTS-Lab.elf.dir/libraries/FreeRTOS-Kernel/portable/GCC/ARM_CM4F/port.c.obj
 .debug_str     0x00005688      0x747 CMakeFiles/RTS-Lab.elf.dir/driver/src/stm32f4xx_can.c.obj
 .debug_str     0x00005688      0x45c CMakeFiles/RTS-Lab.elf.dir/driver/src/stm32f4xx_dac.c.obj
 .debug_str     0x00005688      0x33e CMakeFiles/RTS-Lab.elf.dir/driver/src/stm32f4xx_exti.c.obj
 .debug_str     0x00005688      0x4bc CMakeFiles/RTS-Lab.elf.dir/driver/src/stm32f4xx_gpio.c.obj
 .debug_str     0x00005688      0x987 CMakeFiles/RTS-Lab.elf.dir/driver/src/stm32f4xx_rcc.c.obj
 .debug_str     0x00005688      0x317 CMakeFiles/RTS-Lab.elf.dir/driver/src/stm32f4xx_syscfg.c.obj
 .debug_str     0x00005688      0xdf0 CMakeFiles/RTS-Lab.elf.dir/driver/src/stm32f4xx_tim.c.obj
 .debug_str     0x00005688      0x6c1 CMakeFiles/RTS-Lab.elf.dir/driver/src/stm32f4xx_usart.c.obj
 .debug_str     0x00005688      0x8c4 CMakeFiles/RTS-Lab.elf.dir/startup.c.obj
 .debug_str     0x00005688      0x5eb CMakeFiles/RTS-Lab.elf.dir/src/main.c.obj
 .debug_str     0x00005688      0x1bf /usr/lib/gcc/arm-none-eabi/13.2.0/../../../../arm-none-eabi/lib/thumb/v7e-m+fp/hard/libg_nano.a(libc_a-memset.o)
 .debug_str     0x00005688      0x1dd /usr/lib/gcc/arm-none-eabi/13.2.0/../../../../arm-none-eabi/lib/thumb/v7e-m+fp/hard/libg_nano.a(libc_a-memcpy-stub.o)

.comment        0x00000000       0x3c
 .comment       0x00000000       0x3c CMakeFiles/RTS-Lab.elf.dir/libraries/FreeRTOS-Kernel/event_groups.c.obj
                                 0x1f (size before relaxing)
 .comment       0x0000003c       0x1f CMakeFiles/RTS-Lab.elf.dir/libraries/FreeRTOS-Kernel/list.c.obj
 .comment       0x0000003c       0x1f CMakeFiles/RTS-Lab.elf.dir/libraries/FreeRTOS-Kernel/queue.c.obj
 .comment       0x0000003c       0x1f CMakeFiles/RTS-Lab.elf.dir/libraries/FreeRTOS-Kernel/stream_buffer.c.obj
 .comment       0x0000003c       0x1f CMakeFiles/RTS-Lab.elf.dir/libraries/FreeRTOS-Kernel/tasks.c.obj
 .comment       0x0000003c       0x1f CMakeFiles/RTS-Lab.elf.dir/libraries/FreeRTOS-Kernel/timers.c.obj
 .comment       0x0000003c       0x1f CMakeFiles/RTS-Lab.elf.dir/libraries/FreeRTOS-Kernel/portable/GCC/ARM_CM4F/port.c.obj
 .comment       0x0000003c       0x1f CMakeFiles/RTS-Lab.elf.dir/driver/src/stm32f4xx_can.c.obj
 .comment       0x0000003c       0x1f CMakeFiles/RTS-Lab.elf.dir/driver/src/stm32f4xx_dac.c.obj
 .comment       0x0000003c       0x1f CMakeFiles/RTS-Lab.elf.dir/driver/src/stm32f4xx_exti.c.obj
 .comment       0x0000003c       0x1f CMakeFiles/RTS-Lab.elf.dir/driver/src/stm32f4xx_gpio.c.obj
 .comment       0x0000003c       0x1f CMakeFiles/RTS-Lab.elf.dir/driver/src/stm32f4xx_rcc.c.obj
 .comment       0x0000003c       0x1f CMakeFiles/RTS-Lab.elf.dir/driver/src/stm32f4xx_syscfg.c.obj
 .comment       0x0000003c       0x1f CMakeFiles/RTS-Lab.elf.dir/driver/src/stm32f4xx_tim.c.obj
 .comment       0x0000003c       0x1f CMakeFiles/RTS-Lab.elf.dir/driver/src/stm32f4xx_usart.c.obj
 .comment       0x0000003c       0x1f CMakeFiles/RTS-Lab.elf.dir/startup.c.obj
 .comment       0x0000003c       0x1f CMakeFiles/RTS-Lab.elf.dir/src/main.c.obj
 .comment       0x0000003c       0x1f /usr/lib/gcc/arm-none-eabi/13.2.0/../../../../arm-none-eabi/lib/thumb/v7e-m+fp/hard/libg_nano.a(libc_a-memset.o)
 .comment       0x0000003c       0x1f /usr/lib/gcc/arm-none-eabi/13.2.0/../../../../arm-none-eabi/lib/thumb/v7e-m+fp/hard/libg_nano.a(libc_a-memcpy-stub.o)

.ARM.attributes
                0x00000000       0x34
 .ARM.attributes
                0x00000000       0x34 CMakeFiles/RTS-Lab.elf.dir/libraries/FreeRTOS-Kernel/event_groups.c.obj
 .ARM.attributes
                0x00000034       0x34 CMakeFiles/RTS-Lab.elf.dir/libraries/FreeRTOS-Kernel/list.c.obj
 .ARM.attributes
                0x00000068       0x34 CMakeFiles/RTS-Lab.elf.dir/libraries/FreeRTOS-Kernel/queue.c.obj
 .ARM.attributes
                0x0000009c       0x34 CMakeFiles/RTS-Lab.elf.dir/libraries/FreeRTOS-Kernel/stream_buffer.c.obj
 .ARM.attributes
                0x000000d0       0x34 CMakeFiles/RTS-Lab.elf.dir/libraries/FreeRTOS-Kernel/tasks.c.obj
 .ARM.attributes
                0x00000104       0x34 CMakeFiles/RTS-Lab.elf.dir/libraries/FreeRTOS-Kernel/timers.c.obj
 .ARM.attributes
                0x00000138       0x34 CMakeFiles/RTS-Lab.elf.dir/libraries/FreeRTOS-Kernel/portable/GCC/ARM_CM4F/port.c.obj
 .ARM.attributes
                0x0000016c       0x34 CMakeFiles/RTS-Lab.elf.dir/driver/src/stm32f4xx_can.c.obj
 .ARM.attributes
                0x000001a0       0x34 CMakeFiles/RTS-Lab.elf.dir/driver/src/stm32f4xx_dac.c.obj
 .ARM.attributes
                0x000001d4       0x34 CMakeFiles/RTS-Lab.elf.dir/driver/src/stm32f4xx_exti.c.obj
 .ARM.attributes
                0x00000208       0x34 CMakeFiles/RTS-Lab.elf.dir/driver/src/stm32f4xx_gpio.c.obj
 .ARM.attributes
                0x0000023c       0x34 CMakeFiles/RTS-Lab.elf.dir/driver/src/stm32f4xx_rcc.c.obj
 .ARM.attributes
                0x00000270       0x34 CMakeFiles/RTS-Lab.elf.dir/driver/src/stm32f4xx_syscfg.c.obj
 .ARM.attributes
                0x000002a4       0x34 CMakeFiles/RTS-Lab.elf.dir/driver/src/stm32f4xx_tim.c.obj
 .ARM.attributes
                0x000002d8       0x34 CMakeFiles/RTS-Lab.elf.dir/driver/src/stm32f4xx_usart.c.obj
 .ARM.attributes
                0x0000030c       0x34 CMakeFiles/RTS-Lab.elf.dir/startup.c.obj
 .ARM.attributes
                0x00000340       0x34 CMakeFiles/RTS-Lab.elf.dir/src/main.c.obj
 .ARM.attributes
                0x00000374       0x34 /usr/lib/gcc/arm-none-eabi/13.2.0/../../../../arm-none-eabi/lib/thumb/v7e-m+fp/hard/libg_nano.a(libc_a-memset.o)
 .ARM.attributes
                0x000003a8       0x34 /usr/lib/gcc/arm-none-eabi/13.2.0/../../../../arm-none-eabi/lib/thumb/v7e-m+fp/hard/libg_nano.a(libc_a-memcpy-stub.o)

.debug_frame    0x00000000     0x456c
 .debug_frame   0x00000000      0x240 CMakeFiles/RTS-Lab.elf.dir/libraries/FreeRTOS-Kernel/event_groups.c.obj
 .debug_frame   0x00000240       0xd8 CMakeFiles/RTS-Lab.elf.dir/libraries/FreeRTOS-Kernel/list.c.obj
 .debug_frame   0x00000318      0x5f4 CMakeFiles/RTS-Lab.elf.dir/libraries/FreeRTOS-Kernel/queue.c.obj
 .debug_frame   0x0000090c      0x424 CMakeFiles/RTS-Lab.elf.dir/libraries/FreeRTOS-Kernel/stream_buffer.c.obj
 .debug_frame   0x00000d30      0x9bc CMakeFiles/RTS-Lab.elf.dir/libraries/FreeRTOS-Kernel/tasks.c.obj
 .debug_frame   0x000016ec      0x464 CMakeFiles/RTS-Lab.elf.dir/libraries/FreeRTOS-Kernel/timers.c.obj
 .debug_frame   0x00001b50      0x1a8 CMakeFiles/RTS-Lab.elf.dir/libraries/FreeRTOS-Kernel/portable/GCC/ARM_CM4F/port.c.obj
 .debug_frame   0x00001cf8      0x3f8 CMakeFiles/RTS-Lab.elf.dir/driver/src/stm32f4xx_can.c.obj
 .debug_frame   0x000020f0      0x2ac CMakeFiles/RTS-Lab.elf.dir/driver/src/stm32f4xx_dac.c.obj
 .debug_frame   0x0000239c      0x148 CMakeFiles/RTS-Lab.elf.dir/driver/src/stm32f4xx_exti.c.obj
 .debug_frame   0x000024e4      0x23c CMakeFiles/RTS-Lab.elf.dir/driver/src/stm32f4xx_gpio.c.obj
 .debug_frame   0x00002720      0x814 CMakeFiles/RTS-Lab.elf.dir/driver/src/stm32f4xx_rcc.c.obj
 .debug_frame   0x00002f34      0x11c CMakeFiles/RTS-Lab.elf.dir/driver/src/stm32f4xx_syscfg.c.obj
 .debug_frame   0x00003050      0xe54 CMakeFiles/RTS-Lab.elf.dir/driver/src/stm32f4xx_tim.c.obj
 .debug_frame   0x00003ea4      0x490 CMakeFiles/RTS-Lab.elf.dir/driver/src/stm32f4xx_usart.c.obj
 .debug_frame   0x00004334      0x14c CMakeFiles/RTS-Lab.elf.dir/startup.c.obj
 .debug_frame   0x00004480       0xa4 CMakeFiles/RTS-Lab.elf.dir/src/main.c.obj
 .debug_frame   0x00004524       0x20 /usr/lib/gcc/arm-none-eabi/13.2.0/../../../../arm-none-eabi/lib/thumb/v7e-m+fp/hard/libg_nano.a(libc_a-memset.o)
 .debug_frame   0x00004544       0x28 /usr/lib/gcc/arm-none-eabi/13.2.0/../../../../arm-none-eabi/lib/thumb/v7e-m+fp/hard/libg_nano.a(libc_a-memcpy-stub.o)

.debug_rnglists
                0x00000000       0x5c
 .debug_rnglists
                0x00000000       0x1c CMakeFiles/RTS-Lab.elf.dir/libraries/FreeRTOS-Kernel/tasks.c.obj
 .debug_rnglists
                0x0000001c       0x1a CMakeFiles/RTS-Lab.elf.dir/startup.c.obj
 .debug_rnglists
                0x00000036       0x13 /usr/lib/gcc/arm-none-eabi/13.2.0/../../../../arm-none-eabi/lib/thumb/v7e-m+fp/hard/libg_nano.a(libc_a-memset.o)
 .debug_rnglists
                0x00000049       0x13 /usr/lib/gcc/arm-none-eabi/13.2.0/../../../../arm-none-eabi/lib/thumb/v7e-m+fp/hard/libg_nano.a(libc_a-memcpy-stub.o)

.debug_loclists
                0x00000000       0xd6
 .debug_loclists
                0x00000000       0x47 /usr/lib/gcc/arm-none-eabi/13.2.0/../../../../arm-none-eabi/lib/thumb/v7e-m+fp/hard/libg_nano.a(libc_a-memset.o)
 .debug_loclists
                0x00000047       0x8f /usr/lib/gcc/arm-none-eabi/13.2.0/../../../../arm-none-eabi/lib/thumb/v7e-m+fp/hard/libg_nano.a(libc_a-memcpy-stub.o)

Cross Reference Table

Symbol                                            File
CAN_CancelTransmit                                CMakeFiles/RTS-Lab.elf.dir/driver/src/stm32f4xx_can.c.obj
CAN_ClearFlag                                     CMakeFiles/RTS-Lab.elf.dir/driver/src/stm32f4xx_can.c.obj
CAN_ClearITPendingBit                             CMakeFiles/RTS-Lab.elf.dir/driver/src/stm32f4xx_can.c.obj
CAN_DBGFreeze                                     CMakeFiles/RTS-Lab.elf.dir/driver/src/stm32f4xx_can.c.obj
CAN_DeInit                                        CMakeFiles/RTS-Lab.elf.dir/driver/src/stm32f4xx_can.c.obj
                                                  CMakeFiles/RTS-Lab.elf.dir/startup.c.obj
CAN_FIFORelease                                   CMakeFiles/RTS-Lab.elf.dir/driver/src/stm32f4xx_can.c.obj
CAN_FilterInit                                    CMakeFiles/RTS-Lab.elf.dir/driver/src/stm32f4xx_can.c.obj
                                                  CMakeFiles/RTS-Lab.elf.dir/startup.c.obj
CAN_GetFlagStatus                                 CMakeFiles/RTS-Lab.elf.dir/driver/src/stm32f4xx_can.c.obj
CAN_GetITStatus                                   CMakeFiles/RTS-Lab.elf.dir/driver/src/stm32f4xx_can.c.obj
CAN_GetLSBTransmitErrorCounter                    CMakeFiles/RTS-Lab.elf.dir/driver/src/stm32f4xx_can.c.obj
CAN_GetLastErrorCode                              CMakeFiles/RTS-Lab.elf.dir/driver/src/stm32f4xx_can.c.obj
CAN_GetReceiveErrorCounter                        CMakeFiles/RTS-Lab.elf.dir/driver/src/stm32f4xx_can.c.obj
CAN_ITConfig                                      CMakeFiles/RTS-Lab.elf.dir/driver/src/stm32f4xx_can.c.obj
CAN_Init                                          CMakeFiles/RTS-Lab.elf.dir/driver/src/stm32f4xx_can.c.obj
CAN_MessagePending                                CMakeFiles/RTS-Lab.elf.dir/driver/src/stm32f4xx_can.c.obj
CAN_OperatingModeRequest                          CMakeFiles/RTS-Lab.elf.dir/driver/src/stm32f4xx_can.c.obj
CAN_Receive                                       CMakeFiles/RTS-Lab.elf.dir/driver/src/stm32f4xx_can.c.obj
CAN_SlaveStartBank                                CMakeFiles/RTS-Lab.elf.dir/driver/src/stm32f4xx_can.c.obj
CAN_Sleep                                         CMakeFiles/RTS-Lab.elf.dir/driver/src/stm32f4xx_can.c.obj
CAN_StructInit                                    CMakeFiles/RTS-Lab.elf.dir/driver/src/stm32f4xx_can.c.obj
CAN_TTComModeCmd                                  CMakeFiles/RTS-Lab.elf.dir/driver/src/stm32f4xx_can.c.obj
CAN_Transmit                                      CMakeFiles/RTS-Lab.elf.dir/driver/src/stm32f4xx_can.c.obj
CAN_TransmitStatus                                CMakeFiles/RTS-Lab.elf.dir/driver/src/stm32f4xx_can.c.obj
CAN_WakeUp                                        CMakeFiles/RTS-Lab.elf.dir/driver/src/stm32f4xx_can.c.obj
DAC_ClearFlag                                     CMakeFiles/RTS-Lab.elf.dir/driver/src/stm32f4xx_dac.c.obj
DAC_ClearITPendingBit                             CMakeFiles/RTS-Lab.elf.dir/driver/src/stm32f4xx_dac.c.obj
DAC_Cmd                                           CMakeFiles/RTS-Lab.elf.dir/driver/src/stm32f4xx_dac.c.obj
                                                  CMakeFiles/RTS-Lab.elf.dir/startup.c.obj
DAC_DMACmd                                        CMakeFiles/RTS-Lab.elf.dir/driver/src/stm32f4xx_dac.c.obj
DAC_DeInit                                        CMakeFiles/RTS-Lab.elf.dir/driver/src/stm32f4xx_dac.c.obj
                                                  CMakeFiles/RTS-Lab.elf.dir/startup.c.obj
DAC_DualSoftwareTriggerCmd                        CMakeFiles/RTS-Lab.elf.dir/driver/src/stm32f4xx_dac.c.obj
DAC_GetDataOutputValue                            CMakeFiles/RTS-Lab.elf.dir/driver/src/stm32f4xx_dac.c.obj
DAC_GetFlagStatus                                 CMakeFiles/RTS-Lab.elf.dir/driver/src/stm32f4xx_dac.c.obj
DAC_GetITStatus                                   CMakeFiles/RTS-Lab.elf.dir/driver/src/stm32f4xx_dac.c.obj
DAC_ITConfig                                      CMakeFiles/RTS-Lab.elf.dir/driver/src/stm32f4xx_dac.c.obj
DAC_Init                                          CMakeFiles/RTS-Lab.elf.dir/driver/src/stm32f4xx_dac.c.obj
                                                  CMakeFiles/RTS-Lab.elf.dir/startup.c.obj
DAC_SetChannel1Data                               CMakeFiles/RTS-Lab.elf.dir/driver/src/stm32f4xx_dac.c.obj
DAC_SetChannel2Data                               CMakeFiles/RTS-Lab.elf.dir/driver/src/stm32f4xx_dac.c.obj
                                                  CMakeFiles/RTS-Lab.elf.dir/startup.c.obj
DAC_SetDualChannelData                            CMakeFiles/RTS-Lab.elf.dir/driver/src/stm32f4xx_dac.c.obj
DAC_SoftwareTriggerCmd                            CMakeFiles/RTS-Lab.elf.dir/driver/src/stm32f4xx_dac.c.obj
DAC_StructInit                                    CMakeFiles/RTS-Lab.elf.dir/driver/src/stm32f4xx_dac.c.obj
                                                  CMakeFiles/RTS-Lab.elf.dir/startup.c.obj
DAC_WaveGenerationCmd                             CMakeFiles/RTS-Lab.elf.dir/driver/src/stm32f4xx_dac.c.obj
EXTI_ClearFlag                                    CMakeFiles/RTS-Lab.elf.dir/driver/src/stm32f4xx_exti.c.obj
EXTI_ClearITPendingBit                            CMakeFiles/RTS-Lab.elf.dir/driver/src/stm32f4xx_exti.c.obj
EXTI_DeInit                                       CMakeFiles/RTS-Lab.elf.dir/driver/src/stm32f4xx_exti.c.obj
                                                  CMakeFiles/RTS-Lab.elf.dir/startup.c.obj
EXTI_GenerateSWInterrupt                          CMakeFiles/RTS-Lab.elf.dir/driver/src/stm32f4xx_exti.c.obj
EXTI_GetFlagStatus                                CMakeFiles/RTS-Lab.elf.dir/driver/src/stm32f4xx_exti.c.obj
EXTI_GetITStatus                                  CMakeFiles/RTS-Lab.elf.dir/driver/src/stm32f4xx_exti.c.obj
EXTI_Init                                         CMakeFiles/RTS-Lab.elf.dir/driver/src/stm32f4xx_exti.c.obj
                                                  CMakeFiles/RTS-Lab.elf.dir/startup.c.obj
EXTI_StructInit                                   CMakeFiles/RTS-Lab.elf.dir/driver/src/stm32f4xx_exti.c.obj
                                                  CMakeFiles/RTS-Lab.elf.dir/startup.c.obj
GPIO_DeInit                                       CMakeFiles/RTS-Lab.elf.dir/driver/src/stm32f4xx_gpio.c.obj
                                                  CMakeFiles/RTS-Lab.elf.dir/startup.c.obj
GPIO_Init                                         CMakeFiles/RTS-Lab.elf.dir/driver/src/stm32f4xx_gpio.c.obj
                                                  CMakeFiles/RTS-Lab.elf.dir/src/main.c.obj
                                                  CMakeFiles/RTS-Lab.elf.dir/startup.c.obj
GPIO_PinAFConfig                                  CMakeFiles/RTS-Lab.elf.dir/driver/src/stm32f4xx_gpio.c.obj
                                                  CMakeFiles/RTS-Lab.elf.dir/startup.c.obj
GPIO_PinLockConfig                                CMakeFiles/RTS-Lab.elf.dir/driver/src/stm32f4xx_gpio.c.obj
GPIO_ReadInputData                                CMakeFiles/RTS-Lab.elf.dir/driver/src/stm32f4xx_gpio.c.obj
GPIO_ReadInputDataBit                             CMakeFiles/RTS-Lab.elf.dir/driver/src/stm32f4xx_gpio.c.obj
GPIO_ReadOutputData                               CMakeFiles/RTS-Lab.elf.dir/driver/src/stm32f4xx_gpio.c.obj
GPIO_ReadOutputDataBit                            CMakeFiles/RTS-Lab.elf.dir/driver/src/stm32f4xx_gpio.c.obj
GPIO_ResetBits                                    CMakeFiles/RTS-Lab.elf.dir/driver/src/stm32f4xx_gpio.c.obj
                                                  CMakeFiles/RTS-Lab.elf.dir/src/main.c.obj
GPIO_SetBits                                      CMakeFiles/RTS-Lab.elf.dir/driver/src/stm32f4xx_gpio.c.obj
                                                  CMakeFiles/RTS-Lab.elf.dir/src/main.c.obj
GPIO_StructInit                                   CMakeFiles/RTS-Lab.elf.dir/driver/src/stm32f4xx_gpio.c.obj
                                                  CMakeFiles/RTS-Lab.elf.dir/startup.c.obj
GPIO_ToggleBits                                   CMakeFiles/RTS-Lab.elf.dir/driver/src/stm32f4xx_gpio.c.obj
GPIO_Write                                        CMakeFiles/RTS-Lab.elf.dir/driver/src/stm32f4xx_gpio.c.obj
GPIO_WriteBit                                     CMakeFiles/RTS-Lab.elf.dir/driver/src/stm32f4xx_gpio.c.obj
                                                  CMakeFiles/RTS-Lab.elf.dir/startup.c.obj
Gp                                                CMakeFiles/RTS-Lab.elf.dir/src/main.c.obj
PendSV_Handler                                    CMakeFiles/RTS-Lab.elf.dir/libraries/FreeRTOS-Kernel/portable/GCC/ARM_CM4F/port.c.obj
RCC_AHB1PeriphClockCmd                            CMakeFiles/RTS-Lab.elf.dir/driver/src/stm32f4xx_rcc.c.obj
                                                  CMakeFiles/RTS-Lab.elf.dir/startup.c.obj
RCC_AHB1PeriphClockLPModeCmd                      CMakeFiles/RTS-Lab.elf.dir/driver/src/stm32f4xx_rcc.c.obj
RCC_AHB1PeriphResetCmd                            CMakeFiles/RTS-Lab.elf.dir/driver/src/stm32f4xx_rcc.c.obj
                                                  CMakeFiles/RTS-Lab.elf.dir/driver/src/stm32f4xx_gpio.c.obj
RCC_AHB2PeriphClockCmd                            CMakeFiles/RTS-Lab.elf.dir/driver/src/stm32f4xx_rcc.c.obj
RCC_AHB2PeriphClockLPModeCmd                      CMakeFiles/RTS-Lab.elf.dir/driver/src/stm32f4xx_rcc.c.obj
RCC_AHB2PeriphResetCmd                            CMakeFiles/RTS-Lab.elf.dir/driver/src/stm32f4xx_rcc.c.obj
RCC_AHB3PeriphClockCmd                            CMakeFiles/RTS-Lab.elf.dir/driver/src/stm32f4xx_rcc.c.obj
                                                  CMakeFiles/RTS-Lab.elf.dir/src/main.c.obj
RCC_AHB3PeriphClockLPModeCmd                      CMakeFiles/RTS-Lab.elf.dir/driver/src/stm32f4xx_rcc.c.obj
RCC_AHB3PeriphResetCmd                            CMakeFiles/RTS-Lab.elf.dir/driver/src/stm32f4xx_rcc.c.obj
RCC_APB1PeriphClockCmd                            CMakeFiles/RTS-Lab.elf.dir/driver/src/stm32f4xx_rcc.c.obj
                                                  CMakeFiles/RTS-Lab.elf.dir/startup.c.obj
RCC_APB1PeriphClockLPModeCmd                      CMakeFiles/RTS-Lab.elf.dir/driver/src/stm32f4xx_rcc.c.obj
                                                  CMakeFiles/RTS-Lab.elf.dir/startup.c.obj
RCC_APB1PeriphResetCmd                            CMakeFiles/RTS-Lab.elf.dir/driver/src/stm32f4xx_rcc.c.obj
                                                  CMakeFiles/RTS-Lab.elf.dir/driver/src/stm32f4xx_usart.c.obj
                                                  CMakeFiles/RTS-Lab.elf.dir/driver/src/stm32f4xx_tim.c.obj
                                                  CMakeFiles/RTS-Lab.elf.dir/driver/src/stm32f4xx_dac.c.obj
                                                  CMakeFiles/RTS-Lab.elf.dir/driver/src/stm32f4xx_can.c.obj
RCC_APB2PeriphClockCmd                            CMakeFiles/RTS-Lab.elf.dir/driver/src/stm32f4xx_rcc.c.obj
                                                  CMakeFiles/RTS-Lab.elf.dir/startup.c.obj
RCC_APB2PeriphClockLPModeCmd                      CMakeFiles/RTS-Lab.elf.dir/driver/src/stm32f4xx_rcc.c.obj
RCC_APB2PeriphResetCmd                            CMakeFiles/RTS-Lab.elf.dir/driver/src/stm32f4xx_rcc.c.obj
                                                  CMakeFiles/RTS-Lab.elf.dir/driver/src/stm32f4xx_usart.c.obj
                                                  CMakeFiles/RTS-Lab.elf.dir/driver/src/stm32f4xx_tim.c.obj
                                                  CMakeFiles/RTS-Lab.elf.dir/driver/src/stm32f4xx_syscfg.c.obj
RCC_AdjustHSICalibrationValue                     CMakeFiles/RTS-Lab.elf.dir/driver/src/stm32f4xx_rcc.c.obj
RCC_BackupResetCmd                                CMakeFiles/RTS-Lab.elf.dir/driver/src/stm32f4xx_rcc.c.obj
RCC_ClearFlag                                     CMakeFiles/RTS-Lab.elf.dir/driver/src/stm32f4xx_rcc.c.obj
RCC_ClearITPendingBit                             CMakeFiles/RTS-Lab.elf.dir/driver/src/stm32f4xx_rcc.c.obj
RCC_ClockSecuritySystemCmd                        CMakeFiles/RTS-Lab.elf.dir/driver/src/stm32f4xx_rcc.c.obj
RCC_DeInit                                        CMakeFiles/RTS-Lab.elf.dir/driver/src/stm32f4xx_rcc.c.obj
RCC_GetClocksFreq                                 CMakeFiles/RTS-Lab.elf.dir/driver/src/stm32f4xx_rcc.c.obj
                                                  CMakeFiles/RTS-Lab.elf.dir/driver/src/stm32f4xx_usart.c.obj
RCC_GetFlagStatus                                 CMakeFiles/RTS-Lab.elf.dir/driver/src/stm32f4xx_rcc.c.obj
RCC_GetITStatus                                   CMakeFiles/RTS-Lab.elf.dir/driver/src/stm32f4xx_rcc.c.obj
RCC_GetSYSCLKSource                               CMakeFiles/RTS-Lab.elf.dir/driver/src/stm32f4xx_rcc.c.obj
RCC_HCLKConfig                                    CMakeFiles/RTS-Lab.elf.dir/driver/src/stm32f4xx_rcc.c.obj
RCC_HSEConfig                                     CMakeFiles/RTS-Lab.elf.dir/driver/src/stm32f4xx_rcc.c.obj
RCC_HSICmd                                        CMakeFiles/RTS-Lab.elf.dir/driver/src/stm32f4xx_rcc.c.obj
RCC_I2SCLKConfig                                  CMakeFiles/RTS-Lab.elf.dir/driver/src/stm32f4xx_rcc.c.obj
RCC_ITConfig                                      CMakeFiles/RTS-Lab.elf.dir/driver/src/stm32f4xx_rcc.c.obj
RCC_LSEConfig                                     CMakeFiles/RTS-Lab.elf.dir/driver/src/stm32f4xx_rcc.c.obj
RCC_LSICmd                                        CMakeFiles/RTS-Lab.elf.dir/driver/src/stm32f4xx_rcc.c.obj
RCC_LTDCCLKDivConfig                              CMakeFiles/RTS-Lab.elf.dir/driver/src/stm32f4xx_rcc.c.obj
RCC_MCO1Config                                    CMakeFiles/RTS-Lab.elf.dir/driver/src/stm32f4xx_rcc.c.obj
RCC_MCO2Config                                    CMakeFiles/RTS-Lab.elf.dir/driver/src/stm32f4xx_rcc.c.obj
RCC_PCLK1Config                                   CMakeFiles/RTS-Lab.elf.dir/driver/src/stm32f4xx_rcc.c.obj
RCC_PCLK2Config                                   CMakeFiles/RTS-Lab.elf.dir/driver/src/stm32f4xx_rcc.c.obj
RCC_PLLCmd                                        CMakeFiles/RTS-Lab.elf.dir/driver/src/stm32f4xx_rcc.c.obj
RCC_PLLConfig                                     CMakeFiles/RTS-Lab.elf.dir/driver/src/stm32f4xx_rcc.c.obj
RCC_PLLI2SCmd                                     CMakeFiles/RTS-Lab.elf.dir/driver/src/stm32f4xx_rcc.c.obj
RCC_PLLI2SConfig                                  CMakeFiles/RTS-Lab.elf.dir/driver/src/stm32f4xx_rcc.c.obj
RCC_PLLSAICmd                                     CMakeFiles/RTS-Lab.elf.dir/driver/src/stm32f4xx_rcc.c.obj
RCC_PLLSAIConfig                                  CMakeFiles/RTS-Lab.elf.dir/driver/src/stm32f4xx_rcc.c.obj
RCC_RTCCLKCmd                                     CMakeFiles/RTS-Lab.elf.dir/driver/src/stm32f4xx_rcc.c.obj
RCC_RTCCLKConfig                                  CMakeFiles/RTS-Lab.elf.dir/driver/src/stm32f4xx_rcc.c.obj
RCC_SAIBlockACLKConfig                            CMakeFiles/RTS-Lab.elf.dir/driver/src/stm32f4xx_rcc.c.obj
RCC_SAIBlockBCLKConfig                            CMakeFiles/RTS-Lab.elf.dir/driver/src/stm32f4xx_rcc.c.obj
RCC_SAIPLLI2SClkDivConfig                         CMakeFiles/RTS-Lab.elf.dir/driver/src/stm32f4xx_rcc.c.obj
RCC_SAIPLLSAIClkDivConfig                         CMakeFiles/RTS-Lab.elf.dir/driver/src/stm32f4xx_rcc.c.obj
RCC_SYSCLKConfig                                  CMakeFiles/RTS-Lab.elf.dir/driver/src/stm32f4xx_rcc.c.obj
RCC_TIMCLKPresConfig                              CMakeFiles/RTS-Lab.elf.dir/driver/src/stm32f4xx_rcc.c.obj
RCC_WaitForHSEStartUp                             CMakeFiles/RTS-Lab.elf.dir/driver/src/stm32f4xx_rcc.c.obj
SVC_Handler                                       CMakeFiles/RTS-Lab.elf.dir/libraries/FreeRTOS-Kernel/portable/GCC/ARM_CM4F/port.c.obj
SYSCFG_CompensationCellCmd                        CMakeFiles/RTS-Lab.elf.dir/driver/src/stm32f4xx_syscfg.c.obj
SYSCFG_DeInit                                     CMakeFiles/RTS-Lab.elf.dir/driver/src/stm32f4xx_syscfg.c.obj
SYSCFG_ETH_MediaInterfaceConfig                   CMakeFiles/RTS-Lab.elf.dir/driver/src/stm32f4xx_syscfg.c.obj
SYSCFG_EXTILineConfig                             CMakeFiles/RTS-Lab.elf.dir/driver/src/stm32f4xx_syscfg.c.obj
                                                  CMakeFiles/RTS-Lab.elf.dir/startup.c.obj
SYSCFG_GetCompensationCellStatus                  CMakeFiles/RTS-Lab.elf.dir/driver/src/stm32f4xx_syscfg.c.obj
SYSCFG_MemoryRemapConfig                          CMakeFiles/RTS-Lab.elf.dir/driver/src/stm32f4xx_syscfg.c.obj
SYSCFG_MemorySwappingBank                         CMakeFiles/RTS-Lab.elf.dir/driver/src/stm32f4xx_syscfg.c.obj
SysTick_Handler                                   CMakeFiles/RTS-Lab.elf.dir/libraries/FreeRTOS-Kernel/portable/GCC/ARM_CM4F/port.c.obj
TIM_ARRPreloadConfig                              CMakeFiles/RTS-Lab.elf.dir/driver/src/stm32f4xx_tim.c.obj
TIM_BDTRConfig                                    CMakeFiles/RTS-Lab.elf.dir/driver/src/stm32f4xx_tim.c.obj
TIM_BDTRStructInit                                CMakeFiles/RTS-Lab.elf.dir/driver/src/stm32f4xx_tim.c.obj
TIM_CCPreloadControl                              CMakeFiles/RTS-Lab.elf.dir/driver/src/stm32f4xx_tim.c.obj
TIM_CCxCmd                                        CMakeFiles/RTS-Lab.elf.dir/driver/src/stm32f4xx_tim.c.obj
TIM_CCxNCmd                                       CMakeFiles/RTS-Lab.elf.dir/driver/src/stm32f4xx_tim.c.obj
TIM_ClearFlag                                     CMakeFiles/RTS-Lab.elf.dir/driver/src/stm32f4xx_tim.c.obj
TIM_ClearITPendingBit                             CMakeFiles/RTS-Lab.elf.dir/driver/src/stm32f4xx_tim.c.obj
TIM_ClearOC1Ref                                   CMakeFiles/RTS-Lab.elf.dir/driver/src/stm32f4xx_tim.c.obj
TIM_ClearOC2Ref                                   CMakeFiles/RTS-Lab.elf.dir/driver/src/stm32f4xx_tim.c.obj
TIM_ClearOC3Ref                                   CMakeFiles/RTS-Lab.elf.dir/driver/src/stm32f4xx_tim.c.obj
TIM_ClearOC4Ref                                   CMakeFiles/RTS-Lab.elf.dir/driver/src/stm32f4xx_tim.c.obj
TIM_Cmd                                           CMakeFiles/RTS-Lab.elf.dir/driver/src/stm32f4xx_tim.c.obj
TIM_CounterModeConfig                             CMakeFiles/RTS-Lab.elf.dir/driver/src/stm32f4xx_tim.c.obj
TIM_CtrlPWMOutputs                                CMakeFiles/RTS-Lab.elf.dir/driver/src/stm32f4xx_tim.c.obj
TIM_DMACmd                                        CMakeFiles/RTS-Lab.elf.dir/driver/src/stm32f4xx_tim.c.obj
TIM_DMAConfig                                     CMakeFiles/RTS-Lab.elf.dir/driver/src/stm32f4xx_tim.c.obj
TIM_DeInit                                        CMakeFiles/RTS-Lab.elf.dir/driver/src/stm32f4xx_tim.c.obj
TIM_ETRClockMode1Config                           CMakeFiles/RTS-Lab.elf.dir/driver/src/stm32f4xx_tim.c.obj
TIM_ETRClockMode2Config                           CMakeFiles/RTS-Lab.elf.dir/driver/src/stm32f4xx_tim.c.obj
TIM_ETRConfig                                     CMakeFiles/RTS-Lab.elf.dir/driver/src/stm32f4xx_tim.c.obj
TIM_EncoderInterfaceConfig                        CMakeFiles/RTS-Lab.elf.dir/driver/src/stm32f4xx_tim.c.obj
TIM_ForcedOC1Config                               CMakeFiles/RTS-Lab.elf.dir/driver/src/stm32f4xx_tim.c.obj
TIM_ForcedOC2Config                               CMakeFiles/RTS-Lab.elf.dir/driver/src/stm32f4xx_tim.c.obj
TIM_ForcedOC3Config                               CMakeFiles/RTS-Lab.elf.dir/driver/src/stm32f4xx_tim.c.obj
TIM_ForcedOC4Config                               CMakeFiles/RTS-Lab.elf.dir/driver/src/stm32f4xx_tim.c.obj
TIM_GenerateEvent                                 CMakeFiles/RTS-Lab.elf.dir/driver/src/stm32f4xx_tim.c.obj
TIM_GetCapture1                                   CMakeFiles/RTS-Lab.elf.dir/driver/src/stm32f4xx_tim.c.obj
TIM_GetCapture2                                   CMakeFiles/RTS-Lab.elf.dir/driver/src/stm32f4xx_tim.c.obj
TIM_GetCapture3                                   CMakeFiles/RTS-Lab.elf.dir/driver/src/stm32f4xx_tim.c.obj
TIM_GetCapture4                                   CMakeFiles/RTS-Lab.elf.dir/driver/src/stm32f4xx_tim.c.obj
TIM_GetCounter                                    CMakeFiles/RTS-Lab.elf.dir/driver/src/stm32f4xx_tim.c.obj
TIM_GetFlagStatus                                 CMakeFiles/RTS-Lab.elf.dir/driver/src/stm32f4xx_tim.c.obj
TIM_GetITStatus                                   CMakeFiles/RTS-Lab.elf.dir/driver/src/stm32f4xx_tim.c.obj
TIM_GetPrescaler                                  CMakeFiles/RTS-Lab.elf.dir/driver/src/stm32f4xx_tim.c.obj
TIM_ICInit                                        CMakeFiles/RTS-Lab.elf.dir/driver/src/stm32f4xx_tim.c.obj
TIM_ICStructInit                                  CMakeFiles/RTS-Lab.elf.dir/driver/src/stm32f4xx_tim.c.obj
TIM_ITConfig                                      CMakeFiles/RTS-Lab.elf.dir/driver/src/stm32f4xx_tim.c.obj
TIM_ITRxExternalClockConfig                       CMakeFiles/RTS-Lab.elf.dir/driver/src/stm32f4xx_tim.c.obj
TIM_InternalClockConfig                           CMakeFiles/RTS-Lab.elf.dir/driver/src/stm32f4xx_tim.c.obj
TIM_OC1FastConfig                                 CMakeFiles/RTS-Lab.elf.dir/driver/src/stm32f4xx_tim.c.obj
TIM_OC1Init                                       CMakeFiles/RTS-Lab.elf.dir/driver/src/stm32f4xx_tim.c.obj
TIM_OC1NPolarityConfig                            CMakeFiles/RTS-Lab.elf.dir/driver/src/stm32f4xx_tim.c.obj
TIM_OC1PolarityConfig                             CMakeFiles/RTS-Lab.elf.dir/driver/src/stm32f4xx_tim.c.obj
TIM_OC1PreloadConfig                              CMakeFiles/RTS-Lab.elf.dir/driver/src/stm32f4xx_tim.c.obj
TIM_OC2FastConfig                                 CMakeFiles/RTS-Lab.elf.dir/driver/src/stm32f4xx_tim.c.obj
TIM_OC2Init                                       CMakeFiles/RTS-Lab.elf.dir/driver/src/stm32f4xx_tim.c.obj
TIM_OC2NPolarityConfig                            CMakeFiles/RTS-Lab.elf.dir/driver/src/stm32f4xx_tim.c.obj
TIM_OC2PolarityConfig                             CMakeFiles/RTS-Lab.elf.dir/driver/src/stm32f4xx_tim.c.obj
TIM_OC2PreloadConfig                              CMakeFiles/RTS-Lab.elf.dir/driver/src/stm32f4xx_tim.c.obj
TIM_OC3FastConfig                                 CMakeFiles/RTS-Lab.elf.dir/driver/src/stm32f4xx_tim.c.obj
TIM_OC3Init                                       CMakeFiles/RTS-Lab.elf.dir/driver/src/stm32f4xx_tim.c.obj
TIM_OC3NPolarityConfig                            CMakeFiles/RTS-Lab.elf.dir/driver/src/stm32f4xx_tim.c.obj
TIM_OC3PolarityConfig                             CMakeFiles/RTS-Lab.elf.dir/driver/src/stm32f4xx_tim.c.obj
TIM_OC3PreloadConfig                              CMakeFiles/RTS-Lab.elf.dir/driver/src/stm32f4xx_tim.c.obj
TIM_OC4FastConfig                                 CMakeFiles/RTS-Lab.elf.dir/driver/src/stm32f4xx_tim.c.obj
TIM_OC4Init                                       CMakeFiles/RTS-Lab.elf.dir/driver/src/stm32f4xx_tim.c.obj
TIM_OC4PolarityConfig                             CMakeFiles/RTS-Lab.elf.dir/driver/src/stm32f4xx_tim.c.obj
TIM_OC4PreloadConfig                              CMakeFiles/RTS-Lab.elf.dir/driver/src/stm32f4xx_tim.c.obj
TIM_OCStructInit                                  CMakeFiles/RTS-Lab.elf.dir/driver/src/stm32f4xx_tim.c.obj
TIM_PWMIConfig                                    CMakeFiles/RTS-Lab.elf.dir/driver/src/stm32f4xx_tim.c.obj
TIM_PrescalerConfig                               CMakeFiles/RTS-Lab.elf.dir/driver/src/stm32f4xx_tim.c.obj
TIM_RemapConfig                                   CMakeFiles/RTS-Lab.elf.dir/driver/src/stm32f4xx_tim.c.obj
TIM_SelectCCDMA                                   CMakeFiles/RTS-Lab.elf.dir/driver/src/stm32f4xx_tim.c.obj
TIM_SelectCOM                                     CMakeFiles/RTS-Lab.elf.dir/driver/src/stm32f4xx_tim.c.obj
TIM_SelectHallSensor                              CMakeFiles/RTS-Lab.elf.dir/driver/src/stm32f4xx_tim.c.obj
TIM_SelectInputTrigger                            CMakeFiles/RTS-Lab.elf.dir/driver/src/stm32f4xx_tim.c.obj
TIM_SelectMasterSlaveMode                         CMakeFiles/RTS-Lab.elf.dir/driver/src/stm32f4xx_tim.c.obj
TIM_SelectOCxM                                    CMakeFiles/RTS-Lab.elf.dir/driver/src/stm32f4xx_tim.c.obj
TIM_SelectOnePulseMode                            CMakeFiles/RTS-Lab.elf.dir/driver/src/stm32f4xx_tim.c.obj
TIM_SelectOutputTrigger                           CMakeFiles/RTS-Lab.elf.dir/driver/src/stm32f4xx_tim.c.obj
TIM_SelectSlaveMode                               CMakeFiles/RTS-Lab.elf.dir/driver/src/stm32f4xx_tim.c.obj
TIM_SetAutoreload                                 CMakeFiles/RTS-Lab.elf.dir/driver/src/stm32f4xx_tim.c.obj
TIM_SetClockDivision                              CMakeFiles/RTS-Lab.elf.dir/driver/src/stm32f4xx_tim.c.obj
TIM_SetCompare1                                   CMakeFiles/RTS-Lab.elf.dir/driver/src/stm32f4xx_tim.c.obj
TIM_SetCompare2                                   CMakeFiles/RTS-Lab.elf.dir/driver/src/stm32f4xx_tim.c.obj
TIM_SetCompare3                                   CMakeFiles/RTS-Lab.elf.dir/driver/src/stm32f4xx_tim.c.obj
TIM_SetCompare4                                   CMakeFiles/RTS-Lab.elf.dir/driver/src/stm32f4xx_tim.c.obj
TIM_SetCounter                                    CMakeFiles/RTS-Lab.elf.dir/driver/src/stm32f4xx_tim.c.obj
TIM_SetIC1Prescaler                               CMakeFiles/RTS-Lab.elf.dir/driver/src/stm32f4xx_tim.c.obj
[...]
                                                  CMakeFiles/RTS-Lab.elf.dir/libraries/FreeRTOS-Kernel/tasks.c.obj
                                                  CMakeFiles/RTS-Lab.elf.dir/libraries/FreeRTOS-Kernel/stream_buffer.c.obj
                                                  CMakeFiles/RTS-Lab.elf.dir/libraries/FreeRTOS-Kernel/queue.c.obj
                                                  CMakeFiles/RTS-Lab.elf.dir/libraries/FreeRTOS-Kernel/event_groups.c.obj
vPortExitCritical                                 CMakeFiles/RTS-Lab.elf.dir/libraries/FreeRTOS-Kernel/portable/GCC/ARM_CM4F/port.c.obj
                                                  CMakeFiles/RTS-Lab.elf.dir/libraries/FreeRTOS-Kernel/timers.c.obj
                                                  CMakeFiles/RTS-Lab.elf.dir/libraries/FreeRTOS-Kernel/tasks.c.obj
                                                  CMakeFiles/RTS-Lab.elf.dir/libraries/FreeRTOS-Kernel/stream_buffer.c.obj
                                                  CMakeFiles/RTS-Lab.elf.dir/libraries/FreeRTOS-Kernel/queue.c.obj
                                                  CMakeFiles/RTS-Lab.elf.dir/libraries/FreeRTOS-Kernel/event_groups.c.obj
vPortSetupTimerInterrupt                          CMakeFiles/RTS-Lab.elf.dir/libraries/FreeRTOS-Kernel/portable/GCC/ARM_CM4F/port.c.obj
vPortValidateInterruptPriority                    CMakeFiles/RTS-Lab.elf.dir/libraries/FreeRTOS-Kernel/portable/GCC/ARM_CM4F/port.c.obj
                                                  CMakeFiles/RTS-Lab.elf.dir/libraries/FreeRTOS-Kernel/tasks.c.obj
                                                  CMakeFiles/RTS-Lab.elf.dir/libraries/FreeRTOS-Kernel/queue.c.obj
vQueueAddToRegistry                               CMakeFiles/RTS-Lab.elf.dir/libraries/FreeRTOS-Kernel/queue.c.obj
                                                  CMakeFiles/RTS-Lab.elf.dir/libraries/FreeRTOS-Kernel/timers.c.obj
vQueueDelete                                      CMakeFiles/RTS-Lab.elf.dir/libraries/FreeRTOS-Kernel/queue.c.obj
vQueueSetQueueNumber                              CMakeFiles/RTS-Lab.elf.dir/libraries/FreeRTOS-Kernel/queue.c.obj
vQueueUnregisterQueue                             CMakeFiles/RTS-Lab.elf.dir/libraries/FreeRTOS-Kernel/queue.c.obj
vQueueWaitForMessageRestricted                    CMakeFiles/RTS-Lab.elf.dir/libraries/FreeRTOS-Kernel/queue.c.obj
                                                  CMakeFiles/RTS-Lab.elf.dir/libraries/FreeRTOS-Kernel/timers.c.obj
vStreamBufferDelete                               CMakeFiles/RTS-Lab.elf.dir/libraries/FreeRTOS-Kernel/stream_buffer.c.obj
vStreamBufferSetStreamBufferNotificationIndex     CMakeFiles/RTS-Lab.elf.dir/libraries/FreeRTOS-Kernel/stream_buffer.c.obj
vStreamBufferSetStreamBufferNumber                CMakeFiles/RTS-Lab.elf.dir/libraries/FreeRTOS-Kernel/stream_buffer.c.obj
vTask1                                            CMakeFiles/RTS-Lab.elf.dir/src/main.c.obj
vTaskDelay                                        CMakeFiles/RTS-Lab.elf.dir/libraries/FreeRTOS-Kernel/tasks.c.obj
                                                  CMakeFiles/RTS-Lab.elf.dir/src/main.c.obj
vTaskDelete                                       CMakeFiles/RTS-Lab.elf.dir/libraries/FreeRTOS-Kernel/tasks.c.obj
vTaskEndScheduler                                 CMakeFiles/RTS-Lab.elf.dir/libraries/FreeRTOS-Kernel/tasks.c.obj
vTaskGenericNotifyGiveFromISR                     CMakeFiles/RTS-Lab.elf.dir/libraries/FreeRTOS-Kernel/tasks.c.obj
vTaskGetInfo                                      CMakeFiles/RTS-Lab.elf.dir/libraries/FreeRTOS-Kernel/tasks.c.obj
vTaskInternalSetTimeOutState                      CMakeFiles/RTS-Lab.elf.dir/libraries/FreeRTOS-Kernel/tasks.c.obj
                                                  CMakeFiles/RTS-Lab.elf.dir/libraries/FreeRTOS-Kernel/queue.c.obj
vTaskMissedYield                                  CMakeFiles/RTS-Lab.elf.dir/libraries/FreeRTOS-Kernel/tasks.c.obj
                                                  CMakeFiles/RTS-Lab.elf.dir/libraries/FreeRTOS-Kernel/queue.c.obj
vTaskPlaceOnEventList                             CMakeFiles/RTS-Lab.elf.dir/libraries/FreeRTOS-Kernel/tasks.c.obj
                                                  CMakeFiles/RTS-Lab.elf.dir/libraries/FreeRTOS-Kernel/queue.c.obj
vTaskPlaceOnEventListRestricted                   CMakeFiles/RTS-Lab.elf.dir/libraries/FreeRTOS-Kernel/tasks.c.obj
                                                  CMakeFiles/RTS-Lab.elf.dir/libraries/FreeRTOS-Kernel/queue.c.obj
vTaskPlaceOnUnorderedEventList                    CMakeFiles/RTS-Lab.elf.dir/libraries/FreeRTOS-Kernel/tasks.c.obj
                                                  CMakeFiles/RTS-Lab.elf.dir/libraries/FreeRTOS-Kernel/event_groups.c.obj
vTaskPriorityDisinheritAfterTimeout               CMakeFiles/RTS-Lab.elf.dir/libraries/FreeRTOS-Kernel/tasks.c.obj
                                                  CMakeFiles/RTS-Lab.elf.dir/libraries/FreeRTOS-Kernel/queue.c.obj
vTaskPrioritySet                                  CMakeFiles/RTS-Lab.elf.dir/libraries/FreeRTOS-Kernel/tasks.c.obj
vTaskRemoveFromUnorderedEventList                 CMakeFiles/RTS-Lab.elf.dir/libraries/FreeRTOS-Kernel/tasks.c.obj
                                                  CMakeFiles/RTS-Lab.elf.dir/libraries/FreeRTOS-Kernel/event_groups.c.obj
vTaskResume                                       CMakeFiles/RTS-Lab.elf.dir/libraries/FreeRTOS-Kernel/tasks.c.obj
vTaskSetTaskNumber                                CMakeFiles/RTS-Lab.elf.dir/libraries/FreeRTOS-Kernel/tasks.c.obj
vTaskSetTimeOutState                              CMakeFiles/RTS-Lab.elf.dir/libraries/FreeRTOS-Kernel/tasks.c.obj
                                                  CMakeFiles/RTS-Lab.elf.dir/libraries/FreeRTOS-Kernel/stream_buffer.c.obj
vTaskStartScheduler                               CMakeFiles/RTS-Lab.elf.dir/libraries/FreeRTOS-Kernel/tasks.c.obj
                                                  CMakeFiles/RTS-Lab.elf.dir/src/main.c.obj
vTaskSuspend                                      CMakeFiles/RTS-Lab.elf.dir/libraries/FreeRTOS-Kernel/tasks.c.obj
vTaskSuspendAll                                   CMakeFiles/RTS-Lab.elf.dir/libraries/FreeRTOS-Kernel/tasks.c.obj
                                                  CMakeFiles/RTS-Lab.elf.dir/libraries/FreeRTOS-Kernel/timers.c.obj
                                                  CMakeFiles/RTS-Lab.elf.dir/libraries/FreeRTOS-Kernel/stream_buffer.c.obj
                                                  CMakeFiles/RTS-Lab.elf.dir/libraries/FreeRTOS-Kernel/queue.c.obj
                                                  CMakeFiles/RTS-Lab.elf.dir/libraries/FreeRTOS-Kernel/event_groups.c.obj
vTaskSwitchContext                                CMakeFiles/RTS-Lab.elf.dir/libraries/FreeRTOS-Kernel/tasks.c.obj
                                                  CMakeFiles/RTS-Lab.elf.dir/libraries/FreeRTOS-Kernel/portable/GCC/ARM_CM4F/port.c.obj
vTimerSetReloadMode                               CMakeFiles/RTS-Lab.elf.dir/libraries/FreeRTOS-Kernel/timers.c.obj
vTimerSetTimerID                                  CMakeFiles/RTS-Lab.elf.dir/libraries/FreeRTOS-Kernel/timers.c.obj
vTimerSetTimerNumber                              CMakeFiles/RTS-Lab.elf.dir/libraries/FreeRTOS-Kernel/timers.c.obj
xEventGroupClearBits                              CMakeFiles/RTS-Lab.elf.dir/libraries/FreeRTOS-Kernel/event_groups.c.obj
xEventGroupClearBitsFromISR                       CMakeFiles/RTS-Lab.elf.dir/libraries/FreeRTOS-Kernel/event_groups.c.obj
xEventGroupCreateStatic                           CMakeFiles/RTS-Lab.elf.dir/libraries/FreeRTOS-Kernel/event_groups.c.obj
xEventGroupGetBitsFromISR                         CMakeFiles/RTS-Lab.elf.dir/libraries/FreeRTOS-Kernel/event_groups.c.obj
xEventGroupGetStaticBuffer                        CMakeFiles/RTS-Lab.elf.dir/libraries/FreeRTOS-Kernel/event_groups.c.obj
xEventGroupSetBits                                CMakeFiles/RTS-Lab.elf.dir/libraries/FreeRTOS-Kernel/event_groups.c.obj
xEventGroupSetBitsFromISR                         CMakeFiles/RTS-Lab.elf.dir/libraries/FreeRTOS-Kernel/event_groups.c.obj
xEventGroupSync                                   CMakeFiles/RTS-Lab.elf.dir/libraries/FreeRTOS-Kernel/event_groups.c.obj
xEventGroupWaitBits                               CMakeFiles/RTS-Lab.elf.dir/libraries/FreeRTOS-Kernel/event_groups.c.obj
xPortStartScheduler                               CMakeFiles/RTS-Lab.elf.dir/libraries/FreeRTOS-Kernel/portable/GCC/ARM_CM4F/port.c.obj
                                                  CMakeFiles/RTS-Lab.elf.dir/libraries/FreeRTOS-Kernel/tasks.c.obj
xQueueCreateCountingSemaphoreStatic               CMakeFiles/RTS-Lab.elf.dir/libraries/FreeRTOS-Kernel/queue.c.obj
xQueueCreateMutexStatic                           CMakeFiles/RTS-Lab.elf.dir/libraries/FreeRTOS-Kernel/queue.c.obj
xQueueGenericCreateStatic                         CMakeFiles/RTS-Lab.elf.dir/libraries/FreeRTOS-Kernel/queue.c.obj
                                                  CMakeFiles/RTS-Lab.elf.dir/libraries/FreeRTOS-Kernel/timers.c.obj
xQueueGenericGetStaticBuffers                     CMakeFiles/RTS-Lab.elf.dir/libraries/FreeRTOS-Kernel/queue.c.obj
xQueueGenericReset                                CMakeFiles/RTS-Lab.elf.dir/libraries/FreeRTOS-Kernel/queue.c.obj
xQueueGenericSend                                 CMakeFiles/RTS-Lab.elf.dir/libraries/FreeRTOS-Kernel/queue.c.obj
                                                  CMakeFiles/RTS-Lab.elf.dir/libraries/FreeRTOS-Kernel/timers.c.obj
xQueueGenericSendFromISR                          CMakeFiles/RTS-Lab.elf.dir/libraries/FreeRTOS-Kernel/queue.c.obj
                                                  CMakeFiles/RTS-Lab.elf.dir/libraries/FreeRTOS-Kernel/timers.c.obj
xQueueGetMutexHolder                              CMakeFiles/RTS-Lab.elf.dir/libraries/FreeRTOS-Kernel/queue.c.obj
xQueueGetMutexHolderFromISR                       CMakeFiles/RTS-Lab.elf.dir/libraries/FreeRTOS-Kernel/queue.c.obj
xQueueGiveFromISR                                 CMakeFiles/RTS-Lab.elf.dir/libraries/FreeRTOS-Kernel/queue.c.obj
xQueueGiveMutexRecursive                          CMakeFiles/RTS-Lab.elf.dir/libraries/FreeRTOS-Kernel/queue.c.obj
xQueueIsQueueEmptyFromISR                         CMakeFiles/RTS-Lab.elf.dir/libraries/FreeRTOS-Kernel/queue.c.obj
xQueueIsQueueFullFromISR                          CMakeFiles/RTS-Lab.elf.dir/libraries/FreeRTOS-Kernel/queue.c.obj
xQueuePeek                                        CMakeFiles/RTS-Lab.elf.dir/libraries/FreeRTOS-Kernel/queue.c.obj
xQueuePeekFromISR                                 CMakeFiles/RTS-Lab.elf.dir/libraries/FreeRTOS-Kernel/queue.c.obj
xQueueReceive                                     CMakeFiles/RTS-Lab.elf.dir/libraries/FreeRTOS-Kernel/queue.c.obj
                                                  CMakeFiles/RTS-Lab.elf.dir/libraries/FreeRTOS-Kernel/timers.c.obj
xQueueReceiveFromISR                              CMakeFiles/RTS-Lab.elf.dir/libraries/FreeRTOS-Kernel/queue.c.obj
xQueueRegistry                                    CMakeFiles/RTS-Lab.elf.dir/libraries/FreeRTOS-Kernel/queue.c.obj
xQueueSemaphoreTake                               CMakeFiles/RTS-Lab.elf.dir/libraries/FreeRTOS-Kernel/queue.c.obj
xQueueTakeMutexRecursive                          CMakeFiles/RTS-Lab.elf.dir/libraries/FreeRTOS-Kernel/queue.c.obj
xStreamBufferBytesAvailable                       CMakeFiles/RTS-Lab.elf.dir/libraries/FreeRTOS-Kernel/stream_buffer.c.obj
xStreamBufferGenericCreateStatic                  CMakeFiles/RTS-Lab.elf.dir/libraries/FreeRTOS-Kernel/stream_buffer.c.obj
xStreamBufferGetStaticBuffers                     CMakeFiles/RTS-Lab.elf.dir/libraries/FreeRTOS-Kernel/stream_buffer.c.obj
xStreamBufferIsEmpty                              CMakeFiles/RTS-Lab.elf.dir/libraries/FreeRTOS-Kernel/stream_buffer.c.obj
xStreamBufferIsFull                               CMakeFiles/RTS-Lab.elf.dir/libraries/FreeRTOS-Kernel/stream_buffer.c.obj
xStreamBufferNextMessageLengthBytes               CMakeFiles/RTS-Lab.elf.dir/libraries/FreeRTOS-Kernel/stream_buffer.c.obj
xStreamBufferReceive                              CMakeFiles/RTS-Lab.elf.dir/libraries/FreeRTOS-Kernel/stream_buffer.c.obj
xStreamBufferReceiveCompletedFromISR              CMakeFiles/RTS-Lab.elf.dir/libraries/FreeRTOS-Kernel/stream_buffer.c.obj
xStreamBufferReceiveFromISR                       CMakeFiles/RTS-Lab.elf.dir/libraries/FreeRTOS-Kernel/stream_buffer.c.obj
xStreamBufferReset                                CMakeFiles/RTS-Lab.elf.dir/libraries/FreeRTOS-Kernel/stream_buffer.c.obj
xStreamBufferSend                                 CMakeFiles/RTS-Lab.elf.dir/libraries/FreeRTOS-Kernel/stream_buffer.c.obj
xStreamBufferSendCompletedFromISR                 CMakeFiles/RTS-Lab.elf.dir/libraries/FreeRTOS-Kernel/stream_buffer.c.obj
xStreamBufferSendFromISR                          CMakeFiles/RTS-Lab.elf.dir/libraries/FreeRTOS-Kernel/stream_buffer.c.obj
xStreamBufferSetTriggerLevel                      CMakeFiles/RTS-Lab.elf.dir/libraries/FreeRTOS-Kernel/stream_buffer.c.obj
xStreamBufferSpacesAvailable                      CMakeFiles/RTS-Lab.elf.dir/libraries/FreeRTOS-Kernel/stream_buffer.c.obj
xTaskCatchUpTicks                                 CMakeFiles/RTS-Lab.elf.dir/libraries/FreeRTOS-Kernel/tasks.c.obj
xTaskCheckForTimeOut                              CMakeFiles/RTS-Lab.elf.dir/libraries/FreeRTOS-Kernel/tasks.c.obj
                                                  CMakeFiles/RTS-Lab.elf.dir/libraries/FreeRTOS-Kernel/stream_buffer.c.obj
                                                  CMakeFiles/RTS-Lab.elf.dir/libraries/FreeRTOS-Kernel/queue.c.obj
xTaskCreateStatic                                 CMakeFiles/RTS-Lab.elf.dir/libraries/FreeRTOS-Kernel/tasks.c.obj
                                                  CMakeFiles/RTS-Lab.elf.dir/src/main.c.obj
                                                  CMakeFiles/RTS-Lab.elf.dir/libraries/FreeRTOS-Kernel/timers.c.obj
xTaskDelayUntil                                   CMakeFiles/RTS-Lab.elf.dir/libraries/FreeRTOS-Kernel/tasks.c.obj
xTaskGenericNotify                                CMakeFiles/RTS-Lab.elf.dir/libraries/FreeRTOS-Kernel/tasks.c.obj
                                                  CMakeFiles/RTS-Lab.elf.dir/libraries/FreeRTOS-Kernel/stream_buffer.c.obj
xTaskGenericNotifyFromISR                         CMakeFiles/RTS-Lab.elf.dir/libraries/FreeRTOS-Kernel/tasks.c.obj
                                                  CMakeFiles/RTS-Lab.elf.dir/libraries/FreeRTOS-Kernel/stream_buffer.c.obj
xTaskGenericNotifyStateClear                      CMakeFiles/RTS-Lab.elf.dir/libraries/FreeRTOS-Kernel/tasks.c.obj
                                                  CMakeFiles/RTS-Lab.elf.dir/libraries/FreeRTOS-Kernel/stream_buffer.c.obj
xTaskGenericNotifyWait                            CMakeFiles/RTS-Lab.elf.dir/libraries/FreeRTOS-Kernel/tasks.c.obj
                                                  CMakeFiles/RTS-Lab.elf.dir/libraries/FreeRTOS-Kernel/stream_buffer.c.obj
xTaskGetCurrentTaskHandle                         CMakeFiles/RTS-Lab.elf.dir/libraries/FreeRTOS-Kernel/tasks.c.obj
                                                  CMakeFiles/RTS-Lab.elf.dir/libraries/FreeRTOS-Kernel/stream_buffer.c.obj
                                                  CMakeFiles/RTS-Lab.elf.dir/libraries/FreeRTOS-Kernel/queue.c.obj
xTaskGetCurrentTaskHandleForCore                  CMakeFiles/RTS-Lab.elf.dir/libraries/FreeRTOS-Kernel/tasks.c.obj
xTaskGetSchedulerState                            CMakeFiles/RTS-Lab.elf.dir/libraries/FreeRTOS-Kernel/tasks.c.obj
                                                  CMakeFiles/RTS-Lab.elf.dir/libraries/FreeRTOS-Kernel/timers.c.obj
                                                  CMakeFiles/RTS-Lab.elf.dir/libraries/FreeRTOS-Kernel/queue.c.obj
                                                  CMakeFiles/RTS-Lab.elf.dir/libraries/FreeRTOS-Kernel/event_groups.c.obj
xTaskGetStaticBuffers                             CMakeFiles/RTS-Lab.elf.dir/libraries/FreeRTOS-Kernel/tasks.c.obj
xTaskGetTickCount                                 CMakeFiles/RTS-Lab.elf.dir/libraries/FreeRTOS-Kernel/tasks.c.obj
                                                  CMakeFiles/RTS-Lab.elf.dir/libraries/FreeRTOS-Kernel/timers.c.obj
xTaskGetTickCountFromISR                          CMakeFiles/RTS-Lab.elf.dir/libraries/FreeRTOS-Kernel/tasks.c.obj
xTaskIncrementTick                                CMakeFiles/RTS-Lab.elf.dir/libraries/FreeRTOS-Kernel/tasks.c.obj
                                                  CMakeFiles/RTS-Lab.elf.dir/libraries/FreeRTOS-Kernel/portable/GCC/ARM_CM4F/port.c.obj
xTaskPriorityDisinherit                           CMakeFiles/RTS-Lab.elf.dir/libraries/FreeRTOS-Kernel/tasks.c.obj
                                                  CMakeFiles/RTS-Lab.elf.dir/libraries/FreeRTOS-Kernel/queue.c.obj
xTaskPriorityInherit                              CMakeFiles/RTS-Lab.elf.dir/libraries/FreeRTOS-Kernel/tasks.c.obj
                                                  CMakeFiles/RTS-Lab.elf.dir/libraries/FreeRTOS-Kernel/queue.c.obj
xTaskRemoveFromEventList                          CMakeFiles/RTS-Lab.elf.dir/libraries/FreeRTOS-Kernel/tasks.c.obj
                                                  CMakeFiles/RTS-Lab.elf.dir/libraries/FreeRTOS-Kernel/queue.c.obj
xTaskResumeAll                                    CMakeFiles/RTS-Lab.elf.dir/libraries/FreeRTOS-Kernel/tasks.c.obj
                                                  CMakeFiles/RTS-Lab.elf.dir/libraries/FreeRTOS-Kernel/timers.c.obj
                                                  CMakeFiles/RTS-Lab.elf.dir/libraries/FreeRTOS-Kernel/stream_buffer.c.obj
                                                  CMakeFiles/RTS-Lab.elf.dir/libraries/FreeRTOS-Kernel/queue.c.obj
                                                  CMakeFiles/RTS-Lab.elf.dir/libraries/FreeRTOS-Kernel/event_groups.c.obj
xTaskResumeFromISR                                CMakeFiles/RTS-Lab.elf.dir/libraries/FreeRTOS-Kernel/tasks.c.obj
xTimerCreateStatic                                CMakeFiles/RTS-Lab.elf.dir/libraries/FreeRTOS-Kernel/timers.c.obj
xTimerCreateTimerTask                             CMakeFiles/RTS-Lab.elf.dir/libraries/FreeRTOS-Kernel/timers.c.obj
                                                  CMakeFiles/RTS-Lab.elf.dir/libraries/FreeRTOS-Kernel/tasks.c.obj
xTimerGenericCommandFromISR                       CMakeFiles/RTS-Lab.elf.dir/libraries/FreeRTOS-Kernel/timers.c.obj
xTimerGenericCommandFromTask                      CMakeFiles/RTS-Lab.elf.dir/libraries/FreeRTOS-Kernel/timers.c.obj
xTimerGetExpiryTime                               CMakeFiles/RTS-Lab.elf.dir/libraries/FreeRTOS-Kernel/timers.c.obj
xTimerGetPeriod                                   CMakeFiles/RTS-Lab.elf.dir/libraries/FreeRTOS-Kernel/timers.c.obj
xTimerGetReloadMode                               CMakeFiles/RTS-Lab.elf.dir/libraries/FreeRTOS-Kernel/timers.c.obj
xTimerGetStaticBuffer                             CMakeFiles/RTS-Lab.elf.dir/libraries/FreeRTOS-Kernel/timers.c.obj
xTimerGetTimerDaemonTaskHandle                    CMakeFiles/RTS-Lab.elf.dir/libraries/FreeRTOS-Kernel/timers.c.obj
                                                  CMakeFiles/RTS-Lab.elf.dir/libraries/FreeRTOS-Kernel/tasks.c.obj
xTimerIsTimerActive                               CMakeFiles/RTS-Lab.elf.dir/libraries/FreeRTOS-Kernel/timers.c.obj
xTimerPendFunctionCall                            CMakeFiles/RTS-Lab.elf.dir/libraries/FreeRTOS-Kernel/timers.c.obj
xTimerPendFunctionCallFromISR                     CMakeFiles/RTS-Lab.elf.dir/libraries/FreeRTOS-Kernel/timers.c.obj
                                                  CMakeFiles/RTS-Lab.elf.dir/libraries/FreeRTOS-Kernel/event_groups.c.obj
