Archive member included to satisfy reference by file (symbol)

/usr/lib/gcc/arm-none-eabi/13.2.0/../../../../arm-none-eabi/lib/thumb/v7e-m+fp/hard/libg_nano.a(libc_a-atexit.o)
                              /usr/lib/gcc/arm-none-eabi/13.2.0/../../../../arm-none-eabi/lib/thumb/v7e-m+fp/hard/crt0.o (atexit)
/usr/lib/gcc/arm-none-eabi/13.2.0/../../../../arm-none-eabi/lib/thumb/v7e-m+fp/hard/libg_nano.a(libc_a-exit.o)
                              /usr/lib/gcc/arm-none-eabi/13.2.0/../../../../arm-none-eabi/lib/thumb/v7e-m+fp/hard/crt0.o (exit)
/usr/lib/gcc/arm-none-eabi/13.2.0/../../../../arm-none-eabi/lib/thumb/v7e-m+fp/hard/libg_nano.a(libc_a-findfp.o)
                              /usr/lib/gcc/arm-none-eabi/13.2.0/../../../../arm-none-eabi/lib/thumb/v7e-m+fp/hard/libg_nano.a(libc_a-exit.o) (__stdio_exit_handler)
/usr/lib/gcc/arm-none-eabi/13.2.0/../../../../arm-none-eabi/lib/thumb/v7e-m+fp/hard/libg_nano.a(libc_a-fwalk.o)
                              /usr/lib/gcc/arm-none-eabi/13.2.0/../../../../arm-none-eabi/lib/thumb/v7e-m+fp/hard/libg_nano.a(libc_a-findfp.o) (_fwalk_sglue)
/usr/lib/gcc/arm-none-eabi/13.2.0/../../../../arm-none-eabi/lib/thumb/v7e-m+fp/hard/libg_nano.a(libc_a-sprintf.o)
                              CMakeFiles/RTS-Lab.elf.dir/libraries/io/io.c.obj (sprintf)
/usr/lib/gcc/arm-none-eabi/13.2.0/../../../../arm-none-eabi/lib/thumb/v7e-m+fp/hard/libg_nano.a(libc_a-stdio.o)
                              /usr/lib/gcc/arm-none-eabi/13.2.0/../../../../arm-none-eabi/lib/thumb/v7e-m+fp/hard/libg_nano.a(libc_a-findfp.o) (__sread)
/usr/lib/gcc/arm-none-eabi/13.2.0/../../../../arm-none-eabi/lib/thumb/v7e-m+fp/hard/libg_nano.a(libc_a-memset.o)
                              /usr/lib/gcc/arm-none-eabi/13.2.0/../../../../arm-none-eabi/lib/thumb/v7e-m+fp/hard/crt0.o (memset)
/usr/lib/gcc/arm-none-eabi/13.2.0/../../../../arm-none-eabi/lib/thumb/v7e-m+fp/hard/libg_nano.a(libc_a-closer.o)
                              /usr/lib/gcc/arm-none-eabi/13.2.0/../../../../arm-none-eabi/lib/thumb/v7e-m+fp/hard/libg_nano.a(libc_a-stdio.o) (_close_r)
/usr/lib/gcc/arm-none-eabi/13.2.0/../../../../arm-none-eabi/lib/thumb/v7e-m+fp/hard/libg_nano.a(libc_a-reent.o)
                              /usr/lib/gcc/arm-none-eabi/13.2.0/../../../../arm-none-eabi/lib/thumb/v7e-m+fp/hard/libg_nano.a(libc_a-closer.o) (errno)
/usr/lib/gcc/arm-none-eabi/13.2.0/../../../../arm-none-eabi/lib/thumb/v7e-m+fp/hard/libg_nano.a(libc_a-impure.o)
                              /usr/lib/gcc/arm-none-eabi/13.2.0/../../../../arm-none-eabi/lib/thumb/v7e-m+fp/hard/libg_nano.a(libc_a-sprintf.o) (_impure_ptr)
/usr/lib/gcc/arm-none-eabi/13.2.0/../../../../arm-none-eabi/lib/thumb/v7e-m+fp/hard/libg_nano.a(libc_a-lseekr.o)
                              /usr/lib/gcc/arm-none-eabi/13.2.0/../../../../arm-none-eabi/lib/thumb/v7e-m+fp/hard/libg_nano.a(libc_a-stdio.o) (_lseek_r)
/usr/lib/gcc/arm-none-eabi/13.2.0/../../../../arm-none-eabi/lib/thumb/v7e-m+fp/hard/libg_nano.a(libc_a-readr.o)
                              /usr/lib/gcc/arm-none-eabi/13.2.0/../../../../arm-none-eabi/lib/thumb/v7e-m+fp/hard/libg_nano.a(libc_a-stdio.o) (_read_r)
/usr/lib/gcc/arm-none-eabi/13.2.0/../../../../arm-none-eabi/lib/thumb/v7e-m+fp/hard/libg_nano.a(libc_a-writer.o)
                              /usr/lib/gcc/arm-none-eabi/13.2.0/../../../../arm-none-eabi/lib/thumb/v7e-m+fp/hard/libg_nano.a(libc_a-stdio.o) (_write_r)
/usr/lib/gcc/arm-none-eabi/13.2.0/../../../../arm-none-eabi/lib/thumb/v7e-m+fp/hard/libg_nano.a(libc_a-init.o)
                              /usr/lib/gcc/arm-none-eabi/13.2.0/../../../../arm-none-eabi/lib/thumb/v7e-m+fp/hard/crt0.o (__libc_init_array)
/usr/lib/gcc/arm-none-eabi/13.2.0/../../../../arm-none-eabi/lib/thumb/v7e-m+fp/hard/libg_nano.a(libc_a-fini.o)
                              /usr/lib/gcc/arm-none-eabi/13.2.0/../../../../arm-none-eabi/lib/thumb/v7e-m+fp/hard/crt0.o (__libc_fini_array)
/usr/lib/gcc/arm-none-eabi/13.2.0/../../../../arm-none-eabi/lib/thumb/v7e-m+fp/hard/libg_nano.a(libc_a-lock.o)
                              /usr/lib/gcc/arm-none-eabi/13.2.0/../../../../arm-none-eabi/lib/thumb/v7e-m+fp/hard/libg_nano.a(libc_a-findfp.o) (__retarget_lock_init_recursive)
/usr/lib/gcc/arm-none-eabi/13.2.0/../../../../arm-none-eabi/lib/thumb/v7e-m+fp/hard/libg_nano.a(libc_a-memcpy-stub.o)
                              CMakeFiles/RTS-Lab.elf.dir/libraries/FreeRTOS-Kernel/queue.c.obj (memcpy)
/usr/lib/gcc/arm-none-eabi/13.2.0/../../../../arm-none-eabi/lib/thumb/v7e-m+fp/hard/libg_nano.a(libc_a-__atexit.o)
                              /usr/lib/gcc/arm-none-eabi/13.2.0/../../../../arm-none-eabi/lib/thumb/v7e-m+fp/hard/libg_nano.a(libc_a-atexit.o) (__register_exitproc)
/usr/lib/gcc/arm-none-eabi/13.2.0/../../../../arm-none-eabi/lib/thumb/v7e-m+fp/hard/libg_nano.a(libc_a-__call_atexit.o)
                              /usr/lib/gcc/arm-none-eabi/13.2.0/../../../../arm-none-eabi/lib/thumb/v7e-m+fp/hard/libg_nano.a(libc_a-__atexit.o) (__call_exitprocs)
[...]
Memory Configuration

Name             Origin             Length             Attributes
RAM              0x20000000         0x0001c000         xrw
*default*        0x00000000         0xffffffff

Linker script and memory map

LOAD /usr/lib/gcc/arm-none-eabi/13.2.0/thumb/v7e-m+fp/hard/crti.o
LOAD /usr/lib/gcc/arm-none-eabi/13.2.0/thumb/v7e-m+fp/hard/crtbegin.o
LOAD /usr/lib/gcc/arm-none-eabi/13.2.0/../../../../arm-none-eabi/lib/thumb/v7e-m+fp/hard/crt0.o
LOAD CMakeFiles/RTS-Lab.elf.dir/vectors.s.obj
LOAD CMakeFiles/RTS-Lab.elf.dir/device/src/system_stm32f4xx.c.obj
LOAD CMakeFiles/RTS-Lab.elf.dir/libraries/FreeRTOS-Kernel/event_groups.c.obj
LOAD CMakeFiles/RTS-Lab.elf.dir/libraries/FreeRTOS-Kernel/list.c.obj
LOAD CMakeFiles/RTS-Lab.elf.dir/libraries/FreeRTOS-Kernel/queue.c.obj
LOAD CMakeFiles/RTS-Lab.elf.dir/libraries/FreeRTOS-Kernel/stream_buffer.c.obj
LOAD CMakeFiles/RTS-Lab.elf.dir/libraries/FreeRTOS-Kernel/tasks.c.obj
LOAD CMakeFiles/RTS-Lab.elf.dir/libraries/FreeRTOS-Kernel/timers.c.obj
LOAD CMakeFiles/RTS-Lab.elf.dir/libraries/FreeRTOS-Kernel/portable/GCC/ARM_CM4F/port.c.obj
LOAD CMakeFiles/RTS-Lab.elf.dir/libraries/io/io.c.obj
LOAD CMakeFiles/RTS-Lab.elf.dir/driver/src/stm32f4xx_can.c.obj
LOAD CMakeFiles/RTS-Lab.elf.dir/driver/src/stm32f4xx_dac.c.obj
LOAD CMakeFiles/RTS-Lab.elf.dir/driver/src/stm32f4xx_exti.c.obj
LOAD CMakeFiles/RTS-Lab.elf.dir/driver/src/stm32f4xx_gpio.c.obj
LOAD CMakeFiles/RTS-Lab.elf.dir/driver/src/stm32f4xx_rcc.c.obj
LOAD CMakeFiles/RTS-Lab.elf.dir/driver/src/stm32f4xx_syscfg.c.obj
LOAD CMakeFiles/RTS-Lab.elf.dir/driver/src/stm32f4xx_tim.c.obj
LOAD CMakeFiles/RTS-Lab.elf.dir/driver/src/stm32f4xx_usart.c.obj
LOAD CMakeFiles/RTS-Lab.elf.dir/startup.c.obj
LOAD CMakeFiles/RTS-Lab.elf.dir/src/main.c.obj
LOAD /usr/lib/gcc/arm-none-eabi/13.2.0/../../../../arm-none-eabi/lib/thumb/v7e-m+fp/hard/libm.a
START GROUP
LOAD /usr/lib/gcc/arm-none-eabi/13.2.0/thumb/v7e-m+fp/hard/libgcc.a
LOAD /usr/lib/gcc/arm-none-eabi/13.2.0/../../../../arm-none-eabi/lib/thumb/v7e-m+fp/hard/libg_nano.a
LOAD /usr/lib/gcc/arm-none-eabi/13.2.0/../../../../arm-none-eabi/lib/thumb/v7e-m+fp/hard/libc_nano.a
END GROUP
START GROUP
LOAD /usr/lib/gcc/arm-none-eabi/13.2.0/thumb/v7e-m+fp/hard/libgcc.a
LOAD /usr/lib/gcc/arm-none-eabi/13.2.0/../../../../arm-none-eabi/lib/thumb/v7e-m+fp/hard/libc_nano.a
LOAD /usr/lib/gcc/arm-none-eabi/13.2.0/../../../../arm-none-eabi/lib/thumb/v7e-m+fp/hard/libnosys.a
END GROUP
START GROUP
LOAD /usr/lib/gcc/arm-none-eabi/13.2.0/thumb/v7e-m+fp/hard/libgcc.a
LOAD /usr/lib/gcc/arm-none-eabi/13.2.0/../../../../arm-none-eabi/lib/thumb/v7e-m+fp/hard/libc_nano.a
LOAD /usr/lib/gcc/arm-none-eabi/13.2.0/../../../../arm-none-eabi/lib/thumb/v7e-m+fp/hard/libnosys.a
END GROUP
LOAD /usr/lib/gcc/arm-none-eabi/13.2.0/thumb/v7e-m+fp/hard/crtend.o
LOAD /usr/lib/gcc/arm-none-eabi/13.2.0/thumb/v7e-m+fp/hard/crtn.o

.text           0x20000000     0xe0c8
                0x20000000                        . = ALIGN (0x4)
 *(.start_section)
 .start_section
                0x20000000       0x1c CMakeFiles/RTS-Lab.elf.dir/startup.c.obj
                0x20000000                startup
 *(.text)
 .text          0x2000001c        0x0 /usr/lib/gcc/arm-none-eabi/13.2.0/thumb/v7e-m+fp/hard/crti.o
 .text          0x2000001c        0x0 /usr/lib/gcc/arm-none-eabi/13.2.0/thumb/v7e-m+fp/hard/crtbegin.o
 .text          0x2000001c       0x70 /usr/lib/gcc/arm-none-eabi/13.2.0/../../../../arm-none-eabi/lib/thumb/v7e-m+fp/hard/crt0.o
                0x2000001c                _stack_init
                0x20000024                _mainCRTStartup
                0x20000024                _start
 .text          0x2000008c       0x14 CMakeFiles/RTS-Lab.elf.dir/vectors.s.obj
 .text          0x200000a0      0x170 CMakeFiles/RTS-Lab.elf.dir/device/src/system_stm32f4xx.c.obj
                0x200000a0                SystemInit
                0x20000110                SystemCoreClockUpdate
 .text          0x20000210      0x730 CMakeFiles/RTS-Lab.elf.dir/libraries/FreeRTOS-Kernel/event_groups.c.obj
                0x20000210                xEventGroupCreateStatic
                0x2000027c                xEventGroupSync
                0x200003dc                xEventGroupWaitBits
                0x20000580                xEventGroupClearBits
                0x200005f2                xEventGroupClearBitsFromISR
                0x20000618                xEventGroupGetBitsFromISR
                0x20000660                xEventGroupSetBits
                0x20000778                vEventGroupDelete
                0x200007f4                xEventGroupGetStaticBuffer
                0x20000856                vEventGroupSetBitsCallback
                0x20000870                vEventGroupClearBitsCallback
                0x200008ce                xEventGroupSetBitsFromISR
                0x200008f8                uxEventGroupGetNumber
                0x20000924                vEventGroupSetNumber
 .text          0x20000940      0x168 CMakeFiles/RTS-Lab.elf.dir/libraries/FreeRTOS-Kernel/list.c.obj
                0x20000940                vListInitialise
                0x20000980                vListInitialiseItem
                0x2000099a                vListInsertEnd
                0x200009e2                vListInsert
                0x20000a54                uxListRemove
 .text          0x20000aa8     0x1778 CMakeFiles/RTS-Lab.elf.dir/libraries/FreeRTOS-Kernel/queue.c.obj
                0x20000aa8                xQueueGenericReset
                0x20000bcc                xQueueGenericCreateStatic
                0x20000c86                xQueueGenericGetStaticBuffers
                0x20000d72                xQueueCreateMutexStatic
                0x20000da8                xQueueGetMutexHolder
                0x20000df8                xQueueGetMutexHolderFromISR
                0x20000e40                xQueueGiveMutexRecursive
                0x20000eaa                xQueueTakeMutexRecursive
                0x20000f18                xQueueCreateCountingSemaphoreStatic
                0x20000f7e                xQueueGenericSend
                0x20001184                xQueueGenericSendFromISR
                0x200012f0                xQueueGiveFromISR
                0x20001440                xQueueReceive
                0x20001604                xQueueSemaphoreTake
                0x20001804                xQueuePeek
                0x200019cc                xQueueReceiveFromISR
                0x20001b00                xQueuePeekFromISR
                0x20001bd8                uxQueueMessagesWaiting
                0x20001c16                uxQueueSpacesAvailable
                0x20001c5e                uxQueueMessagesWaitingFromISR
                0x20001c9c                vQueueDelete
                0x20001cd4                uxQueueGetQueueNumber
                0x20001cec                vQueueSetQueueNumber
                0x20001d08                ucQueueGetQueueType
                0x20001d22                uxQueueGetQueueItemSize
                0x20001d3a                uxQueueGetQueueLength
                0x20001f72                xQueueIsQueueEmptyFromISR
                0x20001fec                xQueueIsQueueFullFromISR
                0x2000203a                vQueueAddToRegistry
                0x200020d8                pcQueueGetName
                0x20002144                vQueueUnregisterQueue
                0x200021b8                vQueueWaitForMessageRestricted
 .text          0x20002220      0xf60 CMakeFiles/RTS-Lab.elf.dir/libraries/FreeRTOS-Kernel/stream_buffer.c.obj
                0x20002220                xStreamBufferGenericCreateStatic
                0x20002332                xStreamBufferGetStaticBuffers
                0x200023ce                vStreamBufferDelete
                0x20002436                xStreamBufferReset
                0x200024c2                xStreamBufferSetTriggerLevel
                0x20002520                xStreamBufferSpacesAvailable
                0x20002598                xStreamBufferBytesAvailable
                0x200025d4                xStreamBufferSend
                0x2000277e                xStreamBufferSendFromISR
                0x200028fc                xStreamBufferReceive
                0x20002a3a                xStreamBufferNextMessageLengthBytes
                0x20002ac6                xStreamBufferReceiveFromISR
                0x20002c24                xStreamBufferIsEmpty
                0x20002c76                xStreamBufferIsFull
                0x20002cd8                xStreamBufferSendCompletedFromISR
                0x20002d66                xStreamBufferReceiveCompletedFromISR
                0x20003058                uxStreamBufferGetStreamBufferNotificationIndex
                0x20003092                vStreamBufferSetStreamBufferNotificationIndex
                0x2000312e                uxStreamBufferGetStreamBufferNumber
                0x20003146                vStreamBufferSetStreamBufferNumber
                0x20003162                ucStreamBufferGetStreamBufferType
 .text          0x20003180     0x3178 CMakeFiles/RTS-Lab.elf.dir/libraries/FreeRTOS-Kernel/tasks.c.obj
                0x2000323a                xTaskCreateStatic
                0x200034d4                vTaskDelete
                0x200035e0                xTaskDelayUntil
                0x200036e4                vTaskDelay
                0x20003750                eTaskGetState
                0x20003860                uxTaskPriorityGet
                0x20003894                uxTaskPriorityGetFromISR
                0x200038ec                uxTaskBasePriorityGet
                0x20003920                uxTaskBasePriorityGetFromISR
                0x20003978                vTaskPrioritySet
                0x20003b14                vTaskSuspend
                0x20003cac                vTaskResume
                0x20003dc0                xTaskResumeFromISR
                0x20003fd4                vTaskStartScheduler
                0x2000405c                vTaskEndScheduler
                0x200040c0                vTaskSuspendAll
                0x200040dc                xTaskResumeAll
                0x200042f0                xTaskGetTickCount
                0x20004310                xTaskGetTickCountFromISR
                0x20004334                uxTaskGetNumberOfTasks
                0x2000434c                pcTaskGetName
                0x20004398                xTaskGetStaticBuffers
                0x20004414                uxTaskGetSystemState
                0x20004530                xTaskCatchUpTicks
                0x20004588                xTaskIncrementTick
                0x200047bc                vTaskSwitchContext
                0x2000487c                vTaskPlaceOnEventList
                0x200048c8                vTaskPlaceOnUnorderedEventList
                0x20004978                vTaskPlaceOnEventListRestricted
                0x20004a04                xTaskRemoveFromEventList
                0x20004bb8                vTaskRemoveFromUnorderedEventList
                0x20004d44                vTaskSetTimeOutState
                0x20004d94                vTaskInternalSetTimeOutState
                0x20004dc0                xTaskCheckForTimeOut
                0x20004e90                vTaskMissedYield
                0x20004ea8                uxTaskGetTaskNumber
                0x20004ed4                vTaskSetTaskNumber
                0x20005004                vTaskGetInfo
                0x200051ea                uxTaskGetStackHighWaterMark
                0x2000526c                xTaskGetCurrentTaskHandle
                0x2000528c                xTaskGetCurrentTaskHandleForCore
                0x200052bc                xTaskGetSchedulerState
                0x200052f8                xTaskPriorityInherit
                0x2000541c                xTaskPriorityDisinherit
                0x20005550                vTaskPriorityDisinheritAfterTimeout
                0x200056ac                uxTaskResetEventItemValue
                0x200056dc                pvTaskIncrementMutexHeldCount
                0x2000570c                ulTaskGenericNotifyTake
                0x20005808                xTaskGenericNotifyWait
                0x20005938                xTaskGenericNotify
                0x20005b98                xTaskGenericNotifyFromISR
                0x20005e6c                vTaskGenericNotifyGiveFromISR
                0x20006088                xTaskGenericNotifyStateClear
                0x200060fc                ulTaskGenericNotifyValueClear
                0x20006258                vTaskResetState
 .text          0x200062f8      0xb90 CMakeFiles/RTS-Lab.elf.dir/libraries/FreeRTOS-Kernel/timers.c.obj
                0x200062f8                xTimerCreateTimerTask
                0x2000638c                xTimerCreateStatic
                0x2000647e                xTimerGenericCommandFromTask
                0x20006524                xTimerGenericCommandFromISR
                0x200065ac                xTimerGetTimerDaemonTaskHandle
                0x200065e8                xTimerGetPeriod
                0x20006622                vTimerSetReloadMode
                0x2000668a                xTimerGetReloadMode
                0x200066de                uxTimerGetReloadMode
                0x200066fa                xTimerGetExpiryTime
                0x20006738                xTimerGetStaticBuffer
                0x20006790                pcTimerGetName
                0x20006cb8                xTimerIsTimerActive
                0x20006d0c                pvTimerGetTimerID
                0x20006d4e                vTimerSetTimerID
                0x20006d90                xTimerPendFunctionCallFromISR
                0x20006dd0                xTimerPendFunctionCall
                0x20006e30                uxTimerGetTimerNumber
                0x20006e48                vTimerSetTimerNumber
                0x20006e64                vTimerResetState
 *fill*         0x20006e88        0x8 
 .text          0x20006e90      0x56c CMakeFiles/RTS-Lab.elf.dir/libraries/FreeRTOS-Kernel/portable/GCC/ARM_CM4F/port.c.obj
                0x20006e90                pxPortInitialiseStack
                0x20006f54                SVC_Handler
                0x20006f9e                xPortStartScheduler
                0x20007188                vPortEndScheduler
                0x200071c0                vPortEnterCritical
                0x20007224                vPortExitCritical
                0x20007278                PendSV_Handler
                0x200072e6                SysTick_Handler
                0x2000732c                vPortSetupTimerInterrupt
                0x2000737a                vPortValidateInterruptPriority
 .text          0x200073fc      0x350 CMakeFiles/RTS-Lab.elf.dir/libraries/io/io.c.obj
                0x200073fc                print
                0x2000745c                printf
 .text          0x2000774c     0x11b4 CMakeFiles/RTS-Lab.elf.dir/driver/src/stm32f4xx_can.c.obj
                0x2000774c                CAN_DeInit
                0x20007794                CAN_Init
                0x20007936                CAN_FilterInit
                0x20007abc                CAN_StructInit
                0x20007b12                CAN_SlaveStartBank
                0x20007b74                CAN_DBGFreeze
                0x20007bac                CAN_TTComModeCmd
                0x20007c44                CAN_Transmit
                0x20007de6                CAN_TransmitStatus
                0x20007eec                CAN_CancelTransmit
                0x20007f44                CAN_Receive
                0x200080c0                CAN_FIFORelease
                0x200080f8                CAN_MessagePending
                0x20008142                CAN_OperatingModeRequest
                0x2000823e                CAN_Sleep
                0x20008278                CAN_WakeUp
                0x200082ce                CAN_GetLastErrorCode
                0x200082f4                CAN_GetReceiveErrorCounter
                0x20008316                CAN_GetLSBTransmitErrorCounter
                0x20008338                CAN_ITConfig
                0x20008374                CAN_GetFlagStatus
                0x20008442                CAN_ClearFlag
                0x200084b4                CAN_GetITStatus
                0x20008718                CAN_ClearITPendingBit
 .text          0x20008900      0x450 CMakeFiles/RTS-Lab.elf.dir/driver/src/stm32f4xx_dac.c.obj
                0x20008900                DAC_DeInit
                0x2000891c                DAC_Init
                0x20008984                DAC_StructInit
                0x200089b0                DAC_Cmd
                0x200089fc                DAC_SoftwareTriggerCmd
                0x20008a4c                DAC_DualSoftwareTriggerCmd
                0x20008a88                DAC_WaveGenerationCmd
                0x20008ad4                DAC_SetChannel1Data
                0x20008b0c                DAC_SetChannel2Data
                0x20008b44                DAC_SetDualChannelData
                0x20008b9c                DAC_GetDataOutputValue
                0x20008bd0                DAC_DMACmd
                0x20008c20                DAC_ITConfig
                0x20008c6c                DAC_GetFlagStatus
                0x20008ca8                DAC_ClearFlag
                0x20008cd0                DAC_GetITStatus
                0x20008d28                DAC_ClearITPendingBit
 .text          0x20008d50      0x210 CMakeFiles/RTS-Lab.elf.dir/driver/src/stm32f4xx_exti.c.obj
                0x20008d50                EXTI_DeInit
                0x20008d84                EXTI_Init
                0x20008e68                EXTI_StructInit
                0x20008e94                EXTI_GenerateSWInterrupt
                0x20008eb8                EXTI_GetFlagStatus
                0x20008eec                EXTI_ClearFlag
                0x20008f0c                EXTI_GetITStatus
                0x20008f40                EXTI_ClearITPendingBit
 .text          0x20008f60      0x4d8 CMakeFiles/RTS-Lab.elf.dir/driver/src/stm32f4xx_gpio.c.obj
                0x20008f60                GPIO_DeInit
                0x200090c4                GPIO_Init
                0x200091e2                GPIO_StructInit
                0x20009216                GPIO_PinLockConfig
                0x2000925a                GPIO_ReadInputDataBit
                0x2000928e                GPIO_ReadInputData
                0x200092a8                GPIO_ReadOutputDataBit
                0x200092dc                GPIO_ReadOutputData
                0x200092f6                GPIO_SetBits
                0x20009314                GPIO_ResetBits
                0x20009332                GPIO_WriteBit
                0x20009362                GPIO_Write
                0x20009380                GPIO_ToggleBits
                0x200093a4                GPIO_PinAFConfig
 .text          0x20009438      0xcb0 CMakeFiles/RTS-Lab.elf.dir/driver/src/stm32f4xx_rcc.c.obj
                0x20009438                RCC_DeInit
                0x200094a8                RCC_HSEConfig
                0x200094d0                RCC_WaitForHSEStartUp
                0x20009520                RCC_AdjustHSICalibrationValue
                0x2000955c                RCC_HSICmd
                0x2000957c                RCC_LSEConfig
                0x200095c0                RCC_LSICmd
                0x200095e0                RCC_PLLConfig
                0x20009620                RCC_PLLCmd
                0x20009640                RCC_PLLI2SConfig
                0x2000966c                RCC_PLLI2SCmd
                0x2000968c                RCC_PLLSAIConfig
                0x200096c0                RCC_PLLSAICmd
                0x200096e0                RCC_ClockSecuritySystemCmd
                0x20009700                RCC_MCO1Config
                0x20009740                RCC_MCO2Config
                0x20009780                RCC_SYSCLKConfig
                0x200097b8                RCC_GetSYSCLKSource
                0x200097d8                RCC_HCLKConfig
                0x20009810                RCC_PCLK1Config
                0x20009848                RCC_PCLK2Config
                0x20009884                RCC_GetClocksFreq
                0x200099e0                RCC_RTCCLKConfig
                0x20009a3c                RCC_RTCCLKCmd
                0x20009a5c                RCC_BackupResetCmd
                0x20009a7c                RCC_I2SCLKConfig
                0x20009a9c                RCC_SAIPLLI2SClkDivConfig
                0x20009adc                RCC_SAIPLLSAIClkDivConfig
                0x20009b1c                RCC_SAIBlockACLKConfig
                0x20009b58                RCC_SAIBlockBCLKConfig
                0x20009b94                RCC_LTDCCLKDivConfig
                0x20009bd0                RCC_TIMCLKPresConfig
                0x20009bf0                RCC_AHB1PeriphClockCmd
                0x20009c30                RCC_AHB2PeriphClockCmd
                0x20009c70                RCC_AHB3PeriphClockCmd
                0x20009cb0                RCC_APB1PeriphClockCmd
                0x20009cf0                RCC_APB2PeriphClockCmd
                0x20009d30                RCC_AHB1PeriphResetCmd
                0x20009d70                RCC_AHB2PeriphResetCmd
                0x20009db0                RCC_AHB3PeriphResetCmd
                0x20009df0                RCC_APB1PeriphResetCmd
                0x20009e30                RCC_APB2PeriphResetCmd
                0x20009e70                RCC_AHB1PeriphClockLPModeCmd
                0x20009eb0                RCC_AHB2PeriphClockLPModeCmd
                0x20009ef0                RCC_AHB3PeriphClockLPModeCmd
                0x20009f30                RCC_APB1PeriphClockLPModeCmd
                0x20009f70                RCC_APB2PeriphClockLPModeCmd
                0x20009fb0                RCC_ITConfig
                0x20009ffc                RCC_GetFlagStatus
                0x2000a070                RCC_ClearFlag
                0x2000a090                RCC_GetITStatus
                0x2000a0c8                RCC_ClearITPendingBit
 .text          0x2000a0e8      0x154 CMakeFiles/RTS-Lab.elf.dir/driver/src/stm32f4xx_syscfg.c.obj
                0x2000a0e8                SYSCFG_DeInit
                0x2000a104                SYSCFG_MemoryRemapConfig
                0x2000a124                SYSCFG_MemorySwappingBank
                0x2000a144                SYSCFG_EXTILineConfig
                0x2000a1c8                SYSCFG_ETH_MediaInterfaceConfig
                0x2000a1e8                SYSCFG_CompensationCellCmd
                0x2000a208                SYSCFG_GetCompensationCellStatus
 .text          0x2000a23c     0x1c1c CMakeFiles/RTS-Lab.elf.dir/driver/src/stm32f4xx_tim.c.obj
                0x2000a23c                TIM_DeInit
                0x2000a3fc                TIM_TimeBaseInit
                0x2000a4d4                TIM_TimeBaseStructInit
                0x2000a508                TIM_PrescalerConfig
                0x2000a530                TIM_CounterModeConfig
                0x2000a568                TIM_SetCounter
                0x2000a584                TIM_SetAutoreload
                0x2000a5a0                TIM_GetCounter
                0x2000a5b8                TIM_GetPrescaler
                0x2000a5d2                TIM_UpdateDisableConfig
                0x2000a612                TIM_UpdateRequestConfig
                0x2000a652                TIM_ARRPreloadConfig
                0x2000a692                TIM_SelectOnePulseMode
                0x2000a6ca                TIM_SetClockDivision
                0x2000a702                TIM_Cmd
                0x2000a742                TIM_OC1Init
                0x2000a838                TIM_OC2Init
                0x2000a948                TIM_OC3Init
                0x2000aa54                TIM_OC4Init
                0x2000ab24                TIM_OCStructInit
                0x2000ab68                TIM_SelectOCxM
                0x2000ac1e                TIM_SetCompare1
                0x2000ac3a                TIM_SetCompare2
                0x2000ac56                TIM_SetCompare3
                0x2000ac72                TIM_SetCompare4
                0x2000ac8e                TIM_ForcedOC1Config
                0x2000acc6                TIM_ForcedOC2Config
                0x2000ad02                TIM_ForcedOC3Config
                0x2000ad3a                TIM_ForcedOC4Config
                0x2000ad76                TIM_OC1PreloadConfig
                0x2000adae                TIM_OC2PreloadConfig
                0x2000adea                TIM_OC3PreloadConfig
                0x2000ae22                TIM_OC4PreloadConfig
                0x2000ae5e                TIM_OC1FastConfig
                0x2000ae96                TIM_OC2FastConfig
                0x2000aed2                TIM_OC3FastConfig
                0x2000af0a                TIM_OC4FastConfig
                0x2000af46                TIM_ClearOC1Ref
                0x2000af7e                TIM_ClearOC2Ref
                0x2000afba                TIM_ClearOC3Ref
                0x2000aff2                TIM_ClearOC4Ref
                0x2000b02e                TIM_OC1PolarityConfig
                0x2000b066                TIM_OC1NPolarityConfig
                0x2000b09e                TIM_OC2PolarityConfig
                0x2000b0da                TIM_OC2NPolarityConfig
                0x2000b116                TIM_OC3PolarityConfig
                0x2000b152                TIM_OC3NPolarityConfig
                0x2000b18e                TIM_OC4PolarityConfig
                0x2000b1ca                TIM_CCxCmd
                0x2000b220                TIM_CCxNCmd
                0x2000b276                TIM_ICInit
                0x2000b31e                TIM_ICStructInit
                0x2000b350                TIM_PWMIConfig
                0x2000b408                TIM_GetCapture1
                0x2000b420                TIM_GetCapture2
                0x2000b438                TIM_GetCapture3
                0x2000b450                TIM_GetCapture4
                0x2000b468                TIM_SetIC1Prescaler
                0x2000b4a0                TIM_SetIC2Prescaler
                0x2000b4dc                TIM_SetIC3Prescaler
                0x2000b514                TIM_SetIC4Prescaler
                0x2000b550                TIM_BDTRConfig
                0x2000b5a0                TIM_BDTRStructInit
                0x2000b5de                TIM_CtrlPWMOutputs
                0x2000b62a                TIM_SelectCOM
                0x2000b66a                TIM_CCPreloadControl
                0x2000b6aa                TIM_ITConfig
                0x2000b6f2                TIM_GenerateEvent
                0x2000b710                TIM_GetFlagStatus
                0x2000b748                TIM_ClearFlag
                0x2000b76a                TIM_GetITStatus
                0x2000b7be                TIM_ClearITPendingBit
                0x2000b7e0                TIM_DMAConfig
                0x2000b80a                TIM_DMACmd
                0x2000b852                TIM_SelectCCDMA
                0x2000b892                TIM_InternalClockConfig
                0x2000b8b6                TIM_ITRxExternalClockConfig
                0x2000b8e4                TIM_TIxExternalClockConfig
                0x2000b940                TIM_ETRClockMode1Config
                0x2000b99e                TIM_ETRClockMode2Config
                0x2000b9dc                TIM_SelectInputTrigger
                0x2000ba14                TIM_SelectOutputTrigger
                0x2000ba4c                TIM_SelectSlaveMode
                0x2000ba84                TIM_SelectMasterSlaveMode
                0x2000babc                TIM_ETRConfig
                0x2000bb10                TIM_EncoderInterfaceConfig
                0x2000bba8                TIM_SelectHallSensor
                0x2000bbe8                TIM_RemapConfig
 .text          0x2000be58      0x970 CMakeFiles/RTS-Lab.elf.dir/driver/src/stm32f4xx_usart.c.obj
                0x2000be58                USART_DeInit
                0x2000bf70                USART_Init
                0x2000c0e4                USART_StructInit
                0x2000c11e                USART_ClockInit
                0x2000c174                USART_ClockStructInit
                0x2000c1a0                USART_Cmd
                0x2000c1e0                USART_SetPrescaler
                0x2000c21a                USART_OverSampling8Cmd
                0x2000c25e                USART_OneBitMethodCmd
                0x2000c29e                USART_SendData
                0x2000c2c2                USART_ReceiveData
                0x2000c2e2                USART_SetAddress
                0x2000c31c                USART_ReceiverWakeUpCmd
                0x2000c35c                USART_WakeUpConfig
                0x2000c394                USART_LINBreakDetectLengthConfig
                0x2000c3cc                USART_LINCmd
                0x2000c40c                USART_SendBreak
                0x2000c430                USART_HalfDuplexCmd
                0x2000c470                USART_SetGuardTime
                0x2000c4ac                USART_SmartCardCmd
                0x2000c4ec                USART_SmartCardNACKCmd
                0x2000c52c                USART_IrDAConfig
                0x2000c564                USART_IrDACmd
                0x2000c5a4                USART_DMACmd
                0x2000c5ec                USART_ITConfig
                0x2000c67c                USART_GetFlagStatus
                0x2000c6b4                USART_ClearFlag
                0x2000c6d6                USART_GetITStatus
                0x2000c78c                USART_ClearITPendingBit
 .text          0x2000c7c8      0x32c CMakeFiles/RTS-Lab.elf.dir/startup.c.obj
 .text          0x2000caf4      0x114 CMakeFiles/RTS-Lab.elf.dir/src/main.c.obj
                0x2000caf4                vTask1
                0x2000cb44                main
                0x2000cba0                vApplicationGetIdleTaskMemory
                0x2000cbd4                vApplicationGetTimerTaskMemory
 .text          0x2000cc08        0x0 /usr/lib/gcc/arm-none-eabi/13.2.0/../../../../arm-none-eabi/lib/thumb/v7e-m+fp/hard/libg_nano.a(libc_a-atexit.o)
 .text          0x2000cc08        0x0 /usr/lib/gcc/arm-none-eabi/13.2.0/../../../../arm-none-eabi/lib/thumb/v7e-m+fp/hard/libg_nano.a(libc_a-exit.o)
 .text          0x2000cc08        0x0 /usr/lib/gcc/arm-none-eabi/13.2.0/../../../../arm-none-eabi/lib/thumb/v7e-m+fp/hard/libg_nano.a(libc_a-findfp.o)
 .text          0x2000cc08        0x0 /usr/lib/gcc/arm-none-eabi/13.2.0/../../../../arm-none-eabi/lib/thumb/v7e-m+fp/hard/libg_nano.a(libc_a-fwalk.o)
 .text          0x2000cc08        0x0 /usr/lib/gcc/arm-none-eabi/13.2.0/../../../../arm-none-eabi/lib/thumb/v7e-m+fp/hard/libg_nano.a(libc_a-sprintf.o)
 .text          0x2000cc08        0x0 /usr/lib/gcc/arm-none-eabi/13.2.0/../../../../arm-none-eabi/lib/thumb/v7e-m+fp/hard/libg_nano.a(libc_a-stdio.o)
 .text          0x2000cc08        0x0 /usr/lib/gcc/arm-none-eabi/13.2.0/../../../../arm-none-eabi/lib/thumb/v7e-m+fp/hard/libg_nano.a(libc_a-memset.o)
 .text          0x2000cc08        0x0 /usr/lib/gcc/arm-none-eabi/13.2.0/../../../../arm-none-eabi/lib/thumb/v7e-m+fp/hard/libg_nano.a(libc_a-closer.o)
 .text          0x2000cc08        0x0 /usr/lib/gcc/arm-none-eabi/13.2.0/../../../../arm-none-eabi/lib/thumb/v7e-m+fp/hard/libg_nano.a(libc_a-reent.o)
 .text          0x2000cc08        0x0 /usr/lib/gcc/arm-none-eabi/13.2.0/../../../../arm-none-eabi/lib/thumb/v7e-m+fp/hard/libg_nano.a(libc_a-impure.o)
 .text          0x2000cc08        0x0 /usr/lib/gcc/arm-none-eabi/13.2.0/../../../../arm-none-eabi/lib/thumb/v7e-m+fp/hard/libg_nano.a(libc_a-lseekr.o)
 .text          0x2000cc08        0x0 /usr/lib/gcc/arm-none-eabi/13.2.0/../../../../arm-none-eabi/lib/thumb/v7e-m+fp/hard/libg_nano.a(libc_a-readr.o)
 .text          0x2000cc08        0x0 /usr/lib/gcc/arm-none-eabi/13.2.0/../../../../arm-none-eabi/lib/thumb/v7e-m+fp/hard/libg_nano.a(libc_a-writer.o)
 .text          0x2000cc08        0x0 /usr/lib/gcc/arm-none-eabi/13.2.0/../../../../arm-none-eabi/lib/thumb/v7e-m+fp/hard/libg_nano.a(libc_a-init.o)
 .text          0x2000cc08        0x0 /usr/lib/gcc/arm-none-eabi/13.2.0/../../../../arm-none-eabi/lib/thumb/v7e-m+fp/hard/libg_nano.a(libc_a-fini.o)
 .text          0x2000cc08        0x0 /usr/lib/gcc/arm-none-eabi/13.2.0/../../../../arm-none-eabi/lib/thumb/v7e-m+fp/hard/libg_nano.a(libc_a-lock.o)
 .text          0x2000cc08        0x0 /usr/lib/gcc/arm-none-eabi/13.2.0/../../../../arm-none-eabi/lib/thumb/v7e-m+fp/hard/libg_nano.a(libc_a-memcpy-stub.o)
 .text          0x2000cc08        0x0 /usr/lib/gcc/arm-none-eabi/13.2.0/../../../../arm-none-eabi/lib/thumb/v7e-m+fp/hard/libg_nano.a(libc_a-__atexit.o)
 .text          0x2000cc08        0x0 /usr/lib/gcc/arm-none-eabi/13.2.0/../../../../arm-none-eabi/lib/thumb/v7e-m+fp/hard/libg_nano.a(libc_a-__call_atexit.o)
 .text          0x2000cc08        0x0 /usr/lib/gcc/arm-none-eabi/13.2.0/../../../../arm-none-eabi/lib/thumb/v7e-m+fp/hard/libg_nano.a(libc_a-freer.o)
 .text          0x2000cc08        0x0 /usr/lib/gcc/arm-none-eabi/13.2.0/../../../../arm-none-eabi/lib/thumb/v7e-m+fp/hard/libg_nano.a(libc_a-mallocr.o)
 .text          0x2000cc08        0x0 /usr/lib/gcc/arm-none-eabi/13.2.0/../../../../arm-none-eabi/lib/thumb/v7e-m+fp/hard/libg_nano.a(libc_a-mlock.o)
 .text          0x2000cc08        0x0 /usr/lib/gcc/arm-none-eabi/13.2.0/../../../../arm-none-eabi/lib/thumb/v7e-m+fp/hard/libg_nano.a(libc_a-nano-svfprintf.o)
 .text          0x2000cc08        0x0 /usr/lib/gcc/arm-none-eabi/13.2.0/../../../../arm-none-eabi/lib/thumb/v7e-m+fp/hard/libg_nano.a(libc_a-nano-vfprintf_i.o)
 .text          0x2000cc08        0x0 /usr/lib/gcc/arm-none-eabi/13.2.0/../../../../arm-none-eabi/lib/thumb/v7e-m+fp/hard/libg_nano.a(libc_a-fflush.o)
 .text          0x2000cc08        0x0 /usr/lib/gcc/arm-none-eabi/13.2.0/../../../../arm-none-eabi/lib/thumb/v7e-m+fp/hard/libg_nano.a(libc_a-memmove.o)
 .text          0x2000cc08        0x0 /usr/lib/gcc/arm-none-eabi/13.2.0/../../../../arm-none-eabi/lib/thumb/v7e-m+fp/hard/libg_nano.a(libc_a-sbrkr.o)
 *fill*         0x2000cc08        0x8 
 .text          0x2000cc10       0xa0 /usr/lib/gcc/arm-none-eabi/13.2.0/../../../../arm-none-eabi/lib/thumb/v7e-m+fp/hard/libg_nano.a(libc_a-memchr.o)
                0x2000cc10                memchr
 .text          0x2000ccb0        0x0 /usr/lib/gcc/arm-none-eabi/13.2.0/../../../../arm-none-eabi/lib/thumb/v7e-m+fp/hard/libg_nano.a(libc_a-reallocr.o)
 .text          0x2000ccb0        0x0 /usr/lib/gcc/arm-none-eabi/13.2.0/../../../../arm-none-eabi/lib/thumb/v7e-m+fp/hard/libg_nano.a(libc_a-msizer.o)
 .text          0x2000ccb0        0x0 /usr/lib/gcc/arm-none-eabi/13.2.0/../../../../arm-none-eabi/lib/thumb/v7e-m+fp/hard/libnosys.a(close.o)
 .text          0x2000ccb0        0x0 /usr/lib/gcc/arm-none-eabi/13.2.0/../../../../arm-none-eabi/lib/thumb/v7e-m+fp/hard/libnosys.a(lseek.o)
 .text          0x2000ccb0        0x0 /usr/lib/gcc/arm-none-eabi/13.2.0/../../../../arm-none-eabi/lib/thumb/v7e-m+fp/hard/libnosys.a(read.o)
 .text          0x2000ccb0        0x0 /usr/lib/gcc/arm-none-eabi/13.2.0/../../../../arm-none-eabi/lib/thumb/v7e-m+fp/hard/libnosys.a(sbrk.o)
 .text          0x2000ccb0        0x0 /usr/lib/gcc/arm-none-eabi/13.2.0/../../../../arm-none-eabi/lib/thumb/v7e-m+fp/hard/libnosys.a(write.o)
 .text          0x2000ccb0        0x0 /usr/lib/gcc/arm-none-eabi/13.2.0/../../../../arm-none-eabi/lib/thumb/v7e-m+fp/hard/libnosys.a(_exit.o)
 .text          0x2000ccb0        0x0 /usr/lib/gcc/arm-none-eabi/13.2.0/thumb/v7e-m+fp/hard/crtend.o
 .text          0x2000ccb0        0x0 /usr/lib/gcc/arm-none-eabi/13.2.0/thumb/v7e-m+fp/hard/crtn.o
 *(.text.*)
 .text.__do_global_dtors_aux
                0x2000ccb0       0x24 /usr/lib/gcc/arm-none-eabi/13.2.0/thumb/v7e-m+fp/hard/crtbegin.o
 .text.frame_dummy
                0x2000ccd4       0x1c /usr/lib/gcc/arm-none-eabi/13.2.0/thumb/v7e-m+fp/hard/crtbegin.o
 .text.Reset_Handler
                0x2000ccf0       0x48 CMakeFiles/RTS-Lab.elf.dir/vectors.s.obj
                0x2000ccf0                Reset_Handler
 .text.Default_Handler
                0x2000cd38        0x2 CMakeFiles/RTS-Lab.elf.dir/vectors.s.obj
                0x2000cd38                RTC_Alarm_IRQHandler
                0x2000cd38                HASH_RNG_IRQHandler
                0x2000cd38                EXTI2_IRQHandler
                0x2000cd38                TIM8_CC_IRQHandler
                0x2000cd38                DebugMon_Handler
                0x2000cd38                TIM1_CC_IRQHandler
                0x2000cd38                DMA2_Stream5_IRQHandler
                0x2000cd38                HardFault_Handler
                0x2000cd38                DMA1_Stream5_IRQHandler
                0x2000cd38                PVD_IRQHandler
                0x2000cd38                SDIO_IRQHandler
                0x2000cd38                TAMP_STAMP_IRQHandler
                0x2000cd38                NMI_Handler
                0x2000cd38                CAN2_RX1_IRQHandler
                0x2000cd38                EXTI3_IRQHandler
                0x2000cd38                TIM8_TRG_COM_TIM14_IRQHandler
                0x2000cd38                TIM1_UP_TIM10_IRQHandler
                0x2000cd38                TIM8_UP_TIM13_IRQHandler
                0x2000cd38                I2C3_ER_IRQHandler
                0x2000cd38                EXTI0_IRQHandler
                0x2000cd38                I2C2_EV_IRQHandler
                0x2000cd38                DMA1_Stream2_IRQHandler
                0x2000cd38                CAN1_RX0_IRQHandler
                0x2000cd38                FPU_IRQHandler
                0x2000cd38                OTG_HS_WKUP_IRQHandler
                0x2000cd38                UsageFault_Handler
                0x2000cd38                CAN2_SCE_IRQHandler
                0x2000cd38                DMA2_Stream2_IRQHandler
                0x2000cd38                SPI1_IRQHandler
                0x2000cd38                TIM6_DAC_IRQHandler
                0x2000cd38                TIM1_BRK_TIM9_IRQHandler
                0x2000cd38                DCMI_IRQHandler
                0x2000cd38                CAN2_RX0_IRQHandler
                0x2000cd38                DMA2_Stream3_IRQHandler
                0x2000cd38                USART6_IRQHandler
                0x2000cd38                USART3_IRQHandler
                0x2000cd38                CRYP_IRQHandler
                0x2000cd38                CAN1_RX1_IRQHandler
                0x2000cd38                UART5_IRQHandler
                0x2000cd38                DMA2_Stream0_IRQHandler
                0x2000cd38                TIM4_IRQHandler
                0x2000cd38                I2C1_EV_IRQHandler
                0x2000cd38                DMA1_Stream6_IRQHandler
                0x2000cd38                DMA1_Stream1_IRQHandler
                0x2000cd38                UART4_IRQHandler
                0x2000cd38                TIM3_IRQHandler
                0x2000cd38                RCC_IRQHandler
                0x2000cd38                TIM8_BRK_TIM12_IRQHandler
                0x2000cd38                Default_Handler
                0x2000cd38                EXTI15_10_IRQHandler
                0x2000cd38                ADC_IRQHandler
                0x2000cd38                DMA1_Stream7_IRQHandler
                0x2000cd38                TIM7_IRQHandler
                0x2000cd38                CAN2_TX_IRQHandler
                0x2000cd38                TIM5_IRQHandler
                0x2000cd38                DMA2_Stream7_IRQHandler
                0x2000cd38                I2C3_EV_IRQHandler
                0x2000cd38                EXTI9_5_IRQHandler
                0x2000cd38                RTC_WKUP_IRQHandler
                0x2000cd38                ETH_WKUP_IRQHandler
                0x2000cd38                SPI2_IRQHandler
                0x2000cd38                OTG_HS_EP1_IN_IRQHandler
                0x2000cd38                MemManage_Handler
                0x2000cd38                DMA1_Stream0_IRQHandler
                0x2000cd38                CAN1_TX_IRQHandler
                0x2000cd38                EXTI4_IRQHandler
                0x2000cd38                FSMC_IRQHandler
                0x2000cd38                ETH_IRQHandler
                0x2000cd38                OTG_HS_EP1_OUT_IRQHandler
                0x2000cd38                WWDG_IRQHandler
                0x2000cd38                TIM2_IRQHandler
                0x2000cd38                OTG_FS_WKUP_IRQHandler
                0x2000cd38                TIM1_TRG_COM_TIM11_IRQHandler
                0x2000cd38                OTG_HS_IRQHandler
                0x2000cd38                EXTI1_IRQHandler
                0x2000cd38                USART2_IRQHandler
                0x2000cd38                I2C2_ER_IRQHandler
                0x2000cd38                DMA2_Stream1_IRQHandler
                0x2000cd38                CAN1_SCE_IRQHandler
                0x2000cd38                FLASH_IRQHandler
                0x2000cd38                DMA2_Stream4_IRQHandler
                0x2000cd38                BusFault_Handler
                0x2000cd38                USART1_IRQHandler
                0x2000cd38                OTG_FS_IRQHandler
                0x2000cd38                SPI3_IRQHandler
                0x2000cd38                DMA1_Stream4_IRQHandler
                0x2000cd38                I2C1_ER_IRQHandler
                0x2000cd38                DMA2_Stream6_IRQHandler
                0x2000cd38                DMA1_Stream3_IRQHandler
 .text.atexit   0x2000cd3a        0xc /usr/lib/gcc/arm-none-eabi/13.2.0/../../../../arm-none-eabi/lib/thumb/v7e-m+fp/hard/libg_nano.a(libc_a-atexit.o)
                0x2000cd3a                atexit
 *fill*         0x2000cd46        0x2 
 .text.exit     0x2000cd48       0x24 /usr/lib/gcc/arm-none-eabi/13.2.0/../../../../arm-none-eabi/lib/thumb/v7e-m+fp/hard/libg_nano.a(libc_a-exit.o)
                0x2000cd48                exit
 .text.std      0x2000cd6c       0x6c /usr/lib/gcc/arm-none-eabi/13.2.0/../../../../arm-none-eabi/lib/thumb/v7e-m+fp/hard/libg_nano.a(libc_a-findfp.o)
 .text.stdio_exit_handler
                0x2000cdd8       0x18 /usr/lib/gcc/arm-none-eabi/13.2.0/../../../../arm-none-eabi/lib/thumb/v7e-m+fp/hard/libg_nano.a(libc_a-findfp.o)
 .text.cleanup_stdio
                0x2000cdf0       0x40 /usr/lib/gcc/arm-none-eabi/13.2.0/../../../../arm-none-eabi/lib/thumb/v7e-m+fp/hard/libg_nano.a(libc_a-findfp.o)
 .text.__fp_lock
                0x2000ce30       0x18 /usr/lib/gcc/arm-none-eabi/13.2.0/../../../../arm-none-eabi/lib/thumb/v7e-m+fp/hard/libg_nano.a(libc_a-findfp.o)
 .text.__fp_unlock
                0x2000ce48       0x18 /usr/lib/gcc/arm-none-eabi/13.2.0/../../../../arm-none-eabi/lib/thumb/v7e-m+fp/hard/libg_nano.a(libc_a-findfp.o)
 .text.global_stdio_init.part.0
                0x2000ce60       0x3c /usr/lib/gcc/arm-none-eabi/13.2.0/../../../../arm-none-eabi/lib/thumb/v7e-m+fp/hard/libg_nano.a(libc_a-findfp.o)
 .text.__sfp_lock_acquire
                0x2000ce9c        0xc /usr/lib/gcc/arm-none-eabi/13.2.0/../../../../arm-none-eabi/lib/thumb/v7e-m+fp/hard/libg_nano.a(libc_a-findfp.o)
                0x2000ce9c                __sfp_lock_acquire
 .text.__sfp_lock_release
                0x2000cea8        0xc /usr/lib/gcc/arm-none-eabi/13.2.0/../../../../arm-none-eabi/lib/thumb/v7e-m+fp/hard/libg_nano.a(libc_a-findfp.o)
                0x2000cea8                __sfp_lock_release
 .text.__sfp    0x2000ceb4       0xa4 /usr/lib/gcc/arm-none-eabi/13.2.0/../../../../arm-none-eabi/lib/thumb/v7e-m+fp/hard/libg_nano.a(libc_a-findfp.o)
                0x2000ceb4                __sfp
 .text.__sinit  0x2000cf58       0x30 /usr/lib/gcc/arm-none-eabi/13.2.0/../../../../arm-none-eabi/lib/thumb/v7e-m+fp/hard/libg_nano.a(libc_a-findfp.o)
                0x2000cf58                __sinit
 .text.__fp_lock_all
                0x2000cf88       0x1c /usr/lib/gcc/arm-none-eabi/13.2.0/../../../../arm-none-eabi/lib/thumb/v7e-m+fp/hard/libg_nano.a(libc_a-findfp.o)
                0x2000cf88                __fp_lock_all
 .text.__fp_unlock_all
                0x2000cfa4       0x1c /usr/lib/gcc/arm-none-eabi/13.2.0/../../../../arm-none-eabi/lib/thumb/v7e-m+fp/hard/libg_nano.a(libc_a-findfp.o)
                0x2000cfa4                __fp_unlock_all
 .text._fwalk_sglue
                0x2000cfc0       0x3c /usr/lib/gcc/arm-none-eabi/13.2.0/../../../../arm-none-eabi/lib/thumb/v7e-m+fp/hard/libg_nano.a(libc_a-fwalk.o)
                0x2000cfc0                _fwalk_sglue
 .text._sprintf_r
                0x2000cffc       0x38 /usr/lib/gcc/arm-none-eabi/13.2.0/../../../../arm-none-eabi/lib/thumb/v7e-m+fp/hard/libg_nano.a(libc_a-sprintf.o)
                0x2000cffc                _siprintf_r
                0x2000cffc                _sprintf_r
 .text.sprintf  0x2000d034       0x40 /usr/lib/gcc/arm-none-eabi/13.2.0/../../../../arm-none-eabi/lib/thumb/v7e-m+fp/hard/libg_nano.a(libc_a-sprintf.o)
                0x2000d034                sprintf
                0x2000d034                siprintf
 .text.__sread  0x2000d074       0x22 /usr/lib/gcc/arm-none-eabi/13.2.0/../../../../arm-none-eabi/lib/thumb/v7e-m+fp/hard/libg_nano.a(libc_a-stdio.o)
                0x2000d074                __sread
 .text.__seofread
                0x2000d096        0x4 /usr/lib/gcc/arm-none-eabi/13.2.0/../../../../arm-none-eabi/lib/thumb/v7e-m+fp/hard/libg_nano.a(libc_a-stdio.o)
                0x2000d096                __seofread
 .text.__swrite
                0x2000d09a       0x38 /usr/lib/gcc/arm-none-eabi/13.2.0/../../../../arm-none-eabi/lib/thumb/v7e-m+fp/hard/libg_nano.a(libc_a-stdio.o)
                0x2000d09a                __swrite
 .text.__sseek  0x2000d0d2       0x24 /usr/lib/gcc/arm-none-eabi/13.2.0/../../../../arm-none-eabi/lib/thumb/v7e-m+fp/hard/libg_nano.a(libc_a-stdio.o)
                0x2000d0d2                __sseek
 .text.__sclose
                0x2000d0f6        0x8 /usr/lib/gcc/arm-none-eabi/13.2.0/../../../../arm-none-eabi/lib/thumb/v7e-m+fp/hard/libg_nano.a(libc_a-stdio.o)
                0x2000d0f6                __sclose
 .text.memset   0x2000d0fe       0x10 /usr/lib/gcc/arm-none-eabi/13.2.0/../../../../arm-none-eabi/lib/thumb/v7e-m+fp/hard/libg_nano.a(libc_a-memset.o)
                0x2000d0fe                memset
 *fill*         0x2000d10e        0x2 
 .text._close_r
                0x2000d110       0x20 /usr/lib/gcc/arm-none-eabi/13.2.0/../../../../arm-none-eabi/lib/thumb/v7e-m+fp/hard/libg_nano.a(libc_a-closer.o)
                0x2000d110                _close_r
 .text._reclaim_reent
                0x2000d130       0xac /usr/lib/gcc/arm-none-eabi/13.2.0/../../../../arm-none-eabi/lib/thumb/v7e-m+fp/hard/libg_nano.a(libc_a-reent.o)
                0x2000d130                _reclaim_reent
 .text._lseek_r
                0x2000d1dc       0x24 /usr/lib/gcc/arm-none-eabi/13.2.0/../../../../arm-none-eabi/lib/thumb/v7e-m+fp/hard/libg_nano.a(libc_a-lseekr.o)
                0x2000d1dc                _lseek_r
 .text._read_r  0x2000d200       0x24 /usr/lib/gcc/arm-none-eabi/13.2.0/../../../../arm-none-eabi/lib/thumb/v7e-m+fp/hard/libg_nano.a(libc_a-readr.o)
                0x2000d200                _read_r
 .text._write_r
                0x2000d224       0x24 /usr/lib/gcc/arm-none-eabi/13.2.0/../../../../arm-none-eabi/lib/thumb/v7e-m+fp/hard/libg_nano.a(libc_a-writer.o)
                0x2000d224                _write_r
 .text.__libc_init_array
                0x2000d248       0x48 /usr/lib/gcc/arm-none-eabi/13.2.0/../../../../arm-none-eabi/lib/thumb/v7e-m+fp/hard/libg_nano.a(libc_a-init.o)
                0x2000d248                __libc_init_array
 .text.__libc_fini_array
                0x2000d290       0x28 /usr/lib/gcc/arm-none-eabi/13.2.0/../../../../arm-none-eabi/lib/thumb/v7e-m+fp/hard/libg_nano.a(libc_a-fini.o)
                0x2000d290                __libc_fini_array
 .text.__retarget_lock_init
                0x2000d2b8        0x2 /usr/lib/gcc/arm-none-eabi/13.2.0/../../../../arm-none-eabi/lib/thumb/v7e-m+fp/hard/libg_nano.a(libc_a-lock.o)
                0x2000d2b8                __retarget_lock_init
 .text.__retarget_lock_init_recursive
                0x2000d2ba        0x2 /usr/lib/gcc/arm-none-eabi/13.2.0/../../../../arm-none-eabi/lib/thumb/v7e-m+fp/hard/libg_nano.a(libc_a-lock.o)
                0x2000d2ba                __retarget_lock_init_recursive
 .text.__retarget_lock_close
                0x2000d2bc        0x2 /usr/lib/gcc/arm-none-eabi/13.2.0/../../../../arm-none-eabi/lib/thumb/v7e-m+fp/hard/libg_nano.a(libc_a-lock.o)
                0x2000d2bc                __retarget_lock_close
 .text.__retarget_lock_close_recursive
                0x2000d2be        0x2 /usr/lib/gcc/arm-none-eabi/13.2.0/../../../../arm-none-eabi/lib/thumb/v7e-m+fp/hard/libg_nano.a(libc_a-lock.o)
                0x2000d2be                __retarget_lock_close_recursive
 .text.__retarget_lock_acquire
                0x2000d2c0        0x2 /usr/lib/gcc/arm-none-eabi/13.2.0/../../../../arm-none-eabi/lib/thumb/v7e-m+fp/hard/libg_nano.a(libc_a-lock.o)
                0x2000d2c0                __retarget_lock_acquire
 .text.__retarget_lock_acquire_recursive
                0x2000d2c2        0x2 /usr/lib/gcc/arm-none-eabi/13.2.0/../../../../arm-none-eabi/lib/thumb/v7e-m+fp/hard/libg_nano.a(libc_a-lock.o)
                0x2000d2c2                __retarget_lock_acquire_recursive
 .text.__retarget_lock_try_acquire
                0x2000d2c4        0x4 /usr/lib/gcc/arm-none-eabi/13.2.0/../../../../arm-none-eabi/lib/thumb/v7e-m+fp/hard/libg_nano.a(libc_a-lock.o)
                0x2000d2c4                __retarget_lock_try_acquire
 .text.__retarget_lock_try_acquire_recursive
                0x2000d2c8        0x4 /usr/lib/gcc/arm-none-eabi/13.2.0/../../../../arm-none-eabi/lib/thumb/v7e-m+fp/hard/libg_nano.a(libc_a-lock.o)
                0x2000d2c8                __retarget_lock_try_acquire_recursive
 .text.__retarget_lock_release
                0x2000d2cc        0x2 /usr/lib/gcc/arm-none-eabi/13.2.0/../../../../arm-none-eabi/lib/thumb/v7e-m+fp/hard/libg_nano.a(libc_a-lock.o)
                0x2000d2cc                __retarget_lock_release
 .text.__retarget_lock_release_recursive
                0x2000d2ce        0x2 /usr/lib/gcc/arm-none-eabi/13.2.0/../../../../arm-none-eabi/lib/thumb/v7e-m+fp/hard/libg_nano.a(libc_a-lock.o)
                0x2000d2ce                __retarget_lock_release_recursive
 .text.memcpy   0x2000d2d0       0x1c /usr/lib/gcc/arm-none-eabi/13.2.0/../../../../arm-none-eabi/lib/thumb/v7e-m+fp/hard/libg_nano.a(libc_a-memcpy-stub.o)
                0x2000d2d0                memcpy
 .text.__register_exitproc
                0x2000d2ec       0xb8 /usr/lib/gcc/arm-none-eabi/13.2.0/../../../../arm-none-eabi/lib/thumb/v7e-m+fp/hard/libg_nano.a(libc_a-__atexit.o)
                0x2000d2ec                __register_exitproc
 .text.__call_exitprocs
                0x2000d3a4       0xc8 /usr/lib/gcc/arm-none-eabi/13.2.0/../../../../arm-none-eabi/lib/thumb/v7e-m+fp/hard/libg_nano.a(libc_a-__call_atexit.o)
                0x2000d3a4                __call_exitprocs
 .text._free_r  0x2000d46c       0x94 /usr/lib/gcc/arm-none-eabi/13.2.0/../../../../arm-none-eabi/lib/thumb/v7e-m+fp/hard/libg_nano.a(libc_a-freer.o)
                0x2000d46c                _free_r
 .text.sbrk_aligned
                0x2000d500       0x44 /usr/lib/gcc/arm-none-eabi/13.2.0/../../../../arm-none-eabi/lib/thumb/v7e-m+fp/hard/libg_nano.a(libc_a-mallocr.o)
 .text._malloc_r
                0x2000d544       0xf0 /usr/lib/gcc/arm-none-eabi/13.2.0/../../../../arm-none-eabi/lib/thumb/v7e-m+fp/hard/libg_nano.a(libc_a-mallocr.o)
                0x2000d544                _malloc_r
 .text.__malloc_lock
                0x2000d634        0xc /usr/lib/gcc/arm-none-eabi/13.2.0/../../../../arm-none-eabi/lib/thumb/v7e-m+fp/hard/libg_nano.a(libc_a-mlock.o)
                0x2000d634                __malloc_lock
 .text.__malloc_unlock
                0x2000d640        0xc /usr/lib/gcc/arm-none-eabi/13.2.0/../../../../arm-none-eabi/lib/thumb/v7e-m+fp/hard/libg_nano.a(libc_a-mlock.o)
                0x2000d640                __malloc_unlock
 .text.__ssputs_r
                0x2000d64c       0xb6 /usr/lib/gcc/arm-none-eabi/13.2.0/../../../../arm-none-eabi/lib/thumb/v7e-m+fp/hard/libg_nano.a(libc_a-nano-svfprintf.o)
                0x2000d64c                __ssputs_r
 .text.__ssprint_r
                0x2000d702       0xfa /usr/lib/gcc/arm-none-eabi/13.2.0/../../../../arm-none-eabi/lib/thumb/v7e-m+fp/hard/libg_nano.a(libc_a-nano-svfprintf.o)
                0x2000d702                __ssprint_r
 .text._svfprintf_r
                0x2000d7fc      0x1f8 /usr/lib/gcc/arm-none-eabi/13.2.0/../../../../arm-none-eabi/lib/thumb/v7e-m+fp/hard/libg_nano.a(libc_a-nano-svfprintf.o)
                0x2000d7fc                _svfprintf_r
                0x2000d7fc                _svfiprintf_r
 .text._printf_common
                0x2000d9f4       0xda /usr/lib/gcc/arm-none-eabi/13.2.0/../../../../arm-none-eabi/lib/thumb/v7e-m+fp/hard/libg_nano.a(libc_a-nano-vfprintf_i.o)
                0x2000d9f4                _printf_common
 *fill*         0x2000dace        0x2 
 .text._printf_i
                0x2000dad0      0x25c /usr/lib/gcc/arm-none-eabi/13.2.0/../../../../arm-none-eabi/lib/thumb/v7e-m+fp/hard/libg_nano.a(libc_a-nano-vfprintf_i.o)
                0x2000dad0                _printf_i
 .text.__sflush_r
                0x2000dd2c      0x108 /usr/lib/gcc/arm-none-eabi/13.2.0/../../../../arm-none-eabi/lib/thumb/v7e-m+fp/hard/libg_nano.a(libc_a-fflush.o)
                0x2000dd2c                __sflush_r
 .text._fflush_r
                0x2000de34       0x50 /usr/lib/gcc/arm-none-eabi/13.2.0/../../../../arm-none-eabi/lib/thumb/v7e-m+fp/hard/libg_nano.a(libc_a-fflush.o)
                0x2000de34                _fflush_r
 .text.fflush   0x2000de84       0x28 /usr/lib/gcc/arm-none-eabi/13.2.0/../../../../arm-none-eabi/lib/thumb/v7e-m+fp/hard/libg_nano.a(libc_a-fflush.o)
                0x2000de84                fflush
 .text.memmove  0x2000deac       0x34 /usr/lib/gcc/arm-none-eabi/13.2.0/../../../../arm-none-eabi/lib/thumb/v7e-m+fp/hard/libg_nano.a(libc_a-memmove.o)
                0x2000deac                memmove
 .text._sbrk_r  0x2000dee0       0x20 /usr/lib/gcc/arm-none-eabi/13.2.0/../../../../arm-none-eabi/lib/thumb/v7e-m+fp/hard/libg_nano.a(libc_a-sbrkr.o)
                0x2000dee0                _sbrk_r
 .text._realloc_r
                0x2000df00       0x5c /usr/lib/gcc/arm-none-eabi/13.2.0/../../../../arm-none-eabi/lib/thumb/v7e-m+fp/hard/libg_nano.a(libc_a-reallocr.o)
                0x2000df00                _realloc_r
 .text._malloc_usable_size_r
                0x2000df5c       0x10 /usr/lib/gcc/arm-none-eabi/13.2.0/../../../../arm-none-eabi/lib/thumb/v7e-m+fp/hard/libg_nano.a(libc_a-msizer.o)
                0x2000df5c                _malloc_usable_size_r
 .text._close   0x2000df6c       0x10 /usr/lib/gcc/arm-none-eabi/13.2.0/../../../../arm-none-eabi/lib/thumb/v7e-m+fp/hard/libnosys.a(close.o)
                0x2000df6c                _close
 .text._lseek   0x2000df7c       0x10 /usr/lib/gcc/arm-none-eabi/13.2.0/../../../../arm-none-eabi/lib/thumb/v7e-m+fp/hard/libnosys.a(lseek.o)
                0x2000df7c                _lseek
 .text._read    0x2000df8c       0x10 /usr/lib/gcc/arm-none-eabi/13.2.0/../../../../arm-none-eabi/lib/thumb/v7e-m+fp/hard/libnosys.a(read.o)
                0x2000df8c                _read
 .text._sbrk    0x2000df9c       0x1c /usr/lib/gcc/arm-none-eabi/13.2.0/../../../../arm-none-eabi/lib/thumb/v7e-m+fp/hard/libnosys.a(sbrk.o)
                0x2000df9c                _sbrk
 .text._write   0x2000dfb8       0x10 /usr/lib/gcc/arm-none-eabi/13.2.0/../../../../arm-none-eabi/lib/thumb/v7e-m+fp/hard/libnosys.a(write.o)
                0x2000dfb8                _write
 .text._exit    0x2000dfc8        0x4 /usr/lib/gcc/arm-none-eabi/13.2.0/../../../../arm-none-eabi/lib/thumb/v7e-m+fp/hard/libnosys.a(_exit.o)
                0x2000dfc8                _exit
 *(.rodata)
 .rodata        0x2000dfcc       0x18 CMakeFiles/RTS-Lab.elf.dir/device/src/system_stm32f4xx.c.obj
                0x2000dfcc                AHBPrescTable
                0x2000dfdc                APBPrescTable
 .rodata        0x2000dfe4        0x9 CMakeFiles/RTS-Lab.elf.dir/libraries/FreeRTOS-Kernel/tasks.c.obj
 *fill*         0x2000dfed        0x3 
 .rodata        0x2000dff0        0xd CMakeFiles/RTS-Lab.elf.dir/libraries/FreeRTOS-Kernel/timers.c.obj
 *fill*         0x2000dffd        0x3 
 .rodata        0x2000e000        0x4 CMakeFiles/RTS-Lab.elf.dir/libraries/FreeRTOS-Kernel/portable/GCC/ARM_CM4F/port.c.obj
 .rodata        0x2000e004        0x3 CMakeFiles/RTS-Lab.elf.dir/libraries/io/io.c.obj
 *fill*         0x2000e007        0x1 
 .rodata        0x2000e008       0x10 CMakeFiles/RTS-Lab.elf.dir/driver/src/stm32f4xx_rcc.c.obj
 .rodata        0x2000e018       0x35 CMakeFiles/RTS-Lab.elf.dir/src/main.c.obj
 *(.rodata*)
 .rodata.all_implied_fbits
                0x2000e04d       0x24 /usr/lib/gcc/arm-none-eabi/13.2.0/thumb/v7e-m+fp/hard/crtbegin.o
 .rodata._svfprintf_r.str1.1
                0x2000e071       0x33 /usr/lib/gcc/arm-none-eabi/13.2.0/../../../../arm-none-eabi/lib/thumb/v7e-m+fp/hard/libg_nano.a(libc_a-nano-svfprintf.o)
                                 0x11 (size before relaxing)
 .rodata._printf_i.str1.1
                0x2000e0a4       0x22 /usr/lib/gcc/arm-none-eabi/13.2.0/../../../../arm-none-eabi/lib/thumb/v7e-m+fp/hard/libg_nano.a(libc_a-nano-vfprintf_i.o)
 .rodata.all_implied_fbits
                0x2000e0a4       0x24 /usr/lib/gcc/arm-none-eabi/13.2.0/thumb/v7e-m+fp/hard/crtend.o
 *(.glue_7)
 .glue_7        0x2000e0c8        0x0 linker stubs
 *(.glue_7t)
 .glue_7t       0x2000e0c8        0x0 linker stubs
                0x2000e0c8                        . = ALIGN (0x4)

.vfp11_veneer   0x2000e0c8        0x0
 .vfp11_veneer  0x2000e0c8        0x0 linker stubs

.v4_bx          0x2000e0c8        0x0
 .v4_bx         0x2000e0c8        0x0 linker stubs

.init           0x2000e0c8        0xc
 .init          0x2000e0c8        0x4 /usr/lib/gcc/arm-none-eabi/13.2.0/thumb/v7e-m+fp/hard/crti.o
                0x2000e0c8                _init
 .init          0x2000e0cc        0x8 /usr/lib/gcc/arm-none-eabi/13.2.0/thumb/v7e-m+fp/hard/crtn.o

.fini           0x2000e0d4        0xc
 .fini          0x2000e0d4        0x4 /usr/lib/gcc/arm-none-eabi/13.2.0/thumb/v7e-m+fp/hard/crti.o
                0x2000e0d4                _fini
 .fini          0x2000e0d8        0x8 /usr/lib/gcc/arm-none-eabi/13.2.0/thumb/v7e-m+fp/hard/crtn.o

.iplt           0x2000e0e0        0x0
 .iplt          0x2000e0e0        0x0 /usr/lib/gcc/arm-none-eabi/13.2.0/thumb/v7e-m+fp/hard/crtbegin.o

.eh_frame       0x2000e0e0       0x54
 .eh_frame      0x2000e0e0        0x0 /usr/lib/gcc/arm-none-eabi/13.2.0/thumb/v7e-m+fp/hard/crtbegin.o
 .eh_frame      0x2000e0e0       0x50 /usr/lib/gcc/arm-none-eabi/13.2.0/../../../../arm-none-eabi/lib/thumb/v7e-m+fp/hard/libg_nano.a(libc_a-memchr.o)
 .eh_frame      0x2000e130        0x4 /usr/lib/gcc/arm-none-eabi/13.2.0/thumb/v7e-m+fp/hard/crtend.o

.ARM.extab      0x2000e134        0x0
 .ARM.extab     0x2000e134        0x0 /usr/lib/gcc/arm-none-eabi/13.2.0/../../../../arm-none-eabi/lib/thumb/v7e-m+fp/hard/crt0.o
 .ARM.extab     0x2000e134        0x0 /usr/lib/gcc/arm-none-eabi/13.2.0/../../../../arm-none-eabi/lib/thumb/v7e-m+fp/hard/libg_nano.a(libc_a-memchr.o)

.ARM.exidx      0x2000e134        0x8
 .ARM.exidx     0x2000e134        0x8 /usr/lib/gcc/arm-none-eabi/13.2.0/../../../../arm-none-eabi/lib/thumb/v7e-m+fp/hard/crt0.o
                                 0x10 (size before relaxing)
 .ARM.exidx     0x2000e13c        0x0 /usr/lib/gcc/arm-none-eabi/13.2.0/../../../../arm-none-eabi/lib/thumb/v7e-m+fp/hard/libg_nano.a(libc_a-memchr.o)
                                  0x8 (size before relaxing)

.isr_vector     0x2000e13c      0x188
 .isr_vector    0x2000e13c      0x188 CMakeFiles/RTS-Lab.elf.dir/vectors.s.obj
                0x2000e13c                g_pfnVectors

.rel.dyn        0x2000e2c4        0x0
 .rel.iplt      0x2000e2c4        0x0 /usr/lib/gcc/arm-none-eabi/13.2.0/thumb/v7e-m+fp/hard/crtbegin.o

.data           0x2000e2c4       0x70
                0x2000e2c4                        . = ALIGN (0x4)
                0x2000e2c4                        _sdata = .
                0x2000e2c4                        _sidata = .
 *(.data)
 .data          0x2000e2c4        0x0 /usr/lib/gcc/arm-none-eabi/13.2.0/thumb/v7e-m+fp/hard/crti.o
 .data          0x2000e2c4        0x0 /usr/lib/gcc/arm-none-eabi/13.2.0/thumb/v7e-m+fp/hard/crtbegin.o
 .data          0x2000e2c4        0x0 /usr/lib/gcc/arm-none-eabi/13.2.0/../../../../arm-none-eabi/lib/thumb/v7e-m+fp/hard/crt0.o
 .data          0x2000e2c4        0x0 CMakeFiles/RTS-Lab.elf.dir/vectors.s.obj
 .data          0x2000e2c4        0x4 CMakeFiles/RTS-Lab.elf.dir/device/src/system_stm32f4xx.c.obj
                0x2000e2c4                SystemCoreClock
 .data          0x2000e2c8        0x0 CMakeFiles/RTS-Lab.elf.dir/libraries/FreeRTOS-Kernel/event_groups.c.obj
 .data          0x2000e2c8        0x0 CMakeFiles/RTS-Lab.elf.dir/libraries/FreeRTOS-Kernel/list.c.obj
 .data          0x2000e2c8        0x0 CMakeFiles/RTS-Lab.elf.dir/libraries/FreeRTOS-Kernel/queue.c.obj
 .data          0x2000e2c8        0x0 CMakeFiles/RTS-Lab.elf.dir/libraries/FreeRTOS-Kernel/stream_buffer.c.obj
 .data          0x2000e2c8        0x0 CMakeFiles/RTS-Lab.elf.dir/libraries/FreeRTOS-Kernel/tasks.c.obj
 .data          0x2000e2c8        0x0 CMakeFiles/RTS-Lab.elf.dir/libraries/FreeRTOS-Kernel/timers.c.obj
 .data          0x2000e2c8        0x4 CMakeFiles/RTS-Lab.elf.dir/libraries/FreeRTOS-Kernel/portable/GCC/ARM_CM4F/port.c.obj
 .data          0x2000e2cc        0x0 CMakeFiles/RTS-Lab.elf.dir/libraries/io/io.c.obj
 .data          0x2000e2cc        0x0 CMakeFiles/RTS-Lab.elf.dir/driver/src/stm32f4xx_can.c.obj
 .data          0x2000e2cc        0x0 CMakeFiles/RTS-Lab.elf.dir/driver/src/stm32f4xx_dac.c.obj
 .data          0x2000e2cc        0x0 CMakeFiles/RTS-Lab.elf.dir/driver/src/stm32f4xx_exti.c.obj
 .data          0x2000e2cc        0x0 CMakeFiles/RTS-Lab.elf.dir/driver/src/stm32f4xx_gpio.c.obj
 .data          0x2000e2cc        0x0 CMakeFiles/RTS-Lab.elf.dir/driver/src/stm32f4xx_rcc.c.obj
 .data          0x2000e2cc        0x0 CMakeFiles/RTS-Lab.elf.dir/driver/src/stm32f4xx_syscfg.c.obj
 .data          0x2000e2cc        0x0 CMakeFiles/RTS-Lab.elf.dir/driver/src/stm32f4xx_tim.c.obj
 .data          0x2000e2cc        0x0 CMakeFiles/RTS-Lab.elf.dir/driver/src/stm32f4xx_usart.c.obj
 .data          0x2000e2cc        0x0 CMakeFiles/RTS-Lab.elf.dir/startup.c.obj
 .data          0x2000e2cc        0x0 CMakeFiles/RTS-Lab.elf.dir/src/main.c.obj
 .data          0x2000e2cc        0x0 /usr/lib/gcc/arm-none-eabi/13.2.0/../../../../arm-none-eabi/lib/thumb/v7e-m+fp/hard/libg_nano.a(libc_a-atexit.o)
 .data          0x2000e2cc        0x0 /usr/lib/gcc/arm-none-eabi/13.2.0/../../../../arm-none-eabi/lib/thumb/v7e-m+fp/hard/libg_nano.a(libc_a-exit.o)
 .data          0x2000e2cc        0x0 /usr/lib/gcc/arm-none-eabi/13.2.0/../../../../arm-none-eabi/lib/thumb/v7e-m+fp/hard/libg_nano.a(libc_a-findfp.o)
 .data          0x2000e2cc        0x0 /usr/lib/gcc/arm-none-eabi/13.2.0/../../../../arm-none-eabi/lib/thumb/v7e-m+fp/hard/libg_nano.a(libc_a-fwalk.o)
 .data          0x2000e2cc        0x0 /usr/lib/gcc/arm-none-eabi/13.2.0/../../../../arm-none-eabi/lib/thumb/v7e-m+fp/hard/libg_nano.a(libc_a-sprintf.o)
 .data          0x2000e2cc        0x0 /usr/lib/gcc/arm-none-eabi/13.2.0/../../../../arm-none-eabi/lib/thumb/v7e-m+fp/hard/libg_nano.a(libc_a-stdio.o)
 .data          0x2000e2cc        0x0 /usr/lib/gcc/arm-none-eabi/13.2.0/../../../../arm-none-eabi/lib/thumb/v7e-m+fp/hard/libg_nano.a(libc_a-memset.o)
 .data          0x2000e2cc        0x0 /usr/lib/gcc/arm-none-eabi/13.2.0/../../../../arm-none-eabi/lib/thumb/v7e-m+fp/hard/libg_nano.a(libc_a-closer.o)
 .data          0x2000e2cc        0x0 /usr/lib/gcc/arm-none-eabi/13.2.0/../../../../arm-none-eabi/lib/thumb/v7e-m+fp/hard/libg_nano.a(libc_a-reent.o)
 .data          0x2000e2cc        0x0 /usr/lib/gcc/arm-none-eabi/13.2.0/../../../../arm-none-eabi/lib/thumb/v7e-m+fp/hard/libg_nano.a(libc_a-impure.o)
 .data          0x2000e2cc        0x0 /usr/lib/gcc/arm-none-eabi/13.2.0/../../../../arm-none-eabi/lib/thumb/v7e-m+fp/hard/libg_nano.a(libc_a-lseekr.o)
 .data          0x2000e2cc        0x0 /usr/lib/gcc/arm-none-eabi/13.2.0/../../../../arm-none-eabi/lib/thumb/v7e-m+fp/hard/libg_nano.a(libc_a-readr.o)
 .data          0x2000e2cc        0x0 /usr/lib/gcc/arm-none-eabi/13.2.0/../../../../arm-none-eabi/lib/thumb/v7e-m+fp/hard/libg_nano.a(libc_a-writer.o)
 .data          0x2000e2cc        0x0 /usr/lib/gcc/arm-none-eabi/13.2.0/../../../../arm-none-eabi/lib/thumb/v7e-m+fp/hard/libg_nano.a(libc_a-init.o)
 .data          0x2000e2cc        0x0 /usr/lib/gcc/arm-none-eabi/13.2.0/../../../../arm-none-eabi/lib/thumb/v7e-m+fp/hard/libg_nano.a(libc_a-fini.o)
 .data          0x2000e2cc        0x0 /usr/lib/gcc/arm-none-eabi/13.2.0/../../../../arm-none-eabi/lib/thumb/v7e-m+fp/hard/libg_nano.a(libc_a-lock.o)
 .data          0x2000e2cc        0x0 /usr/lib/gcc/arm-none-eabi/13.2.0/../../../../arm-none-eabi/lib/thumb/v7e-m+fp/hard/libg_nano.a(libc_a-memcpy-stub.o)
 .data          0x2000e2cc        0x0 /usr/lib/gcc/arm-none-eabi/13.2.0/../../../../arm-none-eabi/lib/thumb/v7e-m+fp/hard/libg_nano.a(libc_a-__atexit.o)
 .data          0x2000e2cc        0x0 /usr/lib/gcc/arm-none-eabi/13.2.0/../../../../arm-none-eabi/lib/thumb/v7e-m+fp/hard/libg_nano.a(libc_a-__call_atexit.o)
 .data          0x2000e2cc        0x0 /usr/lib/gcc/arm-none-eabi/13.2.0/../../../../arm-none-eabi/lib/thumb/v7e-m+fp/hard/libg_nano.a(libc_a-freer.o)
 .data          0x2000e2cc        0x0 /usr/lib/gcc/arm-none-eabi/13.2.0/../../../../arm-none-eabi/lib/thumb/v7e-m+fp/hard/libg_nano.a(libc_a-mallocr.o)
 .data          0x2000e2cc        0x0 /usr/lib/gcc/arm-none-eabi/13.2.0/../../../../arm-none-eabi/lib/thumb/v7e-m+fp/hard/libg_nano.a(libc_a-mlock.o)
 .data          0x2000e2cc        0x0 /usr/lib/gcc/arm-none-eabi/13.2.0/../../../../arm-none-eabi/lib/thumb/v7e-m+fp/hard/libg_nano.a(libc_a-nano-svfprintf.o)
 .data          0x2000e2cc        0x0 /usr/lib/gcc/arm-none-eabi/13.2.0/../../../../arm-none-eabi/lib/thumb/v7e-m+fp/hard/libg_nano.a(libc_a-nano-vfprintf_i.o)
 .data          0x2000e2cc        0x0 /usr/lib/gcc/arm-none-eabi/13.2.0/../../../../arm-none-eabi/lib/thumb/v7e-m+fp/hard/libg_nano.a(libc_a-fflush.o)
 .data          0x2000e2cc        0x0 /usr/lib/gcc/arm-none-eabi/13.2.0/../../../../arm-none-eabi/lib/thumb/v7e-m+fp/hard/libg_nano.a(libc_a-memmove.o)
 .data          0x2000e2cc        0x0 /usr/lib/gcc/arm-none-eabi/13.2.0/../../../../arm-none-eabi/lib/thumb/v7e-m+fp/hard/libg_nano.a(libc_a-sbrkr.o)
 .data          0x2000e2cc        0x0 /usr/lib/gcc/arm-none-eabi/13.2.0/../../../../arm-none-eabi/lib/thumb/v7e-m+fp/hard/libg_nano.a(libc_a-memchr.o)
 .data          0x2000e2cc        0x0 /usr/lib/gcc/arm-none-eabi/13.2.0/../../../../arm-none-eabi/lib/thumb/v7e-m+fp/hard/libg_nano.a(libc_a-reallocr.o)
 .data          0x2000e2cc        0x0 /usr/lib/gcc/arm-none-eabi/13.2.0/../../../../arm-none-eabi/lib/thumb/v7e-m+fp/hard/libg_nano.a(libc_a-msizer.o)
 .data          0x2000e2cc        0x0 /usr/lib/gcc/arm-none-eabi/13.2.0/../../../../arm-none-eabi/lib/thumb/v7e-m+fp/hard/libnosys.a(close.o)
 .data          0x2000e2cc        0x0 /usr/lib/gcc/arm-none-eabi/13.2.0/../../../../arm-none-eabi/lib/thumb/v7e-m+fp/hard/libnosys.a(lseek.o)
 .data          0x2000e2cc        0x0 /usr/lib/gcc/arm-none-eabi/13.2.0/../../../../arm-none-eabi/lib/thumb/v7e-m+fp/hard/libnosys.a(read.o)
 .data          0x2000e2cc        0x0 /usr/lib/gcc/arm-none-eabi/13.2.0/../../../../arm-none-eabi/lib/thumb/v7e-m+fp/hard/libnosys.a(sbrk.o)
 .data          0x2000e2cc        0x0 /usr/lib/gcc/arm-none-eabi/13.2.0/../../../../arm-none-eabi/lib/thumb/v7e-m+fp/hard/libnosys.a(write.o)
 .data          0x2000e2cc        0x0 /usr/lib/gcc/arm-none-eabi/13.2.0/../../../../arm-none-eabi/lib/thumb/v7e-m+fp/hard/libnosys.a(_exit.o)
 .data          0x2000e2cc        0x0 /usr/lib/gcc/arm-none-eabi/13.2.0/thumb/v7e-m+fp/hard/crtend.o
 .data          0x2000e2cc        0x0 /usr/lib/gcc/arm-none-eabi/13.2.0/thumb/v7e-m+fp/hard/crtn.o
 *(.data.*)
 .data.__dso_handle
                0x2000e2cc        0x4 /usr/lib/gcc/arm-none-eabi/13.2.0/thumb/v7e-m+fp/hard/crtbegin.o
                0x2000e2cc                __dso_handle
 .data.__sglue  0x2000e2d0        0xc /usr/lib/gcc/arm-none-eabi/13.2.0/../../../../arm-none-eabi/lib/thumb/v7e-m+fp/hard/libg_nano.a(libc_a-findfp.o)
                0x2000e2d0                __sglue
 .data._impure_ptr
                0x2000e2dc        0x4 /usr/lib/gcc/arm-none-eabi/13.2.0/../../../../arm-none-eabi/lib/thumb/v7e-m+fp/hard/libg_nano.a(libc_a-impure.o)
                0x2000e2dc                _impure_ptr
 .data._impure_data
                0x2000e2e0       0x4c /usr/lib/gcc/arm-none-eabi/13.2.0/../../../../arm-none-eabi/lib/thumb/v7e-m+fp/hard/libg_nano.a(libc_a-impure.o)
                0x2000e2e0                _impure_data
 .data.__atexit_dummy
                0x2000e32c        0x4 /usr/lib/gcc/arm-none-eabi/13.2.0/../../../../arm-none-eabi/lib/thumb/v7e-m+fp/hard/libg_nano.a(libc_a-__atexit.o)
                0x2000e32c                __atexit_dummy
 .data.__atexit_recursive_mutex
                0x2000e330        0x4 /usr/lib/gcc/arm-none-eabi/13.2.0/../../../../arm-none-eabi/lib/thumb/v7e-m+fp/hard/libg_nano.a(libc_a-__call_atexit.o)
                0x2000e330                __atexit_recursive_mutex
                0x2000e334                        . = ALIGN (0x4)
                0x2000e334                        _edata = .

.init_array     0x2000e334        0x4
 .init_array    0x2000e334        0x4 /usr/lib/gcc/arm-none-eabi/13.2.0/thumb/v7e-m+fp/hard/crtbegin.o

.fini_array     0x2000e338        0x4
 .fini_array    0x2000e338        0x4 /usr/lib/gcc/arm-none-eabi/13.2.0/thumb/v7e-m+fp/hard/crtbegin.o

.igot.plt       0x2000e33c        0x0
 .igot.plt      0x2000e33c        0x0 /usr/lib/gcc/arm-none-eabi/13.2.0/thumb/v7e-m+fp/hard/crtbegin.o

.bss            0x2000e33c     0x1190
                0x2000e33c                        . = ALIGN (0x4)
                0x2000e33c                        _sbss = .
                0x2000e33c                        __bss_start__ = .
 *(.bss)
 .bss           0x2000e33c        0x0 /usr/lib/gcc/arm-none-eabi/13.2.0/thumb/v7e-m+fp/hard/crti.o
 .bss           0x2000e33c        0x0 /usr/lib/gcc/arm-none-eabi/13.2.0/thumb/v7e-m+fp/hard/crtbegin.o
 .bss           0x2000e33c        0x0 /usr/lib/gcc/arm-none-eabi/13.2.0/../../../../arm-none-eabi/lib/thumb/v7e-m+fp/hard/crt0.o
 .bss           0x2000e33c        0x0 CMakeFiles/RTS-Lab.elf.dir/vectors.s.obj
 .bss           0x2000e33c        0x0 CMakeFiles/RTS-Lab.elf.dir/device/src/system_stm32f4xx.c.obj
 .bss           0x2000e33c        0x0 CMakeFiles/RTS-Lab.elf.dir/libraries/FreeRTOS-Kernel/event_groups.c.obj
 .bss           0x2000e33c        0x0 CMakeFiles/RTS-Lab.elf.dir/libraries/FreeRTOS-Kernel/list.c.obj
 .bss           0x2000e33c       0x40 CMakeFiles/RTS-Lab.elf.dir/libraries/FreeRTOS-Kernel/queue.c.obj
                0x2000e33c                xQueueRegistry
 .bss           0x2000e37c        0x0 CMakeFiles/RTS-Lab.elf.dir/libraries/FreeRTOS-Kernel/stream_buffer.c.obj
 .bss           0x2000e37c      0x500 CMakeFiles/RTS-Lab.elf.dir/libraries/FreeRTOS-Kernel/tasks.c.obj
                0x2000e37c                pxCurrentTCB
 .bss           0x2000e87c      0x12c CMakeFiles/RTS-Lab.elf.dir/libraries/FreeRTOS-Kernel/timers.c.obj
 .bss           0x2000e9a8        0x8 CMakeFiles/RTS-Lab.elf.dir/libraries/FreeRTOS-Kernel/portable/GCC/ARM_CM4F/port.c.obj
 .bss           0x2000e9b0        0x0 CMakeFiles/RTS-Lab.elf.dir/libraries/io/io.c.obj
 .bss           0x2000e9b0        0x0 CMakeFiles/RTS-Lab.elf.dir/driver/src/stm32f4xx_can.c.obj
 .bss           0x2000e9b0        0x0 CMakeFiles/RTS-Lab.elf.dir/driver/src/stm32f4xx_dac.c.obj
 .bss           0x2000e9b0        0x0 CMakeFiles/RTS-Lab.elf.dir/driver/src/stm32f4xx_exti.c.obj
 .bss           0x2000e9b0        0x0 CMakeFiles/RTS-Lab.elf.dir/driver/src/stm32f4xx_gpio.c.obj
 .bss           0x2000e9b0        0x0 CMakeFiles/RTS-Lab.elf.dir/driver/src/stm32f4xx_rcc.c.obj
 .bss           0x2000e9b0        0x0 CMakeFiles/RTS-Lab.elf.dir/driver/src/stm32f4xx_syscfg.c.obj
 .bss           0x2000e9b0        0x0 CMakeFiles/RTS-Lab.elf.dir/driver/src/stm32f4xx_tim.c.obj
 .bss           0x2000e9b0        0x0 CMakeFiles/RTS-Lab.elf.dir/driver/src/stm32f4xx_usart.c.obj
 .bss           0x2000e9b0        0x0 CMakeFiles/RTS-Lab.elf.dir/startup.c.obj
 .bss           0x2000e9b0      0x91c CMakeFiles/RTS-Lab.elf.dir/src/main.c.obj
                0x2000e9b0                Gp
 .bss           0x2000f2cc        0x0 /usr/lib/gcc/arm-none-eabi/13.2.0/../../../../arm-none-eabi/lib/thumb/v7e-m+fp/hard/libg_nano.a(libc_a-atexit.o)
 .bss           0x2000f2cc        0x0 /usr/lib/gcc/arm-none-eabi/13.2.0/../../../../arm-none-eabi/lib/thumb/v7e-m+fp/hard/libg_nano.a(libc_a-exit.o)
 .bss           0x2000f2cc        0x0 /usr/lib/gcc/arm-none-eabi/13.2.0/../../../../arm-none-eabi/lib/thumb/v7e-m+fp/hard/libg_nano.a(libc_a-findfp.o)
 .bss           0x2000f2cc        0x0 /usr/lib/gcc/arm-none-eabi/13.2.0/../../../../arm-none-eabi/lib/thumb/v7e-m+fp/hard/libg_nano.a(libc_a-fwalk.o)
 .bss           0x2000f2cc        0x0 /usr/lib/gcc/arm-none-eabi/13.2.0/../../../../arm-none-eabi/lib/thumb/v7e-m+fp/hard/libg_nano.a(libc_a-sprintf.o)
 .bss           0x2000f2cc        0x0 /usr/lib/gcc/arm-none-eabi/13.2.0/../../../../arm-none-eabi/lib/thumb/v7e-m+fp/hard/libg_nano.a(libc_a-stdio.o)
 .bss           0x2000f2cc        0x0 /usr/lib/gcc/arm-none-eabi/13.2.0/../../../../arm-none-eabi/lib/thumb/v7e-m+fp/hard/libg_nano.a(libc_a-memset.o)
 .bss           0x2000f2cc        0x0 /usr/lib/gcc/arm-none-eabi/13.2.0/../../../../arm-none-eabi/lib/thumb/v7e-m+fp/hard/libg_nano.a(libc_a-closer.o)
 .bss           0x2000f2cc        0x0 /usr/lib/gcc/arm-none-eabi/13.2.0/../../../../arm-none-eabi/lib/thumb/v7e-m+fp/hard/libg_nano.a(libc_a-reent.o)
 .bss           0x2000f2cc        0x0 /usr/lib/gcc/arm-none-eabi/13.2.0/../../../../arm-none-eabi/lib/thumb/v7e-m+fp/hard/libg_nano.a(libc_a-impure.o)
 .bss           0x2000f2cc        0x0 /usr/lib/gcc/arm-none-eabi/13.2.0/../../../../arm-none-eabi/lib/thumb/v7e-m+fp/hard/libg_nano.a(libc_a-lseekr.o)
 .bss           0x2000f2cc        0x0 /usr/lib/gcc/arm-none-eabi/13.2.0/../../../../arm-none-eabi/lib/thumb/v7e-m+fp/hard/libg_nano.a(libc_a-readr.o)
 .bss           0x2000f2cc        0x0 /usr/lib/gcc/arm-none-eabi/13.2.0/../../../../arm-none-eabi/lib/thumb/v7e-m+fp/hard/libg_nano.a(libc_a-writer.o)
 .bss           0x2000f2cc        0x0 /usr/lib/gcc/arm-none-eabi/13.2.0/../../../../arm-none-eabi/lib/thumb/v7e-m+fp/hard/libg_nano.a(libc_a-init.o)
 .bss           0x2000f2cc        0x0 /usr/lib/gcc/arm-none-eabi/13.2.0/../../../../arm-none-eabi/lib/thumb/v7e-m+fp/hard/libg_nano.a(libc_a-fini.o)
 .bss           0x2000f2cc        0x0 /usr/lib/gcc/arm-none-eabi/13.2.0/../../../../arm-none-eabi/lib/thumb/v7e-m+fp/hard/libg_nano.a(libc_a-lock.o)
 .bss           0x2000f2cc        0x0 /usr/lib/gcc/arm-none-eabi/13.2.0/../../../../arm-none-eabi/lib/thumb/v7e-m+fp/hard/libg_nano.a(libc_a-memcpy-stub.o)
 .bss           0x2000f2cc        0x0 /usr/lib/gcc/arm-none-eabi/13.2.0/../../../../arm-none-eabi/lib/thumb/v7e-m+fp/hard/libg_nano.a(libc_a-__atexit.o)
 .bss           0x2000f2cc        0x0 /usr/lib/gcc/arm-none-eabi/13.2.0/../../../../arm-none-eabi/lib/thumb/v7e-m+fp/hard/libg_nano.a(libc_a-__call_atexit.o)
 .bss           0x2000f2cc        0x0 /usr/lib/gcc/arm-none-eabi/13.2.0/../../../../arm-none-eabi/lib/thumb/v7e-m+fp/hard/libg_nano.a(libc_a-freer.o)
 .bss           0x2000f2cc        0x0 /usr/lib/gcc/arm-none-eabi/13.2.0/../../../../arm-none-eabi/lib/thumb/v7e-m+fp/hard/libg_nano.a(libc_a-mallocr.o)
 .bss           0x2000f2cc        0x0 /usr/lib/gcc/arm-none-eabi/13.2.0/../../../../arm-none-eabi/lib/thumb/v7e-m+fp/hard/libg_nano.a(libc_a-mlock.o)
 .bss           0x2000f2cc        0x0 /usr/lib/gcc/arm-none-eabi/13.2.0/../../../../arm-none-eabi/lib/thumb/v7e-m+fp/hard/libg_nano.a(libc_a-nano-svfprintf.o)
 .bss           0x2000f2cc        0x0 /usr/lib/gcc/arm-none-eabi/13.2.0/../../../../arm-none-eabi/lib/thumb/v7e-m+fp/hard/libg_nano.a(libc_a-nano-vfprintf_i.o)
 .bss           0x2000f2cc        0x0 /usr/lib/gcc/arm-none-eabi/13.2.0/../../../../arm-none-eabi/lib/thumb/v7e-m+fp/hard/libg_nano.a(libc_a-fflush.o)
 .bss           0x2000f2cc        0x0 /usr/lib/gcc/arm-none-eabi/13.2.0/../../../../arm-none-eabi/lib/thumb/v7e-m+fp/hard/libg_nano.a(libc_a-memmove.o)
 .bss           0x2000f2cc        0x0 /usr/lib/gcc/arm-none-eabi/13.2.0/../../../../arm-none-eabi/lib/thumb/v7e-m+fp/hard/libg_nano.a(libc_a-sbrkr.o)
 .bss           0x2000f2cc        0x0 /usr/lib/gcc/arm-none-eabi/13.2.0/../../../../arm-none-eabi/lib/thumb/v7e-m+fp/hard/libg_nano.a(libc_a-memchr.o)
 .bss           0x2000f2cc        0x0 /usr/lib/gcc/arm-none-eabi/13.2.0/../../../../arm-none-eabi/lib/thumb/v7e-m+fp/hard/libg_nano.a(libc_a-reallocr.o)
 .bss           0x2000f2cc        0x0 /usr/lib/gcc/arm-none-eabi/13.2.0/../../../../arm-none-eabi/lib/thumb/v7e-m+fp/hard/libg_nano.a(libc_a-msizer.o)
 .bss           0x2000f2cc        0x0 /usr/lib/gcc/arm-none-eabi/13.2.0/../../../../arm-none-eabi/lib/thumb/v7e-m+fp/hard/libnosys.a(close.o)
 .bss           0x2000f2cc        0x0 /usr/lib/gcc/arm-none-eabi/13.2.0/../../../../arm-none-eabi/lib/thumb/v7e-m+fp/hard/libnosys.a(lseek.o)
 .bss           0x2000f2cc        0x0 /usr/lib/gcc/arm-none-eabi/13.2.0/../../../../arm-none-eabi/lib/thumb/v7e-m+fp/hard/libnosys.a(read.o)
 .bss           0x2000f2cc        0x0 /usr/lib/gcc/arm-none-eabi/13.2.0/../../../../arm-none-eabi/lib/thumb/v7e-m+fp/hard/libnosys.a(sbrk.o)
 .bss           0x2000f2cc        0x0 /usr/lib/gcc/arm-none-eabi/13.2.0/../../../../arm-none-eabi/lib/thumb/v7e-m+fp/hard/libnosys.a(write.o)
 .bss           0x2000f2cc        0x0 /usr/lib/gcc/arm-none-eabi/13.2.0/../../../../arm-none-eabi/lib/thumb/v7e-m+fp/hard/libnosys.a(_exit.o)
 .bss           0x2000f2cc        0x0 /usr/lib/gcc/arm-none-eabi/13.2.0/thumb/v7e-m+fp/hard/crtend.o
 .bss           0x2000f2cc        0x0 /usr/lib/gcc/arm-none-eabi/13.2.0/thumb/v7e-m+fp/hard/crtn.o
 *(.bss.*)
 .bss.completed.1
                0x2000f2cc        0x1 /usr/lib/gcc/arm-none-eabi/13.2.0/thumb/v7e-m+fp/hard/crtbegin.o
 *fill*         0x2000f2cd        0x3 
 .bss.object.0  0x2000f2d0       0x18 /usr/lib/gcc/arm-none-eabi/13.2.0/thumb/v7e-m+fp/hard/crtbegin.o
 .bss.__sf      0x2000f2e8      0x138 /usr/lib/gcc/arm-none-eabi/13.2.0/../../../../arm-none-eabi/lib/thumb/v7e-m+fp/hard/libg_nano.a(libc_a-findfp.o)
                0x2000f2e8                __sf
 .bss.__stdio_exit_handler
                0x2000f420        0x4 /usr/lib/gcc/arm-none-eabi/13.2.0/../../../../arm-none-eabi/lib/thumb/v7e-m+fp/hard/libg_nano.a(libc_a-findfp.o)
                0x2000f420                __stdio_exit_handler
 .bss.errno     0x2000f424        0x4 /usr/lib/gcc/arm-none-eabi/13.2.0/../../../../arm-none-eabi/lib/thumb/v7e-m+fp/hard/libg_nano.a(libc_a-reent.o)
                0x2000f424                errno
 .bss.__lock___arc4random_mutex
                0x2000f428        0x1 /usr/lib/gcc/arm-none-eabi/13.2.0/../../../../arm-none-eabi/lib/thumb/v7e-m+fp/hard/libg_nano.a(libc_a-lock.o)
                0x2000f428                __lock___arc4random_mutex
 .bss.__lock___dd_hash_mutex
                0x2000f429        0x1 /usr/lib/gcc/arm-none-eabi/13.2.0/../../../../arm-none-eabi/lib/thumb/v7e-m+fp/hard/libg_nano.a(libc_a-lock.o)
                0x2000f429                __lock___dd_hash_mutex
 .bss.__lock___tz_mutex
                0x2000f42a        0x1 /usr/lib/gcc/arm-none-eabi/13.2.0/../../../../arm-none-eabi/lib/thumb/v7e-m+fp/hard/libg_nano.a(libc_a-lock.o)
                0x2000f42a                __lock___tz_mutex
 .bss.__lock___env_recursive_mutex
                0x2000f42b        0x1 /usr/lib/gcc/arm-none-eabi/13.2.0/../../../../arm-none-eabi/lib/thumb/v7e-m+fp/hard/libg_nano.a(libc_a-lock.o)
                0x2000f42b                __lock___env_recursive_mutex
 .bss.__lock___malloc_recursive_mutex
                0x2000f42c        0x1 /usr/lib/gcc/arm-none-eabi/13.2.0/../../../../arm-none-eabi/lib/thumb/v7e-m+fp/hard/libg_nano.a(libc_a-lock.o)
                0x2000f42c                __lock___malloc_recursive_mutex
 .bss.__lock___at_quick_exit_mutex
                0x2000f42d        0x1 /usr/lib/gcc/arm-none-eabi/13.2.0/../../../../arm-none-eabi/lib/thumb/v7e-m+fp/hard/libg_nano.a(libc_a-lock.o)
                0x2000f42d                __lock___at_quick_exit_mutex
 .bss.__lock___atexit_recursive_mutex
                0x2000f42e        0x1 /usr/lib/gcc/arm-none-eabi/13.2.0/../../../../arm-none-eabi/lib/thumb/v7e-m+fp/hard/libg_nano.a(libc_a-lock.o)
                0x2000f42e                __lock___atexit_recursive_mutex
 .bss.__lock___sfp_recursive_mutex
                0x2000f42f        0x1 /usr/lib/gcc/arm-none-eabi/13.2.0/../../../../arm-none-eabi/lib/thumb/v7e-m+fp/hard/libg_nano.a(libc_a-lock.o)
                0x2000f42f                __lock___sfp_recursive_mutex
 .bss.__atexit0
                0x2000f430       0x8c /usr/lib/gcc/arm-none-eabi/13.2.0/../../../../arm-none-eabi/lib/thumb/v7e-m+fp/hard/libg_nano.a(libc_a-__atexit.o)
                0x2000f430                __atexit0
 .bss.__atexit  0x2000f4bc        0x4 /usr/lib/gcc/arm-none-eabi/13.2.0/../../../../arm-none-eabi/lib/thumb/v7e-m+fp/hard/libg_nano.a(libc_a-__call_atexit.o)
                0x2000f4bc                __atexit
 .bss.__malloc_sbrk_start
                0x2000f4c0        0x4 /usr/lib/gcc/arm-none-eabi/13.2.0/../../../../arm-none-eabi/lib/thumb/v7e-m+fp/hard/libg_nano.a(libc_a-mallocr.o)
                0x2000f4c0                __malloc_sbrk_start
 .bss.__malloc_free_list
                0x2000f4c4        0x4 /usr/lib/gcc/arm-none-eabi/13.2.0/../../../../arm-none-eabi/lib/thumb/v7e-m+fp/hard/libg_nano.a(libc_a-mallocr.o)
                0x2000f4c4                __malloc_free_list
 .bss.heap_end.0
                0x2000f4c8        0x4 /usr/lib/gcc/arm-none-eabi/13.2.0/../../../../arm-none-eabi/lib/thumb/v7e-m+fp/hard/libnosys.a(sbrk.o)
 *(COMMON)
                0x2000f4cc                        . = ALIGN (0x4)
                0x2000f4cc                        _ebss = .
                0x2000f4cc                        __bss_end__ = .
                0x2000f4cc                        PROVIDE (end = _ebss)
                [!provide]                        PROVIDE (_end = _ebss)
                0x2000f4cc                        _end = .
                0x2000f4cc                        end = .
                0x2001bffc                        PROVIDE (_estack = ((ORIGIN (RAM) + LENGTH (RAM)) - 0x4))
OUTPUT(/home/simon/MT-C/MD407-template/Debug/RTS-Lab.elf elf32-littlearm)
LOAD linker stubs

.ARM.attributes
                0x00000000       0x30
 .ARM.attributes
                0x00000000       0x22 /usr/lib/gcc/arm-none-eabi/13.2.0/thumb/v7e-m+fp/hard/crti.o
 .ARM.attributes
                0x00000022       0x34 /usr/lib/gcc/arm-none-eabi/13.2.0/thumb/v7e-m+fp/hard/crtbegin.o
 .ARM.attributes
                0x00000056       0x20 /usr/lib/gcc/arm-none-eabi/13.2.0/../../../../arm-none-eabi/lib/thumb/v7e-m+fp/hard/crt0.o
 .ARM.attributes
                0x00000076       0x21 CMakeFiles/RTS-Lab.elf.dir/vectors.s.obj
 .ARM.attributes
                0x00000097       0x34 CMakeFiles/RTS-Lab.elf.dir/device/src/system_stm32f4xx.c.obj
 .ARM.attributes
                0x000000cb       0x34 CMakeFiles/RTS-Lab.elf.dir/libraries/FreeRTOS-Kernel/event_groups.c.obj
 .ARM.attributes
                0x000000ff       0x34 CMakeFiles/RTS-Lab.elf.dir/libraries/FreeRTOS-Kernel/list.c.obj
 .ARM.attributes
                0x00000133       0x34 CMakeFiles/RTS-Lab.elf.dir/libraries/FreeRTOS-Kernel/queue.c.obj
 .ARM.attributes
                0x00000167       0x34 CMakeFiles/RTS-Lab.elf.dir/libraries/FreeRTOS-Kernel/stream_buffer.c.obj
 .ARM.attributes
                0x0000019b       0x34 CMakeFiles/RTS-Lab.elf.dir/libraries/FreeRTOS-Kernel/tasks.c.obj
 .ARM.attributes
                0x000001cf       0x34 CMakeFiles/RTS-Lab.elf.dir/libraries/FreeRTOS-Kernel/timers.c.obj
 .ARM.attributes
                0x00000203       0x34 CMakeFiles/RTS-Lab.elf.dir/libraries/FreeRTOS-Kernel/portable/GCC/ARM_CM4F/port.c.obj
 .ARM.attributes
                0x00000237       0x34 CMakeFiles/RTS-Lab.elf.dir/libraries/io/io.c.obj
 .ARM.attributes
                0x0000026b       0x34 CMakeFiles/RTS-Lab.elf.dir/driver/src/stm32f4xx_can.c.obj
 .ARM.attributes
                0x0000029f       0x34 CMakeFiles/RTS-Lab.elf.dir/driver/src/stm32f4xx_dac.c.obj
 .ARM.attributes
                0x000002d3       0x34 CMakeFiles/RTS-Lab.elf.dir/driver/src/stm32f4xx_exti.c.obj
 .ARM.attributes
                0x00000307       0x34 CMakeFiles/RTS-Lab.elf.dir/driver/src/stm32f4xx_gpio.c.obj
 .ARM.attributes
                0x0000033b       0x34 CMakeFiles/RTS-Lab.elf.dir/driver/src/stm32f4xx_rcc.c.obj
 .ARM.attributes
                0x0000036f       0x34 CMakeFiles/RTS-Lab.elf.dir/driver/src/stm32f4xx_syscfg.c.obj
 .ARM.attributes
                0x000003a3       0x34 CMakeFiles/RTS-Lab.elf.dir/driver/src/stm32f4xx_tim.c.obj
 .ARM.attributes
                0x000003d7       0x34 CMakeFiles/RTS-Lab.elf.dir/driver/src/stm32f4xx_usart.c.obj
 .ARM.attributes
                0x0000040b       0x34 CMakeFiles/RTS-Lab.elf.dir/startup.c.obj
 .ARM.attributes
                0x0000043f       0x34 CMakeFiles/RTS-Lab.elf.dir/src/main.c.obj
 .ARM.attributes
                0x00000473       0x34 /usr/lib/gcc/arm-none-eabi/13.2.0/../../../../arm-none-eabi/lib/thumb/v7e-m+fp/hard/libg_nano.a(libc_a-atexit.o)
 .ARM.attributes
                0x000004a7       0x34 /usr/lib/gcc/arm-none-eabi/13.2.0/../../../../arm-none-eabi/lib/thumb/v7e-m+fp/hard/libg_nano.a(libc_a-exit.o)
 .ARM.attributes
                0x000004db       0x34 /usr/lib/gcc/arm-none-eabi/13.2.0/../../../../arm-none-eabi/lib/thumb/v7e-m+fp/hard/libg_nano.a(libc_a-findfp.o)
 .ARM.attributes
                0x0000050f       0x34 /usr/lib/gcc/arm-none-eabi/13.2.0/../../../../arm-none-eabi/lib/thumb/v7e-m+fp/hard/libg_nano.a(libc_a-fwalk.o)
 .ARM.attributes
                0x00000543       0x34 /usr/lib/gcc/arm-none-eabi/13.2.0/../../../../arm-none-eabi/lib/thumb/v7e-m+fp/hard/libg_nano.a(libc_a-sprintf.o)
 .ARM.attributes
                0x00000577       0x34 /usr/lib/gcc/arm-none-eabi/13.2.0/../../../../arm-none-eabi/lib/thumb/v7e-m+fp/hard/libg_nano.a(libc_a-stdio.o)
 .ARM.attributes
                0x000005ab       0x34 /usr/lib/gcc/arm-none-eabi/13.2.0/../../../../arm-none-eabi/lib/thumb/v7e-m+fp/hard/libg_nano.a(libc_a-memset.o)
 .ARM.attributes
                0x000005df       0x34 /usr/lib/gcc/arm-none-eabi/13.2.0/../../../../arm-none-eabi/lib/thumb/v7e-m+fp/hard/libg_nano.a(libc_a-closer.o)
 .ARM.attributes
                0x00000613       0x34 /usr/lib/gcc/arm-none-eabi/13.2.0/../../../../arm-none-eabi/lib/thumb/v7e-m+fp/hard/libg_nano.a(libc_a-reent.o)
 .ARM.attributes
                0x00000647       0x34 /usr/lib/gcc/arm-none-eabi/13.2.0/../../../../arm-none-eabi/lib/thumb/v7e-m+fp/hard/libg_nano.a(libc_a-impure.o)
 .ARM.attributes
                0x0000067b       0x34 /usr/lib/gcc/arm-none-eabi/13.2.0/../../../../arm-none-eabi/lib/thumb/v7e-m+fp/hard/libg_nano.a(libc_a-lseekr.o)
 .ARM.attributes
                0x000006af       0x34 /usr/lib/gcc/arm-none-eabi/13.2.0/../../../../arm-none-eabi/lib/thumb/v7e-m+fp/hard/libg_nano.a(libc_a-readr.o)
 .ARM.attributes
                0x000006e3       0x34 /usr/lib/gcc/arm-none-eabi/13.2.0/../../../../arm-none-eabi/lib/thumb/v7e-m+fp/hard/libg_nano.a(libc_a-writer.o)
 .ARM.attributes
                0x00000717       0x34 /usr/lib/gcc/arm-none-eabi/13.2.0/../../../../arm-none-eabi/lib/thumb/v7e-m+fp/hard/libg_nano.a(libc_a-init.o)
 .ARM.attributes
                0x0000074b       0x34 /usr/lib/gcc/arm-none-eabi/13.2.0/../../../../arm-none-eabi/lib/thumb/v7e-m+fp/hard/libg_nano.a(libc_a-fini.o)
 .ARM.attributes
                0x0000077f       0x34 /usr/lib/gcc/arm-none-eabi/13.2.0/../../../../arm-none-eabi/lib/thumb/v7e-m+fp/hard/libg_nano.a(libc_a-lock.o)
 .ARM.attributes
                0x000007b3       0x34 /usr/lib/gcc/arm-none-eabi/13.2.0/../../../../arm-none-eabi/lib/thumb/v7e-m+fp/hard/libg_nano.a(libc_a-memcpy-stub.o)
 .ARM.attributes
                0x000007e7       0x34 /usr/lib/gcc/arm-none-eabi/13.2.0/../../../../arm-none-eabi/lib/thumb/v7e-m+fp/hard/libg_nano.a(libc_a-__atexit.o)
 .ARM.attributes
                0x0000081b       0x34 /usr/lib/gcc/arm-none-eabi/13.2.0/../../../../arm-none-eabi/lib/thumb/v7e-m+fp/hard/libg_nano.a(libc_a-__call_atexit.o)
 .ARM.attributes
                0x0000084f       0x34 /usr/lib/gcc/arm-none-eabi/13.2.0/../../../../arm-none-eabi/lib/thumb/v7e-m+fp/hard/libg_nano.a(libc_a-freer.o)
 .ARM.attributes
                0x00000883       0x34 /usr/lib/gcc/arm-none-eabi/13.2.0/../../../../arm-none-eabi/lib/thumb/v7e-m+fp/hard/libg_nano.a(libc_a-mallocr.o)
 .ARM.attributes
                0x000008b7       0x34 /usr/lib/gcc/arm-none-eabi/13.2.0/../../../../arm-none-eabi/lib/thumb/v7e-m+fp/hard/libg_nano.a(libc_a-mlock.o)
 .ARM.attributes
                0x000008eb       0x34 /usr/lib/gcc/arm-none-eabi/13.2.0/../../../../arm-none-eabi/lib/thumb/v7e-m+fp/hard/libg_nano.a(libc_a-nano-svfprintf.o)
 .ARM.attributes
                0x0000091f       0x34 /usr/lib/gcc/arm-none-eabi/13.2.0/../../../../arm-none-eabi/lib/thumb/v7e-m+fp/hard/libg_nano.a(libc_a-nano-vfprintf_i.o)
 .ARM.attributes
                0x00000953       0x34 /usr/lib/gcc/arm-none-eabi/13.2.0/../../../../arm-none-eabi/lib/thumb/v7e-m+fp/hard/libg_nano.a(libc_a-fflush.o)
 .ARM.attributes
                0x00000987       0x34 /usr/lib/gcc/arm-none-eabi/13.2.0/../../../../arm-none-eabi/lib/thumb/v7e-m+fp/hard/libg_nano.a(libc_a-memmove.o)
 .ARM.attributes
                0x000009bb       0x34 /usr/lib/gcc/arm-none-eabi/13.2.0/../../../../arm-none-eabi/lib/thumb/v7e-m+fp/hard/libg_nano.a(libc_a-sbrkr.o)
 .ARM.attributes
                0x000009ef       0x1c /usr/lib/gcc/arm-none-eabi/13.2.0/../../../../arm-none-eabi/lib/thumb/v7e-m+fp/hard/libg_nano.a(libc_a-memchr.o)
 .ARM.attributes
                0x00000a0b       0x34 /usr/lib/gcc/arm-none-eabi/13.2.0/../../../../arm-none-eabi/lib/thumb/v7e-m+fp/hard/libg_nano.a(libc_a-reallocr.o)
 .ARM.attributes
                0x00000a3f       0x34 /usr/lib/gcc/arm-none-eabi/13.2.0/../../../../arm-none-eabi/lib/thumb/v7e-m+fp/hard/libg_nano.a(libc_a-msizer.o)
 .ARM.attributes
                0x00000a73       0x34 /usr/lib/gcc/arm-none-eabi/13.2.0/../../../../arm-none-eabi/lib/thumb/v7e-m+fp/hard/libnosys.a(close.o)
 .ARM.attributes
                0x00000aa7       0x34 /usr/lib/gcc/arm-none-eabi/13.2.0/../../../../arm-none-eabi/lib/thumb/v7e-m+fp/hard/libnosys.a(lseek.o)
 .ARM.attributes
                0x00000adb       0x34 /usr/lib/gcc/arm-none-eabi/13.2.0/../../../../arm-none-eabi/lib/thumb/v7e-m+fp/hard/libnosys.a(read.o)
 .ARM.attributes
                0x00000b0f       0x34 /usr/lib/gcc/arm-none-eabi/13.2.0/../../../../arm-none-eabi/lib/thumb/v7e-m+fp/hard/libnosys.a(sbrk.o)
 .ARM.attributes
                0x00000b43       0x34 /usr/lib/gcc/arm-none-eabi/13.2.0/../../../../arm-none-eabi/lib/thumb/v7e-m+fp/hard/libnosys.a(write.o)
 .ARM.attributes
                0x00000b77       0x34 /usr/lib/gcc/arm-none-eabi/13.2.0/../../../../arm-none-eabi/lib/thumb/v7e-m+fp/hard/libnosys.a(_exit.o)
 .ARM.attributes
                0x00000bab       0x34 /usr/lib/gcc/arm-none-eabi/13.2.0/thumb/v7e-m+fp/hard/crtend.o
 .ARM.attributes
                0x00000bdf       0x22 /usr/lib/gcc/arm-none-eabi/13.2.0/thumb/v7e-m+fp/hard/crtn.o

.comment        0x00000000       0x3c
 .comment       0x00000000       0x3c CMakeFiles/RTS-Lab.elf.dir/device/src/system_stm32f4xx.c.obj
                                 0x1f (size before relaxing)
 .comment       0x0000003c       0x1f CMakeFiles/RTS-Lab.elf.dir/libraries/FreeRTOS-Kernel/event_groups.c.obj
 .comment       0x0000003c       0x1f CMakeFiles/RTS-Lab.elf.dir/libraries/FreeRTOS-Kernel/list.c.obj
 .comment       0x0000003c       0x1f CMakeFiles/RTS-Lab.elf.dir/libraries/FreeRTOS-Kernel/queue.c.obj
 .comment       0x0000003c       0x1f CMakeFiles/RTS-Lab.elf.dir/libraries/FreeRTOS-Kernel/stream_buffer.c.obj
 .comment       0x0000003c       0x1f CMakeFiles/RTS-Lab.elf.dir/libraries/FreeRTOS-Kernel/tasks.c.obj
 .comment       0x0000003c       0x1f CMakeFiles/RTS-Lab.elf.dir/libraries/FreeRTOS-Kernel/timers.c.obj
 .comment       0x0000003c       0x1f CMakeFiles/RTS-Lab.elf.dir/libraries/FreeRTOS-Kernel/portable/GCC/ARM_CM4F/port.c.obj
 .comment       0x0000003c       0x1f CMakeFiles/RTS-Lab.elf.dir/libraries/io/io.c.obj
 .comment       0x0000003c       0x1f CMakeFiles/RTS-Lab.elf.dir/driver/src/stm32f4xx_can.c.obj
 .comment       0x0000003c       0x1f CMakeFiles/RTS-Lab.elf.dir/driver/src/stm32f4xx_dac.c.obj
 .comment       0x0000003c       0x1f CMakeFiles/RTS-Lab.elf.dir/driver/src/stm32f4xx_exti.c.obj
 .comment       0x0000003c       0x1f CMakeFiles/RTS-Lab.elf.dir/driver/src/stm32f4xx_gpio.c.obj
 .comment       0x0000003c       0x1f CMakeFiles/RTS-Lab.elf.dir/driver/src/stm32f4xx_rcc.c.obj
 .comment       0x0000003c       0x1f CMakeFiles/RTS-Lab.elf.dir/driver/src/stm32f4xx_syscfg.c.obj
 .comment       0x0000003c       0x1f CMakeFiles/RTS-Lab.elf.dir/driver/src/stm32f4xx_tim.c.obj