Archive member included to satisfy reference by file (symbol)

/usr/lib/gcc/arm-none-eabi/13.2.0/../../../../arm-none-eabi/lib/thumb/v7e-m+fp/hard/libg_nano.a(libc_a-atexit.o)
                              /usr/lib/gcc/arm-none-eabi/13.2.0/../../../../arm-none-eabi/lib/thumb/v7e-m+fp/hard/crt0.o (atexit)
/usr/lib/gcc/arm-none-eabi/13.2.0/../../../../arm-none-eabi/lib/thumb/v7e-m+fp/hard/libg_nano.a(libc_a-exit.o)
                              /usr/lib/gcc/arm-none-eabi/13.2.0/../../../../arm-none-eabi/lib/thumb/v7e-m+fp/hard/crt0.o (exit)
/usr/lib/gcc/arm-none-eabi/13.2.0/../../../../arm-none-eabi/lib/thumb/v7e-m+fp/hard/libg_nano.a(libc_a-findfp.o)
                              /usr/lib/gcc/arm-none-eabi/13.2.0/../../../../arm-none-eabi/lib/thumb/v7e-m+fp/hard/libg_nano.a(libc_a-exit.o) (__stdio_exit_handler)
/usr/lib/gcc/arm-none-eabi/13.2.0/../../../../arm-none-eabi/lib/thumb/v7e-m+fp/hard/libg_nano.a(libc_a-fwalk.o)
                              /usr/lib/gcc/arm-none-eabi/13.2.0/../../../../arm-none-eabi/lib/thumb/v7e-m+fp/hard/libg_nano.a(libc_a-findfp.o) (_fwalk_sglue)
/usr/lib/gcc/arm-none-eabi/13.2.0/../../../../arm-none-eabi/lib/thumb/v7e-m+fp/hard/libg_nano.a(libc_a-sprintf.o)
                              CMakeFiles/RTS-Lab.elf.dir/libraries/io/io.c.obj (sprintf)
/usr/lib/gcc/arm-none-eabi/13.2.0/../../../../arm-none-eabi/lib/thumb/v7e-m+fp/hard/libg_nano.a(libc_a-stdio.o)
                              /usr/lib/gcc/arm-none-eabi/13.2.0/../../../../arm-none-eabi/lib/thumb/v7e-m+fp/hard/libg_nano.a(libc_a-findfp.o) (__sread)
/usr/lib/gcc/arm-none-eabi/13.2.0/../../../../arm-none-eabi/lib/thumb/v7e-m+fp/hard/libg_nano.a(libc_a-memset.o)
                              /usr/lib/gcc/arm-none-eabi/13.2.0/../../../../arm-none-eabi/lib/thumb/v7e-m+fp/hard/crt0.o (memset)
/usr/lib/gcc/arm-none-eabi/13.2.0/../../../../arm-none-eabi/lib/thumb/v7e-m+fp/hard/libg_nano.a(libc_a-closer.o)
                              /usr/lib/gcc/arm-none-eabi/13.2.0/../../../../arm-none-eabi/lib/thumb/v7e-m+fp/hard/libg_nano.a(libc_a-stdio.o) (_close_r)
/usr/lib/gcc/arm-none-eabi/13.2.0/../../../../arm-none-eabi/lib/thumb/v7e-m+fp/hard/libg_nano.a(libc_a-reent.o)
                              /usr/lib/gcc/arm-none-eabi/13.2.0/../../../../arm-none-eabi/lib/thumb/v7e-m+fp/hard/libg_nano.a(libc_a-closer.o) (errno)
/usr/lib/gcc/arm-none-eabi/13.2.0/../../../../arm-none-eabi/lib/thumb/v7e-m+fp/hard/libg_nano.a(libc_a-impure.o)
                              /usr/lib/gcc/arm-none-eabi/13.2.0/../../../../arm-none-eabi/lib/thumb/v7e-m+fp/hard/libg_nano.a(libc_a-sprintf.o) (_impure_ptr)
/usr/lib/gcc/arm-none-eabi/13.2.0/../../../../arm-none-eabi/lib/thumb/v7e-m+fp/hard/libg_nano.a(libc_a-lseekr.o)
                              /usr/lib/gcc/arm-none-eabi/13.2.0/../../../../arm-none-eabi/lib/thumb/v7e-m+fp/hard/libg_nano.a(libc_a-stdio.o) (_lseek_r)
/usr/lib/gcc/arm-none-eabi/13.2.0/../../../../arm-none-eabi/lib/thumb/v7e-m+fp/hard/libg_nano.a(libc_a-readr.o)
                              /usr/lib/gcc/arm-none-eabi/13.2.0/../../../../arm-none-eabi/lib/thumb/v7e-m+fp/hard/libg_nano.a(libc_a-stdio.o) (_read_r)
/usr/lib/gcc/arm-none-eabi/13.2.0/../../../../arm-none-eabi/lib/thumb/v7e-m+fp/hard/libg_nano.a(libc_a-writer.o)
                              /usr/lib/gcc/arm-none-eabi/13.2.0/../../../../arm-none-eabi/lib/thumb/v7e-m+fp/hard/libg_nano.a(libc_a-stdio.o) (_write_r)
/usr/lib/gcc/arm-none-eabi/13.2.0/../../../../arm-none-eabi/lib/thumb/v7e-m+fp/hard/libg_nano.a(libc_a-init.o)
                              /usr/lib/gcc/arm-none-eabi/13.2.0/../../../../arm-none-eabi/lib/thumb/v7e-m+fp/hard/crt0.o (__libc_init_array)
/usr/lib/gcc/arm-none-eabi/13.2.0/../../../../arm-none-eabi/lib/thumb/v7e-m+fp/hard/libg_nano.a(libc_a-fini.o)
                              /usr/lib/gcc/arm-none-eabi/13.2.0/../../../../arm-none-eabi/lib/thumb/v7e-m+fp/hard/crt0.o (__libc_fini_array)
/usr/lib/gcc/arm-none-eabi/13.2.0/../../../../arm-none-eabi/lib/thumb/v7e-m+fp/hard/libg_nano.a(libc_a-lock.o)
                              /usr/lib/gcc/arm-none-eabi/13.2.0/../../../../arm-none-eabi/lib/thumb/v7e-m+fp/hard/libg_nano.a(libc_a-findfp.o) (__retarget_lock_init_recursive)
/usr/lib/gcc/arm-none-eabi/13.2.0/../../../../arm-none-eabi/lib/thumb/v7e-m+fp/hard/libg_nano.a(libc_a-memcpy-stub.o)
                              CMakeFiles/RTS-Lab.elf.dir/libraries/FreeRTOS-Kernel/queue.c.obj (memcpy)
/usr/lib/gcc/arm-none-eabi/13.2.0/../../../../arm-none-eabi/lib/thumb/v7e-m+fp/hard/libg_nano.a(libc_a-__atexit.o)
                              /usr/lib/gcc/arm-none-eabi/13.2.0/../../../../arm-none-eabi/lib/thumb/v7e-m+fp/hard/libg_nano.a(libc_a-atexit.o) (__register_exitproc)
/usr/lib/gcc/arm-none-eabi/13.2.0/../../../../arm-none-eabi/lib/thumb/v7e-m+fp/hard/libg_nano.a(libc_a-__call_atexit.o)
                              /usr/lib/gcc/arm-none-eabi/13.2.0/../../../../arm-none-eabi/lib/thumb/v7e-m+fp/hard/libg_nano.a(libc_a-__atexit.o) (__call_exitprocs)
[...]
Memory Configuration

Name             Origin             Length             Attributes
RAM              0x20000000         0x0001c000         xrw
*default*        0x00000000         0xffffffff

Linker script and memory map

LOAD /usr/lib/gcc/arm-none-eabi/13.2.0/thumb/v7e-m+fp/hard/crti.o
LOAD /usr/lib/gcc/arm-none-eabi/13.2.0/thumb/v7e-m+fp/hard/crtbegin.o
LOAD /usr/lib/gcc/arm-none-eabi/13.2.0/../../../../arm-none-eabi/lib/thumb/v7e-m+fp/hard/crt0.o
LOAD CMakeFiles/RTS-Lab.elf.dir/vectors.s.obj
LOAD CMakeFiles/RTS-Lab.elf.dir/device/src/system_stm32f4xx.c.obj
LOAD CMakeFiles/RTS-Lab.elf.dir/libraries/FreeRTOS-Kernel/event_groups.c.obj
LOAD CMakeFiles/RTS-Lab.elf.dir/libraries/FreeRTOS-Kernel/list.c.obj
LOAD CMakeFiles/RTS-Lab.elf.dir/libraries/FreeRTOS-Kernel/queue.c.obj
LOAD CMakeFiles/RTS-Lab.elf.dir/libraries/FreeRTOS-Kernel/stream_buffer.c.obj
LOAD CMakeFiles/RTS-Lab.elf.dir/libraries/FreeRTOS-Kernel/tasks.c.obj
LOAD CMakeFiles/RTS-Lab.elf.dir/libraries/FreeRTOS-Kernel/timers.c.obj
LOAD CMakeFiles/RTS-Lab.elf.dir/libraries/FreeRTOS-Kernel/portable/GCC/ARM_CM4F/port.c.obj
LOAD CMakeFiles/RTS-Lab.elf.dir/libraries/io/io.c.obj
LOAD CMakeFiles/RTS-Lab.elf.dir/driver/src/stm32f4xx_can.c.obj
LOAD CMakeFiles/RTS-Lab.elf.dir/driver/src/stm32f4xx_dac.c.obj
LOAD CMakeFiles/RTS-Lab.elf.dir/driver/src/stm32f4xx_exti.c.obj
LOAD CMakeFiles/RTS-Lab.elf.dir/driver/src/stm32f4xx_gpio.c.obj
LOAD CMakeFiles/RTS-Lab.elf.dir/driver/src/stm32f4xx_rcc.c.obj
LOAD CMakeFiles/RTS-Lab.elf.dir/driver/src/stm32f4xx_syscfg.c.obj
LOAD CMakeFiles/RTS-Lab.elf.dir/driver/src/stm32f4xx_tim.c.obj
LOAD CMakeFiles/RTS-Lab.elf.dir/driver/src/stm32f4xx_usart.c.obj
LOAD CMakeFiles/RTS-Lab.elf.dir/startup.c.obj
LOAD CMakeFiles/RTS-Lab.elf.dir/src/main.c.obj
LOAD /usr/lib/gcc/arm-none-eabi/13.2.0/../../../../arm-none-eabi/lib/thumb/v7e-m+fp/hard/libm.a
START GROUP
LOAD /usr/lib/gcc/arm-none-eabi/13.2.0/thumb/v7e-m+fp/hard/libgcc.a
LOAD /usr/lib/gcc/arm-none-eabi/13.2.0/../../../../arm-none-eabi/lib/thumb/v7e-m+fp/hard/libg_nano.a
LOAD /usr/lib/gcc/arm-none-eabi/13.2.0/../../../../arm-none-eabi/lib/thumb/v7e-m+fp/hard/libc_nano.a
END GROUP
START GROUP
LOAD /usr/lib/gcc/arm-none-eabi/13.2.0/thumb/v7e-m+fp/hard/libgcc.a
LOAD /usr/lib/gcc/arm-none-eabi/13.2.0/../../../../arm-none-eabi/lib/thumb/v7e-m+fp/hard/libc_nano.a
LOAD /usr/lib/gcc/arm-none-eabi/13.2.0/../../../../arm-none-eabi/lib/thumb/v7e-m+fp/hard/libnosys.a
END GROUP
START GROUP
LOAD /usr/lib/gcc/arm-none-eabi/13.2.0/thumb/v7e-m+fp/hard/libgcc.a
LOAD /usr/lib/gcc/arm-none-eabi/13.2.0/../../../../arm-none-eabi/lib/thumb/v7e-m+fp/hard/libc_nano.a
LOAD /usr/lib/gcc/arm-none-eabi/13.2.0/../../../../arm-none-eabi/lib/thumb/v7e-m+fp/hard/libnosys.a
END GROUP
LOAD /usr/lib/gcc/arm-none-eabi/13.2.0/thumb/v7e-m+fp/hard/crtend.o
LOAD /usr/lib/gcc/arm-none-eabi/13.2.0/thumb/v7e-m+fp/hard/crtn.o

.text           0x20000000     0xe0e8
                0x20000000                        . = ALIGN (0x4)
 *(.start_section)
 .start_section
                0x20000000       0x1c CMakeFiles/RTS-Lab.elf.dir/startup.c.obj
                0x20000000                startup
 *(.text)
 .text          0x2000001c        0x0 /usr/lib/gcc/arm-none-eabi/13.2.0/thumb/v7e-m+fp/hard/crti.o
 .text          0x2000001c        0x0 /usr/lib/gcc/arm-none-eabi/13.2.0/thumb/v7e-m+fp/hard/crtbegin.o
 .text          0x2000001c       0x70 /usr/lib/gcc/arm-none-eabi/13.2.0/../../../../arm-none-eabi/lib/thumb/v7e-m+fp/hard/crt0.o
                0x2000001c                _stack_init
                0x20000024                _mainCRTStartup
                0x20000024                _start
 .text          0x2000008c       0x14 CMakeFiles/RTS-Lab.elf.dir/vectors.s.obj
 .text          0x200000a0      0x170 CMakeFiles/RTS-Lab.elf.dir/device/src/system_stm32f4xx.c.obj
                0x200000a0                SystemInit
                0x20000110                SystemCoreClockUpdate
 .text          0x20000210      0x730 CMakeFiles/RTS-Lab.elf.dir/libraries/FreeRTOS-Kernel/event_groups.c.obj
                0x20000210                xEventGroupCreateStatic
                0x2000027c                xEventGroupSync
                0x200003dc                xEventGroupWaitBits
                0x20000580                xEventGroupClearBits
                0x200005f2                xEventGroupClearBitsFromISR
                0x20000618                xEventGroupGetBitsFromISR
                0x20000660                xEventGroupSetBits
                0x20000778                vEventGroupDelete
                0x200007f4                xEventGroupGetStaticBuffer
                0x20000856                vEventGroupSetBitsCallback
                0x20000870                vEventGroupClearBitsCallback
                0x200008ce                xEventGroupSetBitsFromISR
                0x200008f8                uxEventGroupGetNumber
                0x20000924                vEventGroupSetNumber
 .text          0x20000940      0x168 CMakeFiles/RTS-Lab.elf.dir/libraries/FreeRTOS-Kernel/list.c.obj
                0x20000940                vListInitialise
                0x20000980                vListInitialiseItem
                0x2000099a                vListInsertEnd
                0x200009e2                vListInsert
                0x20000a54                uxListRemove
 .text          0x20000aa8     0x1778 CMakeFiles/RTS-Lab.elf.dir/libraries/FreeRTOS-Kernel/queue.c.obj
                0x20000aa8                xQueueGenericReset
                0x20000bcc                xQueueGenericCreateStatic
                0x20000c86                xQueueGenericGetStaticBuffers
                0x20000d72                xQueueCreateMutexStatic
                0x20000da8                xQueueGetMutexHolder
                0x20000df8                xQueueGetMutexHolderFromISR
                0x20000e40                xQueueGiveMutexRecursive
                0x20000eaa                xQueueTakeMutexRecursive
                0x20000f18                xQueueCreateCountingSemaphoreStatic
                0x20000f7e                xQueueGenericSend
                0x20001184                xQueueGenericSendFromISR
                0x200012f0                xQueueGiveFromISR
                0x20001440                xQueueReceive
                0x20001604                xQueueSemaphoreTake
                0x20001804                xQueuePeek
                0x200019cc                xQueueReceiveFromISR
                0x20001b00                xQueuePeekFromISR
                0x20001bd8                uxQueueMessagesWaiting
                0x20001c16                uxQueueSpacesAvailable
                0x20001c5e                uxQueueMessagesWaitingFromISR
                0x20001c9c                vQueueDelete
                0x20001cd4                uxQueueGetQueueNumber
                0x20001cec                vQueueSetQueueNumber
                0x20001d08                ucQueueGetQueueType
                0x20001d22                uxQueueGetQueueItemSize
                0x20001d3a                uxQueueGetQueueLength
                0x20001f72                xQueueIsQueueEmptyFromISR
                0x20001fec                xQueueIsQueueFullFromISR
                0x2000203a                vQueueAddToRegistry
                0x200020d8                pcQueueGetName
                0x20002144                vQueueUnregisterQueue
                0x200021b8                vQueueWaitForMessageRestricted
 .text          0x20002220      0xf60 CMakeFiles/RTS-Lab.elf.dir/libraries/FreeRTOS-Kernel/stream_buffer.c.obj
                0x20002220                xStreamBufferGenericCreateStatic
                0x20002332                xStreamBufferGetStaticBuffers
                0x200023ce                vStreamBufferDelete
                0x20002436                xStreamBufferReset
                0x200024c2                xStreamBufferSetTriggerLevel
                0x20002520                xStreamBufferSpacesAvailable
                0x20002598                xStreamBufferBytesAvailable
                0x200025d4                xStreamBufferSend
                0x2000277e                xStreamBufferSendFromISR
                0x200028fc                xStreamBufferReceive
                0x20002a3a                xStreamBufferNextMessageLengthBytes
                0x20002ac6                xStreamBufferReceiveFromISR
                0x20002c24                xStreamBufferIsEmpty
                0x20002c76                xStreamBufferIsFull
                0x20002cd8                xStreamBufferSendCompletedFromISR
                0x20002d66                xStreamBufferReceiveCompletedFromISR
                0x20003058                uxStreamBufferGetStreamBufferNotificationIndex
                0x20003092                vStreamBufferSetStreamBufferNotificationIndex
                0x2000312e                uxStreamBufferGetStreamBufferNumber
                0x20003146                vStreamBufferSetStreamBufferNumber
                0x20003162                ucStreamBufferGetStreamBufferType
 .text          0x20003180     0x3178 CMakeFiles/RTS-Lab.elf.dir/libraries/FreeRTOS-Kernel/tasks.c.obj
                0x2000323a                xTaskCreateStatic
                0x200034d4                vTaskDelete
                0x200035e0                xTaskDelayUntil
                0x200036e4                vTaskDelay
                0x20003750                eTaskGetState
                0x20003860                uxTaskPriorityGet
                0x20003894                uxTaskPriorityGetFromISR
                0x200038ec                uxTaskBasePriorityGet
                0x20003920                uxTaskBasePriorityGetFromISR
                0x20003978                vTaskPrioritySet
                0x20003b14                vTaskSuspend
                0x20003cac                vTaskResume
                0x20003dc0                xTaskResumeFromISR
                0x20003fd4                vTaskStartScheduler
                0x2000405c                vTaskEndScheduler
                0x200040c0                vTaskSuspendAll
                0x200040dc                xTaskResumeAll
                0x200042f0                xTaskGetTickCount
                0x20004310                xTaskGetTickCountFromISR
                0x20004334                uxTaskGetNumberOfTasks
                0x2000434c                pcTaskGetName
                0x20004398                xTaskGetStaticBuffers
                0x20004414                uxTaskGetSystemState
                0x20004530                xTaskCatchUpTicks
                0x20004588                xTaskIncrementTick
                0x200047bc                vTaskSwitchContext
                0x2000487c                vTaskPlaceOnEventList
                0x200048c8                vTaskPlaceOnUnorderedEventList
                0x20004978                vTaskPlaceOnEventListRestricted
                0x20004a04                xTaskRemoveFromEventList
                0x20004bb8                vTaskRemoveFromUnorderedEventList
                0x20004d44                vTaskSetTimeOutState
                0x20004d94                vTaskInternalSetTimeOutState
                0x20004dc0                xTaskCheckForTimeOut
                0x20004e90                vTaskMissedYield
                0x20004ea8                uxTaskGetTaskNumber
                0x20004ed4                vTaskSetTaskNumber
                0x20005004                vTaskGetInfo
                0x200051ea                uxTaskGetStackHighWaterMark
                0x2000526c                xTaskGetCurrentTaskHandle
                0x2000528c                xTaskGetCurrentTaskHandleForCore
                0x200052bc                xTaskGetSchedulerState
                0x200052f8                xTaskPriorityInherit
                0x2000541c                xTaskPriorityDisinherit
                0x20005550                vTaskPriorityDisinheritAfterTimeout
                0x200056ac                uxTaskResetEventItemValue
                0x200056dc                pvTaskIncrementMutexHeldCount
                0x2000570c                ulTaskGenericNotifyTake
                0x20005808                xTaskGenericNotifyWait
                0x20005938                xTaskGenericNotify
                0x20005b98                xTaskGenericNotifyFromISR
                0x20005e6c                vTaskGenericNotifyGiveFromISR
                0x20006088                xTaskGenericNotifyStateClear
                0x200060fc                ulTaskGenericNotifyValueClear
                0x20006258                vTaskResetState
 .text          0x200062f8      0xb90 CMakeFiles/RTS-Lab.elf.dir/libraries/FreeRTOS-Kernel/timers.c.obj
                0x200062f8                xTimerCreateTimerTask
                0x2000638c                xTimerCreateStatic
                0x2000647e                xTimerGenericCommandFromTask
                0x20006524                xTimerGenericCommandFromISR
                0x200065ac                xTimerGetTimerDaemonTaskHandle
                0x200065e8                xTimerGetPeriod
                0x20006622                vTimerSetReloadMode
                0x2000668a                xTimerGetReloadMode
                0x200066de                uxTimerGetReloadMode
                0x200066fa                xTimerGetExpiryTime
                0x20006738                xTimerGetStaticBuffer
                0x20006790                pcTimerGetName
                0x20006cb8                xTimerIsTimerActive
                0x20006d0c                pvTimerGetTimerID
                0x20006d4e                vTimerSetTimerID
                0x20006d90                xTimerPendFunctionCallFromISR
                0x20006dd0                xTimerPendFunctionCall
                0x20006e30                uxTimerGetTimerNumber
                0x20006e48                vTimerSetTimerNumber
                0x20006e64                vTimerResetState
 *fill*         0x20006e88        0x8 
 .text          0x20006e90      0x58c CMakeFiles/RTS-Lab.elf.dir/libraries/FreeRTOS-Kernel/portable/GCC/ARM_CM4F/port.c.obj
                0x20006e90                pxPortInitialiseStack
                0x20006f54                SVC_Handler
                0x20006f9e                xPortStartScheduler
                0x200071a8                vPortEndScheduler
                0x200071e0                vPortEnterCritical
                0x20007244                vPortExitCritical
                0x20007298                PendSV_Handler
                0x20007306                SysTick_Handler
                0x2000734c                vPortSetupTimerInterrupt
                0x2000739a                vPortValidateInterruptPriority
 .text          0x2000741c      0x350 CMakeFiles/RTS-Lab.elf.dir/libraries/io/io.c.obj
                0x2000741c                print
                0x2000747c                printf
 .text          0x2000776c     0x11b4 CMakeFiles/RTS-Lab.elf.dir/driver/src/stm32f4xx_can.c.obj
                0x2000776c                CAN_DeInit
                0x200077b4                CAN_Init
                0x20007956                CAN_FilterInit
                0x20007adc                CAN_StructInit
                0x20007b32                CAN_SlaveStartBank
                0x20007b94                CAN_DBGFreeze
                0x20007bcc                CAN_TTComModeCmd
                0x20007c64                CAN_Transmit
                0x20007e06                CAN_TransmitStatus
                0x20007f0c                CAN_CancelTransmit
                0x20007f64                CAN_Receive
                0x200080e0                CAN_FIFORelease
                0x20008118                CAN_MessagePending
                0x20008162                CAN_OperatingModeRequest
                0x2000825e                CAN_Sleep
                0x20008298                CAN_WakeUp
                0x200082ee                CAN_GetLastErrorCode
                0x20008314                CAN_GetReceiveErrorCounter
                0x20008336                CAN_GetLSBTransmitErrorCounter
                0x20008358                CAN_ITConfig
                0x20008394                CAN_GetFlagStatus
                0x20008462                CAN_ClearFlag
                0x200084d4                CAN_GetITStatus
                0x20008738                CAN_ClearITPendingBit
 .text          0x20008920      0x450 CMakeFiles/RTS-Lab.elf.dir/driver/src/stm32f4xx_dac.c.obj
                0x20008920                DAC_DeInit
                0x2000893c                DAC_Init
                0x200089a4                DAC_StructInit
                0x200089d0                DAC_Cmd
                0x20008a1c                DAC_SoftwareTriggerCmd
                0x20008a6c                DAC_DualSoftwareTriggerCmd
                0x20008aa8                DAC_WaveGenerationCmd
                0x20008af4                DAC_SetChannel1Data
                0x20008b2c                DAC_SetChannel2Data
                0x20008b64                DAC_SetDualChannelData
                0x20008bbc                DAC_GetDataOutputValue
                0x20008bf0                DAC_DMACmd
                0x20008c40                DAC_ITConfig
                0x20008c8c                DAC_GetFlagStatus
                0x20008cc8                DAC_ClearFlag
                0x20008cf0                DAC_GetITStatus
                0x20008d48                DAC_ClearITPendingBit
 .text          0x20008d70      0x210 CMakeFiles/RTS-Lab.elf.dir/driver/src/stm32f4xx_exti.c.obj
                0x20008d70                EXTI_DeInit
                0x20008da4                EXTI_Init
                0x20008e88                EXTI_StructInit
                0x20008eb4                EXTI_GenerateSWInterrupt
                0x20008ed8                EXTI_GetFlagStatus
                0x20008f0c                EXTI_ClearFlag
                0x20008f2c                EXTI_GetITStatus
                0x20008f60                EXTI_ClearITPendingBit
 .text          0x20008f80      0x4d8 CMakeFiles/RTS-Lab.elf.dir/driver/src/stm32f4xx_gpio.c.obj
                0x20008f80                GPIO_DeInit
                0x200090e4                GPIO_Init
                0x20009202                GPIO_StructInit
                0x20009236                GPIO_PinLockConfig
                0x2000927a                GPIO_ReadInputDataBit
                0x200092ae                GPIO_ReadInputData
                0x200092c8                GPIO_ReadOutputDataBit
                0x200092fc                GPIO_ReadOutputData
                0x20009316                GPIO_SetBits
                0x20009334                GPIO_ResetBits
                0x20009352                GPIO_WriteBit
                0x20009382                GPIO_Write
                0x200093a0                GPIO_ToggleBits
                0x200093c4                GPIO_PinAFConfig
 .text          0x20009458      0xcb0 CMakeFiles/RTS-Lab.elf.dir/driver/src/stm32f4xx_rcc.c.obj
                0x20009458                RCC_DeInit
                0x200094c8                RCC_HSEConfig
                0x200094f0                RCC_WaitForHSEStartUp
                0x20009540                RCC_AdjustHSICalibrationValue
                0x2000957c                RCC_HSICmd
                0x2000959c                RCC_LSEConfig
                0x200095e0                RCC_LSICmd
                0x20009600                RCC_PLLConfig
                0x20009640                RCC_PLLCmd
                0x20009660                RCC_PLLI2SConfig
                0x2000968c                RCC_PLLI2SCmd
                0x200096ac                RCC_PLLSAIConfig
                0x200096e0                RCC_PLLSAICmd
                0x20009700                RCC_ClockSecuritySystemCmd
                0x20009720                RCC_MCO1Config
                0x20009760                RCC_MCO2Config
                0x200097a0                RCC_SYSCLKConfig
                0x200097d8                RCC_GetSYSCLKSource
                0x200097f8                RCC_HCLKConfig
                0x20009830                RCC_PCLK1Config
                0x20009868                RCC_PCLK2Config
                0x200098a4                RCC_GetClocksFreq
                0x20009a00                RCC_RTCCLKConfig
                0x20009a5c                RCC_RTCCLKCmd
                0x20009a7c                RCC_BackupResetCmd
                0x20009a9c                RCC_I2SCLKConfig
                0x20009abc                RCC_SAIPLLI2SClkDivConfig
                0x20009afc                RCC_SAIPLLSAIClkDivConfig
                0x20009b3c                RCC_SAIBlockACLKConfig
                0x20009b78                RCC_SAIBlockBCLKConfig
                0x20009bb4                RCC_LTDCCLKDivConfig
                0x20009bf0                RCC_TIMCLKPresConfig
                0x20009c10                RCC_AHB1PeriphClockCmd
                0x20009c50                RCC_AHB2PeriphClockCmd
                0x20009c90                RCC_AHB3PeriphClockCmd
                0x20009cd0                RCC_APB1PeriphClockCmd
                0x20009d10                RCC_APB2PeriphClockCmd
                0x20009d50                RCC_AHB1PeriphResetCmd
                0x20009d90                RCC_AHB2PeriphResetCmd
                0x20009dd0                RCC_AHB3PeriphResetCmd
                0x20009e10                RCC_APB1PeriphResetCmd
                0x20009e50                RCC_APB2PeriphResetCmd
                0x20009e90                RCC_AHB1PeriphClockLPModeCmd
                0x20009ed0                RCC_AHB2PeriphClockLPModeCmd
                0x20009f10                RCC_AHB3PeriphClockLPModeCmd
                0x20009f50                RCC_APB1PeriphClockLPModeCmd
                0x20009f90                RCC_APB2PeriphClockLPModeCmd
                0x20009fd0                RCC_ITConfig
                0x2000a01c                RCC_GetFlagStatus
                0x2000a090                RCC_ClearFlag
                0x2000a0b0                RCC_GetITStatus
                0x2000a0e8                RCC_ClearITPendingBit
 .text          0x2000a108      0x154 CMakeFiles/RTS-Lab.elf.dir/driver/src/stm32f4xx_syscfg.c.obj
                0x2000a108                SYSCFG_DeInit
                0x2000a124                SYSCFG_MemoryRemapConfig
                0x2000a144                SYSCFG_MemorySwappingBank
                0x2000a164                SYSCFG_EXTILineConfig
                0x2000a1e8                SYSCFG_ETH_MediaInterfaceConfig
                0x2000a208                SYSCFG_CompensationCellCmd
                0x2000a228                SYSCFG_GetCompensationCellStatus
 .text          0x2000a25c     0x1c1c CMakeFiles/RTS-Lab.elf.dir/driver/src/stm32f4xx_tim.c.obj
                0x2000a25c                TIM_DeInit
                0x2000a41c                TIM_TimeBaseInit
                0x2000a4f4                TIM_TimeBaseStructInit
                0x2000a528                TIM_PrescalerConfig
                0x2000a550                TIM_CounterModeConfig
                0x2000a588                TIM_SetCounter
                0x2000a5a4                TIM_SetAutoreload
                0x2000a5c0                TIM_GetCounter
                0x2000a5d8                TIM_GetPrescaler
                0x2000a5f2                TIM_UpdateDisableConfig
                0x2000a632                TIM_UpdateRequestConfig
                0x2000a672                TIM_ARRPreloadConfig
                0x2000a6b2                TIM_SelectOnePulseMode
                0x2000a6ea                TIM_SetClockDivision
                0x2000a722                TIM_Cmd
                0x2000a762                TIM_OC1Init
                0x2000a858                TIM_OC2Init
                0x2000a968                TIM_OC3Init
                0x2000aa74                TIM_OC4Init
                0x2000ab44                TIM_OCStructInit
                0x2000ab88                TIM_SelectOCxM
                0x2000ac3e                TIM_SetCompare1
                0x2000ac5a                TIM_SetCompare2
                0x2000ac76                TIM_SetCompare3
                0x2000ac92                TIM_SetCompare4
                0x2000acae                TIM_ForcedOC1Config
                0x2000ace6                TIM_ForcedOC2Config
                0x2000ad22                TIM_ForcedOC3Config
                0x2000ad5a                TIM_ForcedOC4Config
                0x2000ad96                TIM_OC1PreloadConfig
                0x2000adce                TIM_OC2PreloadConfig
                0x2000ae0a                TIM_OC3PreloadConfig
                0x2000ae42                TIM_OC4PreloadConfig
                0x2000ae7e                TIM_OC1FastConfig
                0x2000aeb6                TIM_OC2FastConfig
                0x2000aef2                TIM_OC3FastConfig
                0x2000af2a                TIM_OC4FastConfig
                0x2000af66                TIM_ClearOC1Ref
                0x2000af9e                TIM_ClearOC2Ref
                0x2000afda                TIM_ClearOC3Ref
                0x2000b012                TIM_ClearOC4Ref
                0x2000b04e                TIM_OC1PolarityConfig
                0x2000b086                TIM_OC1NPolarityConfig
                0x2000b0be                TIM_OC2PolarityConfig
                0x2000b0fa                TIM_OC2NPolarityConfig
                0x2000b136                TIM_OC3PolarityConfig
                0x2000b172                TIM_OC3NPolarityConfig
                0x2000b1ae                TIM_OC4PolarityConfig
                0x2000b1ea                TIM_CCxCmd
                0x2000b240                TIM_CCxNCmd
                0x2000b296                TIM_ICInit
                0x2000b33e                TIM_ICStructInit
                0x2000b370                TIM_PWMIConfig
                0x2000b428                TIM_GetCapture1
                0x2000b440                TIM_GetCapture2
                0x2000b458                TIM_GetCapture3
                0x2000b470                TIM_GetCapture4
                0x2000b488                TIM_SetIC1Prescaler
                0x2000b4c0                TIM_SetIC2Prescaler
                0x2000b4fc                TIM_SetIC3Prescaler
                0x2000b534                TIM_SetIC4Prescaler
                0x2000b570                TIM_BDTRConfig
                0x2000b5c0                TIM_BDTRStructInit
                0x2000b5fe                TIM_CtrlPWMOutputs
                0x2000b64a                TIM_SelectCOM
                0x2000b68a                TIM_CCPreloadControl
                0x2000b6ca                TIM_ITConfig
                0x2000b712                TIM_GenerateEvent
                0x2000b730                TIM_GetFlagStatus
                0x2000b768                TIM_ClearFlag
                0x2000b78a                TIM_GetITStatus
                0x2000b7de                TIM_ClearITPendingBit
                0x2000b800                TIM_DMAConfig
                0x2000b82a                TIM_DMACmd
                0x2000b872                TIM_SelectCCDMA
                0x2000b8b2                TIM_InternalClockConfig
                0x2000b8d6                TIM_ITRxExternalClockConfig
                0x2000b904                TIM_TIxExternalClockConfig
                0x2000b960                TIM_ETRClockMode1Config
                0x2000b9be                TIM_ETRClockMode2Config
                0x2000b9fc                TIM_SelectInputTrigger
                0x2000ba34                TIM_SelectOutputTrigger
                0x2000ba6c                TIM_SelectSlaveMode
                0x2000baa4                TIM_SelectMasterSlaveMode
                0x2000badc                TIM_ETRConfig
                0x2000bb30                TIM_EncoderInterfaceConfig
                0x2000bbc8                TIM_SelectHallSensor
                0x2000bc08                TIM_RemapConfig
 .text          0x2000be78      0x970 CMakeFiles/RTS-Lab.elf.dir/driver/src/stm32f4xx_usart.c.obj
                0x2000be78                USART_DeInit
                0x2000bf90                USART_Init
                0x2000c104                USART_StructInit
                0x2000c13e                USART_ClockInit
                0x2000c194                USART_ClockStructInit
                0x2000c1c0                USART_Cmd
                0x2000c200                USART_SetPrescaler
                0x2000c23a                USART_OverSampling8Cmd
                0x2000c27e                USART_OneBitMethodCmd
                0x2000c2be                USART_SendData
                0x2000c2e2                USART_ReceiveData
                0x2000c302                USART_SetAddress
                0x2000c33c                USART_ReceiverWakeUpCmd
                0x2000c37c                USART_WakeUpConfig
                0x2000c3b4                USART_LINBreakDetectLengthConfig
                0x2000c3ec                USART_LINCmd
                0x2000c42c                USART_SendBreak
                0x2000c450                USART_HalfDuplexCmd
                0x2000c490                USART_SetGuardTime
                0x2000c4cc                USART_SmartCardCmd
                0x2000c50c                USART_SmartCardNACKCmd
                0x2000c54c                USART_IrDAConfig
                0x2000c584                USART_IrDACmd
                0x2000c5c4                USART_DMACmd
                0x2000c60c                USART_ITConfig
                0x2000c69c                USART_GetFlagStatus
                0x2000c6d4                USART_ClearFlag
                0x2000c6f6                USART_GetITStatus
                0x2000c7ac                USART_ClearITPendingBit
 .text          0x2000c7e8      0x32c CMakeFiles/RTS-Lab.elf.dir/startup.c.obj
 .text          0x2000cb14      0x114 CMakeFiles/RTS-Lab.elf.dir/src/main.c.obj
                0x2000cb14                vTask1
                0x2000cb64                main
                0x2000cbc0                vApplicationGetIdleTaskMemory
                0x2000cbf4                vApplicationGetTimerTaskMemory
 .text          0x2000cc28        0x0 /usr/lib/gcc/arm-none-eabi/13.2.0/../../../../arm-none-eabi/lib/thumb/v7e-m+fp/hard/libg_nano.a(libc_a-atexit.o)
 .text          0x2000cc28        0x0 /usr/lib/gcc/arm-none-eabi/13.2.0/../../../../arm-none-eabi/lib/thumb/v7e-m+fp/hard/libg_nano.a(libc_a-exit.o)
 .text          0x2000cc28        0x0 /usr/lib/gcc/arm-none-eabi/13.2.0/../../../../arm-none-eabi/lib/thumb/v7e-m+fp/hard/libg_nano.a(libc_a-findfp.o)
 .text          0x2000cc28        0x0 /usr/lib/gcc/arm-none-eabi/13.2.0/../../../../arm-none-eabi/lib/thumb/v7e-m+fp/hard/libg_nano.a(libc_a-fwalk.o)
 .text          0x2000cc28        0x0 /usr/lib/gcc/arm-none-eabi/13.2.0/../../../../arm-none-eabi/lib/thumb/v7e-m+fp/hard/libg_nano.a(libc_a-sprintf.o)
 .text          0x2000cc28        0x0 /usr/lib/gcc/arm-none-eabi/13.2.0/../../../../arm-none-eabi/lib/thumb/v7e-m+fp/hard/libg_nano.a(libc_a-stdio.o)
 .text          0x2000cc28        0x0 /usr/lib/gcc/arm-none-eabi/13.2.0/../../../../arm-none-eabi/lib/thumb/v7e-m+fp/hard/libg_nano.a(libc_a-memset.o)
 .text          0x2000cc28        0x0 /usr/lib/gcc/arm-none-eabi/13.2.0/../../../../arm-none-eabi/lib/thumb/v7e-m+fp/hard/libg_nano.a(libc_a-closer.o)
 .text          0x2000cc28        0x0 /usr/lib/gcc/arm-none-eabi/13.2.0/../../../../arm-none-eabi/lib/thumb/v7e-m+fp/hard/libg_nano.a(libc_a-reent.o)
 .text          0x2000cc28        0x0 /usr/lib/gcc/arm-none-eabi/13.2.0/../../../../arm-none-eabi/lib/thumb/v7e-m+fp/hard/libg_nano.a(libc_a-impure.o)
 .text          0x2000cc28        0x0 /usr/lib/gcc/arm-none-eabi/13.2.0/../../../../arm-none-eabi/lib/thumb/v7e-m+fp/hard/libg_nano.a(libc_a-lseekr.o)
 .text          0x2000cc28        0x0 /usr/lib/gcc/arm-none-eabi/13.2.0/../../../../arm-none-eabi/lib/thumb/v7e-m+fp/hard/libg_nano.a(libc_a-readr.o)
 .text          0x2000cc28        0x0 /usr/lib/gcc/arm-none-eabi/13.2.0/../../../../arm-none-eabi/lib/thumb/v7e-m+fp/hard/libg_nano.a(libc_a-writer.o)
 .text          0x2000cc28        0x0 /usr/lib/gcc/arm-none-eabi/13.2.0/../../../../arm-none-eabi/lib/thumb/v7e-m+fp/hard/libg_nano.a(libc_a-init.o)
 .text          0x2000cc28        0x0 /usr/lib/gcc/arm-none-eabi/13.2.0/../../../../arm-none-eabi/lib/thumb/v7e-m+fp/hard/libg_nano.a(libc_a-fini.o)
 .text          0x2000cc28        0x0 /usr/lib/gcc/arm-none-eabi/13.2.0/../../../../arm-none-eabi/lib/thumb/v7e-m+fp/hard/libg_nano.a(libc_a-lock.o)
 .text          0x2000cc28        0x0 /usr/lib/gcc/arm-none-eabi/13.2.0/../../../../arm-none-eabi/lib/thumb/v7e-m+fp/hard/libg_nano.a(libc_a-memcpy-stub.o)
 .text          0x2000cc28        0x0 /usr/lib/gcc/arm-none-eabi/13.2.0/../../../../arm-none-eabi/lib/thumb/v7e-m+fp/hard/libg_nano.a(libc_a-__atexit.o)
 .text          0x2000cc28        0x0 /usr/lib/gcc/arm-none-eabi/13.2.0/../../../../arm-none-eabi/lib/thumb/v7e-m+fp/hard/libg_nano.a(libc_a-__call_atexit.o)
 .text          0x2000cc28        0x0 /usr/lib/gcc/arm-none-eabi/13.2.0/../../../../arm-none-eabi/lib/thumb/v7e-m+fp/hard/libg_nano.a(libc_a-freer.o)
 .text          0x2000cc28        0x0 /usr/lib/gcc/arm-none-eabi/13.2.0/../../../../arm-none-eabi/lib/thumb/v7e-m+fp/hard/libg_nano.a(libc_a-mallocr.o)
 .text          0x2000cc28        0x0 /usr/lib/gcc/arm-none-eabi/13.2.0/../../../../arm-none-eabi/lib/thumb/v7e-m+fp/hard/libg_nano.a(libc_a-mlock.o)
 .text          0x2000cc28        0x0 /usr/lib/gcc/arm-none-eabi/13.2.0/../../../../arm-none-eabi/lib/thumb/v7e-m+fp/hard/libg_nano.a(libc_a-nano-svfprintf.o)
 .text          0x2000cc28        0x0 /usr/lib/gcc/arm-none-eabi/13.2.0/../../../../arm-none-eabi/lib/thumb/v7e-m+fp/hard/libg_nano.a(libc_a-nano-vfprintf_i.o)
 .text          0x2000cc28        0x0 /usr/lib/gcc/arm-none-eabi/13.2.0/../../../../arm-none-eabi/lib/thumb/v7e-m+fp/hard/libg_nano.a(libc_a-fflush.o)
 .text          0x2000cc28        0x0 /usr/lib/gcc/arm-none-eabi/13.2.0/../../../../arm-none-eabi/lib/thumb/v7e-m+fp/hard/libg_nano.a(libc_a-memmove.o)
 .text          0x2000cc28        0x0 /usr/lib/gcc/arm-none-eabi/13.2.0/../../../../arm-none-eabi/lib/thumb/v7e-m+fp/hard/libg_nano.a(libc_a-sbrkr.o)
 *fill*         0x2000cc28        0x8 
 .text          0x2000cc30       0xa0 /usr/lib/gcc/arm-none-eabi/13.2.0/../../../../arm-none-eabi/lib/thumb/v7e-m+fp/hard/libg_nano.a(libc_a-memchr.o)
                0x2000cc30                memchr
 .text          0x2000ccd0        0x0 /usr/lib/gcc/arm-none-eabi/13.2.0/../../../../arm-none-eabi/lib/thumb/v7e-m+fp/hard/libg_nano.a(libc_a-reallocr.o)
 .text          0x2000ccd0        0x0 /usr/lib/gcc/arm-none-eabi/13.2.0/../../../../arm-none-eabi/lib/thumb/v7e-m+fp/hard/libg_nano.a(libc_a-msizer.o)
 .text          0x2000ccd0        0x0 /usr/lib/gcc/arm-none-eabi/13.2.0/../../../../arm-none-eabi/lib/thumb/v7e-m+fp/hard/libnosys.a(close.o)
 .text          0x2000ccd0        0x0 /usr/lib/gcc/arm-none-eabi/13.2.0/../../../../arm-none-eabi/lib/thumb/v7e-m+fp/hard/libnosys.a(lseek.o)
 .text          0x2000ccd0        0x0 /usr/lib/gcc/arm-none-eabi/13.2.0/../../../../arm-none-eabi/lib/thumb/v7e-m+fp/hard/libnosys.a(read.o)
 .text          0x2000ccd0        0x0 /usr/lib/gcc/arm-none-eabi/13.2.0/../../../../arm-none-eabi/lib/thumb/v7e-m+fp/hard/libnosys.a(sbrk.o)
 .text          0x2000ccd0        0x0 /usr/lib/gcc/arm-none-eabi/13.2.0/../../../../arm-none-eabi/lib/thumb/v7e-m+fp/hard/libnosys.a(write.o)
 .text          0x2000ccd0        0x0 /usr/lib/gcc/arm-none-eabi/13.2.0/../../../../arm-none-eabi/lib/thumb/v7e-m+fp/hard/libnosys.a(_exit.o)
 .text          0x2000ccd0        0x0 /usr/lib/gcc/arm-none-eabi/13.2.0/thumb/v7e-m+fp/hard/crtend.o
 .text          0x2000ccd0        0x0 /usr/lib/gcc/arm-none-eabi/13.2.0/thumb/v7e-m+fp/hard/crtn.o
 *(.text.*)
 .text.__do_global_dtors_aux
                0x2000ccd0       0x24 /usr/lib/gcc/arm-none-eabi/13.2.0/thumb/v7e-m+fp/hard/crtbegin.o
 .text.frame_dummy
                0x2000ccf4       0x1c /usr/lib/gcc/arm-none-eabi/13.2.0/thumb/v7e-m+fp/hard/crtbegin.o
 .text.Reset_Handler
                0x2000cd10       0x48 CMakeFiles/RTS-Lab.elf.dir/vectors.s.obj
                0x2000cd10                Reset_Handler
 .text.Default_Handler
                0x2000cd58        0x2 CMakeFiles/RTS-Lab.elf.dir/vectors.s.obj
                0x2000cd58                RTC_Alarm_IRQHandler
                0x2000cd58                HASH_RNG_IRQHandler
                0x2000cd58                EXTI2_IRQHandler
                0x2000cd58                TIM8_CC_IRQHandler
                0x2000cd58                DebugMon_Handler
                0x2000cd58                TIM1_CC_IRQHandler
                0x2000cd58                DMA2_Stream5_IRQHandler
                0x2000cd58                HardFault_Handler
                0x2000cd58                DMA1_Stream5_IRQHandler
                0x2000cd58                PVD_IRQHandler
                0x2000cd58                SDIO_IRQHandler
                0x2000cd58                TAMP_STAMP_IRQHandler
                0x2000cd58                NMI_Handler
                0x2000cd58                CAN2_RX1_IRQHandler
                0x2000cd58                EXTI3_IRQHandler
                0x2000cd58                TIM8_TRG_COM_TIM14_IRQHandler
                0x2000cd58                TIM1_UP_TIM10_IRQHandler
                0x2000cd58                TIM8_UP_TIM13_IRQHandler
                0x2000cd58                I2C3_ER_IRQHandler
                0x2000cd58                EXTI0_IRQHandler
                0x2000cd58                I2C2_EV_IRQHandler
                0x2000cd58                DMA1_Stream2_IRQHandler
                0x2000cd58                CAN1_RX0_IRQHandler
                0x2000cd58                FPU_IRQHandler
                0x2000cd58                OTG_HS_WKUP_IRQHandler
                0x2000cd58                UsageFault_Handler
                0x2000cd58                CAN2_SCE_IRQHandler
                0x2000cd58                DMA2_Stream2_IRQHandler
                0x2000cd58                SPI1_IRQHandler
                0x2000cd58                TIM6_DAC_IRQHandler
                0x2000cd58                TIM1_BRK_TIM9_IRQHandler
                0x2000cd58                DCMI_IRQHandler
                0x2000cd58                CAN2_RX0_IRQHandler
                0x2000cd58                DMA2_Stream3_IRQHandler
                0x2000cd58                USART6_IRQHandler
                0x2000cd58                USART3_IRQHandler
                0x2000cd58                CRYP_IRQHandler
                0x2000cd58                CAN1_RX1_IRQHandler
                0x2000cd58                UART5_IRQHandler
                0x2000cd58                DMA2_Stream0_IRQHandler
                0x2000cd58                TIM4_IRQHandler
                0x2000cd58                I2C1_EV_IRQHandler
                0x2000cd58                DMA1_Stream6_IRQHandler
                0x2000cd58                DMA1_Stream1_IRQHandler
                0x2000cd58                UART4_IRQHandler
                0x2000cd58                TIM3_IRQHandler
                0x2000cd58                RCC_IRQHandler
                0x2000cd58                TIM8_BRK_TIM12_IRQHandler
                0x2000cd58                Default_Handler
                0x2000cd58                EXTI15_10_IRQHandler
                0x2000cd58                ADC_IRQHandler
                0x2000cd58                DMA1_Stream7_IRQHandler
                0x2000cd58                TIM7_IRQHandler
                0x2000cd58                CAN2_TX_IRQHandler
                0x2000cd58                TIM5_IRQHandler
                0x2000cd58                DMA2_Stream7_IRQHandler
                0x2000cd58                I2C3_EV_IRQHandler
                0x2000cd58                EXTI9_5_IRQHandler
                0x2000cd58                RTC_WKUP_IRQHandler
                0x2000cd58                ETH_WKUP_IRQHandler
                0x2000cd58                SPI2_IRQHandler
                0x2000cd58                OTG_HS_EP1_IN_IRQHandler
                0x2000cd58                MemManage_Handler
                0x2000cd58                DMA1_Stream0_IRQHandler
                0x2000cd58                CAN1_TX_IRQHandler
                0x2000cd58                EXTI4_IRQHandler
                0x2000cd58                FSMC_IRQHandler
                0x2000cd58                ETH_IRQHandler
                0x2000cd58                OTG_HS_EP1_OUT_IRQHandler
                0x2000cd58                WWDG_IRQHandler
                0x2000cd58                TIM2_IRQHandler
                0x2000cd58                OTG_FS_WKUP_IRQHandler
                0x2000cd58                TIM1_TRG_COM_TIM11_IRQHandler
                0x2000cd58                OTG_HS_IRQHandler
                0x2000cd58                EXTI1_IRQHandler
                0x2000cd58                USART2_IRQHandler
                0x2000cd58                I2C2_ER_IRQHandler
                0x2000cd58                DMA2_Stream1_IRQHandler
                0x2000cd58                CAN1_SCE_IRQHandler
                0x2000cd58                FLASH_IRQHandler
                0x2000cd58                DMA2_Stream4_IRQHandler
                0x2000cd58                BusFault_Handler
                0x2000cd58                USART1_IRQHandler
                0x2000cd58                OTG_FS_IRQHandler
                0x2000cd58                SPI3_IRQHandler
                0x2000cd58                DMA1_Stream4_IRQHandler
                0x2000cd58                I2C1_ER_IRQHandler
                0x2000cd58                DMA2_Stream6_IRQHandler
                0x2000cd58                DMA1_Stream3_IRQHandler
 .text.atexit   0x2000cd5a        0xc /usr/lib/gcc/arm-none-eabi/13.2.0/../../../../arm-none-eabi/lib/thumb/v7e-m+fp/hard/libg_nano.a(libc_a-atexit.o)
                0x2000cd5a                atexit
 *fill*         0x2000cd66        0x2 
 .text.exit     0x2000cd68       0x24 /usr/lib/gcc/arm-none-eabi/13.2.0/../../../../arm-none-eabi/lib/thumb/v7e-m+fp/hard/libg_nano.a(libc_a-exit.o)
                0x2000cd68                exit
 .text.std      0x2000cd8c       0x6c /usr/lib/gcc/arm-none-eabi/13.2.0/../../../../arm-none-eabi/lib/thumb/v7e-m+fp/hard/libg_nano.a(libc_a-findfp.o)
 .text.stdio_exit_handler
                0x2000cdf8       0x18 /usr/lib/gcc/arm-none-eabi/13.2.0/../../../../arm-none-eabi/lib/thumb/v7e-m+fp/hard/libg_nano.a(libc_a-findfp.o)
 .text.cleanup_stdio
                0x2000ce10       0x40 /usr/lib/gcc/arm-none-eabi/13.2.0/../../../../arm-none-eabi/lib/thumb/v7e-m+fp/hard/libg_nano.a(libc_a-findfp.o)
 .text.__fp_lock
                0x2000ce50       0x18 /usr/lib/gcc/arm-none-eabi/13.2.0/../../../../arm-none-eabi/lib/thumb/v7e-m+fp/hard/libg_nano.a(libc_a-findfp.o)
 .text.__fp_unlock
                0x2000ce68       0x18 /usr/lib/gcc/arm-none-eabi/13.2.0/../../../../arm-none-eabi/lib/thumb/v7e-m+fp/hard/libg_nano.a(libc_a-findfp.o)
 .text.global_stdio_init.part.0
                0x2000ce80       0x3c /usr/lib/gcc/arm-none-eabi/13.2.0/../../../../arm-none-eabi/lib/thumb/v7e-m+fp/hard/libg_nano.a(libc_a-findfp.o)
 .text.__sfp_lock_acquire
                0x2000cebc        0xc /usr/lib/gcc/arm-none-eabi/13.2.0/../../../../arm-none-eabi/lib/thumb/v7e-m+fp/hard/libg_nano.a(libc_a-findfp.o)
                0x2000cebc                __sfp_lock_acquire
 .text.__sfp_lock_release
                0x2000cec8        0xc /usr/lib/gcc/arm-none-eabi/13.2.0/../../../../arm-none-eabi/lib/thumb/v7e-m+fp/hard/libg_nano.a(libc_a-findfp.o)
                0x2000cec8                __sfp_lock_release
 .text.__sfp    0x2000ced4       0xa4 /usr/lib/gcc/arm-none-eabi/13.2.0/../../../../arm-none-eabi/lib/thumb/v7e-m+fp/hard/libg_nano.a(libc_a-findfp.o)
                0x2000ced4                __sfp
 .text.__sinit  0x2000cf78       0x30 /usr/lib/gcc/arm-none-eabi/13.2.0/../../../../arm-none-eabi/lib/thumb/v7e-m+fp/hard/libg_nano.a(libc_a-findfp.o)
                0x2000cf78                __sinit
 .text.__fp_lock_all
                0x2000cfa8       0x1c /usr/lib/gcc/arm-none-eabi/13.2.0/../../../../arm-none-eabi/lib/thumb/v7e-m+fp/hard/libg_nano.a(libc_a-findfp.o)
                0x2000cfa8                __fp_lock_all
 .text.__fp_unlock_all
                0x2000cfc4       0x1c /usr/lib/gcc/arm-none-eabi/13.2.0/../../../../arm-none-eabi/lib/thumb/v7e-m+fp/hard/libg_nano.a(libc_a-findfp.o)
                0x2000cfc4                __fp_unlock_all
 .text._fwalk_sglue
                0x2000cfe0       0x3c /usr/lib/gcc/arm-none-eabi/13.2.0/../../../../arm-none-eabi/lib/thumb/v7e-m+fp/hard/libg_nano.a(libc_a-fwalk.o)
                0x2000cfe0                _fwalk_sglue
 .text._sprintf_r
                0x2000d01c       0x38 /usr/lib/gcc/arm-none-eabi/13.2.0/../../../../arm-none-eabi/lib/thumb/v7e-m+fp/hard/libg_nano.a(libc_a-sprintf.o)
                0x2000d01c                _siprintf_r
                0x2000d01c                _sprintf_r
 .text.sprintf  0x2000d054       0x40 /usr/lib/gcc/arm-none-eabi/13.2.0/../../../../arm-none-eabi/lib/thumb/v7e-m+fp/hard/libg_nano.a(libc_a-sprintf.o)
                0x2000d054                sprintf
                0x2000d054                siprintf
 .text.__sread  0x2000d094       0x22 /usr/lib/gcc/arm-none-eabi/13.2.0/../../../../arm-none-eabi/lib/thumb/v7e-m+fp/hard/libg_nano.a(libc_a-stdio.o)
                0x2000d094                __sread
 .text.__seofread
                0x2000d0b6        0x4 /usr/lib/gcc/arm-none-eabi/13.2.0/../../../../arm-none-eabi/lib/thumb/v7e-m+fp/hard/libg_nano.a(libc_a-stdio.o)
                0x2000d0b6                __seofread
 .text.__swrite
                0x2000d0ba       0x38 /usr/lib/gcc/arm-none-eabi/13.2.0/../../../../arm-none-eabi/lib/thumb/v7e-m+fp/hard/libg_nano.a(libc_a-stdio.o)
                0x2000d0ba                __swrite
 .text.__sseek  0x2000d0f2       0x24 /usr/lib/gcc/arm-none-eabi/13.2.0/../../../../arm-none-eabi/lib/thumb/v7e-m+fp/hard/libg_nano.a(libc_a-stdio.o)
                0x2000d0f2                __sseek
 .text.__sclose
                0x2000d116        0x8 /usr/lib/gcc/arm-none-eabi/13.2.0/../../../../arm-none-eabi/lib/thumb/v7e-m+fp/hard/libg_nano.a(libc_a-stdio.o)
                0x2000d116                __sclose
 .text.memset   0x2000d11e       0x10 /usr/lib/gcc/arm-none-eabi/13.2.0/../../../../arm-none-eabi/lib/thumb/v7e-m+fp/hard/libg_nano.a(libc_a-memset.o)
                0x2000d11e                memset
 *fill*         0x2000d12e        0x2 
 .text._close_r
                0x2000d130       0x20 /usr/lib/gcc/arm-none-eabi/13.2.0/../../../../arm-none-eabi/lib/thumb/v7e-m+fp/hard/libg_nano.a(libc_a-closer.o)
                0x2000d130                _close_r
 .text._reclaim_reent
                0x2000d150       0xac /usr/lib/gcc/arm-none-eabi/13.2.0/../../../../arm-none-eabi/lib/thumb/v7e-m+fp/hard/libg_nano.a(libc_a-reent.o)
                0x2000d150                _reclaim_reent
 .text._lseek_r
                0x2000d1fc       0x24 /usr/lib/gcc/arm-none-eabi/13.2.0/../../../../arm-none-eabi/lib/thumb/v7e-m+fp/hard/libg_nano.a(libc_a-lseekr.o)
                0x2000d1fc                _lseek_r
 .text._read_r  0x2000d220       0x24 /usr/lib/gcc/arm-none-eabi/13.2.0/../../../../arm-none-eabi/lib/thumb/v7e-m+fp/hard/libg_nano.a(libc_a-readr.o)
                0x2000d220                _read_r
 .text._write_r
                0x2000d244       0x24 /usr/lib/gcc/arm-none-eabi/13.2.0/../../../../arm-none-eabi/lib/thumb/v7e-m+fp/hard/libg_nano.a(libc_a-writer.o)
                0x2000d244                _write_r
 .text.__libc_init_array
                0x2000d268       0x48 /usr/lib/gcc/arm-none-eabi/13.2.0/../../../../arm-none-eabi/lib/thumb/v7e-m+fp/hard/libg_nano.a(libc_a-init.o)
                0x2000d268                __libc_init_array
 .text.__libc_fini_array
                0x2000d2b0       0x28 /usr/lib/gcc/arm-none-eabi/13.2.0/../../../../arm-none-eabi/lib/thumb/v7e-m+fp/hard/libg_nano.a(libc_a-fini.o)
                0x2000d2b0                __libc_fini_array
 .text.__retarget_lock_init
                0x2000d2d8        0x2 /usr/lib/gcc/arm-none-eabi/13.2.0/../../../../arm-none-eabi/lib/thumb/v7e-m+fp/hard/libg_nano.a(libc_a-lock.o)
                0x2000d2d8                __retarget_lock_init
 .text.__retarget_lock_init_recursive
                0x2000d2da        0x2 /usr/lib/gcc/arm-none-eabi/13.2.0/../../../../arm-none-eabi/lib/thumb/v7e-m+fp/hard/libg_nano.a(libc_a-lock.o)
                0x2000d2da                __retarget_lock_init_recursive
 .text.__retarget_lock_close
                0x2000d2dc        0x2 /usr/lib/gcc/arm-none-eabi/13.2.0/../../../../arm-none-eabi/lib/thumb/v7e-m+fp/hard/libg_nano.a(libc_a-lock.o)
                0x2000d2dc                __retarget_lock_close
 .text.__retarget_lock_close_recursive
                0x2000d2de        0x2 /usr/lib/gcc/arm-none-eabi/13.2.0/../../../../arm-none-eabi/lib/thumb/v7e-m+fp/hard/libg_nano.a(libc_a-lock.o)
                0x2000d2de                __retarget_lock_close_recursive
 .text.__retarget_lock_acquire
                0x2000d2e0        0x2 /usr/lib/gcc/arm-none-eabi/13.2.0/../../../../arm-none-eabi/lib/thumb/v7e-m+fp/hard/libg_nano.a(libc_a-lock.o)
                0x2000d2e0                __retarget_lock_acquire
 .text.__retarget_lock_acquire_recursive
                0x2000d2e2        0x2 /usr/lib/gcc/arm-none-eabi/13.2.0/../../../../arm-none-eabi/lib/thumb/v7e-m+fp/hard/libg_nano.a(libc_a-lock.o)
                0x2000d2e2                __retarget_lock_acquire_recursive
 .text.__retarget_lock_try_acquire
                0x2000d2e4        0x4 /usr/lib/gcc/arm-none-eabi/13.2.0/../../../../arm-none-eabi/lib/thumb/v7e-m+fp/hard/libg_nano.a(libc_a-lock.o)
                0x2000d2e4                __retarget_lock_try_acquire
 .text.__retarget_lock_try_acquire_recursive
                0x2000d2e8        0x4 /usr/lib/gcc/arm-none-eabi/13.2.0/../../../../arm-none-eabi/lib/thumb/v7e-m+fp/hard/libg_nano.a(libc_a-lock.o)
                0x2000d2e8                __retarget_lock_try_acquire_recursive
 .text.__retarget_lock_release
                0x2000d2ec        0x2 /usr/lib/gcc/arm-none-eabi/13.2.0/../../../../arm-none-eabi/lib/thumb/v7e-m+fp/hard/libg_nano.a(libc_a-lock.o)
                0x2000d2ec                __retarget_lock_release
 .text.__retarget_lock_release_recursive
                0x2000d2ee        0x2 /usr/lib/gcc/arm-none-eabi/13.2.0/../../../../arm-none-eabi/lib/thumb/v7e-m+fp/hard/libg_nano.a(libc_a-lock.o)
                0x2000d2ee                __retarget_lock_release_recursive
 .text.memcpy   0x2000d2f0       0x1c /usr/lib/gcc/arm-none-eabi/13.2.0/../../../../arm-none-eabi/lib/thumb/v7e-m+fp/hard/libg_nano.a(libc_a-memcpy-stub.o)
                0x2000d2f0                memcpy
 .text.__register_exitproc
                0x2000d30c       0xb8 /usr/lib/gcc/arm-none-eabi/13.2.0/../../../../arm-none-eabi/lib/thumb/v7e-m+fp/hard/libg_nano.a(libc_a-__atexit.o)
                0x2000d30c                __register_exitproc
 .text.__call_exitprocs
                0x2000d3c4       0xc8 /usr/lib/gcc/arm-none-eabi/13.2.0/../../../../arm-none-eabi/lib/thumb/v7e-m+fp/hard/libg_nano.a(libc_a-__call_atexit.o)
                0x2000d3c4                __call_exitprocs
 .text._free_r  0x2000d48c       0x94 /usr/lib/gcc/arm-none-eabi/13.2.0/../../../../arm-none-eabi/lib/thumb/v7e-m+fp/hard/libg_nano.a(libc_a-freer.o)
                0x2000d48c                _free_r
 .text.sbrk_aligned
                0x2000d520       0x44 /usr/lib/gcc/arm-none-eabi/13.2.0/../../../../arm-none-eabi/lib/thumb/v7e-m+fp/hard/libg_nano.a(libc_a-mallocr.o)
 .text._malloc_r
                0x2000d564       0xf0 /usr/lib/gcc/arm-none-eabi/13.2.0/../../../../arm-none-eabi/lib/thumb/v7e-m+fp/hard/libg_nano.a(libc_a-mallocr.o)
                0x2000d564                _malloc_r
 .text.__malloc_lock
                0x2000d654        0xc /usr/lib/gcc/arm-none-eabi/13.2.0/../../../../arm-none-eabi/lib/thumb/v7e-m+fp/hard/libg_nano.a(libc_a-mlock.o)
                0x2000d654                __malloc_lock
 .text.__malloc_unlock
                0x2000d660        0xc /usr/lib/gcc/arm-none-eabi/13.2.0/../../../../arm-none-eabi/lib/thumb/v7e-m+fp/hard/libg_nano.a(libc_a-mlock.o)
                0x2000d660                __malloc_unlock
 .text.__ssputs_r
                0x2000d66c       0xb6 /usr/lib/gcc/arm-none-eabi/13.2.0/../../../../arm-none-eabi/lib/thumb/v7e-m+fp/hard/libg_nano.a(libc_a-nano-svfprintf.o)
                0x2000d66c                __ssputs_r
 .text.__ssprint_r
                0x2000d722       0xfa /usr/lib/gcc/arm-none-eabi/13.2.0/../../../../arm-none-eabi/lib/thumb/v7e-m+fp/hard/libg_nano.a(libc_a-nano-svfprintf.o)
                0x2000d722                __ssprint_r
 .text._svfprintf_r
                0x2000d81c      0x1f8 /usr/lib/gcc/arm-none-eabi/13.2.0/../../../../arm-none-eabi/lib/thumb/v7e-m+fp/hard/libg_nano.a(libc_a-nano-svfprintf.o)
                0x2000d81c                _svfprintf_r
                0x2000d81c                _svfiprintf_r
 .text._printf_common
                0x2000da14       0xda /usr/lib/gcc/arm-none-eabi/13.2.0/../../../../arm-none-eabi/lib/thumb/v7e-m+fp/hard/libg_nano.a(libc_a-nano-vfprintf_i.o)
                0x2000da14                _printf_common
 *fill*         0x2000daee        0x2 
 .text._printf_i
                0x2000daf0      0x25c /usr/lib/gcc/arm-none-eabi/13.2.0/../../../../arm-none-eabi/lib/thumb/v7e-m+fp/hard/libg_nano.a(libc_a-nano-vfprintf_i.o)
                0x2000daf0                _printf_i
 .text.__sflush_r
                0x2000dd4c      0x108 /usr/lib/gcc/arm-none-eabi/13.2.0/../../../../arm-none-eabi/lib/thumb/v7e-m+fp/hard/libg_nano.a(libc_a-fflush.o)
                0x2000dd4c                __sflush_r
 .text._fflush_r
                0x2000de54       0x50 /usr/lib/gcc/arm-none-eabi/13.2.0/../../../../arm-none-eabi/lib/thumb/v7e-m+fp/hard/libg_nano.a(libc_a-fflush.o)
                0x2000de54                _fflush_r
 .text.fflush   0x2000dea4       0x28 /usr/lib/gcc/arm-none-eabi/13.2.0/../../../../arm-none-eabi/lib/thumb/v7e-m+fp/hard/libg_nano.a(libc_a-fflush.o)
                0x2000dea4                fflush
 .text.memmove  0x2000decc       0x34 /usr/lib/gcc/arm-none-eabi/13.2.0/../../../../arm-none-eabi/lib/thumb/v7e-m+fp/hard/libg_nano.a(libc_a-memmove.o)
                0x2000decc                memmove
 .text._sbrk_r  0x2000df00       0x20 /usr/lib/gcc/arm-none-eabi/13.2.0/../../../../arm-none-eabi/lib/thumb/v7e-m+fp/hard/libg_nano.a(libc_a-sbrkr.o)
                0x2000df00                _sbrk_r
 .text._realloc_r
                0x2000df20       0x5c /usr/lib/gcc/arm-none-eabi/13.2.0/../../../../arm-none-eabi/lib/thumb/v7e-m+fp/hard/libg_nano.a(libc_a-reallocr.o)
                0x2000df20                _realloc_r
 .text._malloc_usable_size_r
                0x2000df7c       0x10 /usr/lib/gcc/arm-none-eabi/13.2.0/../../../../arm-none-eabi/lib/thumb/v7e-m+fp/hard/libg_nano.a(libc_a-msizer.o)
                0x2000df7c                _malloc_usable_size_r
 .text._close   0x2000df8c       0x10 /usr/lib/gcc/arm-none-eabi/13.2.0/../../../../arm-none-eabi/lib/thumb/v7e-m+fp/hard/libnosys.a(close.o)
                0x2000df8c                _close
 .text._lseek   0x2000df9c       0x10 /usr/lib/gcc/arm-none-eabi/13.2.0/../../../../arm-none-eabi/lib/thumb/v7e-m+fp/hard/libnosys.a(lseek.o)
                0x2000df9c                _lseek
 .text._read    0x2000dfac       0x10 /usr/lib/gcc/arm-none-eabi/13.2.0/../../../../arm-none-eabi/lib/thumb/v7e-m+fp/hard/libnosys.a(read.o)
                0x2000dfac                _read
 .text._sbrk    0x2000dfbc       0x1c /usr/lib/gcc/arm-none-eabi/13.2.0/../../../../arm-none-eabi/lib/thumb/v7e-m+fp/hard/libnosys.a(sbrk.o)
                0x2000dfbc                _sbrk
 .text._write   0x2000dfd8       0x10 /usr/lib/gcc/arm-none-eabi/13.2.0/../../../../arm-none-eabi/lib/thumb/v7e-m+fp/hard/libnosys.a(write.o)
                0x2000dfd8                _write
 .text._exit    0x2000dfe8        0x4 /usr/lib/gcc/arm-none-eabi/13.2.0/../../../../arm-none-eabi/lib/thumb/v7e-m+fp/hard/libnosys.a(_exit.o)
                0x2000dfe8                _exit
 *(.rodata)
 .rodata        0x2000dfec       0x18 CMakeFiles/RTS-Lab.elf.dir/device/src/system_stm32f4xx.c.obj
                0x2000dfec                AHBPrescTable
                0x2000dffc                APBPrescTable
 .rodata        0x2000e004        0x9 CMakeFiles/RTS-Lab.elf.dir/libraries/FreeRTOS-Kernel/tasks.c.obj
 *fill*         0x2000e00d        0x3 
 .rodata        0x2000e010        0xd CMakeFiles/RTS-Lab.elf.dir/libraries/FreeRTOS-Kernel/timers.c.obj
 *fill*         0x2000e01d        0x3 
 .rodata        0x2000e020        0x4 CMakeFiles/RTS-Lab.elf.dir/libraries/FreeRTOS-Kernel/portable/GCC/ARM_CM4F/port.c.obj
 .rodata        0x2000e024        0x3 CMakeFiles/RTS-Lab.elf.dir/libraries/io/io.c.obj
 *fill*         0x2000e027        0x1 
 .rodata        0x2000e028       0x10 CMakeFiles/RTS-Lab.elf.dir/driver/src/stm32f4xx_rcc.c.obj
 .rodata        0x2000e038       0x35 CMakeFiles/RTS-Lab.elf.dir/src/main.c.obj
 *(.rodata*)
 .rodata.all_implied_fbits
                0x2000e06d       0x24 /usr/lib/gcc/arm-none-eabi/13.2.0/thumb/v7e-m+fp/hard/crtbegin.o
 .rodata._svfprintf_r.str1.1
                0x2000e091       0x33 /usr/lib/gcc/arm-none-eabi/13.2.0/../../../../arm-none-eabi/lib/thumb/v7e-m+fp/hard/libg_nano.a(libc_a-nano-svfprintf.o)
                                 0x11 (size before relaxing)
 .rodata._printf_i.str1.1
                0x2000e0c4       0x22 /usr/lib/gcc/arm-none-eabi/13.2.0/../../../../arm-none-eabi/lib/thumb/v7e-m+fp/hard/libg_nano.a(libc_a-nano-vfprintf_i.o)
 .rodata.all_implied_fbits
                0x2000e0c4       0x24 /usr/lib/gcc/arm-none-eabi/13.2.0/thumb/v7e-m+fp/hard/crtend.o
 *(.glue_7)
 .glue_7        0x2000e0e8        0x0 linker stubs
 *(.glue_7t)
 .glue_7t       0x2000e0e8        0x0 linker stubs
                0x2000e0e8                        . = ALIGN (0x4)

.vfp11_veneer   0x2000e0e8        0x0
 .vfp11_veneer  0x2000e0e8        0x0 linker stubs

.v4_bx          0x2000e0e8        0x0
 .v4_bx         0x2000e0e8        0x0 linker stubs

.init           0x2000e0e8        0xc
 .init          0x2000e0e8        0x4 /usr/lib/gcc/arm-none-eabi/13.2.0/thumb/v7e-m+fp/hard/crti.o
                0x2000e0e8                _init
 .init          0x2000e0ec        0x8 /usr/lib/gcc/arm-none-eabi/13.2.0/thumb/v7e-m+fp/hard/crtn.o

.fini           0x2000e0f4        0xc
 .fini          0x2000e0f4        0x4 /usr/lib/gcc/arm-none-eabi/13.2.0/thumb/v7e-m+fp/hard/crti.o
                0x2000e0f4                _fini
 .fini          0x2000e0f8        0x8 /usr/lib/gcc/arm-none-eabi/13.2.0/thumb/v7e-m+fp/hard/crtn.o

.iplt           0x2000e100        0x0
 .iplt          0x2000e100        0x0 /usr/lib/gcc/arm-none-eabi/13.2.0/thumb/v7e-m+fp/hard/crtbegin.o

.eh_frame       0x2000e100       0x54
 .eh_frame      0x2000e100        0x0 /usr/lib/gcc/arm-none-eabi/13.2.0/thumb/v7e-m+fp/hard/crtbegin.o
 .eh_frame      0x2000e100       0x50 /usr/lib/gcc/arm-none-eabi/13.2.0/../../../../arm-none-eabi/lib/thumb/v7e-m+fp/hard/libg_nano.a(libc_a-memchr.o)
 .eh_frame      0x2000e150        0x4 /usr/lib/gcc/arm-none-eabi/13.2.0/thumb/v7e-m+fp/hard/crtend.o

.ARM.extab      0x2000e154        0x0
 .ARM.extab     0x2000e154        0x0 /usr/lib/gcc/arm-none-eabi/13.2.0/../../../../arm-none-eabi/lib/thumb/v7e-m+fp/hard/crt0.o
 .ARM.extab     0x2000e154        0x0 /usr/lib/gcc/arm-none-eabi/13.2.0/../../../../arm-none-eabi/lib/thumb/v7e-m+fp/hard/libg_nano.a(libc_a-memchr.o)

.ARM.exidx      0x2000e154        0x8
 .ARM.exidx     0x2000e154        0x8 /usr/lib/gcc/arm-none-eabi/13.2.0/../../../../arm-none-eabi/lib/thumb/v7e-m+fp/hard/crt0.o
                                 0x10 (size before relaxing)
 .ARM.exidx     0x2000e15c        0x0 /usr/lib/gcc/arm-none-eabi/13.2.0/../../../../arm-none-eabi/lib/thumb/v7e-m+fp/hard/libg_nano.a(libc_a-memchr.o)
                                  0x8 (size before relaxing)

.isr_vector     0x2000e15c      0x188
 .isr_vector    0x2000e15c      0x188 CMakeFiles/RTS-Lab.elf.dir/vectors.s.obj
                0x2000e15c                g_pfnVectors

.rel.dyn        0x2000e2e4        0x0
 .rel.iplt      0x2000e2e4        0x0 /usr/lib/gcc/arm-none-eabi/13.2.0/thumb/v7e-m+fp/hard/crtbegin.o

.data           0x2000e2e4       0x70
                0x2000e2e4                        . = ALIGN (0x4)
                0x2000e2e4                        _sdata = .
                0x2000e2e4                        _sidata = .
 *(.data)
 .data          0x2000e2e4        0x0 /usr/lib/gcc/arm-none-eabi/13.2.0/thumb/v7e-m+fp/hard/crti.o
 .data          0x2000e2e4        0x0 /usr/lib/gcc/arm-none-eabi/13.2.0/thumb/v7e-m+fp/hard/crtbegin.o
 .data          0x2000e2e4        0x0 /usr/lib/gcc/arm-none-eabi/13.2.0/../../../../arm-none-eabi/lib/thumb/v7e-m+fp/hard/crt0.o
 .data          0x2000e2e4        0x0 CMakeFiles/RTS-Lab.elf.dir/vectors.s.obj
 .data          0x2000e2e4        0x4 CMakeFiles/RTS-Lab.elf.dir/device/src/system_stm32f4xx.c.obj
                0x2000e2e4                SystemCoreClock
 .data          0x2000e2e8        0x0 CMakeFiles/RTS-Lab.elf.dir/libraries/FreeRTOS-Kernel/event_groups.c.obj
 .data          0x2000e2e8        0x0 CMakeFiles/RTS-Lab.elf.dir/libraries/FreeRTOS-Kernel/list.c.obj
 .data          0x2000e2e8        0x0 CMakeFiles/RTS-Lab.elf.dir/libraries/FreeRTOS-Kernel/queue.c.obj
 .data          0x2000e2e8        0x0 CMakeFiles/RTS-Lab.elf.dir/libraries/FreeRTOS-Kernel/stream_buffer.c.obj
 .data          0x2000e2e8        0x0 CMakeFiles/RTS-Lab.elf.dir/libraries/FreeRTOS-Kernel/tasks.c.obj
 .data          0x2000e2e8        0x0 CMakeFiles/RTS-Lab.elf.dir/libraries/FreeRTOS-Kernel/timers.c.obj
 .data          0x2000e2e8        0x4 CMakeFiles/RTS-Lab.elf.dir/libraries/FreeRTOS-Kernel/portable/GCC/ARM_CM4F/port.c.obj
 .data          0x2000e2ec        0x0 CMakeFiles/RTS-Lab.elf.dir/libraries/io/io.c.obj
 .data          0x2000e2ec        0x0 CMakeFiles/RTS-Lab.elf.dir/driver/src/stm32f4xx_can.c.obj
 .data          0x2000e2ec        0x0 CMakeFiles/RTS-Lab.elf.dir/driver/src/stm32f4xx_dac.c.obj
 .data          0x2000e2ec        0x0 CMakeFiles/RTS-Lab.elf.dir/driver/src/stm32f4xx_exti.c.obj
 .data          0x2000e2ec        0x0 CMakeFiles/RTS-Lab.elf.dir/driver/src/stm32f4xx_gpio.c.obj
 .data          0x2000e2ec        0x0 CMakeFiles/RTS-Lab.elf.dir/driver/src/stm32f4xx_rcc.c.obj
 .data          0x2000e2ec        0x0 CMakeFiles/RTS-Lab.elf.dir/driver/src/stm32f4xx_syscfg.c.obj
 .data          0x2000e2ec        0x0 CMakeFiles/RTS-Lab.elf.dir/driver/src/stm32f4xx_tim.c.obj
 .data          0x2000e2ec        0x0 CMakeFiles/RTS-Lab.elf.dir/driver/src/stm32f4xx_usart.c.obj
 .data          0x2000e2ec        0x0 CMakeFiles/RTS-Lab.elf.dir/startup.c.obj
 .data          0x2000e2ec        0x0 CMakeFiles/RTS-Lab.elf.dir/src/main.c.obj
 .data          0x2000e2ec        0x0 /usr/lib/gcc/arm-none-eabi/13.2.0/../../../../arm-none-eabi/lib/thumb/v7e-m+fp/hard/libg_nano.a(libc_a-atexit.o)
 .data          0x2000e2ec        0x0 /usr/lib/gcc/arm-none-eabi/13.2.0/../../../../arm-none-eabi/lib/thumb/v7e-m+fp/hard/libg_nano.a(libc_a-exit.o)
 .data          0x2000e2ec        0x0 /usr/lib/gcc/arm-none-eabi/13.2.0/../../../../arm-none-eabi/lib/thumb/v7e-m+fp/hard/libg_nano.a(libc_a-findfp.o)
 .data          0x2000e2ec        0x0 /usr/lib/gcc/arm-none-eabi/13.2.0/../../../../arm-none-eabi/lib/thumb/v7e-m+fp/hard/libg_nano.a(libc_a-fwalk.o)
 .data          0x2000e2ec        0x0 /usr/lib/gcc/arm-none-eabi/13.2.0/../../../../arm-none-eabi/lib/thumb/v7e-m+fp/hard/libg_nano.a(libc_a-sprintf.o)
 .data          0x2000e2ec        0x0 /usr/lib/gcc/arm-none-eabi/13.2.0/../../../../arm-none-eabi/lib/thumb/v7e-m+fp/hard/libg_nano.a(libc_a-stdio.o)
 .data          0x2000e2ec        0x0 /usr/lib/gcc/arm-none-eabi/13.2.0/../../../../arm-none-eabi/lib/thumb/v7e-m+fp/hard/libg_nano.a(libc_a-memset.o)
 .data          0x2000e2ec        0x0 /usr/lib/gcc/arm-none-eabi/13.2.0/../../../../arm-none-eabi/lib/thumb/v7e-m+fp/hard/libg_nano.a(libc_a-closer.o)
 .data          0x2000e2ec        0x0 /usr/lib/gcc/arm-none-eabi/13.2.0/../../../../arm-none-eabi/lib/thumb/v7e-m+fp/hard/libg_nano.a(libc_a-reent.o)
 .data          0x2000e2ec        0x0 /usr/lib/gcc/arm-none-eabi/13.2.0/../../../../arm-none-eabi/lib/thumb/v7e-m+fp/hard/libg_nano.a(libc_a-impure.o)
 .data          0x2000e2ec        0x0 /usr/lib/gcc/arm-none-eabi/13.2.0/../../../../arm-none-eabi/lib/thumb/v7e-m+fp/hard/libg_nano.a(libc_a-lseekr.o)
 .data          0x2000e2ec        0x0 /usr/lib/gcc/arm-none-eabi/13.2.0/../../../../arm-none-eabi/lib/thumb/v7e-m+fp/hard/libg_nano.a(libc_a-readr.o)
 .data          0x2000e2ec        0x0 /usr/lib/gcc/arm-none-eabi/13.2.0/../../../../arm-none-eabi/lib/thumb/v7e-m+fp/hard/libg_nano.a(libc_a-writer.o)
 .data          0x2000e2ec        0x0 /usr/lib/gcc/arm-none-eabi/13.2.0/../../../../arm-none-eabi/lib/thumb/v7e-m+fp/hard/libg_nano.a(libc_a-init.o)
 .data          0x2000e2ec        0x0 /usr/lib/gcc/arm-none-eabi/13.2.0/../../../../arm-none-eabi/lib/thumb/v7e-m+fp/hard/libg_nano.a(libc_a-fini.o)
 .data          0x2000e2ec        0x0 /usr/lib/gcc/arm-none-eabi/13.2.0/../../../../arm-none-eabi/lib/thumb/v7e-m+fp/hard/libg_nano.a(libc_a-lock.o)
 .data          0x2000e2ec        0x0 /usr/lib/gcc/arm-none-eabi/13.2.0/../../../../arm-none-eabi/lib/thumb/v7e-m+fp/hard/libg_nano.a(libc_a-memcpy-stub.o)
 .data          0x2000e2ec        0x0 /usr/lib/gcc/arm-none-eabi/13.2.0/../../../../arm-none-eabi/lib/thumb/v7e-m+fp/hard/libg_nano.a(libc_a-__atexit.o)
 .data          0x2000e2ec        0x0 /usr/lib/gcc/arm-none-eabi/13.2.0/../../../../arm-none-eabi/lib/thumb/v7e-m+fp/hard/libg_nano.a(libc_a-__call_atexit.o)
 .data          0x2000e2ec        0x0 /usr/lib/gcc/arm-none-eabi/13.2.0/../../../../arm-none-eabi/lib/thumb/v7e-m+fp/hard/libg_nano.a(libc_a-freer.o)
 .data          0x2000e2ec        0x0 /usr/lib/gcc/arm-none-eabi/13.2.0/../../../../arm-none-eabi/lib/thumb/v7e-m+fp/hard/libg_nano.a(libc_a-mallocr.o)
 .data          0x2000e2ec        0x0 /usr/lib/gcc/arm-none-eabi/13.2.0/../../../../arm-none-eabi/lib/thumb/v7e-m+fp/hard/libg_nano.a(libc_a-mlock.o)
 .data          0x2000e2ec        0x0 /usr/lib/gcc/arm-none-eabi/13.2.0/../../../../arm-none-eabi/lib/thumb/v7e-m+fp/hard/libg_nano.a(libc_a-nano-svfprintf.o)
 .data          0x2000e2ec        0x0 /usr/lib/gcc/arm-none-eabi/13.2.0/../../../../arm-none-eabi/lib/thumb/v7e-m+fp/hard/libg_nano.a(libc_a-nano-vfprintf_i.o)
 .data          0x2000e2ec        0x0 /usr/lib/gcc/arm-none-eabi/13.2.0/../../../../arm-none-eabi/lib/thumb/v7e-m+fp/hard/libg_nano.a(libc_a-fflush.o)
 .data          0x2000e2ec        0x0 /usr/lib/gcc/arm-none-eabi/13.2.0/../../../../arm-none-eabi/lib/thumb/v7e-m+fp/hard/libg_nano.a(libc_a-memmove.o)
 .data          0x2000e2ec        0x0 /usr/lib/gcc/arm-none-eabi/13.2.0/../../../../arm-none-eabi/lib/thumb/v7e-m+fp/hard/libg_nano.a(libc_a-sbrkr.o)
 .data          0x2000e2ec        0x0 /usr/lib/gcc/arm-none-eabi/13.2.0/../../../../arm-none-eabi/lib/thumb/v7e-m+fp/hard/libg_nano.a(libc_a-memchr.o)
 .data          0x2000e2ec        0x0 /usr/lib/gcc/arm-none-eabi/13.2.0/../../../../arm-none-eabi/lib/thumb/v7e-m+fp/hard/libg_nano.a(libc_a-reallocr.o)
 .data          0x2000e2ec        0x0 /usr/lib/gcc/arm-none-eabi/13.2.0/../../../../arm-none-eabi/lib/thumb/v7e-m+fp/hard/libg_nano.a(libc_a-msizer.o)
 .data          0x2000e2ec        0x0 /usr/lib/gcc/arm-none-eabi/13.2.0/../../../../arm-none-eabi/lib/thumb/v7e-m+fp/hard/libnosys.a(close.o)
 .data          0x2000e2ec        0x0 /usr/lib/gcc/arm-none-eabi/13.2.0/../../../../arm-none-eabi/lib/thumb/v7e-m+fp/hard/libnosys.a(lseek.o)
 .data          0x2000e2ec        0x0 /usr/lib/gcc/arm-none-eabi/13.2.0/../../../../arm-none-eabi/lib/thumb/v7e-m+fp/hard/libnosys.a(read.o)
 .data          0x2000e2ec        0x0 /usr/lib/gcc/arm-none-eabi/13.2.0/../../../../arm-none-eabi/lib/thumb/v7e-m+fp/hard/libnosys.a(sbrk.o)
 .data          0x2000e2ec        0x0 /usr/lib/gcc/arm-none-eabi/13.2.0/../../../../arm-none-eabi/lib/thumb/v7e-m+fp/hard/libnosys.a(write.o)
 .data          0x2000e2ec        0x0 /usr/lib/gcc/arm-none-eabi/13.2.0/../../../../arm-none-eabi/lib/thumb/v7e-m+fp/hard/libnosys.a(_exit.o)
 .data          0x2000e2ec        0x0 /usr/lib/gcc/arm-none-eabi/13.2.0/thumb/v7e-m+fp/hard/crtend.o
 .data          0x2000e2ec        0x0 /usr/lib/gcc/arm-none-eabi/13.2.0/thumb/v7e-m+fp/hard/crtn.o
 *(.data.*)
 .data.__dso_handle
                0x2000e2ec        0x4 /usr/lib/gcc/arm-none-eabi/13.2.0/thumb/v7e-m+fp/hard/crtbegin.o
                0x2000e2ec                __dso_handle
 .data.__sglue  0x2000e2f0        0xc /usr/lib/gcc/arm-none-eabi/13.2.0/../../../../arm-none-eabi/lib/thumb/v7e-m+fp/hard/libg_nano.a(libc_a-findfp.o)
                0x2000e2f0                __sglue
 .data._impure_ptr
                0x2000e2fc        0x4 /usr/lib/gcc/arm-none-eabi/13.2.0/../../../../arm-none-eabi/lib/thumb/v7e-m+fp/hard/libg_nano.a(libc_a-impure.o)
                0x2000e2fc                _impure_ptr
 .data._impure_data
                0x2000e300       0x4c /usr/lib/gcc/arm-none-eabi/13.2.0/../../../../arm-none-eabi/lib/thumb/v7e-m+fp/hard/libg_nano.a(libc_a-impure.o)
                0x2000e300                _impure_data
 .data.__atexit_dummy
                0x2000e34c        0x4 /usr/lib/gcc/arm-none-eabi/13.2.0/../../../../arm-none-eabi/lib/thumb/v7e-m+fp/hard/libg_nano.a(libc_a-__atexit.o)
                0x2000e34c                __atexit_dummy
 .data.__atexit_recursive_mutex
                0x2000e350        0x4 /usr/lib/gcc/arm-none-eabi/13.2.0/../../../../arm-none-eabi/lib/thumb/v7e-m+fp/hard/libg_nano.a(libc_a-__call_atexit.o)
                0x2000e350                __atexit_recursive_mutex
                0x2000e354                        . = ALIGN (0x4)
                0x2000e354                        _edata = .

.init_array     0x2000e354        0x4
 .init_array    0x2000e354        0x4 /usr/lib/gcc/arm-none-eabi/13.2.0/thumb/v7e-m+fp/hard/crtbegin.o

.fini_array     0x2000e358        0x4
 .fini_array    0x2000e358        0x4 /usr/lib/gcc/arm-none-eabi/13.2.0/thumb/v7e-m+fp/hard/crtbegin.o

.igot.plt       0x2000e35c        0x0
 .igot.plt      0x2000e35c        0x0 /usr/lib/gcc/arm-none-eabi/13.2.0/thumb/v7e-m+fp/hard/crtbegin.o

.bss            0x2000e35c     0x1190
                0x2000e35c                        . = ALIGN (0x4)
                0x2000e35c                        _sbss = .
                0x2000e35c                        __bss_start__ = .
 *(.bss)
 .bss           0x2000e35c        0x0 /usr/lib/gcc/arm-none-eabi/13.2.0/thumb/v7e-m+fp/hard/crti.o
 .bss           0x2000e35c        0x0 /usr/lib/gcc/arm-none-eabi/13.2.0/thumb/v7e-m+fp/hard/crtbegin.o
 .bss           0x2000e35c        0x0 /usr/lib/gcc/arm-none-eabi/13.2.0/../../../../arm-none-eabi/lib/thumb/v7e-m+fp/hard/crt0.o
 .bss           0x2000e35c        0x0 CMakeFiles/RTS-Lab.elf.dir/vectors.s.obj
 .bss           0x2000e35c        0x0 CMakeFiles/RTS-Lab.elf.dir/device/src/system_stm32f4xx.c.obj
 .bss           0x2000e35c        0x0 CMakeFiles/RTS-Lab.elf.dir/libraries/FreeRTOS-Kernel/event_groups.c.obj
 .bss           0x2000e35c        0x0 CMakeFiles/RTS-Lab.elf.dir/libraries/FreeRTOS-Kernel/list.c.obj
 .bss           0x2000e35c       0x40 CMakeFiles/RTS-Lab.elf.dir/libraries/FreeRTOS-Kernel/queue.c.obj
                0x2000e35c                xQueueRegistry
 .bss           0x2000e39c        0x0 CMakeFiles/RTS-Lab.elf.dir/libraries/FreeRTOS-Kernel/stream_buffer.c.obj
 .bss           0x2000e39c      0x500 CMakeFiles/RTS-Lab.elf.dir/libraries/FreeRTOS-Kernel/tasks.c.obj
                0x2000e39c                pxCurrentTCB
 .bss           0x2000e89c      0x12c CMakeFiles/RTS-Lab.elf.dir/libraries/FreeRTOS-Kernel/timers.c.obj
 .bss           0x2000e9c8        0x8 CMakeFiles/RTS-Lab.elf.dir/libraries/FreeRTOS-Kernel/portable/GCC/ARM_CM4F/port.c.obj
 .bss           0x2000e9d0        0x0 CMakeFiles/RTS-Lab.elf.dir/libraries/io/io.c.obj
 .bss           0x2000e9d0        0x0 CMakeFiles/RTS-Lab.elf.dir/driver/src/stm32f4xx_can.c.obj
 .bss           0x2000e9d0        0x0 CMakeFiles/RTS-Lab.elf.dir/driver/src/stm32f4xx_dac.c.obj
 .bss           0x2000e9d0        0x0 CMakeFiles/RTS-Lab.elf.dir/driver/src/stm32f4xx_exti.c.obj
 .bss           0x2000e9d0        0x0 CMakeFiles/RTS-Lab.elf.dir/driver/src/stm32f4xx_gpio.c.obj
 .bss           0x2000e9d0        0x0 CMakeFiles/RTS-Lab.elf.dir/driver/src/stm32f4xx_rcc.c.obj
 .bss           0x2000e9d0        0x0 CMakeFiles/RTS-Lab.elf.dir/driver/src/stm32f4xx_syscfg.c.obj
 .bss           0x2000e9d0        0x0 CMakeFiles/RTS-Lab.elf.dir/driver/src/stm32f4xx_tim.c.obj
 .bss           0x2000e9d0        0x0 CMakeFiles/RTS-Lab.elf.dir/driver/src/stm32f4xx_usart.c.obj
 .bss           0x2000e9d0        0x0 CMakeFiles/RTS-Lab.elf.dir/startup.c.obj
 .bss           0x2000e9d0      0x91c CMakeFiles/RTS-Lab.elf.dir/src/main.c.obj
                0x2000e9d0                Gp
 .bss           0x2000f2ec        0x0 /usr/lib/gcc/arm-none-eabi/13.2.0/../../../../arm-none-eabi/lib/thumb/v7e-m+fp/hard/libg_nano.a(libc_a-atexit.o)
 .bss           0x2000f2ec        0x0 /usr/lib/gcc/arm-none-eabi/13.2.0/../../../../arm-none-eabi/lib/thumb/v7e-m+fp/hard/libg_nano.a(libc_a-exit.o)
 .bss           0x2000f2ec        0x0 /usr/lib/gcc/arm-none-eabi/13.2.0/../../../../arm-none-eabi/lib/thumb/v7e-m+fp/hard/libg_nano.a(libc_a-findfp.o)
 .bss           0x2000f2ec        0x0 /usr/lib/gcc/arm-none-eabi/13.2.0/../../../../arm-none-eabi/lib/thumb/v7e-m+fp/hard/libg_nano.a(libc_a-fwalk.o)
 .bss           0x2000f2ec        0x0 /usr/lib/gcc/arm-none-eabi/13.2.0/../../../../arm-none-eabi/lib/thumb/v7e-m+fp/hard/libg_nano.a(libc_a-sprintf.o)
 .bss           0x2000f2ec        0x0 /usr/lib/gcc/arm-none-eabi/13.2.0/../../../../arm-none-eabi/lib/thumb/v7e-m+fp/hard/libg_nano.a(libc_a-stdio.o)
 .bss           0x2000f2ec        0x0 /usr/lib/gcc/arm-none-eabi/13.2.0/../../../../arm-none-eabi/lib/thumb/v7e-m+fp/hard/libg_nano.a(libc_a-memset.o)
 .bss           0x2000f2ec        0x0 /usr/lib/gcc/arm-none-eabi/13.2.0/../../../../arm-none-eabi/lib/thumb/v7e-m+fp/hard/libg_nano.a(libc_a-closer.o)
 .bss           0x2000f2ec        0x0 /usr/lib/gcc/arm-none-eabi/13.2.0/../../../../arm-none-eabi/lib/thumb/v7e-m+fp/hard/libg_nano.a(libc_a-reent.o)
 .bss           0x2000f2ec        0x0 /usr/lib/gcc/arm-none-eabi/13.2.0/../../../../arm-none-eabi/lib/thumb/v7e-m+fp/hard/libg_nano.a(libc_a-impure.o)
 .bss           0x2000f2ec        0x0 /usr/lib/gcc/arm-none-eabi/13.2.0/../../../../arm-none-eabi/lib/thumb/v7e-m+fp/hard/libg_nano.a(libc_a-lseekr.o)
 .bss           0x2000f2ec        0x0 /usr/lib/gcc/arm-none-eabi/13.2.0/../../../../arm-none-eabi/lib/thumb/v7e-m+fp/hard/libg_nano.a(libc_a-readr.o)
 .bss           0x2000f2ec        0x0 /usr/lib/gcc/arm-none-eabi/13.2.0/../../../../arm-none-eabi/lib/thumb/v7e-m+fp/hard/libg_nano.a(libc_a-writer.o)
 .bss           0x2000f2ec        0x0 /usr/lib/gcc/arm-none-eabi/13.2.0/../../../../arm-none-eabi/lib/thumb/v7e-m+fp/hard/libg_nano.a(libc_a-init.o)
 .bss           0x2000f2ec        0x0 /usr/lib/gcc/arm-none-eabi/13.2.0/../../../../arm-none-eabi/lib/thumb/v7e-m+fp/hard/libg_nano.a(libc_a-fini.o)
 .bss           0x2000f2ec        0x0 /usr/lib/gcc/arm-none-eabi/13.2.0/../../../../arm-none-eabi/lib/thumb/v7e-m+fp/hard/libg_nano.a(libc_a-lock.o)
 .bss           0x2000f2ec        0x0 /usr/lib/gcc/arm-none-eabi/13.2.0/../../../../arm-none-eabi/lib/thumb/v7e-m+fp/hard/libg_nano.a(libc_a-memcpy-stub.o)
 .bss           0x2000f2ec        0x0 /usr/lib/gcc/arm-none-eabi/13.2.0/../../../../arm-none-eabi/lib/thumb/v7e-m+fp/hard/libg_nano.a(libc_a-__atexit.o)
 .bss           0x2000f2ec        0x0 /usr/lib/gcc/arm-none-eabi/13.2.0/../../../../arm-none-eabi/lib/thumb/v7e-m+fp/hard/libg_nano.a(libc_a-__call_atexit.o)
 .bss           0x2000f2ec        0x0 /usr/lib/gcc/arm-none-eabi/13.2.0/../../../../arm-none-eabi/lib/thumb/v7e-m+fp/hard/libg_nano.a(libc_a-freer.o)
 .bss           0x2000f2ec        0x0 /usr/lib/gcc/arm-none-eabi/13.2.0/../../../../arm-none-eabi/lib/thumb/v7e-m+fp/hard/libg_nano.a(libc_a-mallocr.o)
 .bss           0x2000f2ec        0x0 /usr/lib/gcc/arm-none-eabi/13.2.0/../../../../arm-none-eabi/lib/thumb/v7e-m+fp/hard/libg_nano.a(libc_a-mlock.o)
 .bss           0x2000f2ec        0x0 /usr/lib/gcc/arm-none-eabi/13.2.0/../../../../arm-none-eabi/lib/thumb/v7e-m+fp/hard/libg_nano.a(libc_a-nano-svfprintf.o)
 .bss           0x2000f2ec        0x0 /usr/lib/gcc/arm-none-eabi/13.2.0/../../../../arm-none-eabi/lib/thumb/v7e-m+fp/hard/libg_nano.a(libc_a-nano-vfprintf_i.o)
 .bss           0x2000f2ec        0x0 /usr/lib/gcc/arm-none-eabi/13.2.0/../../../../arm-none-eabi/lib/thumb/v7e-m+fp/hard/libg_nano.a(libc_a-fflush.o)
 .bss           0x2000f2ec        0x0 /usr/lib/gcc/arm-none-eabi/13.2.0/../../../../arm-none-eabi/lib/thumb/v7e-m+fp/hard/libg_nano.a(libc_a-memmove.o)
 .bss           0x2000f2ec        0x0 /usr/lib/gcc/arm-none-eabi/13.2.0/../../../../arm-none-eabi/lib/thumb/v7e-m+fp/hard/libg_nano.a(libc_a-sbrkr.o)
 .bss           0x2000f2ec        0x0 /usr/lib/gcc/arm-none-eabi/13.2.0/../../../../arm-none-eabi/lib/thumb/v7e-m+fp/hard/libg_nano.a(libc_a-memchr.o)
 .bss           0x2000f2ec        0x0 /usr/lib/gcc/arm-none-eabi/13.2.0/../../../../arm-none-eabi/lib/thumb/v7e-m+fp/hard/libg_nano.a(libc_a-reallocr.o)
 .bss           0x2000f2ec        0x0 /usr/lib/gcc/arm-none-eabi/13.2.0/../../../../arm-none-eabi/lib/thumb/v7e-m+fp/hard/libg_nano.a(libc_a-msizer.o)
 .bss           0x2000f2ec        0x0 /usr/lib/gcc/arm-none-eabi/13.2.0/../../../../arm-none-eabi/lib/thumb/v7e-m+fp/hard/libnosys.a(close.o)
 .bss           0x2000f2ec        0x0 /usr/lib/gcc/arm-none-eabi/13.2.0/../../../../arm-none-eabi/lib/thumb/v7e-m+fp/hard/libnosys.a(lseek.o)
 .bss           0x2000f2ec        0x0 /usr/lib/gcc/arm-none-eabi/13.2.0/../../../../arm-none-eabi/lib/thumb/v7e-m+fp/hard/libnosys.a(read.o)
 .bss           0x2000f2ec        0x0 /usr/lib/gcc/arm-none-eabi/13.2.0/../../../../arm-none-eabi/lib/thumb/v7e-m+fp/hard/libnosys.a(sbrk.o)
 .bss           0x2000f2ec        0x0 /usr/lib/gcc/arm-none-eabi/13.2.0/../../../../arm-none-eabi/lib/thumb/v7e-m+fp/hard/libnosys.a(write.o)
 .bss           0x2000f2ec        0x0 /usr/lib/gcc/arm-none-eabi/13.2.0/../../../../arm-none-eabi/lib/thumb/v7e-m+fp/hard/libnosys.a(_exit.o)
 .bss           0x2000f2ec        0x0 /usr/lib/gcc/arm-none-eabi/13.2.0/thumb/v7e-m+fp/hard/crtend.o
 .bss           0x2000f2ec        0x0 /usr/lib/gcc/arm-none-eabi/13.2.0/thumb/v7e-m+fp/hard/crtn.o
 *(.bss.*)
 .bss.completed.1
                0x2000f2ec        0x1 /usr/lib/gcc/arm-none-eabi/13.2.0/thumb/v7e-m+fp/hard/crtbegin.o
 *fill*         0x2000f2ed        0x3 
 .bss.object.0  0x2000f2f0       0x18 /usr/lib/gcc/arm-none-eabi/13.2.0/thumb/v7e-m+fp/hard/crtbegin.o
 .bss.__sf      0x2000f308      0x138 /usr/lib/gcc/arm-none-eabi/13.2.0/../../../../arm-none-eabi/lib/thumb/v7e-m+fp/hard/libg_nano.a(libc_a-findfp.o)
                0x2000f308                __sf
 .bss.__stdio_exit_handler
                0x2000f440        0x4 /usr/lib/gcc/arm-none-eabi/13.2.0/../../../../arm-none-eabi/lib/thumb/v7e-m+fp/hard/libg_nano.a(libc_a-findfp.o)
                0x2000f440                __stdio_exit_handler
 .bss.errno     0x2000f444        0x4 /usr/lib/gcc/arm-none-eabi/13.2.0/../../../../arm-none-eabi/lib/thumb/v7e-m+fp/hard/libg_nano.a(libc_a-reent.o)
                0x2000f444                errno
 .bss.__lock___arc4random_mutex
                0x2000f448        0x1 /usr/lib/gcc/arm-none-eabi/13.2.0/../../../../arm-none-eabi/lib/thumb/v7e-m+fp/hard/libg_nano.a(libc_a-lock.o)
                0x2000f448                __lock___arc4random_mutex
 .bss.__lock___dd_hash_mutex
                0x2000f449        0x1 /usr/lib/gcc/arm-none-eabi/13.2.0/../../../../arm-none-eabi/lib/thumb/v7e-m+fp/hard/libg_nano.a(libc_a-lock.o)
                0x2000f449                __lock___dd_hash_mutex
 .bss.__lock___tz_mutex
                0x2000f44a        0x1 /usr/lib/gcc/arm-none-eabi/13.2.0/../../../../arm-none-eabi/lib/thumb/v7e-m+fp/hard/libg_nano.a(libc_a-lock.o)
                0x2000f44a                __lock___tz_mutex
 .bss.__lock___env_recursive_mutex
                0x2000f44b        0x1 /usr/lib/gcc/arm-none-eabi/13.2.0/../../../../arm-none-eabi/lib/thumb/v7e-m+fp/hard/libg_nano.a(libc_a-lock.o)
                0x2000f44b                __lock___env_recursive_mutex
 .bss.__lock___malloc_recursive_mutex
                0x2000f44c        0x1 /usr/lib/gcc/arm-none-eabi/13.2.0/../../../../arm-none-eabi/lib/thumb/v7e-m+fp/hard/libg_nano.a(libc_a-lock.o)
                0x2000f44c                __lock___malloc_recursive_mutex
 .bss.__lock___at_quick_exit_mutex
                0x2000f44d        0x1 /usr/lib/gcc/arm-none-eabi/13.2.0/../../../../arm-none-eabi/lib/thumb/v7e-m+fp/hard/libg_nano.a(libc_a-lock.o)
                0x2000f44d                __lock___at_quick_exit_mutex
 .bss.__lock___atexit_recursive_mutex
                0x2000f44e        0x1 /usr/lib/gcc/arm-none-eabi/13.2.0/../../../../arm-none-eabi/lib/thumb/v7e-m+fp/hard/libg_nano.a(libc_a-lock.o)
                0x2000f44e                __lock___atexit_recursive_mutex
 .bss.__lock___sfp_recursive_mutex
                0x2000f44f        0x1 /usr/lib/gcc/arm-none-eabi/13.2.0/../../../../arm-none-eabi/lib/thumb/v7e-m+fp/hard/libg_nano.a(libc_a-lock.o)
                0x2000f44f                __lock___sfp_recursive_mutex
 .bss.__atexit0
                0x2000f450       0x8c /usr/lib/gcc/arm-none-eabi/13.2.0/../../../../arm-none-eabi/lib/thumb/v7e-m+fp/hard/libg_nano.a(libc_a-__atexit.o)
                0x2000f450                __atexit0
 .bss.__atexit  0x2000f4dc        0x4 /usr/lib/gcc/arm-none-eabi/13.2.0/../../../../arm-none-eabi/lib/thumb/v7e-m+fp/hard/libg_nano.a(libc_a-__call_atexit.o)
                0x2000f4dc                __atexit
 .bss.__malloc_sbrk_start
                0x2000f4e0        0x4 /usr/lib/gcc/arm-none-eabi/13.2.0/../../../../arm-none-eabi/lib/thumb/v7e-m+fp/hard/libg_nano.a(libc_a-mallocr.o)
                0x2000f4e0                __malloc_sbrk_start
 .bss.__malloc_free_list
                0x2000f4e4        0x4 /usr/lib/gcc/arm-none-eabi/13.2.0/../../../../arm-none-eabi/lib/thumb/v7e-m+fp/hard/libg_nano.a(libc_a-mallocr.o)
                0x2000f4e4                __malloc_free_list
 .bss.heap_end.0
                0x2000f4e8        0x4 /usr/lib/gcc/arm-none-eabi/13.2.0/../../../../arm-none-eabi/lib/thumb/v7e-m+fp/hard/libnosys.a(sbrk.o)
 *(COMMON)
                0x2000f4ec                        . = ALIGN (0x4)
                0x2000f4ec                        _ebss = .
                0x2000f4ec                        __bss_end__ = .
                0x2000f4ec                        PROVIDE (end = _ebss)
                [!provide]                        PROVIDE (_end = _ebss)
                0x2000f4ec                        _end = .
                0x2000f4ec                        end = .
                0x2001bffc                        PROVIDE (_estack = ((ORIGIN (RAM) + LENGTH (RAM)) - 0x4))
OUTPUT(/home/simon/MT-C/MD407-template/Debug/RTS-Lab.elf elf32-littlearm)
LOAD linker stubs

.ARM.attributes
                0x00000000       0x30
 .ARM.attributes
                0x00000000       0x22 /usr/lib/gcc/arm-none-eabi/13.2.0/thumb/v7e-m+fp/hard/crti.o
 .ARM.attributes
                0x00000022       0x34 /usr/lib/gcc/arm-none-eabi/13.2.0/thumb/v7e-m+fp/hard/crtbegin.o
 .ARM.attributes
                0x00000056       0x20 /usr/lib/gcc/arm-none-eabi/13.2.0/../../../../arm-none-eabi/lib/thumb/v7e-m+fp/hard/crt0.o
 .ARM.attributes
                0x00000076       0x21 CMakeFiles/RTS-Lab.elf.dir/vectors.s.obj
 .ARM.attributes
                0x00000097       0x34 CMakeFiles/RTS-Lab.elf.dir/device/src/system_stm32f4xx.c.obj
 .ARM.attributes
                0x000000cb       0x34 CMakeFiles/RTS-Lab.elf.dir/libraries/FreeRTOS-Kernel/event_groups.c.obj
 .ARM.attributes
                0x000000ff       0x34 CMakeFiles/RTS-Lab.elf.dir/libraries/FreeRTOS-Kernel/list.c.obj
 .ARM.attributes
                0x00000133       0x34 CMakeFiles/RTS-Lab.elf.dir/libraries/FreeRTOS-Kernel/queue.c.obj
 .ARM.attributes
                0x00000167       0x34 CMakeFiles/RTS-Lab.elf.dir/libraries/FreeRTOS-Kernel/stream_buffer.c.obj
 .ARM.attributes
                0x0000019b       0x34 CMakeFiles/RTS-Lab.elf.dir/libraries/FreeRTOS-Kernel/tasks.c.obj
 .ARM.attributes
                0x000001cf       0x34 CMakeFiles/RTS-Lab.elf.dir/libraries/FreeRTOS-Kernel/timers.c.obj
 .ARM.attributes
                0x00000203       0x34 CMakeFiles/RTS-Lab.elf.dir/libraries/FreeRTOS-Kernel/portable/GCC/ARM_CM4F/port.c.obj
 .ARM.attributes
                0x00000237       0x34 CMakeFiles/RTS-Lab.elf.dir/libraries/io/io.c.obj
 .ARM.attributes
                0x0000026b       0x34 CMakeFiles/RTS-Lab.elf.dir/driver/src/stm32f4xx_can.c.obj
 .ARM.attributes
                0x0000029f       0x34 CMakeFiles/RTS-Lab.elf.dir/driver/src/stm32f4xx_dac.c.obj
 .ARM.attributes
                0x000002d3       0x34 CMakeFiles/RTS-Lab.elf.dir/driver/src/stm32f4xx_exti.c.obj
 .ARM.attributes
                0x00000307       0x34 CMakeFiles/RTS-Lab.elf.dir/driver/src/stm32f4xx_gpio.c.obj
 .ARM.attributes
                0x0000033b       0x34 CMakeFiles/RTS-Lab.elf.dir/driver/src/stm32f4xx_rcc.c.obj
 .ARM.attributes
                0x0000036f       0x34 CMakeFiles/RTS-Lab.elf.dir/driver/src/stm32f4xx_syscfg.c.obj
 .ARM.attributes
                0x000003a3       0x34 CMakeFiles/RTS-Lab.elf.dir/driver/src/stm32f4xx_tim.c.obj
 .ARM.attributes
                0x000003d7       0x34 CMakeFiles/RTS-Lab.elf.dir/driver/src/stm32f4xx_usart.c.obj
 .ARM.attributes
                0x0000040b       0x34 CMakeFiles/RTS-Lab.elf.dir/startup.c.obj
 .ARM.attributes
                0x0000043f       0x34 CMakeFiles/RTS-Lab.elf.dir/src/main.c.obj
 .ARM.attributes
                0x00000473       0x34 /usr/lib/gcc/arm-none-eabi/13.2.0/../../../../arm-none-eabi/lib/thumb/v7e-m+fp/hard/libg_nano.a(libc_a-atexit.o)
 .ARM.attributes
                0x000004a7       0x34 /usr/lib/gcc/arm-none-eabi/13.2.0/../../../../arm-none-eabi/lib/thumb/v7e-m+fp/hard/libg_nano.a(libc_a-exit.o)
 .ARM.attributes
                0x000004db       0x34 /usr/lib/gcc/arm-none-eabi/13.2.0/../../../../arm-none-eabi/lib/thumb/v7e-m+fp/hard/libg_nano.a(libc_a-findfp.o)
 .ARM.attributes
                0x0000050f       0x34 /usr/lib/gcc/arm-none-eabi/13.2.0/../../../../arm-none-eabi/lib/thumb/v7e-m+fp/hard/libg_nano.a(libc_a-fwalk.o)
 .ARM.attributes
                0x00000543       0x34 /usr/lib/gcc/arm-none-eabi/13.2.0/../../../../arm-none-eabi/lib/thumb/v7e-m+fp/hard/libg_nano.a(libc_a-sprintf.o)
 .ARM.attributes
                0x00000577       0x34 /usr/lib/gcc/arm-none-eabi/13.2.0/../../../../arm-none-eabi/lib/thumb/v7e-m+fp/hard/libg_nano.a(libc_a-stdio.o)
 .ARM.attributes
                0x000005ab       0x34 /usr/lib/gcc/arm-none-eabi/13.2.0/../../../../arm-none-eabi/lib/thumb/v7e-m+fp/hard/libg_nano.a(libc_a-memset.o)
 .ARM.attributes
                0x000005df       0x34 /usr/lib/gcc/arm-none-eabi/13.2.0/../../../../arm-none-eabi/lib/thumb/v7e-m+fp/hard/libg_nano.a(libc_a-closer.o)
 .ARM.attributes
                0x00000613       0x34 /usr/lib/gcc/arm-none-eabi/13.2.0/../../../../arm-none-eabi/lib/thumb/v7e-m+fp/hard/libg_nano.a(libc_a-reent.o)
 .ARM.attributes
                0x00000647       0x34 /usr/lib/gcc/arm-none-eabi/13.2.0/../../../../arm-none-eabi/lib/thumb/v7e-m+fp/hard/libg_nano.a(libc_a-impure.o)
 .ARM.attributes
                0x0000067b       0x34 /usr/lib/gcc/arm-none-eabi/13.2.0/../../../../arm-none-eabi/lib/thumb/v7e-m+fp/hard/libg_nano.a(libc_a-lseekr.o)
 .ARM.attributes
                0x000006af       0x34 /usr/lib/gcc/arm-none-eabi/13.2.0/../../../../arm-none-eabi/lib/thumb/v7e-m+fp/hard/libg_nano.a(libc_a-readr.o)
 .ARM.attributes
                0x000006e3       0x34 /usr/lib/gcc/arm-none-eabi/13.2.0/../../../../arm-none-eabi/lib/thumb/v7e-m+fp/hard/libg_nano.a(libc_a-writer.o)
 .ARM.attributes
                0x00000717       0x34 /usr/lib/gcc/arm-none-eabi/13.2.0/../../../../arm-none-eabi/lib/thumb/v7e-m+fp/hard/libg_nano.a(libc_a-init.o)
 .ARM.attributes
                0x0000074b       0x34 /usr/lib/gcc/arm-none-eabi/13.2.0/../../../../arm-none-eabi/lib/thumb/v7e-m+fp/hard/libg_nano.a(libc_a-fini.o)
 .ARM.attributes
                0x0000077f       0x34 /usr/lib/gcc/arm-none-eabi/13.2.0/../../../../arm-none-eabi/lib/thumb/v7e-m+fp/hard/libg_nano.a(libc_a-lock.o)
 .ARM.attributes
                0x000007b3       0x34 /usr/lib/gcc/arm-none-eabi/13.2.0/../../../../arm-none-eabi/lib/thumb/v7e-m+fp/hard/libg_nano.a(libc_a-memcpy-stub.o)
 .ARM.attributes
                0x000007e7       0x34 /usr/lib/gcc/arm-none-eabi/13.2.0/../../../../arm-none-eabi/lib/thumb/v7e-m+fp/hard/libg_nano.a(libc_a-__atexit.o)
 .ARM.attributes
                0x0000081b       0x34 /usr/lib/gcc/arm-none-eabi/13.2.0/../../../../arm-none-eabi/lib/thumb/v7e-m+fp/hard/libg_nano.a(libc_a-__call_atexit.o)
 .ARM.attributes
                0x0000084f       0x34 /usr/lib/gcc/arm-none-eabi/13.2.0/../../../../arm-none-eabi/lib/thumb/v7e-m+fp/hard/libg_nano.a(libc_a-freer.o)
 .ARM.attributes
                0x00000883       0x34 /usr/lib/gcc/arm-none-eabi/13.2.0/../../../../arm-none-eabi/lib/thumb/v7e-m+fp/hard/libg_nano.a(libc_a-mallocr.o)
 .ARM.attributes
                0x000008b7       0x34 /usr/lib/gcc/arm-none-eabi/13.2.0/../../../../arm-none-eabi/lib/thumb/v7e-m+fp/hard/libg_nano.a(libc_a-mlock.o)
 .ARM.attributes
                0x000008eb       0x34 /usr/lib/gcc/arm-none-eabi/13.2.0/../../../../arm-none-eabi/lib/thumb/v7e-m+fp/hard/libg_nano.a(libc_a-nano-svfprintf.o)
 .ARM.attributes
                0x0000091f       0x34 /usr/lib/gcc/arm-none-eabi/13.2.0/../../../../arm-none-eabi/lib/thumb/v7e-m+fp/hard/libg_nano.a(libc_a-nano-vfprintf_i.o)
 .ARM.attributes
                0x00000953       0x34 /usr/lib/gcc/arm-none-eabi/13.2.0/../../../../arm-none-eabi/lib/thumb/v7e-m+fp/hard/libg_nano.a(libc_a-fflush.o)
 .ARM.attributes
                0x00000987       0x34 /usr/lib/gcc/arm-none-eabi/13.2.0/../../../../arm-none-eabi/lib/thumb/v7e-m+fp/hard/libg_nano.a(libc_a-memmove.o)
 .ARM.attributes
                0x000009bb       0x34 /usr/lib/gcc/arm-none-eabi/13.2.0/../../../../arm-none-eabi/lib/thumb/v7e-m+fp/hard/libg_nano.a(libc_a-sbrkr.o)
 .ARM.attributes
                0x000009ef       0x1c /usr/lib/gcc/arm-none-eabi/13.2.0/../../../../arm-none-eabi/lib/thumb/v7e-m+fp/hard/libg_nano.a(libc_a-memchr.o)
 .ARM.attributes
                0x00000a0b       0x34 /usr/lib/gcc/arm-none-eabi/13.2.0/../../../../arm-none-eabi/lib/thumb/v7e-m+fp/hard/libg_nano.a(libc_a-reallocr.o)
 .ARM.attributes
                0x00000a3f       0x34 /usr/lib/gcc/arm-none-eabi/13.2.0/../../../../arm-none-eabi/lib/thumb/v7e-m+fp/hard/libg_nano.a(libc_a-msizer.o)
 .ARM.attributes
                0x00000a73       0x34 /usr/lib/gcc/arm-none-eabi/13.2.0/../../../../arm-none-eabi/lib/thumb/v7e-m+fp/hard/libnosys.a(close.o)
 .ARM.attributes
                0x00000aa7       0x34 /usr/lib/gcc/arm-none-eabi/13.2.0/../../../../arm-none-eabi/lib/thumb/v7e-m+fp/hard/libnosys.a(lseek.o)
 .ARM.attributes
                0x00000adb       0x34 /usr/lib/gcc/arm-none-eabi/13.2.0/../../../../arm-none-eabi/lib/thumb/v7e-m+fp/hard/libnosys.a(read.o)
 .ARM.attributes
                0x00000b0f       0x34 /usr/lib/gcc/arm-none-eabi/13.2.0/../../../../arm-none-eabi/lib/thumb/v7e-m+fp/hard/libnosys.a(sbrk.o)
 .ARM.attributes
                0x00000b43       0x34 /usr/lib/gcc/arm-none-eabi/13.2.0/../../../../arm-none-eabi/lib/thumb/v7e-m+fp/hard/libnosys.a(write.o)
 .ARM.attributes
                0x00000b77       0x34 /usr/lib/gcc/arm-none-eabi/13.2.0/../../../../arm-none-eabi/lib/thumb/v7e-m+fp/hard/libnosys.a(_exit.o)
 .ARM.attributes
                0x00000bab       0x34 /usr/lib/gcc/arm-none-eabi/13.2.0/thumb/v7e-m+fp/hard/crtend.o
 .ARM.attributes
                0x00000bdf       0x22 /usr/lib/gcc/arm-none-eabi/13.2.0/thumb/v7e-m+fp/hard/crtn.o

.comment        0x00000000       0x3c
 .comment       0x00000000       0x3c CMakeFiles/RTS-Lab.elf.dir/device/src/system_stm32f4xx.c.obj
                                 0x1f (size before relaxing)
 .comment       0x0000003c       0x1f CMakeFiles/RTS-Lab.elf.dir/libraries/FreeRTOS-Kernel/event_groups.c.obj
 .comment       0x0000003c       0x1f CMakeFiles/RTS-Lab.elf.dir/libraries/FreeRTOS-Kernel/list.c.obj
 .comment       0x0000003c       0x1f CMakeFiles/RTS-Lab.elf.dir/libraries/FreeRTOS-Kernel/queue.c.obj
 .comment       0x0000003c       0x1f CMakeFiles/RTS-Lab.elf.dir/libraries/FreeRTOS-Kernel/stream_buffer.c.obj
 .comment       0x0000003c       0x1f CMakeFiles/RTS-Lab.elf.dir/libraries/FreeRTOS-Kernel/tasks.c.obj
 .comment       0x0000003c       0x1f CMakeFiles/RTS-Lab.elf.dir/libraries/FreeRTOS-Kernel/timers.c.obj
 .comment       0x0000003c       0x1f CMakeFiles/RTS-Lab.elf.dir/libraries/FreeRTOS-Kernel/portable/GCC/ARM_CM4F/port.c.obj
 .comment       0x0000003c       0x1f CMakeFiles/RTS-Lab.elf.dir/libraries/io/io.c.obj
 .comment       0x0000003c       0x1f CMakeFiles/RTS-Lab.elf.dir/driver/src/stm32f4xx_can.c.obj
 .comment       0x0000003c       0x1f CMakeFiles/RTS-Lab.elf.dir/driver/src/stm32f4xx_dac.c.obj
 .comment       0x0000003c       0x1f CMakeFiles/RTS-Lab.elf.dir/driver/src/stm32f4xx_exti.c.obj
 .comment       0x0000003c       0x1f CMakeFiles/RTS-Lab.elf.dir/driver/src/stm32f4xx_gpio.c.obj
 .comment       0x0000003c       0x1f CMakeFiles/RTS-Lab.elf.dir/driver/src/stm32f4xx_rcc.c.obj
 .comment       0x0000003c       0x1f CMakeFiles/RTS-Lab.elf.dir/driver/src/stm32f4xx_syscfg.c.obj
 .comment       0x0000003c       0x1f CMakeFiles/RTS-Lab.elf.dir/driver/src/stm32f4xx_tim.c.obj