Archive member included to satisfy reference by file (symbol)

/usr/lib/gcc/arm-none-eabi/13.2.0/thumb/v7e-m+fp/hard/libgcc.a(_arm_muldf3.o)
                              CMakeFiles/MD407-MATRIX.elf.dir/libraries/utils/printf.c.obj (__aeabi_dmul)
/usr/lib/gcc/arm-none-eabi/13.2.0/thumb/v7e-m+fp/hard/libgcc.a(_arm_addsubdf3.o)
                              CMakeFiles/MD407-MATRIX.elf.dir/libraries/utils/printf.c.obj (__aeabi_dsub)
/usr/lib/gcc/arm-none-eabi/13.2.0/thumb/v7e-m+fp/hard/libgcc.a(_arm_muldivdf3.o)
                              CMakeFiles/MD407-MATRIX.elf.dir/libraries/utils/printf.c.obj (__aeabi_ddiv)
/usr/lib/gcc/arm-none-eabi/13.2.0/thumb/v7e-m+fp/hard/libgcc.a(_arm_cmpdf2.o)
                              CMakeFiles/MD407-MATRIX.elf.dir/libraries/utils/printf.c.obj (__aeabi_dcmpeq)
/usr/lib/gcc/arm-none-eabi/13.2.0/thumb/v7e-m+fp/hard/libgcc.a(_arm_fixdfsi.o)
                              CMakeFiles/MD407-MATRIX.elf.dir/libraries/utils/printf.c.obj (__aeabi_d2iz)
/usr/lib/gcc/arm-none-eabi/13.2.0/thumb/v7e-m+fp/hard/libgcc.a(_arm_fixunsdfsi.o)
                              CMakeFiles/MD407-MATRIX.elf.dir/libraries/utils/printf.c.obj (__aeabi_d2uiz)
/usr/lib/gcc/arm-none-eabi/13.2.0/thumb/v7e-m+fp/hard/libgcc.a(_arm_addsubsf3.o)
                              CMakeFiles/MD407-MATRIX.elf.dir/libraries/utils/ftos.c.obj (__aeabi_l2f)
/usr/lib/gcc/arm-none-eabi/13.2.0/thumb/v7e-m+fp/hard/libgcc.a(_aeabi_uldivmod.o)
                              CMakeFiles/MD407-MATRIX.elf.dir/libraries/utils/printf.c.obj (__aeabi_uldivmod)
/usr/lib/gcc/arm-none-eabi/13.2.0/thumb/v7e-m+fp/hard/libgcc.a(_fixsfdi.o)
                              CMakeFiles/MD407-MATRIX.elf.dir/libraries/utils/ftos.c.obj (__aeabi_f2lz)
/usr/lib/gcc/arm-none-eabi/13.2.0/thumb/v7e-m+fp/hard/libgcc.a(_fixunssfdi.o)
                              /usr/lib/gcc/arm-none-eabi/13.2.0/thumb/v7e-m+fp/hard/libgcc.a(_fixsfdi.o) (__aeabi_f2ulz)
/usr/lib/gcc/arm-none-eabi/13.2.0/thumb/v7e-m+fp/hard/libgcc.a(_udivmoddi4.o)
                              /usr/lib/gcc/arm-none-eabi/13.2.0/thumb/v7e-m+fp/hard/libgcc.a(_aeabi_uldivmod.o) (__udivmoddi4)
/usr/lib/gcc/arm-none-eabi/13.2.0/thumb/v7e-m+fp/hard/libgcc.a(_dvmd_tls.o)
                              /usr/lib/gcc/arm-none-eabi/13.2.0/thumb/v7e-m+fp/hard/libgcc.a(_aeabi_uldivmod.o) (__aeabi_ldiv0)
/usr/lib/gcc/arm-none-eabi/13.2.0/../../../../arm-none-eabi/lib/thumb/v7e-m+fp/hard/libg_nano.a(libc_a-atexit.o)
                              /usr/lib/gcc/arm-none-eabi/13.2.0/../../../../arm-none-eabi/lib/thumb/v7e-m+fp/hard/crt0.o (atexit)
/usr/lib/gcc/arm-none-eabi/13.2.0/../../../../arm-none-eabi/lib/thumb/v7e-m+fp/hard/libg_nano.a(libc_a-exit.o)
                              /usr/lib/gcc/arm-none-eabi/13.2.0/../../../../arm-none-eabi/lib/thumb/v7e-m+fp/hard/crt0.o (exit)
/usr/lib/gcc/arm-none-eabi/13.2.0/../../../../arm-none-eabi/lib/thumb/v7e-m+fp/hard/libg_nano.a(libc_a-findfp.o)
                              /usr/lib/gcc/arm-none-eabi/13.2.0/../../../../arm-none-eabi/lib/thumb/v7e-m+fp/hard/libg_nano.a(libc_a-exit.o) (__stdio_exit_handler)
/usr/lib/gcc/arm-none-eabi/13.2.0/../../../../arm-none-eabi/lib/thumb/v7e-m+fp/hard/libg_nano.a(libc_a-fwalk.o)
                              /usr/lib/gcc/arm-none-eabi/13.2.0/../../../../arm-none-eabi/lib/thumb/v7e-m+fp/hard/libg_nano.a(libc_a-findfp.o) (_fwalk_sglue)
/usr/lib/gcc/arm-none-eabi/13.2.0/../../../../arm-none-eabi/lib/thumb/v7e-m+fp/hard/libg_nano.a(libc_a-stdio.o)
                              /usr/lib/gcc/arm-none-eabi/13.2.0/../../../../arm-none-eabi/lib/thumb/v7e-m+fp/hard/libg_nano.a(libc_a-findfp.o) (__sread)
/usr/lib/gcc/arm-none-eabi/13.2.0/../../../../arm-none-eabi/lib/thumb/v7e-m+fp/hard/libg_nano.a(libc_a-memset.o)
                              /usr/lib/gcc/arm-none-eabi/13.2.0/../../../../arm-none-eabi/lib/thumb/v7e-m+fp/hard/crt0.o (memset)
/usr/lib/gcc/arm-none-eabi/13.2.0/../../../../arm-none-eabi/lib/thumb/v7e-m+fp/hard/libg_nano.a(libc_a-closer.o)
                              /usr/lib/gcc/arm-none-eabi/13.2.0/../../../../arm-none-eabi/lib/thumb/v7e-m+fp/hard/libg_nano.a(libc_a-stdio.o) (_close_r)
/usr/lib/gcc/arm-none-eabi/13.2.0/../../../../arm-none-eabi/lib/thumb/v7e-m+fp/hard/libg_nano.a(libc_a-reent.o)
                              /usr/lib/gcc/arm-none-eabi/13.2.0/../../../../arm-none-eabi/lib/thumb/v7e-m+fp/hard/libg_nano.a(libc_a-closer.o) (errno)
/usr/lib/gcc/arm-none-eabi/13.2.0/../../../../arm-none-eabi/lib/thumb/v7e-m+fp/hard/libg_nano.a(libc_a-impure.o)
                              /usr/lib/gcc/arm-none-eabi/13.2.0/../../../../arm-none-eabi/lib/thumb/v7e-m+fp/hard/libg_nano.a(libc_a-reent.o) (_impure_ptr)
/usr/lib/gcc/arm-none-eabi/13.2.0/../../../../arm-none-eabi/lib/thumb/v7e-m+fp/hard/libg_nano.a(libc_a-lseekr.o)
                              /usr/lib/gcc/arm-none-eabi/13.2.0/../../../../arm-none-eabi/lib/thumb/v7e-m+fp/hard/libg_nano.a(libc_a-stdio.o) (_lseek_r)
[...]
Memory Configuration

Name             Origin             Length             Attributes
RAM              0x20000000         0x0001c000         xrw
*default*        0x00000000         0xffffffff

Linker script and memory map

LOAD /usr/lib/gcc/arm-none-eabi/13.2.0/thumb/v7e-m+fp/hard/crti.o
LOAD /usr/lib/gcc/arm-none-eabi/13.2.0/thumb/v7e-m+fp/hard/crtbegin.o
LOAD /usr/lib/gcc/arm-none-eabi/13.2.0/../../../../arm-none-eabi/lib/thumb/v7e-m+fp/hard/crt0.o
LOAD CMakeFiles/MD407-MATRIX.elf.dir/vectors.s.obj
LOAD CMakeFiles/MD407-MATRIX.elf.dir/device/src/system_stm32f4xx.c.obj
LOAD CMakeFiles/MD407-MATRIX.elf.dir/libraries/FreeRTOS-Kernel/event_groups.c.obj
LOAD CMakeFiles/MD407-MATRIX.elf.dir/libraries/FreeRTOS-Kernel/list.c.obj
LOAD CMakeFiles/MD407-MATRIX.elf.dir/libraries/FreeRTOS-Kernel/queue.c.obj
LOAD CMakeFiles/MD407-MATRIX.elf.dir/libraries/FreeRTOS-Kernel/stream_buffer.c.obj
LOAD CMakeFiles/MD407-MATRIX.elf.dir/libraries/FreeRTOS-Kernel/tasks.c.obj
LOAD CMakeFiles/MD407-MATRIX.elf.dir/libraries/FreeRTOS-Kernel/timers.c.obj
LOAD CMakeFiles/MD407-MATRIX.elf.dir/libraries/FreeRTOS-Kernel/portable/GCC/ARM_CM4F/port.c.obj
LOAD CMakeFiles/MD407-MATRIX.elf.dir/driver/src/stm32f4xx_can.c.obj
LOAD CMakeFiles/MD407-MATRIX.elf.dir/driver/src/stm32f4xx_dac.c.obj
LOAD CMakeFiles/MD407-MATRIX.elf.dir/driver/src/stm32f4xx_exti.c.obj
LOAD CMakeFiles/MD407-MATRIX.elf.dir/driver/src/stm32f4xx_gpio.c.obj
LOAD CMakeFiles/MD407-MATRIX.elf.dir/driver/src/stm32f4xx_rcc.c.obj
LOAD CMakeFiles/MD407-MATRIX.elf.dir/driver/src/stm32f4xx_syscfg.c.obj
LOAD CMakeFiles/MD407-MATRIX.elf.dir/driver/src/stm32f4xx_tim.c.obj
LOAD CMakeFiles/MD407-MATRIX.elf.dir/driver/src/stm32f4xx_usart.c.obj
LOAD CMakeFiles/MD407-MATRIX.elf.dir/driver/src/stm32f4xx_rng.c.obj
LOAD CMakeFiles/MD407-MATRIX.elf.dir/driver/src/misc.c.obj
LOAD CMakeFiles/MD407-MATRIX.elf.dir/libraries/utils/timer.c.obj
LOAD CMakeFiles/MD407-MATRIX.elf.dir/libraries/utils/usart.c.obj
LOAD CMakeFiles/MD407-MATRIX.elf.dir/libraries/utils/printf.c.obj
LOAD CMakeFiles/MD407-MATRIX.elf.dir/libraries/utils/ftos.c.obj
LOAD CMakeFiles/MD407-MATRIX.elf.dir/startup.c.obj
LOAD CMakeFiles/MD407-MATRIX.elf.dir/src/main.c.obj
LOAD /usr/lib/gcc/arm-none-eabi/13.2.0/../../../../arm-none-eabi/lib/thumb/v7e-m+fp/hard/libm.a
START GROUP
LOAD /usr/lib/gcc/arm-none-eabi/13.2.0/thumb/v7e-m+fp/hard/libgcc.a
LOAD /usr/lib/gcc/arm-none-eabi/13.2.0/../../../../arm-none-eabi/lib/thumb/v7e-m+fp/hard/libg_nano.a
LOAD /usr/lib/gcc/arm-none-eabi/13.2.0/../../../../arm-none-eabi/lib/thumb/v7e-m+fp/hard/libc_nano.a
END GROUP
START GROUP
LOAD /usr/lib/gcc/arm-none-eabi/13.2.0/thumb/v7e-m+fp/hard/libgcc.a
LOAD /usr/lib/gcc/arm-none-eabi/13.2.0/../../../../arm-none-eabi/lib/thumb/v7e-m+fp/hard/libc_nano.a
LOAD /usr/lib/gcc/arm-none-eabi/13.2.0/../../../../arm-none-eabi/lib/thumb/v7e-m+fp/hard/libnosys.a
END GROUP
START GROUP
LOAD /usr/lib/gcc/arm-none-eabi/13.2.0/thumb/v7e-m+fp/hard/libgcc.a
LOAD /usr/lib/gcc/arm-none-eabi/13.2.0/../../../../arm-none-eabi/lib/thumb/v7e-m+fp/hard/libc_nano.a
LOAD /usr/lib/gcc/arm-none-eabi/13.2.0/../../../../arm-none-eabi/lib/thumb/v7e-m+fp/hard/libnosys.a
END GROUP
LOAD /usr/lib/gcc/arm-none-eabi/13.2.0/thumb/v7e-m+fp/hard/crtend.o
LOAD /usr/lib/gcc/arm-none-eabi/13.2.0/thumb/v7e-m+fp/hard/crtn.o

.text           0x20000000     0xa7a8
                0x20000000                        . = ALIGN (0x4)
 *(.start_section)
 .start_section
                0x20000000       0x18 CMakeFiles/MD407-MATRIX.elf.dir/startup.c.obj
                0x20000000                startup
 *(.text)
 .text          0x20000018        0x0 /usr/lib/gcc/arm-none-eabi/13.2.0/thumb/v7e-m+fp/hard/crti.o
 .text          0x20000018        0x0 /usr/lib/gcc/arm-none-eabi/13.2.0/thumb/v7e-m+fp/hard/crtbegin.o
 .text          0x20000018       0x70 /usr/lib/gcc/arm-none-eabi/13.2.0/../../../../arm-none-eabi/lib/thumb/v7e-m+fp/hard/crt0.o
                0x20000018                _stack_init
                0x20000020                _mainCRTStartup
                0x20000020                _start
 .text          0x20000088       0x14 CMakeFiles/MD407-MATRIX.elf.dir/vectors.s.obj
 .text          0x2000009c       0xec CMakeFiles/MD407-MATRIX.elf.dir/device/src/system_stm32f4xx.c.obj
                0x2000009c                SystemInit
                0x200000e8                SystemCoreClockUpdate
 .text          0x20000188      0x3ca CMakeFiles/MD407-MATRIX.elf.dir/libraries/FreeRTOS-Kernel/event_groups.c.obj
                0x200001a2                xEventGroupCreateStatic
                0x200001e8                xEventGroupWaitBits
                0x200002f2                xEventGroupClearBits
                0x20000338                xEventGroupGetBitsFromISR
                0x20000354                xEventGroupSetBits
                0x200003e2                xEventGroupSync
                0x200004ba                vEventGroupDelete
                0x20000506                xEventGroupGetStaticBuffer
                0x20000534                vEventGroupSetBitsCallback
                0x2000053c                vEventGroupClearBitsCallback
                0x20000544                uxEventGroupGetNumber
                0x2000054e                vEventGroupSetNumber
 .text          0x20000552       0x8a CMakeFiles/MD407-MATRIX.elf.dir/libraries/FreeRTOS-Kernel/list.c.obj
                0x20000552                vListInitialise
                0x20000568                vListInitialiseItem
                0x2000056e                vListInsertEnd
                0x20000584                vListInsert
                0x200005b6                uxListRemove
 .text          0x200005dc      0xeec CMakeFiles/MD407-MATRIX.elf.dir/libraries/FreeRTOS-Kernel/queue.c.obj
                0x2000072c                xQueueGenericReset
                0x200007f8                xQueueGenericCreateStatic
                0x2000085c                xQueueGenericGetStaticBuffers
                0x20000892                xQueueGetMutexHolder
                0x200008c0                xQueueGetMutexHolderFromISR
                0x200008e0                xQueueCreateCountingSemaphoreStatic
                0x20000914                xQueueGenericSend
                0x20000ab4                xQueueCreateMutexStatic
                0x20000ad2                xQueueGiveMutexRecursive
                0x20000b12                xQueueGenericSendFromISR
                0x20000c04                xQueueGiveFromISR
                0x20000cd8                xQueueReceive
                0x20000e36                xQueueSemaphoreTake
                0x20000fc8                xQueueTakeMutexRecursive
                0x20001008                xQueuePeek
                0x20001166                xQueueReceiveFromISR
                0x20001238                xQueuePeekFromISR
                0x200012b6                uxQueueMessagesWaiting
                0x200012dc                uxQueueSpacesAvailable
                0x20001306                uxQueueMessagesWaitingFromISR
                0x2000131e                uxQueueGetQueueNumber
                0x20001322                vQueueSetQueueNumber
                0x20001326                ucQueueGetQueueType
                0x2000132c                uxQueueGetQueueItemSize
                0x20001330                uxQueueGetQueueLength
                0x20001334                xQueueIsQueueEmptyFromISR
                0x20001354                xQueueIsQueueFullFromISR
                0x20001378                vQueueAddToRegistry
                0x200013d8                pcQueueGetName
                0x20001414                vQueueUnregisterQueue
                0x20001458                vQueueDelete
                0x20001474                vQueueWaitForMessageRestricted
 .text          0x200014c8      0x928 CMakeFiles/MD407-MATRIX.elf.dir/libraries/FreeRTOS-Kernel/stream_buffer.c.obj
                0x200016a6                xStreamBufferGenericCreateStatic
                0x20001754                xStreamBufferGetStaticBuffers
                0x200017a8                vStreamBufferDelete
                0x200017e8                xStreamBufferReset
                0x2000183a                xStreamBufferSetTriggerLevel
                0x20001864                xStreamBufferSpacesAvailable
                0x2000189c                xStreamBufferBytesAvailable
                0x200018b8                xStreamBufferSend
                0x200019e2                xStreamBufferSendFromISR
                0x20001a88                xStreamBufferReceive
                0x20001b74                xStreamBufferNextMessageLengthBytes
                0x20001bcc                xStreamBufferReceiveFromISR
                0x20001c6c                xStreamBufferIsEmpty
                0x20001c90                xStreamBufferIsFull
                0x20001cc8                xStreamBufferSendCompletedFromISR
                0x20001d1c                xStreamBufferReceiveCompletedFromISR
                0x20001d70                uxStreamBufferGetStreamBufferNotificationIndex
                0x20001d88                vStreamBufferSetStreamBufferNotificationIndex
                0x20001de0                uxStreamBufferGetStreamBufferNumber
                0x20001de4                vStreamBufferSetStreamBufferNumber
                0x20001de8                ucStreamBufferGetStreamBufferType
 .text          0x20001df0     0x1fa8 CMakeFiles/MD407-MATRIX.elf.dir/libraries/FreeRTOS-Kernel/tasks.c.obj
                0x200021c4                xTaskCreateStatic
                0x2000225c                vTaskDelete
                0x20002320                eTaskGetState
                0x200023c4                uxTaskPriorityGet
                0x200023e4                uxTaskPriorityGetFromISR
                0x20002418                uxTaskBasePriorityGet
                0x20002438                uxTaskBasePriorityGetFromISR
                0x2000246c                vTaskPrioritySet
                0x20002570                vTaskResume
                0x20002618                xTaskResumeFromISR
                0x200026e8                vTaskStartScheduler
                0x20002754                vTaskEndScheduler
                0x2000279c                vTaskSuspendAll
                0x200027b0                xTaskGetTickCount
                0x200027bc                xTaskGetTickCountFromISR
                0x200027d0                uxTaskGetNumberOfTasks
                0x200027dc                pcTaskGetName
                0x20002808                xTaskGetStaticBuffers
                0x2000284c                xTaskGetIdleTaskHandle
                0x2000286c                xTaskGetIdleTaskHandleForCore
                0x200028a4                xTaskIncrementTick
                0x20002a14                xTaskResumeAll
                0x20002b6c                xTaskDelayUntil
                0x20002c1c                vTaskDelay
                0x20002c70                xTaskCatchUpTicks
                0x20002cb0                vTaskSwitchContext
                0x20002d4c                vTaskSuspend
                0x20002e18                vTaskPlaceOnEventList
                0x20002e4c                vTaskPlaceOnUnorderedEventList
                0x20002ec4                vTaskPlaceOnEventListRestricted
                0x20002f20                xTaskRemoveFromEventList
                0x20003018                vTaskRemoveFromUnorderedEventList
                0x200030fc                vTaskSetTimeOutState
                0x20003130                vTaskInternalSetTimeOutState
                0x20003144                xTaskCheckForTimeOut
                0x200031cc                vTaskMissedYield
                0x200031dc                uxTaskGetTaskNumber
                0x200031e6                vTaskSetTaskNumber
                0x200031ec                vTaskGetInfo
                0x200032fa                uxTaskGetSystemState
                0x200033a4                uxTaskGetStackHighWaterMark
                0x200033c0                xTaskGetCurrentTaskHandle
                0x200033cc                xTaskGetCurrentTaskHandleForCore
                0x200033e0                xTaskGetSchedulerState
                0x20003400                xTaskPriorityInherit
                0x200034c4                xTaskPriorityDisinherit
                0x20003578                vTaskPriorityDisinheritAfterTimeout
                0x20003640                uxTaskResetEventItemValue
                0x20003660                pvTaskIncrementMutexHeldCount
                0x20003674                ulTaskGenericNotifyTake
                0x2000374c                xTaskGenericNotifyWait
                0x20003848                xTaskGenericNotify
                0x200039c4                xTaskGenericNotifyFromISR
                0x20003b78                vTaskGenericNotifyGiveFromISR
                0x20003cb4                xTaskGenericNotifyStateClear
                0x20003d04                ulTaskGenericNotifyValueClear
                0x20003d4c                vTaskResetState
 .text          0x20003d98      0x658 CMakeFiles/MD407-MATRIX.elf.dir/libraries/FreeRTOS-Kernel/timers.c.obj
                0x200040ce                xTimerCreateTimerTask
                0x20004130                xTimerCreateStatic
                0x20004184                xTimerGenericCommandFromTask
                0x200041f4                xTimerGenericCommandFromISR
                0x2000424c                xTimerGetTimerDaemonTaskHandle
                0x2000426c                xTimerGetPeriod
                0x20004284                vTimerSetReloadMode
                0x200042c4                xTimerGetReloadMode
                0x200042f8                uxTimerGetReloadMode
                0x20004300                xTimerGetExpiryTime
                0x20004318                xTimerGetStaticBuffer
                0x20004340                pcTimerGetName
                0x20004358                xTimerIsTimerActive
                0x2000438c                pvTimerGetTimerID
                0x200043b2                vTimerSetTimerID
                0x200043d8                uxTimerGetTimerNumber
                0x200043dc                vTimerSetTimerNumber
                0x200043e0                vTimerResetState
 .text          0x200043f0      0x408 CMakeFiles/MD407-MATRIX.elf.dir/libraries/FreeRTOS-Kernel/portable/GCC/ARM_CM4F/port.c.obj
                0x20004430                SVC_Handler
                0x2000447c                PendSV_Handler
                0x200044f8                SysTick_Handler
                0x20004524                pxPortInitialiseStack
                0x20004550                vPortEndScheduler
                0x20004574                vPortEnterCritical
                0x200045b8                vPortExitCritical
                0x200045e4                vPortSetupTimerInterrupt
                0x200045fc                xPortStartScheduler
                0x200047a0                vPortValidateInterruptPriority
 .text          0x200047f8      0x92c CMakeFiles/MD407-MATRIX.elf.dir/driver/src/stm32f4xx_can.c.obj
                0x20004804                CAN_DeInit
                0x2000483c                CAN_Init
                0x2000494a                CAN_FilterInit
                0x20004a54                CAN_StructInit
                0x20004a74                CAN_SlaveStartBank
                0x20004ab0                CAN_DBGFreeze
                0x20004ac6                CAN_TTComModeCmd
                0x20004b24                CAN_Transmit
                0x20004bfa                CAN_TransmitStatus
                0x20004c90                CAN_CancelTransmit
                0x20004cb8                CAN_Receive
                0x20004d64                CAN_FIFORelease
                0x20004d7a                CAN_MessagePending
                0x20004d94                CAN_OperatingModeRequest
                0x20004e36                CAN_Sleep
                0x20004e54                CAN_WakeUp
                0x20004e7e                CAN_GetLastErrorCode
                0x20004e86                CAN_GetReceiveErrorCounter
                0x20004e8c                CAN_GetLSBTransmitErrorCounter
                0x20004e94                CAN_ITConfig
                0x20004ea8                CAN_GetFlagStatus
                0x20004f1a                CAN_ClearFlag
                0x20004f50                CAN_GetITStatus
                0x20005064                CAN_ClearITPendingBit
 .text          0x20005124      0x1f0 CMakeFiles/MD407-MATRIX.elf.dir/driver/src/stm32f4xx_dac.c.obj
                0x20005124                DAC_DeInit
                0x2000513c                DAC_Init
                0x20005168                DAC_StructInit
                0x20005174                DAC_Cmd
                0x20005198                DAC_SoftwareTriggerCmd
                0x200051c0                DAC_DualSoftwareTriggerCmd
                0x200051e0                DAC_WaveGenerationCmd
                0x20005200                DAC_SetChannel1Data
                0x20005220                DAC_SetChannel2Data
                0x20005240                DAC_SetDualChannelData
                0x20005258                DAC_GetDataOutputValue
                0x2000527c                DAC_DMACmd
                0x200052a4                DAC_ITConfig
                0x200052c4                DAC_GetFlagStatus
                0x200052dc                DAC_ClearFlag
                0x200052e8                DAC_GetITStatus
                0x20005308                DAC_ClearITPendingBit
 .text          0x20005314      0x108 CMakeFiles/MD407-MATRIX.elf.dir/driver/src/stm32f4xx_exti.c.obj
                0x20005314                EXTI_DeInit
                0x20005330                EXTI_Init
                0x200053c0                EXTI_StructInit
                0x200053ce                EXTI_GenerateSWInterrupt
                0x200053dc                EXTI_GetFlagStatus
                0x200053f0                EXTI_ClearFlag
                0x200053fc                EXTI_GetITStatus
                0x20005410                EXTI_ClearITPendingBit
 .text          0x2000541c      0x258 CMakeFiles/MD407-MATRIX.elf.dir/driver/src/stm32f4xx_gpio.c.obj
                0x2000541c                GPIO_DeInit
                0x20005520                GPIO_Init
                0x200055c4                GPIO_StructInit
                0x200055d6                GPIO_PinLockConfig
                0x200055fa                GPIO_ReadInputDataBit
                0x20005608                GPIO_ReadInputData
                0x2000560e                GPIO_ReadOutputDataBit
                0x2000561c                GPIO_ReadOutputData
                0x20005622                GPIO_SetBits
                0x20005626                GPIO_ResetBits
                0x2000562a                GPIO_WriteBit
                0x20005634                GPIO_Write
                0x20005638                GPIO_ToggleBits
                0x20005640                GPIO_PinAFConfig
 .text          0x20005674      0x4f8 CMakeFiles/MD407-MATRIX.elf.dir/driver/src/stm32f4xx_rcc.c.obj
                0x20005674                RCC_DeInit
                0x200056b0                RCC_HSEConfig
                0x200056c0                RCC_AdjustHSICalibrationValue
                0x200056d4                RCC_HSICmd
                0x200056e0                RCC_LSEConfig
                0x20005710                RCC_LSICmd
                0x2000571c                RCC_PLLConfig
                0x2000573c                RCC_PLLCmd
                0x20005748                RCC_PLLI2SConfig
                0x2000575c                RCC_PLLI2SCmd
                0x20005768                RCC_ClockSecuritySystemCmd
                0x20005774                RCC_MCO1Config
                0x20005788                RCC_MCO2Config
                0x2000579c                RCC_SYSCLKConfig
                0x200057b0                RCC_GetSYSCLKSource
                0x200057c0                RCC_HCLKConfig
                0x200057d4                RCC_PCLK1Config
                0x200057e8                RCC_PCLK2Config
                0x200057fc                RCC_GetClocksFreq
                0x200058b4                RCC_RTCCLKConfig
                0x200058e8                RCC_RTCCLKCmd
                0x200058f4                RCC_BackupResetCmd
                0x20005900                RCC_I2SCLKConfig
                0x2000590c                RCC_TIMCLKPresConfig
                0x20005918                RCC_AHB1PeriphClockCmd
                0x20005934                RCC_AHB2PeriphClockCmd
                0x20005950                RCC_AHB3PeriphClockCmd
                0x2000596c                RCC_APB1PeriphClockCmd
                0x20005988                RCC_APB2PeriphClockCmd
                0x200059a4                RCC_AHB1PeriphResetCmd
                0x200059c0                RCC_AHB2PeriphResetCmd
                0x200059dc                RCC_AHB3PeriphResetCmd
                0x200059f8                RCC_APB1PeriphResetCmd
                0x20005a14                RCC_APB2PeriphResetCmd
                0x20005a30                RCC_AHB1PeriphClockLPModeCmd
                0x20005a4c                RCC_AHB2PeriphClockLPModeCmd
                0x20005a68                RCC_AHB3PeriphClockLPModeCmd
                0x20005a84                RCC_APB1PeriphClockLPModeCmd
                0x20005aa0                RCC_APB2PeriphClockLPModeCmd
                0x20005abc                RCC_ITConfig
                0x20005ad8                RCC_GetFlagStatus
                0x20005b0c                RCC_WaitForHSEStartUp
                0x20005b3c                RCC_ClearFlag
                0x20005b4c                RCC_GetITStatus
                0x20005b60                RCC_ClearITPendingBit
 .text          0x20005b6c       0x8c CMakeFiles/MD407-MATRIX.elf.dir/driver/src/stm32f4xx_syscfg.c.obj
                0x20005b6c                SYSCFG_DeInit
                0x20005b84                SYSCFG_MemoryRemapConfig
                0x20005b90                SYSCFG_EXTILineConfig
                0x20005bc8                SYSCFG_ETH_MediaInterfaceConfig
                0x20005bd4                SYSCFG_CompensationCellCmd
                0x20005be0                SYSCFG_GetCompensationCellStatus
 .text          0x20005bf8      0xc54 CMakeFiles/MD407-MATRIX.elf.dir/driver/src/stm32f4xx_tim.c.obj
                0x20005d42                TIM_DeInit
                0x20005ed8                TIM_TimeBaseInit
                0x20005f54                TIM_TimeBaseStructInit
                0x20005f66                TIM_PrescalerConfig
                0x20005f6c                TIM_CounterModeConfig
                0x20005f7a                TIM_SetCounter
                0x20005f7e                TIM_SetAutoreload
                0x20005f82                TIM_GetCounter
                0x20005f86                TIM_GetPrescaler
                0x20005f8c                TIM_UpdateDisableConfig
                0x20005fa8                TIM_UpdateRequestConfig
                0x20005fc4                TIM_ARRPreloadConfig
                0x20005fe0                TIM_SelectOnePulseMode
                0x20005ff6                TIM_SetClockDivision
                0x2000600c                TIM_Cmd
                0x20006028                TIM_OC1Init
                0x200060a4                TIM_OC2Init
                0x2000613c                TIM_OC3Init
                0x200061d0                TIM_OC4Init
                0x2000624c                TIM_OCStructInit
                0x20006260                TIM_SelectOCxM
                0x200062c6                TIM_SetCompare1
                0x200062ca                TIM_SetCompare2
                0x200062ce                TIM_SetCompare3
                0x200062d2                TIM_SetCompare4
                0x200062d6                TIM_ForcedOC1Config
                0x200062e4                TIM_ForcedOC2Config
                0x200062f6                TIM_ForcedOC3Config
                0x20006304                TIM_ForcedOC4Config
                0x20006316                TIM_OC1PreloadConfig
                0x20006324                TIM_OC2PreloadConfig
                0x20006336                TIM_OC3PreloadConfig
                0x20006344                TIM_OC4PreloadConfig
                0x20006356                TIM_OC1FastConfig
                0x20006364                TIM_OC2FastConfig
                0x20006376                TIM_OC3FastConfig
                0x20006384                TIM_OC4FastConfig
                0x20006396                TIM_ClearOC1Ref
                0x200063a4                TIM_ClearOC2Ref
                0x200063b4                TIM_ClearOC3Ref
                0x200063c2                TIM_ClearOC4Ref
                0x200063d2                TIM_OC1PolarityConfig
                0x200063e0                TIM_OC1NPolarityConfig
                0x200063ee                TIM_OC2PolarityConfig
                0x20006400                TIM_OC2NPolarityConfig
                0x20006412                TIM_OC3PolarityConfig
                0x20006424                TIM_OC3NPolarityConfig
                0x20006436                TIM_OC4PolarityConfig
                0x20006448                TIM_CCxCmd
                0x2000646a                TIM_CCxNCmd
                0x2000648c                TIM_ICStructInit
                0x2000649c                TIM_GetCapture1
                0x200064a0                TIM_GetCapture2
                0x200064a4                TIM_GetCapture3
                0x200064a8                TIM_GetCapture4
                0x200064ac                TIM_SetIC1Prescaler
                0x200064c2                TIM_SetIC2Prescaler
                0x200064dc                TIM_PWMIConfig
                0x20006548                TIM_SetIC3Prescaler
                0x2000655e                TIM_SetIC4Prescaler
                0x20006578                TIM_ICInit
                0x200065da                TIM_BDTRConfig
                0x20006606                TIM_BDTRStructInit
                0x20006618                TIM_CtrlPWMOutputs
                0x2000663c                TIM_SelectCOM
                0x20006658                TIM_CCPreloadControl
                0x20006674                TIM_ITConfig
                0x2000668c                TIM_GenerateEvent
                0x20006690                TIM_GetFlagStatus
                0x2000669e                TIM_ClearFlag
                0x200066a6                TIM_GetITStatus
                0x200066be                TIM_ClearITPendingBit
                0x200066c6                TIM_DMAConfig
                0x200066ce                TIM_DMACmd
                0x200066e6                TIM_SelectCCDMA
                0x20006702                TIM_InternalClockConfig
                0x20006710                TIM_SelectInputTrigger
                0x2000671e                TIM_ITRxExternalClockConfig
                0x20006732                TIM_TIxExternalClockConfig
                0x20006760                TIM_SelectOutputTrigger
                0x20006776                TIM_SelectSlaveMode
                0x2000678c                TIM_SelectMasterSlaveMode
                0x200067a2                TIM_ETRConfig
                0x200067ba                TIM_ETRClockMode1Config
                0x200067ce                TIM_ETRClockMode2Config
                0x200067e2                TIM_EncoderInterfaceConfig
                0x20006828                TIM_SelectHallSensor
                0x20006844                TIM_RemapConfig
 .text          0x2000684c      0x464 CMakeFiles/MD407-MATRIX.elf.dir/driver/src/stm32f4xx_usart.c.obj
                0x2000684c                USART_DeInit
                0x20006948                USART_Init
                0x20006a14                USART_StructInit
                0x20006a2a                USART_ClockInit
                0x20006a50                USART_ClockStructInit
                0x20006a5c                USART_Cmd
                0x20006a78                USART_SetPrescaler
                0x20006a8a                USART_OverSampling8Cmd
                0x20006aa6                USART_OneBitMethodCmd
                0x20006ac2                USART_SendData
                0x20006aca                USART_ReceiveData
                0x20006ad2                USART_SetAddress
                0x20006ae8                USART_ReceiverWakeUpCmd
                0x20006b04                USART_WakeUpConfig
                0x20006b1a                USART_LINBreakDetectLengthConfig
                0x20006b30                USART_LINCmd
                0x20006b4c                USART_SendBreak
                0x20006b58                USART_HalfDuplexCmd
                0x20006b74                USART_SetGuardTime
                0x20006b86                USART_SmartCardCmd
                0x20006ba2                USART_SmartCardNACKCmd
                0x20006bbe                USART_IrDAConfig
                0x20006bd4                USART_IrDACmd
                0x20006bf0                USART_DMACmd
                0x20006c08                USART_ITConfig
                0x20006c3e                USART_GetFlagStatus
                0x20006c4c                USART_ClearFlag
                0x20006c54                USART_GetITStatus
                0x20006c9e                USART_ClearITPendingBit
 .text          0x20006cb0       0xa8 CMakeFiles/MD407-MATRIX.elf.dir/driver/src/stm32f4xx_rng.c.obj
                0x20006cb0                RNG_DeInit
                0x20006cc4                RNG_Cmd
                0x20006ce4                RNG_GetRandomNumber
                0x20006cf0                RNG_ITConfig
                0x20006d10                RNG_GetFlagStatus
                0x20006d24                RNG_ClearFlag
                0x20006d34                RNG_GetITStatus
                0x20006d48                RNG_ClearITPendingBit
 .text          0x20006d58       0xc8 CMakeFiles/MD407-MATRIX.elf.dir/driver/src/misc.c.obj
                0x20006d58                NVIC_PriorityGroupConfig
                0x20006d6c                NVIC_Init
                0x20006dd0                NVIC_SetVectorTable
                0x20006de4                NVIC_SystemLPConfig
                0x20006e00                SysTick_CLKSourceConfig
 .text          0x20006e20       0x68 CMakeFiles/MD407-MATRIX.elf.dir/libraries/utils/timer.c.obj
                0x20006e20                enable_timer
                0x20006e7c                time_us
 .text          0x20006e88      0x118 CMakeFiles/MD407-MATRIX.elf.dir/libraries/utils/usart.c.obj
                0x20006e88                enable_usart
                0x20006f44                print
                0x20006f80                _putchar
 .text          0x20006fa0     0x1278 CMakeFiles/MD407-MATRIX.elf.dir/libraries/utils/printf.c.obj
                0x2000812c                printf_
                0x20008158                sprintf_
                0x20008184                snprintf_
                0x200081ac                vprintf_
                0x200081cc                vsnprintf_
                0x200081e8                fctprintf
 .text          0x20008218      0x228 CMakeFiles/MD407-MATRIX.elf.dir/libraries/utils/ftos.c.obj
                0x20008218                n_tu
                0x2000822c                float_to_string
 .text          0x20008440      0x2a4 CMakeFiles/MD407-MATRIX.elf.dir/startup.c.obj
 .text          0x200086e4      0x340 CMakeFiles/MD407-MATRIX.elf.dir/src/main.c.obj
                0x200086e4                TIM5_IRQHandler
                0x20008740                task_melody
                0x20008774                task_background
                0x2000878c                task_spawn_background
                0x20008800                enable_timer_tim5
                0x20008864                EnableTimerInterrupt
                0x20008898                main
                0x20008958                handle_switched_in
                0x20008960                handle_switched_out
                0x200089d4                task_cpu_usage
                0x200089e4                vApplicationGetIdleTaskMemory
                0x20008a04                vApplicationGetTimerTaskMemory
 .text          0x20008a24      0x254 /usr/lib/gcc/arm-none-eabi/13.2.0/thumb/v7e-m+fp/hard/libgcc.a(_arm_muldf3.o)
 .text          0x20008c78      0x378 /usr/lib/gcc/arm-none-eabi/13.2.0/thumb/v7e-m+fp/hard/libgcc.a(_arm_addsubdf3.o)
                0x20008c78                __aeabi_drsub
                0x20008c80                __aeabi_dsub
                0x20008c80                __subdf3
                0x20008c84                __adddf3
                0x20008c84                __aeabi_dadd
                0x20008efc                __aeabi_ui2d
                0x20008efc                __floatunsidf
                0x20008f1c                __floatsidf
                0x20008f1c                __aeabi_i2d
                0x20008f40                __extendsfdf2
                0x20008f40                __aeabi_f2d
                0x20008f84                __aeabi_ul2d
                0x20008f84                __floatundidf
                0x20008f94                __floatdidf
                0x20008f94                __aeabi_l2d
 .text          0x20008ff0      0x424 /usr/lib/gcc/arm-none-eabi/13.2.0/thumb/v7e-m+fp/hard/libgcc.a(_arm_muldivdf3.o)
                0x20008ff0                __aeabi_dmul
                0x20008ff0                __muldf3
                0x20009244                __aeabi_ddiv
                0x20009244                __divdf3
 .text          0x20009414      0x110 /usr/lib/gcc/arm-none-eabi/13.2.0/thumb/v7e-m+fp/hard/libgcc.a(_arm_cmpdf2.o)
                0x20009414                __gtdf2
                0x20009414                __gedf2
                0x2000941c                __ltdf2
                0x2000941c                __ledf2
                0x20009424                __cmpdf2
                0x20009424                __eqdf2
                0x20009424                __nedf2
                0x200094a0                __aeabi_cdrcmple
                0x200094b0                __aeabi_cdcmple
                0x200094b0                __aeabi_cdcmpeq
                0x200094c0                __aeabi_dcmpeq
                0x200094d4                __aeabi_dcmplt
                0x200094e8                __aeabi_dcmple
                0x200094fc                __aeabi_dcmpge
                0x20009510                __aeabi_dcmpgt
 .text          0x20009524       0x50 /usr/lib/gcc/arm-none-eabi/13.2.0/thumb/v7e-m+fp/hard/libgcc.a(_arm_fixdfsi.o)
                0x20009524                __fixdfsi
                0x20009524                __aeabi_d2iz
 .text          0x20009574       0x40 /usr/lib/gcc/arm-none-eabi/13.2.0/thumb/v7e-m+fp/hard/libgcc.a(_arm_fixunsdfsi.o)
                0x20009574                __fixunsdfsi
                0x20009574                __aeabi_d2uiz
 .text          0x200095b4      0x21c /usr/lib/gcc/arm-none-eabi/13.2.0/thumb/v7e-m+fp/hard/libgcc.a(_arm_addsubsf3.o)
                0x200095b4                __aeabi_frsub
                0x200095bc                __subsf3
                0x200095bc                __aeabi_fsub
                0x200095c0                __aeabi_fadd
                0x200095c0                __addsf3
                0x20009720                __aeabi_ui2f
                0x20009720                __floatunsisf
                0x20009728                __aeabi_i2f
                0x20009728                __floatsisf
                0x20009744                __floatundisf
                0x20009744                __aeabi_ul2f
                0x20009754                __floatdisf
                0x20009754                __aeabi_l2f
 .text          0x200097d0       0x30 /usr/lib/gcc/arm-none-eabi/13.2.0/thumb/v7e-m+fp/hard/libgcc.a(_aeabi_uldivmod.o)
                0x200097d0                __aeabi_uldivmod
 .text          0x20009800        0x0 /usr/lib/gcc/arm-none-eabi/13.2.0/thumb/v7e-m+fp/hard/libgcc.a(_fixsfdi.o)
 .text          0x20009800        0x0 /usr/lib/gcc/arm-none-eabi/13.2.0/thumb/v7e-m+fp/hard/libgcc.a(_fixunssfdi.o)
 .text          0x20009800        0x0 /usr/lib/gcc/arm-none-eabi/13.2.0/thumb/v7e-m+fp/hard/libgcc.a(_udivmoddi4.o)
 .text          0x20009800        0x4 /usr/lib/gcc/arm-none-eabi/13.2.0/thumb/v7e-m+fp/hard/libgcc.a(_dvmd_tls.o)
                0x20009800                __aeabi_ldiv0
                0x20009800                __aeabi_idiv0
 .text          0x20009804        0x0 /usr/lib/gcc/arm-none-eabi/13.2.0/../../../../arm-none-eabi/lib/thumb/v7e-m+fp/hard/libg_nano.a(libc_a-atexit.o)
 .text          0x20009804        0x0 /usr/lib/gcc/arm-none-eabi/13.2.0/../../../../arm-none-eabi/lib/thumb/v7e-m+fp/hard/libg_nano.a(libc_a-exit.o)
 .text          0x20009804        0x0 /usr/lib/gcc/arm-none-eabi/13.2.0/../../../../arm-none-eabi/lib/thumb/v7e-m+fp/hard/libg_nano.a(libc_a-findfp.o)
 .text          0x20009804        0x0 /usr/lib/gcc/arm-none-eabi/13.2.0/../../../../arm-none-eabi/lib/thumb/v7e-m+fp/hard/libg_nano.a(libc_a-fwalk.o)
 .text          0x20009804        0x0 /usr/lib/gcc/arm-none-eabi/13.2.0/../../../../arm-none-eabi/lib/thumb/v7e-m+fp/hard/libg_nano.a(libc_a-stdio.o)
 .text          0x20009804        0x0 /usr/lib/gcc/arm-none-eabi/13.2.0/../../../../arm-none-eabi/lib/thumb/v7e-m+fp/hard/libg_nano.a(libc_a-memset.o)
 .text          0x20009804        0x0 /usr/lib/gcc/arm-none-eabi/13.2.0/../../../../arm-none-eabi/lib/thumb/v7e-m+fp/hard/libg_nano.a(libc_a-closer.o)
 .text          0x20009804        0x0 /usr/lib/gcc/arm-none-eabi/13.2.0/../../../../arm-none-eabi/lib/thumb/v7e-m+fp/hard/libg_nano.a(libc_a-reent.o)
 .text          0x20009804        0x0 /usr/lib/gcc/arm-none-eabi/13.2.0/../../../../arm-none-eabi/lib/thumb/v7e-m+fp/hard/libg_nano.a(libc_a-impure.o)
 .text          0x20009804        0x0 /usr/lib/gcc/arm-none-eabi/13.2.0/../../../../arm-none-eabi/lib/thumb/v7e-m+fp/hard/libg_nano.a(libc_a-lseekr.o)
 .text          0x20009804        0x0 /usr/lib/gcc/arm-none-eabi/13.2.0/../../../../arm-none-eabi/lib/thumb/v7e-m+fp/hard/libg_nano.a(libc_a-readr.o)
 .text          0x20009804        0x0 /usr/lib/gcc/arm-none-eabi/13.2.0/../../../../arm-none-eabi/lib/thumb/v7e-m+fp/hard/libg_nano.a(libc_a-writer.o)
 .text          0x20009804        0x0 /usr/lib/gcc/arm-none-eabi/13.2.0/../../../../arm-none-eabi/lib/thumb/v7e-m+fp/hard/libg_nano.a(libc_a-init.o)
 .text          0x20009804        0x0 /usr/lib/gcc/arm-none-eabi/13.2.0/../../../../arm-none-eabi/lib/thumb/v7e-m+fp/hard/libg_nano.a(libc_a-fini.o)
 .text          0x20009804        0x0 /usr/lib/gcc/arm-none-eabi/13.2.0/../../../../arm-none-eabi/lib/thumb/v7e-m+fp/hard/libg_nano.a(libc_a-lock.o)
 .text          0x20009804        0x0 /usr/lib/gcc/arm-none-eabi/13.2.0/../../../../arm-none-eabi/lib/thumb/v7e-m+fp/hard/libg_nano.a(libc_a-memcpy-stub.o)
 .text          0x20009804        0x0 /usr/lib/gcc/arm-none-eabi/13.2.0/../../../../arm-none-eabi/lib/thumb/v7e-m+fp/hard/libg_nano.a(libc_a-__atexit.o)
 .text          0x20009804        0x0 /usr/lib/gcc/arm-none-eabi/13.2.0/../../../../arm-none-eabi/lib/thumb/v7e-m+fp/hard/libg_nano.a(libc_a-__call_atexit.o)
 .text          0x20009804        0x0 /usr/lib/gcc/arm-none-eabi/13.2.0/../../../../arm-none-eabi/lib/thumb/v7e-m+fp/hard/libg_nano.a(libc_a-freer.o)
 .text          0x20009804        0x0 /usr/lib/gcc/arm-none-eabi/13.2.0/../../../../arm-none-eabi/lib/thumb/v7e-m+fp/hard/libg_nano.a(libc_a-mallocr.o)
 .text          0x20009804        0x0 /usr/lib/gcc/arm-none-eabi/13.2.0/../../../../arm-none-eabi/lib/thumb/v7e-m+fp/hard/libg_nano.a(libc_a-mlock.o)
 .text          0x20009804        0x0 /usr/lib/gcc/arm-none-eabi/13.2.0/../../../../arm-none-eabi/lib/thumb/v7e-m+fp/hard/libg_nano.a(libc_a-fflush.o)
 .text          0x20009804        0x0 /usr/lib/gcc/arm-none-eabi/13.2.0/../../../../arm-none-eabi/lib/thumb/v7e-m+fp/hard/libg_nano.a(libc_a-sbrkr.o)
 .text          0x20009804        0x0 /usr/lib/gcc/arm-none-eabi/13.2.0/../../../../arm-none-eabi/lib/thumb/v7e-m+fp/hard/libnosys.a(close.o)
 .text          0x20009804        0x0 /usr/lib/gcc/arm-none-eabi/13.2.0/../../../../arm-none-eabi/lib/thumb/v7e-m+fp/hard/libnosys.a(lseek.o)
 .text          0x20009804        0x0 /usr/lib/gcc/arm-none-eabi/13.2.0/../../../../arm-none-eabi/lib/thumb/v7e-m+fp/hard/libnosys.a(read.o)
 .text          0x20009804        0x0 /usr/lib/gcc/arm-none-eabi/13.2.0/../../../../arm-none-eabi/lib/thumb/v7e-m+fp/hard/libnosys.a(sbrk.o)
 .text          0x20009804        0x0 /usr/lib/gcc/arm-none-eabi/13.2.0/../../../../arm-none-eabi/lib/thumb/v7e-m+fp/hard/libnosys.a(write.o)
 .text          0x20009804        0x0 /usr/lib/gcc/arm-none-eabi/13.2.0/../../../../arm-none-eabi/lib/thumb/v7e-m+fp/hard/libnosys.a(_exit.o)
 .text          0x20009804        0x0 /usr/lib/gcc/arm-none-eabi/13.2.0/thumb/v7e-m+fp/hard/crtend.o
 .text          0x20009804        0x0 /usr/lib/gcc/arm-none-eabi/13.2.0/thumb/v7e-m+fp/hard/crtn.o
 *(.text.*)
 .text.__do_global_dtors_aux
                0x20009804       0x24 /usr/lib/gcc/arm-none-eabi/13.2.0/thumb/v7e-m+fp/hard/crtbegin.o
 .text.frame_dummy
                0x20009828       0x1c /usr/lib/gcc/arm-none-eabi/13.2.0/thumb/v7e-m+fp/hard/crtbegin.o
 .text.Reset_Handler
                0x20009844       0x48 CMakeFiles/MD407-MATRIX.elf.dir/vectors.s.obj
                0x20009844                Reset_Handler
 .text.Default_Handler
                0x2000988c        0x2 CMakeFiles/MD407-MATRIX.elf.dir/vectors.s.obj
                0x2000988c                RTC_Alarm_IRQHandler
                0x2000988c                HASH_RNG_IRQHandler
                0x2000988c                EXTI2_IRQHandler
                0x2000988c                TIM8_CC_IRQHandler
                0x2000988c                DebugMon_Handler
                0x2000988c                TIM1_CC_IRQHandler
                0x2000988c                DMA2_Stream5_IRQHandler
                0x2000988c                HardFault_Handler
                0x2000988c                DMA1_Stream5_IRQHandler
                0x2000988c                PVD_IRQHandler
                0x2000988c                SDIO_IRQHandler
                0x2000988c                TAMP_STAMP_IRQHandler
                0x2000988c                NMI_Handler
                0x2000988c                CAN2_RX1_IRQHandler
                0x2000988c                EXTI3_IRQHandler
                0x2000988c                TIM8_TRG_COM_TIM14_IRQHandler
                0x2000988c                TIM1_UP_TIM10_IRQHandler
                0x2000988c                TIM8_UP_TIM13_IRQHandler
                0x2000988c                I2C3_ER_IRQHandler
                0x2000988c                EXTI0_IRQHandler
                0x2000988c                I2C2_EV_IRQHandler
                0x2000988c                DMA1_Stream2_IRQHandler
                0x2000988c                CAN1_RX0_IRQHandler
                0x2000988c                FPU_IRQHandler
                0x2000988c                OTG_HS_WKUP_IRQHandler
                0x2000988c                UsageFault_Handler
                0x2000988c                CAN2_SCE_IRQHandler
                0x2000988c                DMA2_Stream2_IRQHandler
                0x2000988c                SPI1_IRQHandler
                0x2000988c                TIM6_DAC_IRQHandler
                0x2000988c                TIM1_BRK_TIM9_IRQHandler
                0x2000988c                DCMI_IRQHandler
                0x2000988c                CAN2_RX0_IRQHandler
                0x2000988c                DMA2_Stream3_IRQHandler
                0x2000988c                USART6_IRQHandler
                0x2000988c                USART3_IRQHandler
                0x2000988c                CRYP_IRQHandler
                0x2000988c                CAN1_RX1_IRQHandler
                0x2000988c                UART5_IRQHandler
                0x2000988c                DMA2_Stream0_IRQHandler
                0x2000988c                TIM4_IRQHandler
                0x2000988c                I2C1_EV_IRQHandler
                0x2000988c                DMA1_Stream6_IRQHandler
                0x2000988c                DMA1_Stream1_IRQHandler
                0x2000988c                UART4_IRQHandler
                0x2000988c                TIM3_IRQHandler
                0x2000988c                RCC_IRQHandler
                0x2000988c                TIM8_BRK_TIM12_IRQHandler
                0x2000988c                Default_Handler
                0x2000988c                EXTI15_10_IRQHandler
                0x2000988c                ADC_IRQHandler
                0x2000988c                DMA1_Stream7_IRQHandler
                0x2000988c                TIM7_IRQHandler
                0x2000988c                CAN2_TX_IRQHandler
                0x2000988c                DMA2_Stream7_IRQHandler
                0x2000988c                I2C3_EV_IRQHandler
                0x2000988c                EXTI9_5_IRQHandler
                0x2000988c                RTC_WKUP_IRQHandler
                0x2000988c                ETH_WKUP_IRQHandler
                0x2000988c                SPI2_IRQHandler
                0x2000988c                OTG_HS_EP1_IN_IRQHandler
                0x2000988c                MemManage_Handler
                0x2000988c                DMA1_Stream0_IRQHandler
                0x2000988c                CAN1_TX_IRQHandler
                0x2000988c                EXTI4_IRQHandler
                0x2000988c                FSMC_IRQHandler
                0x2000988c                ETH_IRQHandler
                0x2000988c                OTG_HS_EP1_OUT_IRQHandler
                0x2000988c                WWDG_IRQHandler
                0x2000988c                TIM2_IRQHandler
                0x2000988c                OTG_FS_WKUP_IRQHandler
                0x2000988c                TIM1_TRG_COM_TIM11_IRQHandler
                0x2000988c                OTG_HS_IRQHandler
                0x2000988c                EXTI1_IRQHandler
                0x2000988c                USART2_IRQHandler
                0x2000988c                I2C2_ER_IRQHandler
                0x2000988c                DMA2_Stream1_IRQHandler
                0x2000988c                CAN1_SCE_IRQHandler
                0x2000988c                FLASH_IRQHandler
                0x2000988c                DMA2_Stream4_IRQHandler
                0x2000988c                BusFault_Handler
                0x2000988c                USART1_IRQHandler
                0x2000988c                OTG_FS_IRQHandler
                0x2000988c                SPI3_IRQHandler
                0x2000988c                DMA1_Stream4_IRQHandler
                0x2000988c                I2C1_ER_IRQHandler
                0x2000988c                DMA2_Stream6_IRQHandler
                0x2000988c                DMA1_Stream3_IRQHandler
 .text.__fixsfdi
                0x2000988e       0x2c /usr/lib/gcc/arm-none-eabi/13.2.0/thumb/v7e-m+fp/hard/libgcc.a(_fixsfdi.o)
                0x2000988e                __aeabi_f2lz
                0x2000988e                __fixsfdi
 *fill*         0x200098ba        0x2 
 .text.__fixunssfdi
                0x200098bc       0x40 /usr/lib/gcc/arm-none-eabi/13.2.0/thumb/v7e-m+fp/hard/libgcc.a(_fixunssfdi.o)
                0x200098bc                __aeabi_f2ulz
                0x200098bc                __fixunssfdi
 .text.__udivmoddi4
                0x200098fc      0x2a0 /usr/lib/gcc/arm-none-eabi/13.2.0/thumb/v7e-m+fp/hard/libgcc.a(_udivmoddi4.o)
                0x200098fc                __udivmoddi4
 .text.atexit   0x20009b9c        0xc /usr/lib/gcc/arm-none-eabi/13.2.0/../../../../arm-none-eabi/lib/thumb/v7e-m+fp/hard/libg_nano.a(libc_a-atexit.o)
                0x20009b9c                atexit
 .text.exit     0x20009ba8       0x24 /usr/lib/gcc/arm-none-eabi/13.2.0/../../../../arm-none-eabi/lib/thumb/v7e-m+fp/hard/libg_nano.a(libc_a-exit.o)
                0x20009ba8                exit
 .text.std      0x20009bcc       0x6c /usr/lib/gcc/arm-none-eabi/13.2.0/../../../../arm-none-eabi/lib/thumb/v7e-m+fp/hard/libg_nano.a(libc_a-findfp.o)
 .text.stdio_exit_handler
                0x20009c38       0x18 /usr/lib/gcc/arm-none-eabi/13.2.0/../../../../arm-none-eabi/lib/thumb/v7e-m+fp/hard/libg_nano.a(libc_a-findfp.o)
 .text.cleanup_stdio
                0x20009c50       0x40 /usr/lib/gcc/arm-none-eabi/13.2.0/../../../../arm-none-eabi/lib/thumb/v7e-m+fp/hard/libg_nano.a(libc_a-findfp.o)
 .text.__fp_lock
                0x20009c90       0x18 /usr/lib/gcc/arm-none-eabi/13.2.0/../../../../arm-none-eabi/lib/thumb/v7e-m+fp/hard/libg_nano.a(libc_a-findfp.o)
 .text.__fp_unlock
                0x20009ca8       0x18 /usr/lib/gcc/arm-none-eabi/13.2.0/../../../../arm-none-eabi/lib/thumb/v7e-m+fp/hard/libg_nano.a(libc_a-findfp.o)
 .text.global_stdio_init.part.0
                0x20009cc0       0x3c /usr/lib/gcc/arm-none-eabi/13.2.0/../../../../arm-none-eabi/lib/thumb/v7e-m+fp/hard/libg_nano.a(libc_a-findfp.o)
 .text.__sfp_lock_acquire
                0x20009cfc        0xc /usr/lib/gcc/arm-none-eabi/13.2.0/../../../../arm-none-eabi/lib/thumb/v7e-m+fp/hard/libg_nano.a(libc_a-findfp.o)
                0x20009cfc                __sfp_lock_acquire
 .text.__sfp_lock_release
                0x20009d08        0xc /usr/lib/gcc/arm-none-eabi/13.2.0/../../../../arm-none-eabi/lib/thumb/v7e-m+fp/hard/libg_nano.a(libc_a-findfp.o)
                0x20009d08                __sfp_lock_release
 .text.__sfp    0x20009d14       0xa4 /usr/lib/gcc/arm-none-eabi/13.2.0/../../../../arm-none-eabi/lib/thumb/v7e-m+fp/hard/libg_nano.a(libc_a-findfp.o)
                0x20009d14                __sfp
 .text.__sinit  0x20009db8       0x30 /usr/lib/gcc/arm-none-eabi/13.2.0/../../../../arm-none-eabi/lib/thumb/v7e-m+fp/hard/libg_nano.a(libc_a-findfp.o)
                0x20009db8                __sinit
 .text.__fp_lock_all
                0x20009de8       0x1c /usr/lib/gcc/arm-none-eabi/13.2.0/../../../../arm-none-eabi/lib/thumb/v7e-m+fp/hard/libg_nano.a(libc_a-findfp.o)
                0x20009de8                __fp_lock_all
 .text.__fp_unlock_all
                0x20009e04       0x1c /usr/lib/gcc/arm-none-eabi/13.2.0/../../../../arm-none-eabi/lib/thumb/v7e-m+fp/hard/libg_nano.a(libc_a-findfp.o)
                0x20009e04                __fp_unlock_all
 .text._fwalk_sglue
                0x20009e20       0x3c /usr/lib/gcc/arm-none-eabi/13.2.0/../../../../arm-none-eabi/lib/thumb/v7e-m+fp/hard/libg_nano.a(libc_a-fwalk.o)
                0x20009e20                _fwalk_sglue
 .text.__sread  0x20009e5c       0x22 /usr/lib/gcc/arm-none-eabi/13.2.0/../../../../arm-none-eabi/lib/thumb/v7e-m+fp/hard/libg_nano.a(libc_a-stdio.o)
                0x20009e5c                __sread
 .text.__seofread
                0x20009e7e        0x4 /usr/lib/gcc/arm-none-eabi/13.2.0/../../../../arm-none-eabi/lib/thumb/v7e-m+fp/hard/libg_nano.a(libc_a-stdio.o)
                0x20009e7e                __seofread
 .text.__swrite
                0x20009e82       0x38 /usr/lib/gcc/arm-none-eabi/13.2.0/../../../../arm-none-eabi/lib/thumb/v7e-m+fp/hard/libg_nano.a(libc_a-stdio.o)
                0x20009e82                __swrite
 .text.__sseek  0x20009eba       0x24 /usr/lib/gcc/arm-none-eabi/13.2.0/../../../../arm-none-eabi/lib/thumb/v7e-m+fp/hard/libg_nano.a(libc_a-stdio.o)
                0x20009eba                __sseek
 .text.__sclose
                0x20009ede        0x8 /usr/lib/gcc/arm-none-eabi/13.2.0/../../../../arm-none-eabi/lib/thumb/v7e-m+fp/hard/libg_nano.a(libc_a-stdio.o)
                0x20009ede                __sclose
 .text.memset   0x20009ee6       0x10 /usr/lib/gcc/arm-none-eabi/13.2.0/../../../../arm-none-eabi/lib/thumb/v7e-m+fp/hard/libg_nano.a(libc_a-memset.o)
                0x20009ee6                memset
 *fill*         0x20009ef6        0x2 
 .text._close_r
                0x20009ef8       0x20 /usr/lib/gcc/arm-none-eabi/13.2.0/../../../../arm-none-eabi/lib/thumb/v7e-m+fp/hard/libg_nano.a(libc_a-closer.o)
                0x20009ef8                _close_r
 .text._reclaim_reent
                0x20009f18       0xac /usr/lib/gcc/arm-none-eabi/13.2.0/../../../../arm-none-eabi/lib/thumb/v7e-m+fp/hard/libg_nano.a(libc_a-reent.o)
                0x20009f18                _reclaim_reent
 .text._lseek_r
                0x20009fc4       0x24 /usr/lib/gcc/arm-none-eabi/13.2.0/../../../../arm-none-eabi/lib/thumb/v7e-m+fp/hard/libg_nano.a(libc_a-lseekr.o)
                0x20009fc4                _lseek_r
 .text._read_r  0x20009fe8       0x24 /usr/lib/gcc/arm-none-eabi/13.2.0/../../../../arm-none-eabi/lib/thumb/v7e-m+fp/hard/libg_nano.a(libc_a-readr.o)
                0x20009fe8                _read_r
 .text._write_r
                0x2000a00c       0x24 /usr/lib/gcc/arm-none-eabi/13.2.0/../../../../arm-none-eabi/lib/thumb/v7e-m+fp/hard/libg_nano.a(libc_a-writer.o)
                0x2000a00c                _write_r
 .text.__libc_init_array
                0x2000a030       0x48 /usr/lib/gcc/arm-none-eabi/13.2.0/../../../../arm-none-eabi/lib/thumb/v7e-m+fp/hard/libg_nano.a(libc_a-init.o)
                0x2000a030                __libc_init_array
 .text.__libc_fini_array
                0x2000a078       0x28 /usr/lib/gcc/arm-none-eabi/13.2.0/../../../../arm-none-eabi/lib/thumb/v7e-m+fp/hard/libg_nano.a(libc_a-fini.o)
                0x2000a078                __libc_fini_array
 .text.__retarget_lock_init
                0x2000a0a0        0x2 /usr/lib/gcc/arm-none-eabi/13.2.0/../../../../arm-none-eabi/lib/thumb/v7e-m+fp/hard/libg_nano.a(libc_a-lock.o)
                0x2000a0a0                __retarget_lock_init
 .text.__retarget_lock_init_recursive
                0x2000a0a2        0x2 /usr/lib/gcc/arm-none-eabi/13.2.0/../../../../arm-none-eabi/lib/thumb/v7e-m+fp/hard/libg_nano.a(libc_a-lock.o)
                0x2000a0a2                __retarget_lock_init_recursive
 .text.__retarget_lock_close
                0x2000a0a4        0x2 /usr/lib/gcc/arm-none-eabi/13.2.0/../../../../arm-none-eabi/lib/thumb/v7e-m+fp/hard/libg_nano.a(libc_a-lock.o)
                0x2000a0a4                __retarget_lock_close
 .text.__retarget_lock_close_recursive
                0x2000a0a6        0x2 /usr/lib/gcc/arm-none-eabi/13.2.0/../../../../arm-none-eabi/lib/thumb/v7e-m+fp/hard/libg_nano.a(libc_a-lock.o)
                0x2000a0a6                __retarget_lock_close_recursive
 .text.__retarget_lock_acquire
                0x2000a0a8        0x2 /usr/lib/gcc/arm-none-eabi/13.2.0/../../../../arm-none-eabi/lib/thumb/v7e-m+fp/hard/libg_nano.a(libc_a-lock.o)
                0x2000a0a8                __retarget_lock_acquire
 .text.__retarget_lock_acquire_recursive
                0x2000a0aa        0x2 /usr/lib/gcc/arm-none-eabi/13.2.0/../../../../arm-none-eabi/lib/thumb/v7e-m+fp/hard/libg_nano.a(libc_a-lock.o)
                0x2000a0aa                __retarget_lock_acquire_recursive
 .text.__retarget_lock_try_acquire
                0x2000a0ac        0x4 /usr/lib/gcc/arm-none-eabi/13.2.0/../../../../arm-none-eabi/lib/thumb/v7e-m+fp/hard/libg_nano.a(libc_a-lock.o)
                0x2000a0ac                __retarget_lock_try_acquire
 .text.__retarget_lock_try_acquire_recursive
                0x2000a0b0        0x4 /usr/lib/gcc/arm-none-eabi/13.2.0/../../../../arm-none-eabi/lib/thumb/v7e-m+fp/hard/libg_nano.a(libc_a-lock.o)
                0x2000a0b0                __retarget_lock_try_acquire_recursive
 .text.__retarget_lock_release
                0x2000a0b4        0x2 /usr/lib/gcc/arm-none-eabi/13.2.0/../../../../arm-none-eabi/lib/thumb/v7e-m+fp/hard/libg_nano.a(libc_a-lock.o)
                0x2000a0b4                __retarget_lock_release
 .text.__retarget_lock_release_recursive
                0x2000a0b6        0x2 /usr/lib/gcc/arm-none-eabi/13.2.0/../../../../arm-none-eabi/lib/thumb/v7e-m+fp/hard/libg_nano.a(libc_a-lock.o)
                0x2000a0b6                __retarget_lock_release_recursive
 .text.memcpy   0x2000a0b8       0x1c /usr/lib/gcc/arm-none-eabi/13.2.0/../../../../arm-none-eabi/lib/thumb/v7e-m+fp/hard/libg_nano.a(libc_a-memcpy-stub.o)
                0x2000a0b8                memcpy
 .text.__register_exitproc
                0x2000a0d4       0xb8 /usr/lib/gcc/arm-none-eabi/13.2.0/../../../../arm-none-eabi/lib/thumb/v7e-m+fp/hard/libg_nano.a(libc_a-__atexit.o)
                0x2000a0d4                __register_exitproc
 .text.__call_exitprocs
                0x2000a18c       0xc8 /usr/lib/gcc/arm-none-eabi/13.2.0/../../../../arm-none-eabi/lib/thumb/v7e-m+fp/hard/libg_nano.a(libc_a-__call_atexit.o)
                0x2000a18c                __call_exitprocs
 .text._free_r  0x2000a254       0x94 /usr/lib/gcc/arm-none-eabi/13.2.0/../../../../arm-none-eabi/lib/thumb/v7e-m+fp/hard/libg_nano.a(libc_a-freer.o)
                0x2000a254                _free_r
 .text.sbrk_aligned
                0x2000a2e8       0x44 /usr/lib/gcc/arm-none-eabi/13.2.0/../../../../arm-none-eabi/lib/thumb/v7e-m+fp/hard/libg_nano.a(libc_a-mallocr.o)
 .text._malloc_r
                0x2000a32c       0xf0 /usr/lib/gcc/arm-none-eabi/13.2.0/../../../../arm-none-eabi/lib/thumb/v7e-m+fp/hard/libg_nano.a(libc_a-mallocr.o)
                0x2000a32c                _malloc_r
 .text.__malloc_lock
                0x2000a41c        0xc /usr/lib/gcc/arm-none-eabi/13.2.0/../../../../arm-none-eabi/lib/thumb/v7e-m+fp/hard/libg_nano.a(libc_a-mlock.o)
                0x2000a41c                __malloc_lock
 .text.__malloc_unlock
                0x2000a428        0xc /usr/lib/gcc/arm-none-eabi/13.2.0/../../../../arm-none-eabi/lib/thumb/v7e-m+fp/hard/libg_nano.a(libc_a-mlock.o)
                0x2000a428                __malloc_unlock
 .text.__sflush_r
                0x2000a434      0x108 /usr/lib/gcc/arm-none-eabi/13.2.0/../../../../arm-none-eabi/lib/thumb/v7e-m+fp/hard/libg_nano.a(libc_a-fflush.o)
                0x2000a434                __sflush_r
 .text._fflush_r
                0x2000a53c       0x50 /usr/lib/gcc/arm-none-eabi/13.2.0/../../../../arm-none-eabi/lib/thumb/v7e-m+fp/hard/libg_nano.a(libc_a-fflush.o)
                0x2000a53c                _fflush_r
 .text.fflush   0x2000a58c       0x28 /usr/lib/gcc/arm-none-eabi/13.2.0/../../../../arm-none-eabi/lib/thumb/v7e-m+fp/hard/libg_nano.a(libc_a-fflush.o)
                0x2000a58c                fflush
 .text._sbrk_r  0x2000a5b4       0x20 /usr/lib/gcc/arm-none-eabi/13.2.0/../../../../arm-none-eabi/lib/thumb/v7e-m+fp/hard/libg_nano.a(libc_a-sbrkr.o)
                0x2000a5b4                _sbrk_r
 .text._close   0x2000a5d4       0x10 /usr/lib/gcc/arm-none-eabi/13.2.0/../../../../arm-none-eabi/lib/thumb/v7e-m+fp/hard/libnosys.a(close.o)
                0x2000a5d4                _close
 .text._lseek   0x2000a5e4       0x10 /usr/lib/gcc/arm-none-eabi/13.2.0/../../../../arm-none-eabi/lib/thumb/v7e-m+fp/hard/libnosys.a(lseek.o)
                0x2000a5e4                _lseek
 .text._read    0x2000a5f4       0x10 /usr/lib/gcc/arm-none-eabi/13.2.0/../../../../arm-none-eabi/lib/thumb/v7e-m+fp/hard/libnosys.a(read.o)
                0x2000a5f4                _read
 .text._sbrk    0x2000a604       0x1c /usr/lib/gcc/arm-none-eabi/13.2.0/../../../../arm-none-eabi/lib/thumb/v7e-m+fp/hard/libnosys.a(sbrk.o)
                0x2000a604                _sbrk
 .text._write   0x2000a620       0x10 /usr/lib/gcc/arm-none-eabi/13.2.0/../../../../arm-none-eabi/lib/thumb/v7e-m+fp/hard/libnosys.a(write.o)
                0x2000a620                _write
 .text._exit    0x2000a630        0x4 /usr/lib/gcc/arm-none-eabi/13.2.0/../../../../arm-none-eabi/lib/thumb/v7e-m+fp/hard/libnosys.a(_exit.o)
                0x2000a630                _exit
 *(.rodata)
 .rodata        0x2000a634       0x18 CMakeFiles/MD407-MATRIX.elf.dir/device/src/system_stm32f4xx.c.obj
                0x2000a634                AHBPrescTable
                0x2000a644                APBPrescTable
 .rodata        0x2000a64c        0x4 CMakeFiles/MD407-MATRIX.elf.dir/libraries/FreeRTOS-Kernel/tasks.c.obj
 .rodata        0x2000a650       0x10 CMakeFiles/MD407-MATRIX.elf.dir/driver/src/stm32f4xx_rcc.c.obj
 .rodata        0x2000a660       0x50 CMakeFiles/MD407-MATRIX.elf.dir/libraries/utils/printf.c.obj
 *(.rodata*)
 .rodata.all_implied_fbits
                0x2000a6b0       0x24 /usr/lib/gcc/arm-none-eabi/13.2.0/thumb/v7e-m+fp/hard/crtbegin.o
 .rodata.str1.4
                0x2000a6d4       0xaf CMakeFiles/MD407-MATRIX.elf.dir/libraries/FreeRTOS-Kernel/tasks.c.obj
                                  0x5 (size before relaxing)
 .rodata.str1.4
                0x2000a783       0x10 CMakeFiles/MD407-MATRIX.elf.dir/libraries/FreeRTOS-Kernel/timers.c.obj
 .rodata.str1.4
                0x2000a783       0x15 CMakeFiles/MD407-MATRIX.elf.dir/libraries/utils/printf.c.obj
 .rodata.str1.4
                0x2000a783       0x7f CMakeFiles/MD407-MATRIX.elf.dir/src/main.c.obj
 .rodata.all_implied_fbits
                0x2000a783       0x24 /usr/lib/gcc/arm-none-eabi/13.2.0/thumb/v7e-m+fp/hard/crtend.o
 *(.glue_7)
 .glue_7        0x2000a7a7        0x0 linker stubs
 *(.glue_7t)
 .glue_7t       0x2000a7a7        0x0 linker stubs
                0x2000a804                        . = ALIGN (0x4)
 *fill*         0x2000a7a7        0x1 

.vfp11_veneer   0x2000a7a8        0x0
 .vfp11_veneer  0x2000a7a8        0x0 linker stubs

.v4_bx          0x2000a7a8        0x0
 .v4_bx         0x2000a7a8        0x0 linker stubs

.init           0x2000a7a8        0xc
 .init          0x2000a7a8        0x4 /usr/lib/gcc/arm-none-eabi/13.2.0/thumb/v7e-m+fp/hard/crti.o
                0x2000a7a8                _init
 .init          0x2000a7ac        0x8 /usr/lib/gcc/arm-none-eabi/13.2.0/thumb/v7e-m+fp/hard/crtn.o

.fini           0x2000a7b4        0xc
 .fini          0x2000a7b4        0x4 /usr/lib/gcc/arm-none-eabi/13.2.0/thumb/v7e-m+fp/hard/crti.o
                0x2000a7b4                _fini
 .fini          0x2000a7b8        0x8 /usr/lib/gcc/arm-none-eabi/13.2.0/thumb/v7e-m+fp/hard/crtn.o

.iplt           0x2000a7c0        0x0
 .iplt          0x2000a7c0        0x0 /usr/lib/gcc/arm-none-eabi/13.2.0/thumb/v7e-m+fp/hard/crtbegin.o

.eh_frame       0x2000a7c0        0x4
 .eh_frame      0x2000a7c0        0x0 /usr/lib/gcc/arm-none-eabi/13.2.0/thumb/v7e-m+fp/hard/crtbegin.o
 .eh_frame      0x2000a7c0        0x4 /usr/lib/gcc/arm-none-eabi/13.2.0/thumb/v7e-m+fp/hard/crtend.o

.ARM.extab      0x2000a7c4        0x0
 .ARM.extab     0x2000a7c4        0x0 /usr/lib/gcc/arm-none-eabi/13.2.0/../../../../arm-none-eabi/lib/thumb/v7e-m+fp/hard/crt0.o

.ARM.exidx      0x2000a7c4        0x8
 .ARM.exidx     0x2000a7c4        0x8 /usr/lib/gcc/arm-none-eabi/13.2.0/../../../../arm-none-eabi/lib/thumb/v7e-m+fp/hard/crt0.o
                                 0x10 (size before relaxing)

.isr_vector     0x2000a7cc      0x188
 .isr_vector    0x2000a7cc      0x188 CMakeFiles/MD407-MATRIX.elf.dir/vectors.s.obj
                0x2000a7cc                g_pfnVectors

.ARM.extab.text.__udivmoddi4
                0x2000a954        0x0
 .ARM.extab.text.__udivmoddi4
                0x2000a954        0x0 /usr/lib/gcc/arm-none-eabi/13.2.0/thumb/v7e-m+fp/hard/libgcc.a(_udivmoddi4.o)

.ARM.exidx.text.__udivmoddi4
                0x2000a954        0x0
 .ARM.exidx.text.__udivmoddi4
                0x2000a954        0x0 /usr/lib/gcc/arm-none-eabi/13.2.0/thumb/v7e-m+fp/hard/libgcc.a(_udivmoddi4.o)
                                  0x8 (size before relaxing)

.rel.dyn        0x2000a954        0x0
 .rel.iplt      0x2000a954        0x0 /usr/lib/gcc/arm-none-eabi/13.2.0/thumb/v7e-m+fp/hard/crtbegin.o

.data           0x2000a954       0x70
                0x2000a954                        . = ALIGN (0x4)
                0x2000a954                        _sdata = .
                0x2000a954                        _sidata = .
 *(.data)
 .data          0x2000a954        0x0 /usr/lib/gcc/arm-none-eabi/13.2.0/thumb/v7e-m+fp/hard/crti.o
 .data          0x2000a954        0x0 /usr/lib/gcc/arm-none-eabi/13.2.0/thumb/v7e-m+fp/hard/crtbegin.o
 .data          0x2000a954        0x0 /usr/lib/gcc/arm-none-eabi/13.2.0/../../../../arm-none-eabi/lib/thumb/v7e-m+fp/hard/crt0.o
 .data          0x2000a954        0x0 CMakeFiles/MD407-MATRIX.elf.dir/vectors.s.obj
 .data          0x2000a954        0x4 CMakeFiles/MD407-MATRIX.elf.dir/device/src/system_stm32f4xx.c.obj
                0x2000a954                SystemCoreClock
 .data          0x2000a958        0x0 CMakeFiles/MD407-MATRIX.elf.dir/libraries/FreeRTOS-Kernel/event_groups.c.obj
 .data          0x2000a958        0x0 CMakeFiles/MD407-MATRIX.elf.dir/libraries/FreeRTOS-Kernel/list.c.obj
 .data          0x2000a958        0x0 CMakeFiles/MD407-MATRIX.elf.dir/libraries/FreeRTOS-Kernel/queue.c.obj
 .data          0x2000a958        0x0 CMakeFiles/MD407-MATRIX.elf.dir/libraries/FreeRTOS-Kernel/stream_buffer.c.obj
 .data          0x2000a958        0x0 CMakeFiles/MD407-MATRIX.elf.dir/libraries/FreeRTOS-Kernel/tasks.c.obj
 .data          0x2000a958        0x0 CMakeFiles/MD407-MATRIX.elf.dir/libraries/FreeRTOS-Kernel/timers.c.obj
 .data          0x2000a958        0x4 CMakeFiles/MD407-MATRIX.elf.dir/libraries/FreeRTOS-Kernel/portable/GCC/ARM_CM4F/port.c.obj
 .data          0x2000a95c        0x0 CMakeFiles/MD407-MATRIX.elf.dir/driver/src/stm32f4xx_can.c.obj
 .data          0x2000a95c        0x0 CMakeFiles/MD407-MATRIX.elf.dir/driver/src/stm32f4xx_dac.c.obj
 .data          0x2000a95c        0x0 CMakeFiles/MD407-MATRIX.elf.dir/driver/src/stm32f4xx_exti.c.obj
 .data          0x2000a95c        0x0 CMakeFiles/MD407-MATRIX.elf.dir/driver/src/stm32f4xx_gpio.c.obj
 .data          0x2000a95c        0x0 CMakeFiles/MD407-MATRIX.elf.dir/driver/src/stm32f4xx_rcc.c.obj
 .data          0x2000a95c        0x0 CMakeFiles/MD407-MATRIX.elf.dir/driver/src/stm32f4xx_syscfg.c.obj
 .data          0x2000a95c        0x0 CMakeFiles/MD407-MATRIX.elf.dir/driver/src/stm32f4xx_tim.c.obj
 .data          0x2000a95c        0x0 CMakeFiles/MD407-MATRIX.elf.dir/driver/src/stm32f4xx_usart.c.obj
 .data          0x2000a95c        0x0 CMakeFiles/MD407-MATRIX.elf.dir/driver/src/stm32f4xx_rng.c.obj
 .data          0x2000a95c        0x0 CMakeFiles/MD407-MATRIX.elf.dir/driver/src/misc.c.obj
 .data          0x2000a95c        0x0 CMakeFiles/MD407-MATRIX.elf.dir/libraries/utils/timer.c.obj
 .data          0x2000a95c        0x0 CMakeFiles/MD407-MATRIX.elf.dir/libraries/utils/usart.c.obj
 .data          0x2000a95c        0x0 CMakeFiles/MD407-MATRIX.elf.dir/libraries/utils/printf.c.obj
 .data          0x2000a95c        0x0 CMakeFiles/MD407-MATRIX.elf.dir/libraries/utils/ftos.c.obj
 .data          0x2000a95c        0x0 CMakeFiles/MD407-MATRIX.elf.dir/startup.c.obj
 .data          0x2000a95c        0x0 CMakeFiles/MD407-MATRIX.elf.dir/src/main.c.obj
 .data          0x2000a95c        0x0 /usr/lib/gcc/arm-none-eabi/13.2.0/thumb/v7e-m+fp/hard/libgcc.a(_arm_muldf3.o)
 .data          0x2000a95c        0x0 /usr/lib/gcc/arm-none-eabi/13.2.0/thumb/v7e-m+fp/hard/libgcc.a(_arm_addsubdf3.o)
 .data          0x2000a95c        0x0 /usr/lib/gcc/arm-none-eabi/13.2.0/thumb/v7e-m+fp/hard/libgcc.a(_arm_muldivdf3.o)
 .data          0x2000a95c        0x0 /usr/lib/gcc/arm-none-eabi/13.2.0/thumb/v7e-m+fp/hard/libgcc.a(_arm_cmpdf2.o)
 .data          0x2000a95c        0x0 /usr/lib/gcc/arm-none-eabi/13.2.0/thumb/v7e-m+fp/hard/libgcc.a(_arm_fixdfsi.o)
 .data          0x2000a95c        0x0 /usr/lib/gcc/arm-none-eabi/13.2.0/thumb/v7e-m+fp/hard/libgcc.a(_arm_fixunsdfsi.o)
 .data          0x2000a95c        0x0 /usr/lib/gcc/arm-none-eabi/13.2.0/thumb/v7e-m+fp/hard/libgcc.a(_arm_addsubsf3.o)
 .data          0x2000a95c        0x0 /usr/lib/gcc/arm-none-eabi/13.2.0/thumb/v7e-m+fp/hard/libgcc.a(_aeabi_uldivmod.o)
 .data          0x2000a95c        0x0 /usr/lib/gcc/arm-none-eabi/13.2.0/thumb/v7e-m+fp/hard/libgcc.a(_fixsfdi.o)
 .data          0x2000a95c        0x0 /usr/lib/gcc/arm-none-eabi/13.2.0/thumb/v7e-m+fp/hard/libgcc.a(_fixunssfdi.o)
 .data          0x2000a95c        0x0 /usr/lib/gcc/arm-none-eabi/13.2.0/thumb/v7e-m+fp/hard/libgcc.a(_udivmoddi4.o)
 .data          0x2000a95c        0x0 /usr/lib/gcc/arm-none-eabi/13.2.0/thumb/v7e-m+fp/hard/libgcc.a(_dvmd_tls.o)
 .data          0x2000a95c        0x0 /usr/lib/gcc/arm-none-eabi/13.2.0/../../../../arm-none-eabi/lib/thumb/v7e-m+fp/hard/libg_nano.a(libc_a-atexit.o)
 .data          0x2000a95c        0x0 /usr/lib/gcc/arm-none-eabi/13.2.0/../../../../arm-none-eabi/lib/thumb/v7e-m+fp/hard/libg_nano.a(libc_a-exit.o)
 .data          0x2000a95c        0x0 /usr/lib/gcc/arm-none-eabi/13.2.0/../../../../arm-none-eabi/lib/thumb/v7e-m+fp/hard/libg_nano.a(libc_a-findfp.o)
 .data          0x2000a95c        0x0 /usr/lib/gcc/arm-none-eabi/13.2.0/../../../../arm-none-eabi/lib/thumb/v7e-m+fp/hard/libg_nano.a(libc_a-fwalk.o)
 .data          0x2000a95c        0x0 /usr/lib/gcc/arm-none-eabi/13.2.0/../../../../arm-none-eabi/lib/thumb/v7e-m+fp/hard/libg_nano.a(libc_a-stdio.o)
 .data          0x2000a95c        0x0 /usr/lib/gcc/arm-none-eabi/13.2.0/../../../../arm-none-eabi/lib/thumb/v7e-m+fp/hard/libg_nano.a(libc_a-memset.o)
 .data          0x2000a95c        0x0 /usr/lib/gcc/arm-none-eabi/13.2.0/../../../../arm-none-eabi/lib/thumb/v7e-m+fp/hard/libg_nano.a(libc_a-closer.o)
 .data          0x2000a95c        0x0 /usr/lib/gcc/arm-none-eabi/13.2.0/../../../../arm-none-eabi/lib/thumb/v7e-m+fp/hard/libg_nano.a(libc_a-reent.o)
 .data          0x2000a95c        0x0 /usr/lib/gcc/arm-none-eabi/13.2.0/../../../../arm-none-eabi/lib/thumb/v7e-m+fp/hard/libg_nano.a(libc_a-impure.o)
 .data          0x2000a95c        0x0 /usr/lib/gcc/arm-none-eabi/13.2.0/../../../../arm-none-eabi/lib/thumb/v7e-m+fp/hard/libg_nano.a(libc_a-lseekr.o)
 .data          0x2000a95c        0x0 /usr/lib/gcc/arm-none-eabi/13.2.0/../../../../arm-none-eabi/lib/thumb/v7e-m+fp/hard/libg_nano.a(libc_a-readr.o)
 .data          0x2000a95c        0x0 /usr/lib/gcc/arm-none-eabi/13.2.0/../../../../arm-none-eabi/lib/thumb/v7e-m+fp/hard/libg_nano.a(libc_a-writer.o)
 .data          0x2000a95c        0x0 /usr/lib/gcc/arm-none-eabi/13.2.0/../../../../arm-none-eabi/lib/thumb/v7e-m+fp/hard/libg_nano.a(libc_a-init.o)
 .data          0x2000a95c        0x0 /usr/lib/gcc/arm-none-eabi/13.2.0/../../../../arm-none-eabi/lib/thumb/v7e-m+fp/hard/libg_nano.a(libc_a-fini.o)
 .data          0x2000a95c        0x0 /usr/lib/gcc/arm-none-eabi/13.2.0/../../../../arm-none-eabi/lib/thumb/v7e-m+fp/hard/libg_nano.a(libc_a-lock.o)
 .data          0x2000a95c        0x0 /usr/lib/gcc/arm-none-eabi/13.2.0/../../../../arm-none-eabi/lib/thumb/v7e-m+fp/hard/libg_nano.a(libc_a-memcpy-stub.o)
 .data          0x2000a95c        0x0 /usr/lib/gcc/arm-none-eabi/13.2.0/../../../../arm-none-eabi/lib/thumb/v7e-m+fp/hard/libg_nano.a(libc_a-__atexit.o)
 .data          0x2000a95c        0x0 /usr/lib/gcc/arm-none-eabi/13.2.0/../../../../arm-none-eabi/lib/thumb/v7e-m+fp/hard/libg_nano.a(libc_a-__call_atexit.o)
 .data          0x2000a95c        0x0 /usr/lib/gcc/arm-none-eabi/13.2.0/../../../../arm-none-eabi/lib/thumb/v7e-m+fp/hard/libg_nano.a(libc_a-freer.o)
 .data          0x2000a95c        0x0 /usr/lib/gcc/arm-none-eabi/13.2.0/../../../../arm-none-eabi/lib/thumb/v7e-m+fp/hard/libg_nano.a(libc_a-mallocr.o)
 .data          0x2000a95c        0x0 /usr/lib/gcc/arm-none-eabi/13.2.0/../../../../arm-none-eabi/lib/thumb/v7e-m+fp/hard/libg_nano.a(libc_a-mlock.o)
 .data          0x2000a95c        0x0 /usr/lib/gcc/arm-none-eabi/13.2.0/../../../../arm-none-eabi/lib/thumb/v7e-m+fp/hard/libg_nano.a(libc_a-fflush.o)
 .data          0x2000a95c        0x0 /usr/lib/gcc/arm-none-eabi/13.2.0/../../../../arm-none-eabi/lib/thumb/v7e-m+fp/hard/libg_nano.a(libc_a-sbrkr.o)
 .data          0x2000a95c        0x0 /usr/lib/gcc/arm-none-eabi/13.2.0/../../../../arm-none-eabi/lib/thumb/v7e-m+fp/hard/libnosys.a(close.o)
 .data          0x2000a95c        0x0 /usr/lib/gcc/arm-none-eabi/13.2.0/../../../../arm-none-eabi/lib/thumb/v7e-m+fp/hard/libnosys.a(lseek.o)
 .data          0x2000a95c        0x0 /usr/lib/gcc/arm-none-eabi/13.2.0/../../../../arm-none-eabi/lib/thumb/v7e-m+fp/hard/libnosys.a(read.o)
 .data          0x2000a95c        0x0 /usr/lib/gcc/arm-none-eabi/13.2.0/../../../../arm-none-eabi/lib/thumb/v7e-m+fp/hard/libnosys.a(sbrk.o)
 .data          0x2000a95c        0x0 /usr/lib/gcc/arm-none-eabi/13.2.0/../../../../arm-none-eabi/lib/thumb/v7e-m+fp/hard/libnosys.a(write.o)
 .data          0x2000a95c        0x0 /usr/lib/gcc/arm-none-eabi/13.2.0/../../../../arm-none-eabi/lib/thumb/v7e-m+fp/hard/libnosys.a(_exit.o)
 .data          0x2000a95c        0x0 /usr/lib/gcc/arm-none-eabi/13.2.0/thumb/v7e-m+fp/hard/crtend.o
 .data          0x2000a95c        0x0 /usr/lib/gcc/arm-none-eabi/13.2.0/thumb/v7e-m+fp/hard/crtn.o
 *(.data.*)
 .data.__dso_handle
                0x2000a95c        0x4 /usr/lib/gcc/arm-none-eabi/13.2.0/thumb/v7e-m+fp/hard/crtbegin.o
                0x2000a95c                __dso_handle
 .data.__sglue  0x2000a960        0xc /usr/lib/gcc/arm-none-eabi/13.2.0/../../../../arm-none-eabi/lib/thumb/v7e-m+fp/hard/libg_nano.a(libc_a-findfp.o)
                0x2000a960                __sglue
 .data._impure_ptr
                0x2000a96c        0x4 /usr/lib/gcc/arm-none-eabi/13.2.0/../../../../arm-none-eabi/lib/thumb/v7e-m+fp/hard/libg_nano.a(libc_a-impure.o)
                0x2000a96c                _impure_ptr
 .data._impure_data
                0x2000a970       0x4c /usr/lib/gcc/arm-none-eabi/13.2.0/../../../../arm-none-eabi/lib/thumb/v7e-m+fp/hard/libg_nano.a(libc_a-impure.o)
                0x2000a970                _impure_data
 .data.__atexit_dummy
                0x2000a9bc        0x4 /usr/lib/gcc/arm-none-eabi/13.2.0/../../../../arm-none-eabi/lib/thumb/v7e-m+fp/hard/libg_nano.a(libc_a-__atexit.o)
                0x2000a9bc                __atexit_dummy
 .data.__atexit_recursive_mutex
                0x2000a9c0        0x4 /usr/lib/gcc/arm-none-eabi/13.2.0/../../../../arm-none-eabi/lib/thumb/v7e-m+fp/hard/libg_nano.a(libc_a-__call_atexit.o)
                0x2000a9c0                __atexit_recursive_mutex
                0x2000a9c4                        . = ALIGN (0x4)
                0x2000a9c4                        _edata = .

.init_array     0x2000a9c4        0x4
 .init_array    0x2000a9c4        0x4 /usr/lib/gcc/arm-none-eabi/13.2.0/thumb/v7e-m+fp/hard/crtbegin.o

.fini_array     0x2000a9c8        0x4
 .fini_array    0x2000a9c8        0x4 /usr/lib/gcc/arm-none-eabi/13.2.0/thumb/v7e-m+fp/hard/crtbegin.o

.igot.plt       0x2000a9cc        0x0
 .igot.plt      0x2000a9cc        0x0 /usr/lib/gcc/arm-none-eabi/13.2.0/thumb/v7e-m+fp/hard/crtbegin.o

.bss            0x2000a9d0     0xfb5c
                0x2000a9d0                        . = ALIGN (0x4)
                0x2000a9d0                        _sbss = .
                0x2000a9d0                        __bss_start__ = .
 *(.bss)
 .bss           0x2000a9d0        0x0 /usr/lib/gcc/arm-none-eabi/13.2.0/thumb/v7e-m+fp/hard/crti.o
 .bss           0x2000a9d0        0x0 /usr/lib/gcc/arm-none-eabi/13.2.0/thumb/v7e-m+fp/hard/crtbegin.o
 .bss           0x2000a9d0        0x0 /usr/lib/gcc/arm-none-eabi/13.2.0/../../../../arm-none-eabi/lib/thumb/v7e-m+fp/hard/crt0.o
 .bss           0x2000a9d0        0x0 CMakeFiles/MD407-MATRIX.elf.dir/vectors.s.obj
 .bss           0x2000a9d0        0x0 CMakeFiles/MD407-MATRIX.elf.dir/device/src/system_stm32f4xx.c.obj
 .bss           0x2000a9d0        0x0 CMakeFiles/MD407-MATRIX.elf.dir/libraries/FreeRTOS-Kernel/event_groups.c.obj
 .bss           0x2000a9d0        0x0 CMakeFiles/MD407-MATRIX.elf.dir/libraries/FreeRTOS-Kernel/list.c.obj
 .bss           0x2000a9d0       0x40 CMakeFiles/MD407-MATRIX.elf.dir/libraries/FreeRTOS-Kernel/queue.c.obj
                0x2000a9d0                xQueueRegistry
 .bss           0x2000aa10        0x0 CMakeFiles/MD407-MATRIX.elf.dir/libraries/FreeRTOS-Kernel/stream_buffer.c.obj
 .bss           0x2000aa10      0x500 CMakeFiles/MD407-MATRIX.elf.dir/libraries/FreeRTOS-Kernel/tasks.c.obj
                0x2000aee4                pxCurrentTCB
 .bss           0x2000af10      0x104 CMakeFiles/MD407-MATRIX.elf.dir/libraries/FreeRTOS-Kernel/timers.c.obj
 .bss           0x2000b014        0x8 CMakeFiles/MD407-MATRIX.elf.dir/libraries/FreeRTOS-Kernel/portable/GCC/ARM_CM4F/port.c.obj
 .bss           0x2000b01c        0x0 CMakeFiles/MD407-MATRIX.elf.dir/driver/src/stm32f4xx_can.c.obj
 .bss           0x2000b01c        0x0 CMakeFiles/MD407-MATRIX.elf.dir/driver/src/stm32f4xx_dac.c.obj
 .bss           0x2000b01c        0x0 CMakeFiles/MD407-MATRIX.elf.dir/driver/src/stm32f4xx_exti.c.obj
 .bss           0x2000b01c        0x0 CMakeFiles/MD407-MATRIX.elf.dir/driver/src/stm32f4xx_gpio.c.obj
 .bss           0x2000b01c        0x0 CMakeFiles/MD407-MATRIX.elf.dir/driver/src/stm32f4xx_rcc.c.obj
 .bss           0x2000b01c        0x0 CMakeFiles/MD407-MATRIX.elf.dir/driver/src/stm32f4xx_syscfg.c.obj
 .bss           0x2000b01c        0x0 CMakeFiles/MD407-MATRIX.elf.dir/driver/src/stm32f4xx_tim.c.obj
 .bss           0x2000b01c        0x0 CMakeFiles/MD407-MATRIX.elf.dir/driver/src/stm32f4xx_usart.c.obj
 .bss           0x2000b01c        0x0 CMakeFiles/MD407-MATRIX.elf.dir/driver/src/stm32f4xx_rng.c.obj
 .bss           0x2000b01c        0x0 CMakeFiles/MD407-MATRIX.elf.dir/driver/src/misc.c.obj
 .bss           0x2000b01c        0xc CMakeFiles/MD407-MATRIX.elf.dir/libraries/utils/timer.c.obj
                0x2000b01c                TIM_TimeBaseStructure
 .bss           0x2000b028        0x0 CMakeFiles/MD407-MATRIX.elf.dir/libraries/utils/usart.c.obj
 .bss           0x2000b028        0x0 CMakeFiles/MD407-MATRIX.elf.dir/libraries/utils/printf.c.obj
 .bss           0x2000b028        0x0 CMakeFiles/MD407-MATRIX.elf.dir/libraries/utils/ftos.c.obj
 .bss           0x2000b028        0x0 CMakeFiles/MD407-MATRIX.elf.dir/startup.c.obj
 .bss           0x2000b028     0xf304 CMakeFiles/MD407-MATRIX.elf.dir/src/main.c.obj
                0x2000b028                handle_melody
                0x2000b02c                capacity_background_task
                0x2000b030                TIM5_TimeBaseStructure
                0x2000b03c                xSemaphoreBuffer
                0x2000b08c                semaphore_irq
                0x2000b090                xTaskBufferMelody
                0x2000b0ec                xStackMelody
                0x2000b344                xTaskBufferSpawnBackground
                0x2000b3a0                xStackSpawnBackground
                0x2000b5f8                handle_spawn_background
                0x2000b600                xTimeOutPICO
                0x2000b608                xTimeInPICO
                0x2000b610                xDifferencePICO
                0x2000b618                xTotalPICO
                0x2000bcd8                mutex_background_capacity
                0x2000bcdc                xMutexBuffer
                0x2000bd2c                xStackBackground
                0x2001752c                xTaskBufferBackground
 .bss           0x2001a32c        0x0 /usr/lib/gcc/arm-none-eabi/13.2.0/thumb/v7e-m+fp/hard/libgcc.a(_arm_muldf3.o)
 .bss           0x2001a32c        0x0 /usr/lib/gcc/arm-none-eabi/13.2.0/thumb/v7e-m+fp/hard/libgcc.a(_arm_addsubdf3.o)
 .bss           0x2001a32c        0x0 /usr/lib/gcc/arm-none-eabi/13.2.0/thumb/v7e-m+fp/hard/libgcc.a(_arm_muldivdf3.o)
 .bss           0x2001a32c        0x0 /usr/lib/gcc/arm-none-eabi/13.2.0/thumb/v7e-m+fp/hard/libgcc.a(_arm_cmpdf2.o)
 .bss           0x2001a32c        0x0 /usr/lib/gcc/arm-none-eabi/13.2.0/thumb/v7e-m+fp/hard/libgcc.a(_arm_fixdfsi.o)
 .bss           0x2001a32c        0x0 /usr/lib/gcc/arm-none-eabi/13.2.0/thumb/v7e-m+fp/hard/libgcc.a(_arm_fixunsdfsi.o)
 .bss           0x2001a32c        0x0 /usr/lib/gcc/arm-none-eabi/13.2.0/thumb/v7e-m+fp/hard/libgcc.a(_arm_addsubsf3.o)
 .bss           0x2001a32c        0x0 /usr/lib/gcc/arm-none-eabi/13.2.0/thumb/v7e-m+fp/hard/libgcc.a(_aeabi_uldivmod.o)
 .bss           0x2001a32c        0x0 /usr/lib/gcc/arm-none-eabi/13.2.0/thumb/v7e-m+fp/hard/libgcc.a(_fixsfdi.o)
 .bss           0x2001a32c        0x0 /usr/lib/gcc/arm-none-eabi/13.2.0/thumb/v7e-m+fp/hard/libgcc.a(_fixunssfdi.o)
 .bss           0x2001a32c        0x0 /usr/lib/gcc/arm-none-eabi/13.2.0/thumb/v7e-m+fp/hard/libgcc.a(_udivmoddi4.o)
 .bss           0x2001a32c        0x0 /usr/lib/gcc/arm-none-eabi/13.2.0/thumb/v7e-m+fp/hard/libgcc.a(_dvmd_tls.o)
 .bss           0x2001a32c        0x0 /usr/lib/gcc/arm-none-eabi/13.2.0/../../../../arm-none-eabi/lib/thumb/v7e-m+fp/hard/libg_nano.a(libc_a-atexit.o)
 .bss           0x2001a32c        0x0 /usr/lib/gcc/arm-none-eabi/13.2.0/../../../../arm-none-eabi/lib/thumb/v7e-m+fp/hard/libg_nano.a(libc_a-exit.o)
 .bss           0x2001a32c        0x0 /usr/lib/gcc/arm-none-eabi/13.2.0/../../../../arm-none-eabi/lib/thumb/v7e-m+fp/hard/libg_nano.a(libc_a-findfp.o)
 .bss           0x2001a32c        0x0 /usr/lib/gcc/arm-none-eabi/13.2.0/../../../../arm-none-eabi/lib/thumb/v7e-m+fp/hard/libg_nano.a(libc_a-fwalk.o)
 .bss           0x2001a32c        0x0 /usr/lib/gcc/arm-none-eabi/13.2.0/../../../../arm-none-eabi/lib/thumb/v7e-m+fp/hard/libg_nano.a(libc_a-stdio.o)
 .bss           0x2001a32c        0x0 /usr/lib/gcc/arm-none-eabi/13.2.0/../../../../arm-none-eabi/lib/thumb/v7e-m+fp/hard/libg_nano.a(libc_a-memset.o)
 .bss           0x2001a32c        0x0 /usr/lib/gcc/arm-none-eabi/13.2.0/../../../../arm-none-eabi/lib/thumb/v7e-m+fp/hard/libg_nano.a(libc_a-closer.o)
 .bss           0x2001a32c        0x0 /usr/lib/gcc/arm-none-eabi/13.2.0/../../../../arm-none-eabi/lib/thumb/v7e-m+fp/hard/libg_nano.a(libc_a-reent.o)
 .bss           0x2001a32c        0x0 /usr/lib/gcc/arm-none-eabi/13.2.0/../../../../arm-none-eabi/lib/thumb/v7e-m+fp/hard/libg_nano.a(libc_a-impure.o)
 .bss           0x2001a32c        0x0 /usr/lib/gcc/arm-none-eabi/13.2.0/../../../../arm-none-eabi/lib/thumb/v7e-m+fp/hard/libg_nano.a(libc_a-lseekr.o)
 .bss           0x2001a32c        0x0 /usr/lib/gcc/arm-none-eabi/13.2.0/../../../../arm-none-eabi/lib/thumb/v7e-m+fp/hard/libg_nano.a(libc_a-readr.o)
 .bss           0x2001a32c        0x0 /usr/lib/gcc/arm-none-eabi/13.2.0/../../../../arm-none-eabi/lib/thumb/v7e-m+fp/hard/libg_nano.a(libc_a-writer.o)
 .bss           0x2001a32c        0x0 /usr/lib/gcc/arm-none-eabi/13.2.0/../../../../arm-none-eabi/lib/thumb/v7e-m+fp/hard/libg_nano.a(libc_a-init.o)
 .bss           0x2001a32c        0x0 /usr/lib/gcc/arm-none-eabi/13.2.0/../../../../arm-none-eabi/lib/thumb/v7e-m+fp/hard/libg_nano.a(libc_a-fini.o)
 .bss           0x2001a32c        0x0 /usr/lib/gcc/arm-none-eabi/13.2.0/../../../../arm-none-eabi/lib/thumb/v7e-m+fp/hard/libg_nano.a(libc_a-lock.o)
 .bss           0x2001a32c        0x0 /usr/lib/gcc/arm-none-eabi/13.2.0/../../../../arm-none-eabi/lib/thumb/v7e-m+fp/hard/libg_nano.a(libc_a-memcpy-stub.o)
 .bss           0x2001a32c        0x0 /usr/lib/gcc/arm-none-eabi/13.2.0/../../../../arm-none-eabi/lib/thumb/v7e-m+fp/hard/libg_nano.a(libc_a-__atexit.o)
 .bss           0x2001a32c        0x0 /usr/lib/gcc/arm-none-eabi/13.2.0/../../../../arm-none-eabi/lib/thumb/v7e-m+fp/hard/libg_nano.a(libc_a-__call_atexit.o)
 .bss           0x2001a32c        0x0 /usr/lib/gcc/arm-none-eabi/13.2.0/../../../../arm-none-eabi/lib/thumb/v7e-m+fp/hard/libg_nano.a(libc_a-freer.o)
 .bss           0x2001a32c        0x0 /usr/lib/gcc/arm-none-eabi/13.2.0/../../../../arm-none-eabi/lib/thumb/v7e-m+fp/hard/libg_nano.a(libc_a-mallocr.o)
 .bss           0x2001a32c        0x0 /usr/lib/gcc/arm-none-eabi/13.2.0/../../../../arm-none-eabi/lib/thumb/v7e-m+fp/hard/libg_nano.a(libc_a-mlock.o)
 .bss           0x2001a32c        0x0 /usr/lib/gcc/arm-none-eabi/13.2.0/../../../../arm-none-eabi/lib/thumb/v7e-m+fp/hard/libg_nano.a(libc_a-fflush.o)
 .bss           0x2001a32c        0x0 /usr/lib/gcc/arm-none-eabi/13.2.0/../../../../arm-none-eabi/lib/thumb/v7e-m+fp/hard/libg_nano.a(libc_a-sbrkr.o)
 .bss           0x2001a32c        0x0 /usr/lib/gcc/arm-none-eabi/13.2.0/../../../../arm-none-eabi/lib/thumb/v7e-m+fp/hard/libnosys.a(close.o)
 .bss           0x2001a32c        0x0 /usr/lib/gcc/arm-none-eabi/13.2.0/../../../../arm-none-eabi/lib/thumb/v7e-m+fp/hard/libnosys.a(lseek.o)
 .bss           0x2001a32c        0x0 /usr/lib/gcc/arm-none-eabi/13.2.0/../../../../arm-none-eabi/lib/thumb/v7e-m+fp/hard/libnosys.a(read.o)
 .bss           0x2001a32c        0x0 /usr/lib/gcc/arm-none-eabi/13.2.0/../../../../arm-none-eabi/lib/thumb/v7e-m+fp/hard/libnosys.a(sbrk.o)
 .bss           0x2001a32c        0x0 /usr/lib/gcc/arm-none-eabi/13.2.0/../../../../arm-none-eabi/lib/thumb/v7e-m+fp/hard/libnosys.a(write.o)
 .bss           0x2001a32c        0x0 /usr/lib/gcc/arm-none-eabi/13.2.0/../../../../arm-none-eabi/lib/thumb/v7e-m+fp/hard/libnosys.a(_exit.o)
 .bss           0x2001a32c        0x0 /usr/lib/gcc/arm-none-eabi/13.2.0/thumb/v7e-m+fp/hard/crtend.o
 .bss           0x2001a32c        0x0 /usr/lib/gcc/arm-none-eabi/13.2.0/thumb/v7e-m+fp/hard/crtn.o
 *(.bss.*)
 .bss.completed.1
                0x2001a32c        0x1 /usr/lib/gcc/arm-none-eabi/13.2.0/thumb/v7e-m+fp/hard/crtbegin.o
 *fill*         0x2001a32d        0x3 
 .bss.object.0  0x2001a330       0x18 /usr/lib/gcc/arm-none-eabi/13.2.0/thumb/v7e-m+fp/hard/crtbegin.o
 .bss.__sf      0x2001a348      0x138 /usr/lib/gcc/arm-none-eabi/13.2.0/../../../../arm-none-eabi/lib/thumb/v7e-m+fp/hard/libg_nano.a(libc_a-findfp.o)
                0x2001a348                __sf
 .bss.__stdio_exit_handler
                0x2001a480        0x4 /usr/lib/gcc/arm-none-eabi/13.2.0/../../../../arm-none-eabi/lib/thumb/v7e-m+fp/hard/libg_nano.a(libc_a-findfp.o)
                0x2001a480                __stdio_exit_handler
 .bss.errno     0x2001a484        0x4 /usr/lib/gcc/arm-none-eabi/13.2.0/../../../../arm-none-eabi/lib/thumb/v7e-m+fp/hard/libg_nano.a(libc_a-reent.o)
                0x2001a484                errno
 .bss.__lock___arc4random_mutex
                0x2001a488        0x1 /usr/lib/gcc/arm-none-eabi/13.2.0/../../../../arm-none-eabi/lib/thumb/v7e-m+fp/hard/libg_nano.a(libc_a-lock.o)
                0x2001a488                __lock___arc4random_mutex
 .bss.__lock___dd_hash_mutex
                0x2001a489        0x1 /usr/lib/gcc/arm-none-eabi/13.2.0/../../../../arm-none-eabi/lib/thumb/v7e-m+fp/hard/libg_nano.a(libc_a-lock.o)
                0x2001a489                __lock___dd_hash_mutex
 .bss.__lock___tz_mutex
                0x2001a48a        0x1 /usr/lib/gcc/arm-none-eabi/13.2.0/../../../../arm-none-eabi/lib/thumb/v7e-m+fp/hard/libg_nano.a(libc_a-lock.o)
                0x2001a48a                __lock___tz_mutex
 .bss.__lock___env_recursive_mutex
                0x2001a48b        0x1 /usr/lib/gcc/arm-none-eabi/13.2.0/../../../../arm-none-eabi/lib/thumb/v7e-m+fp/hard/libg_nano.a(libc_a-lock.o)
                0x2001a48b                __lock___env_recursive_mutex
 .bss.__lock___malloc_recursive_mutex
                0x2001a48c        0x1 /usr/lib/gcc/arm-none-eabi/13.2.0/../../../../arm-none-eabi/lib/thumb/v7e-m+fp/hard/libg_nano.a(libc_a-lock.o)
                0x2001a48c                __lock___malloc_recursive_mutex
 .bss.__lock___at_quick_exit_mutex
                0x2001a48d        0x1 /usr/lib/gcc/arm-none-eabi/13.2.0/../../../../arm-none-eabi/lib/thumb/v7e-m+fp/hard/libg_nano.a(libc_a-lock.o)
                0x2001a48d                __lock___at_quick_exit_mutex
 .bss.__lock___atexit_recursive_mutex
                0x2001a48e        0x1 /usr/lib/gcc/arm-none-eabi/13.2.0/../../../../arm-none-eabi/lib/thumb/v7e-m+fp/hard/libg_nano.a(libc_a-lock.o)
                0x2001a48e                __lock___atexit_recursive_mutex
 .bss.__lock___sfp_recursive_mutex
                0x2001a48f        0x1 /usr/lib/gcc/arm-none-eabi/13.2.0/../../../../arm-none-eabi/lib/thumb/v7e-m+fp/hard/libg_nano.a(libc_a-lock.o)
                0x2001a48f                __lock___sfp_recursive_mutex
 .bss.__atexit0
                0x2001a490       0x8c /usr/lib/gcc/arm-none-eabi/13.2.0/../../../../arm-none-eabi/lib/thumb/v7e-m+fp/hard/libg_nano.a(libc_a-__atexit.o)
                0x2001a490                __atexit0
 .bss.__atexit  0x2001a51c        0x4 /usr/lib/gcc/arm-none-eabi/13.2.0/../../../../arm-none-eabi/lib/thumb/v7e-m+fp/hard/libg_nano.a(libc_a-__call_atexit.o)
                0x2001a51c                __atexit
 .bss.__malloc_sbrk_start
                0x2001a520        0x4 /usr/lib/gcc/arm-none-eabi/13.2.0/../../../../arm-none-eabi/lib/thumb/v7e-m+fp/hard/libg_nano.a(libc_a-mallocr.o)
                0x2001a520                __malloc_sbrk_start
 .bss.__malloc_free_list
                0x2001a524        0x4 /usr/lib/gcc/arm-none-eabi/13.2.0/../../../../arm-none-eabi/lib/thumb/v7e-m+fp/hard/libg_nano.a(libc_a-mallocr.o)
                0x2001a524                __malloc_free_list
 .bss.heap_end.0
                0x2001a528        0x4 /usr/lib/gcc/arm-none-eabi/13.2.0/../../../../arm-none-eabi/lib/thumb/v7e-m+fp/hard/libnosys.a(sbrk.o)
 *(COMMON)
                0x2001a52c                        . = ALIGN (0x4)
                0x2001a52c                        _ebss = .
                0x2001a52c                        __bss_end__ = .
                0x2001a52c                        PROVIDE (end = _ebss)
                [!provide]                        PROVIDE (_end = _ebss)
                0x2001a52c                        _end = .
                0x2001a52c                        end = .
                0x2001bffc                        PROVIDE (_estack = ((ORIGIN (RAM) + LENGTH (RAM)) - 0x4))
OUTPUT(/home/simon/MT-C/MD407-melody/Debug/MD407-MATRIX.elf elf32-littlearm)
LOAD linker stubs

.ARM.attributes
                0x00000000       0x30
 .ARM.attributes
                0x00000000       0x22 /usr/lib/gcc/arm-none-eabi/13.2.0/thumb/v7e-m+fp/hard/crti.o
 .ARM.attributes
                0x00000022       0x34 /usr/lib/gcc/arm-none-eabi/13.2.0/thumb/v7e-m+fp/hard/crtbegin.o
 .ARM.attributes
                0x00000056       0x20 /usr/lib/gcc/arm-none-eabi/13.2.0/../../../../arm-none-eabi/lib/thumb/v7e-m+fp/hard/crt0.o
 .ARM.attributes
                0x00000076       0x21 CMakeFiles/MD407-MATRIX.elf.dir/vectors.s.obj
 .ARM.attributes
                0x00000097       0x34 CMakeFiles/MD407-MATRIX.elf.dir/device/src/system_stm32f4xx.c.obj
 .ARM.attributes
                0x000000cb       0x34 CMakeFiles/MD407-MATRIX.elf.dir/libraries/FreeRTOS-Kernel/event_groups.c.obj
 .ARM.attributes
                0x000000ff       0x34 CMakeFiles/MD407-MATRIX.elf.dir/libraries/FreeRTOS-Kernel/list.c.obj
 .ARM.attributes
                0x00000133       0x34 CMakeFiles/MD407-MATRIX.elf.dir/libraries/FreeRTOS-Kernel/queue.c.obj
 .ARM.attributes
                0x00000167       0x34 CMakeFiles/MD407-MATRIX.elf.dir/libraries/FreeRTOS-Kernel/stream_buffer.c.obj
 .ARM.attributes
                0x0000019b       0x34 CMakeFiles/MD407-MATRIX.elf.dir/libraries/FreeRTOS-Kernel/tasks.c.obj
 .ARM.attributes
                0x000001cf       0x34 CMakeFiles/MD407-MATRIX.elf.dir/libraries/FreeRTOS-Kernel/timers.c.obj
 .ARM.attributes
                0x00000203       0x34 CMakeFiles/MD407-MATRIX.elf.dir/libraries/FreeRTOS-Kernel/portable/GCC/ARM_CM4F/port.c.obj
 .ARM.attributes
                0x00000237       0x34 CMakeFiles/MD407-MATRIX.elf.dir/driver/src/stm32f4xx_can.c.obj
 .ARM.attributes
                0x0000026b       0x34 CMakeFiles/MD407-MATRIX.elf.dir/driver/src/stm32f4xx_dac.c.obj
 .ARM.attributes
                0x0000029f       0x34 CMakeFiles/MD407-MATRIX.elf.dir/driver/src/stm32f4xx_exti.c.obj
 .ARM.attributes
                0x000002d3       0x34 CMakeFiles/MD407-MATRIX.elf.dir/driver/src/stm32f4xx_gpio.c.obj
 .ARM.attributes
                0x00000307       0x34 CMakeFiles/MD407-MATRIX.elf.dir/driver/src/stm32f4xx_rcc.c.obj
 .ARM.attributes
                0x0000033b       0x34 CMakeFiles/MD407-MATRIX.elf.dir/driver/src/stm32f4xx_syscfg.c.obj
 .ARM.attributes
                0x0000036f       0x34 CMakeFiles/MD407-MATRIX.elf.dir/driver/src/stm32f4xx_tim.c.obj
 .ARM.attributes
                0x000003a3       0x34 CMakeFiles/MD407-MATRIX.elf.dir/driver/src/stm32f4xx_usart.c.obj
 .ARM.attributes
                0x000003d7       0x34 CMakeFiles/MD407-MATRIX.elf.dir/driver/src/stm32f4xx_rng.c.obj
 .ARM.attributes
                0x0000040b       0x34 CMakeFiles/MD407-MATRIX.elf.dir/driver/src/misc.c.obj
 .ARM.attributes
                0x0000043f       0x34 CMakeFiles/MD407-MATRIX.elf.dir/libraries/utils/timer.c.obj
 .ARM.attributes
                0x00000473       0x34 CMakeFiles/MD407-MATRIX.elf.dir/libraries/utils/usart.c.obj
 .ARM.attributes
                0x000004a7       0x34 CMakeFiles/MD407-MATRIX.elf.dir/libraries/utils/printf.c.obj
 .ARM.attributes
                0x000004db       0x34 CMakeFiles/MD407-MATRIX.elf.dir/libraries/utils/ftos.c.obj
 .ARM.attributes
                0x0000050f       0x34 CMakeFiles/MD407-MATRIX.elf.dir/startup.c.obj
 .ARM.attributes
                0x00000543       0x34 CMakeFiles/MD407-MATRIX.elf.dir/src/main.c.obj
 .ARM.attributes
                0x00000577       0x22 /usr/lib/gcc/arm-none-eabi/13.2.0/thumb/v7e-m+fp/hard/libgcc.a(_arm_muldf3.o)
 .ARM.attributes
                0x00000599       0x22 /usr/lib/gcc/arm-none-eabi/13.2.0/thumb/v7e-m+fp/hard/libgcc.a(_arm_addsubdf3.o)
 .ARM.attributes
                0x000005bb       0x22 /usr/lib/gcc/arm-none-eabi/13.2.0/thumb/v7e-m+fp/hard/libgcc.a(_arm_muldivdf3.o)
 .ARM.attributes
                0x000005dd       0x22 /usr/lib/gcc/arm-none-eabi/13.2.0/thumb/v7e-m+fp/hard/libgcc.a(_arm_cmpdf2.o)
 .ARM.attributes
                0x000005ff       0x22 /usr/lib/gcc/arm-none-eabi/13.2.0/thumb/v7e-m+fp/hard/libgcc.a(_arm_fixdfsi.o)
 .ARM.attributes
                0x00000621       0x22 /usr/lib/gcc/arm-none-eabi/13.2.0/thumb/v7e-m+fp/hard/libgcc.a(_arm_fixunsdfsi.o)
 .ARM.attributes
                0x00000643       0x22 /usr/lib/gcc/arm-none-eabi/13.2.0/thumb/v7e-m+fp/hard/libgcc.a(_arm_addsubsf3.o)
 .ARM.attributes
                0x00000665       0x22 /usr/lib/gcc/arm-none-eabi/13.2.0/thumb/v7e-m+fp/hard/libgcc.a(_aeabi_uldivmod.o)
 .ARM.attributes
                0x00000687       0x34 /usr/lib/gcc/arm-none-eabi/13.2.0/thumb/v7e-m+fp/hard/libgcc.a(_fixsfdi.o)